Component: Arm Compiler for Embedded 6.22 Tool: armlink [5ee90200]

==============================================================================

Section Cross References

    nnom_local.o(.ARM.exidx.text.local_avepool_q7_HWC) refers to nnom_local.o(.text.local_avepool_q7_HWC) for [Anonymous Symbol]
    nnom_local.o(.ARM.exidx.text.local_avepool_q7_CHW) refers to nnom_local.o(.text.local_avepool_q7_CHW) for [Anonymous Symbol]
    nnom_local.o(.ARM.exidx.text.local_maxpool_q7_HWC) refers to nnom_local.o(.text.local_maxpool_q7_HWC) for [Anonymous Symbol]
    nnom_local.o(.ARM.exidx.text.local_maxpool_q7_CHW) refers to nnom_local.o(.text.local_maxpool_q7_CHW) for [Anonymous Symbol]
    nnom_local.o(.ARM.exidx.text.local_sumpool_q7_HWC) refers to nnom_local.o(.text.local_sumpool_q7_HWC) for [Anonymous Symbol]
    nnom_local.o(.ARM.exidx.text.local_sumpool_q7_CHW) refers to nnom_local.o(.text.local_sumpool_q7_CHW) for [Anonymous Symbol]
    nnom_local.o(.text.local_up_sampling_q7_HWC) refers to memcpya.o(.text) for __aeabi_memcpy
    nnom_local.o(.ARM.exidx.text.local_up_sampling_q7_HWC) refers to nnom_local.o(.text.local_up_sampling_q7_HWC) for [Anonymous Symbol]
    nnom_local.o(.text.local_up_sampling_q7_CHW) refers to memcpya.o(.text) for __aeabi_memcpy
    nnom_local.o(.ARM.exidx.text.local_up_sampling_q7_CHW) refers to nnom_local.o(.text.local_up_sampling_q7_CHW) for [Anonymous Symbol]
    nnom_local.o(.ARM.exidx.text.local_convolve_HWC_q7_nonsquare) refers to nnom_local.o(.text.local_convolve_HWC_q7_nonsquare) for [Anonymous Symbol]
    nnom_local.o(.ARM.exidx.text.local_convolve_CHW_q7_nonsquare) refers to nnom_local.o(.text.local_convolve_CHW_q7_nonsquare) for [Anonymous Symbol]
    nnom_local.o(.text.local_conv_trans_HWC_q7_nonsquare) refers to nnom_local.o(.text.alg_deconv2d_calculate_position) for alg_deconv2d_calculate_position
    nnom_local.o(.ARM.exidx.text.local_conv_trans_HWC_q7_nonsquare) refers to nnom_local.o(.text.local_conv_trans_HWC_q7_nonsquare) for [Anonymous Symbol]
    nnom_local.o(.ARM.exidx.text.alg_deconv2d_calculate_position) refers to nnom_local.o(.text.alg_deconv2d_calculate_position) for [Anonymous Symbol]
    nnom_local.o(.ARM.exidx.text.local_depthwise_separable_conv_HWC_q7_nonsquare) refers to nnom_local.o(.text.local_depthwise_separable_conv_HWC_q7_nonsquare) for [Anonymous Symbol]
    nnom_local.o(.ARM.exidx.text.local_depthwise_separable_conv_CHW_q7_nonsquare) refers to nnom_local.o(.text.local_depthwise_separable_conv_CHW_q7_nonsquare) for [Anonymous Symbol]
    nnom_local.o(.text.local_zero_padding_HWC_q7) refers to memseta.o(.text) for __aeabi_memclr
    nnom_local.o(.text.local_zero_padding_HWC_q7) refers to memcpya.o(.text) for __aeabi_memcpy
    nnom_local.o(.ARM.exidx.text.local_zero_padding_HWC_q7) refers to nnom_local.o(.text.local_zero_padding_HWC_q7) for [Anonymous Symbol]
    nnom_local.o(.text.local_zero_padding_CHW_q7) refers to memseta.o(.text) for __aeabi_memclr
    nnom_local.o(.text.local_zero_padding_CHW_q7) refers to memcpya.o(.text) for __aeabi_memcpy
    nnom_local.o(.ARM.exidx.text.local_zero_padding_CHW_q7) refers to nnom_local.o(.text.local_zero_padding_CHW_q7) for [Anonymous Symbol]
    nnom_local.o(.text.local_cropping_HWC_q7) refers to memcpya.o(.text) for __aeabi_memcpy
    nnom_local.o(.ARM.exidx.text.local_cropping_HWC_q7) refers to nnom_local.o(.text.local_cropping_HWC_q7) for [Anonymous Symbol]
    nnom_local.o(.text.local_cropping_CHW_q7) refers to memcpya.o(.text) for __aeabi_memcpy
    nnom_local.o(.ARM.exidx.text.local_cropping_CHW_q7) refers to nnom_local.o(.text.local_cropping_CHW_q7) for [Anonymous Symbol]
    nnom_local.o(.ARM.exidx.text.local_dot_q7_opt) refers to nnom_local.o(.text.local_dot_q7_opt) for [Anonymous Symbol]
    nnom_local.o(.ARM.exidx.text.local_dot_q7) refers to nnom_local.o(.text.local_dot_q7) for [Anonymous Symbol]
    nnom_local.o(.ARM.exidx.text.local_fully_connected_q7_opt) refers to nnom_local.o(.text.local_fully_connected_q7_opt) for [Anonymous Symbol]
    nnom_local.o(.ARM.exidx.text.local_fully_connected_q7) refers to nnom_local.o(.text.local_fully_connected_q7) for [Anonymous Symbol]
    nnom_local.o(.ARM.exidx.text.local_softmax_q7) refers to nnom_local.o(.text.local_softmax_q7) for [Anonymous Symbol]
    nnom_local.o(.text.local_hard_sigmoid_q7) refers to fflti.o(.text) for __aeabi_i2f
    nnom_local.o(.text.local_hard_sigmoid_q7) refers to fmul.o(.text) for __aeabi_fmul
    nnom_local.o(.text.local_hard_sigmoid_q7) refers to fadd.o(.text) for __aeabi_fadd
    nnom_local.o(.text.local_hard_sigmoid_q7) refers to ffixi.o(.text) for __aeabi_f2iz
    nnom_local.o(.ARM.exidx.text.local_hard_sigmoid_q7) refers to nnom_local.o(.text.local_hard_sigmoid_q7) for [Anonymous Symbol]
    nnom_local.o(.ARM.exidx.text.local_hard_tanh_q7) refers to nnom_local.o(.text.local_hard_tanh_q7) for [Anonymous Symbol]
[...]
    _printf_l                                0x00000000   Number         0  printfstubs.o ABSOLUTE
    _printf_lc                               0x00000000   Number         0  printfstubs.o ABSOLUTE
    _printf_ll                               0x00000000   Number         0  printfstubs.o ABSOLUTE
    _printf_lld                              0x00000000   Number         0  printfstubs.o ABSOLUTE
    _printf_lli                              0x00000000   Number         0  printfstubs.o ABSOLUTE
    _printf_llo                              0x00000000   Number         0  printfstubs.o ABSOLUTE
    _printf_llu                              0x00000000   Number         0  printfstubs.o ABSOLUTE
    _printf_llx                              0x00000000   Number         0  printfstubs.o ABSOLUTE
    _printf_longlong_dec                     0x00000000   Number         0  printfstubs.o ABSOLUTE
    _printf_longlong_hex                     0x00000000   Number         0  printfstubs.o ABSOLUTE
    _printf_longlong_oct                     0x00000000   Number         0  printfstubs.o ABSOLUTE
    _printf_ls                               0x00000000   Number         0  printfstubs.o ABSOLUTE
    _printf_mbtowc                           0x00000000   Number         0  printfstubs.o ABSOLUTE
    _printf_n                                0x00000000   Number         0  printfstubs.o ABSOLUTE
    _printf_o                                0x00000000   Number         0  printfstubs.o ABSOLUTE
    _printf_p                                0x00000000   Number         0  printfstubs.o ABSOLUTE
    _printf_percent                          0x00000000   Number         0  printfstubs.o ABSOLUTE
    _printf_pre_padding                      0x00000000   Number         0  printfstubs.o ABSOLUTE
    _printf_return_value                     0x00000000   Number         0  printfstubs.o ABSOLUTE
    _printf_s                                0x00000000   Number         0  printfstubs.o ABSOLUTE
    _printf_sizespec                         0x00000000   Number         0  printfstubs.o ABSOLUTE
    _printf_str                              0x00000000   Number         0  printfstubs.o ABSOLUTE
    _printf_truncate_signed                  0x00000000   Number         0  printfstubs.o ABSOLUTE
    _printf_truncate_unsigned                0x00000000   Number         0  printfstubs.o ABSOLUTE
    _printf_u                                0x00000000   Number         0  printfstubs.o ABSOLUTE
    _printf_wc                               0x00000000   Number         0  printfstubs.o ABSOLUTE
    _printf_wctomb                           0x00000000   Number         0  printfstubs.o ABSOLUTE
    _printf_widthprec                        0x00000000   Number         0  printfstubs.o ABSOLUTE
    _printf_x                                0x00000000   Number         0  printfstubs.o ABSOLUTE
    __cpp_initialize__aeabi_                  - Undefined Weak Reference
    __cxa_finalize                            - Undefined Weak Reference
    __decompress                              - Undefined Weak Reference
    _clock_init                               - Undefined Weak Reference
    _microlib_exit                            - Undefined Weak Reference
    __Vectors_Size                           0x000000ec   Number         0  startup_stm32f10x_md.o ABSOLUTE
    __Vectors                                0x08000000   Data           4  startup_stm32f10x_md.o(RESET)
    __Vectors_End                            0x080000ec   Data           0  startup_stm32f10x_md.o(RESET)
    __main                                   0x080000ed   Thumb Code     0  entry.o(.ARM.Collect$$$$00000000)
    _main_stk                                0x080000ed   Thumb Code     0  entry2.o(.ARM.Collect$$$$00000001)
    _main_scatterload                        0x080000f1   Thumb Code     0  entry5.o(.ARM.Collect$$$$00000004)
    __main_after_scatterload                 0x080000f5   Thumb Code     0  entry5.o(.ARM.Collect$$$$00000004)
    _main_clock                              0x080000f5   Thumb Code     0  entry7b.o(.ARM.Collect$$$$00000008)
    _main_cpp_init                           0x080000f5   Thumb Code     0  entry8b.o(.ARM.Collect$$$$0000000A)
    _main_init                               0x080000f5   Thumb Code     0  entry9a.o(.ARM.Collect$$$$0000000B)
    __rt_final_cpp                           0x080000fd   Thumb Code     0  entry10a.o(.ARM.Collect$$$$0000000D)
    __rt_final_exit                          0x080000fd   Thumb Code     0  entry11a.o(.ARM.Collect$$$$0000000F)
    Reset_Handler                            0x08000101   Thumb Code     8  startup_stm32f10x_md.o(.text)
    NMI_Handler                              0x08000109   Thumb Code     2  startup_stm32f10x_md.o(.text)
    HardFault_Handler                        0x0800010b   Thumb Code     2  startup_stm32f10x_md.o(.text)
    MemManage_Handler                        0x0800010d   Thumb Code     2  startup_stm32f10x_md.o(.text)
    BusFault_Handler                         0x0800010f   Thumb Code     2  startup_stm32f10x_md.o(.text)
    UsageFault_Handler                       0x08000111   Thumb Code     2  startup_stm32f10x_md.o(.text)
    SVC_Handler                              0x08000113   Thumb Code     2  startup_stm32f10x_md.o(.text)
    DebugMon_Handler                         0x08000115   Thumb Code     2  startup_stm32f10x_md.o(.text)
    PendSV_Handler                           0x08000117   Thumb Code     2  startup_stm32f10x_md.o(.text)
    SysTick_Handler                          0x08000119   Thumb Code     2  startup_stm32f10x_md.o(.text)
    ADC1_2_IRQHandler                        0x0800011b   Thumb Code     0  startup_stm32f10x_md.o(.text)
    CAN1_RX1_IRQHandler                      0x0800011b   Thumb Code     0  startup_stm32f10x_md.o(.text)
    CAN1_SCE_IRQHandler                      0x0800011b   Thumb Code     0  startup_stm32f10x_md.o(.text)
    DMA1_Channel1_IRQHandler                 0x0800011b   Thumb Code     0  startup_stm32f10x_md.o(.text)
    DMA1_Channel2_IRQHandler                 0x0800011b   Thumb Code     0  startup_stm32f10x_md.o(.text)
    DMA1_Channel3_IRQHandler                 0x0800011b   Thumb Code     0  startup_stm32f10x_md.o(.text)
    DMA1_Channel4_IRQHandler                 0x0800011b   Thumb Code     0  startup_stm32f10x_md.o(.text)
    DMA1_Channel5_IRQHandler                 0x0800011b   Thumb Code     0  startup_stm32f10x_md.o(.text)
    DMA1_Channel6_IRQHandler                 0x0800011b   Thumb Code     0  startup_stm32f10x_md.o(.text)
    DMA1_Channel7_IRQHandler                 0x0800011b   Thumb Code     0  startup_stm32f10x_md.o(.text)
    EXTI15_10_IRQHandler                     0x0800011b   Thumb Code     0  startup_stm32f10x_md.o(.text)
    EXTI1_IRQHandler                         0x0800011b   Thumb Code     0  startup_stm32f10x_md.o(.text)
    EXTI2_IRQHandler                         0x0800011b   Thumb Code     0  startup_stm32f10x_md.o(.text)
    EXTI3_IRQHandler                         0x0800011b   Thumb Code     0  startup_stm32f10x_md.o(.text)
    EXTI4_IRQHandler                         0x0800011b   Thumb Code     0  startup_stm32f10x_md.o(.text)
    FLASH_IRQHandler                         0x0800011b   Thumb Code     0  startup_stm32f10x_md.o(.text)
    I2C1_ER_IRQHandler                       0x0800011b   Thumb Code     0  startup_stm32f10x_md.o(.text)
    I2C1_EV_IRQHandler                       0x0800011b   Thumb Code     0  startup_stm32f10x_md.o(.text)
    I2C2_ER_IRQHandler                       0x0800011b   Thumb Code     0  startup_stm32f10x_md.o(.text)
    I2C2_EV_IRQHandler                       0x0800011b   Thumb Code     0  startup_stm32f10x_md.o(.text)
    PVD_IRQHandler                           0x0800011b   Thumb Code     0  startup_stm32f10x_md.o(.text)
    RCC_IRQHandler                           0x0800011b   Thumb Code     0  startup_stm32f10x_md.o(.text)
    RTCAlarm_IRQHandler                      0x0800011b   Thumb Code     0  startup_stm32f10x_md.o(.text)
    RTC_IRQHandler                           0x0800011b   Thumb Code     0  startup_stm32f10x_md.o(.text)
    SPI1_IRQHandler                          0x0800011b   Thumb Code     0  startup_stm32f10x_md.o(.text)
    SPI2_IRQHandler                          0x0800011b   Thumb Code     0  startup_stm32f10x_md.o(.text)
    TAMPER_IRQHandler                        0x0800011b   Thumb Code     0  startup_stm32f10x_md.o(.text)
    TIM1_BRK_IRQHandler                      0x0800011b   Thumb Code     0  startup_stm32f10x_md.o(.text)
    TIM1_CC_IRQHandler                       0x0800011b   Thumb Code     0  startup_stm32f10x_md.o(.text)
    TIM1_TRG_COM_IRQHandler                  0x0800011b   Thumb Code     0  startup_stm32f10x_md.o(.text)
    TIM1_UP_IRQHandler                       0x0800011b   Thumb Code     0  startup_stm32f10x_md.o(.text)
    TIM3_IRQHandler                          0x0800011b   Thumb Code     0  startup_stm32f10x_md.o(.text)
    USART1_IRQHandler                        0x0800011b   Thumb Code     0  startup_stm32f10x_md.o(.text)
    USART2_IRQHandler                        0x0800011b   Thumb Code     0  startup_stm32f10x_md.o(.text)
    USART3_IRQHandler                        0x0800011b   Thumb Code     0  startup_stm32f10x_md.o(.text)
    USBWakeUp_IRQHandler                     0x0800011b   Thumb Code     0  startup_stm32f10x_md.o(.text)
    USB_HP_CAN1_TX_IRQHandler                0x0800011b   Thumb Code     0  startup_stm32f10x_md.o(.text)
    USB_LP_CAN1_RX0_IRQHandler               0x0800011b   Thumb Code     0  startup_stm32f10x_md.o(.text)
    WWDG_IRQHandler                          0x0800011b   Thumb Code     0  startup_stm32f10x_md.o(.text)
    __aeabi_uldivmod                         0x08000125   Thumb Code    98  uldiv.o(.text)
    __aeabi_ldivmod                          0x08000187   Thumb Code    98  ldiv.o(.text)
    __aeabi_memcpy                           0x080001e9   Thumb Code    36  memcpya.o(.text)
    __aeabi_memcpy4                          0x080001e9   Thumb Code     0  memcpya.o(.text)
    __aeabi_memcpy8                          0x080001e9   Thumb Code     0  memcpya.o(.text)
    __aeabi_memset                           0x0800020d   Thumb Code    14  memseta.o(.text)
    __aeabi_memset4                          0x0800020d   Thumb Code     0  memseta.o(.text)
    __aeabi_memset8                          0x0800020d   Thumb Code     0  memseta.o(.text)
    __aeabi_memclr                           0x0800021b   Thumb Code     4  memseta.o(.text)
    __aeabi_memclr4                          0x0800021b   Thumb Code     0  memseta.o(.text)
    __aeabi_memclr8                          0x0800021b   Thumb Code     0  memseta.o(.text)
    _memset$wrapper                          0x0800021f   Thumb Code    18  memseta.o(.text)
    memcmp                                   0x08000231   Thumb Code    26  memcmp.o(.text)
    __aeabi_fadd                             0x0800024b   Thumb Code   164  fadd.o(.text)
    __aeabi_fsub                             0x080002ef   Thumb Code     6  fadd.o(.text)
    __aeabi_frsub                            0x080002f5   Thumb Code     6  fadd.o(.text)
    __aeabi_fmul                             0x080002fb   Thumb Code   100  fmul.o(.text)
    __aeabi_fdiv                             0x0800035f   Thumb Code   124  fdiv.o(.text)
    __aeabi_dmul                             0x080003db   Thumb Code   228  dmul.o(.text)
    __aeabi_ddiv                             0x080004bf   Thumb Code   222  ddiv.o(.text)
    __aeabi_fcmple                           0x0800059d   Thumb Code    28  fcmple.o(.text)
    __aeabi_fcmplt                           0x080005b9   Thumb Code    28  fcmplt.o(.text)
    __aeabi_fcmpge                           0x080005d5   Thumb Code    28  fcmpge.o(.text)
    __aeabi_fcmpeq                           0x080005f1   Thumb Code    28  fcmpeq.o(.text)
    __aeabi_i2f                              0x0800060d   Thumb Code    18  fflti.o(.text)
    __aeabi_ui2f                             0x0800061f   Thumb Code    10  ffltui.o(.text)
    __aeabi_i2d                              0x08000629   Thumb Code    34  dflti.o(.text)
    __aeabi_f2iz                             0x0800064b   Thumb Code    50  ffixi.o(.text)
    __aeabi_f2d                              0x0800067d   Thumb Code    38  f2d.o(.text)
    __aeabi_d2f                              0x080006a3   Thumb Code    56  d2f.o(.text)
    __aeabi_uidiv                            0x080006db   Thumb Code     0  uidiv.o(.text)
    __aeabi_uidivmod                         0x080006db   Thumb Code    44  uidiv.o(.text)
    __aeabi_llsl                             0x08000707   Thumb Code    30  llshl.o(.text)
    _ll_shift_l                              0x08000707   Thumb Code     0  llshl.o(.text)
    __aeabi_llsr                             0x08000725   Thumb Code    32  llushr.o(.text)
    _ll_ushift_r                             0x08000725   Thumb Code     0  llushr.o(.text)
    __I$use$fp                               0x08000745   Thumb Code     0  iusefp.o(.text)
    _float_round                             0x08000745   Thumb Code    18  fepilogue.o(.text)
    _float_epilogue                          0x08000757   Thumb Code    92  fepilogue.o(.text)
    _double_round                            0x080007b3   Thumb Code    30  depilogue.o(.text)
    _double_epilogue                         0x080007d1   Thumb Code   156  depilogue.o(.text)
    __aeabi_dadd                             0x0800086d   Thumb Code   322  dadd.o(.text)
    __aeabi_dsub                             0x080009af   Thumb Code     6  dadd.o(.text)
    __aeabi_drsub                            0x080009b5   Thumb Code     6  dadd.o(.text)
    __aeabi_d2ulz                            0x080009bb   Thumb Code    48  dfixul.o(.text)
    __aeabi_cdrcmple                         0x080009ed   Thumb Code    48  cdrcmple.o(.text)
    __scatterload                            0x08000a1d   Thumb Code    38  init.o(.text)
    __scatterload_rt2                        0x08000a1d   Thumb Code     0  init.o(.text)
    __aeabi_lasr                             0x08000a4d   Thumb Code    36  llsshr.o(.text)
    _ll_sshift_r                             0x08000a4d   Thumb Code     0  llsshr.o(.text)
    ADC_Cmd                                  0x08000a71   Thumb Code    16  stm32f10x_adc.o(.text.ADC_Cmd)
    ADC_GetAvg                               0x08000a81   Thumb Code   252  cyberrypotter.o(.text.ADC_GetAvg)
    ADC_GetCalibrationStatus                 0x08000ba9   Thumb Code     8  stm32f10x_adc.o(.text.ADC_GetCalibrationStatus)
    ADC_GetConversionValue                   0x08000bb1   Thumb Code     6  stm32f10x_adc.o(.text.ADC_GetConversionValue)
    ADC_GetFlagStatus                        0x08000bb7   Thumb Code    10  stm32f10x_adc.o(.text.ADC_GetFlagStatus)
    ADC_GetResetCalibrationStatus            0x08000bc1   Thumb Code     8  stm32f10x_adc.o(.text.ADC_GetResetCalibrationStatus)
    ADC_GetValue                             0x08000bc9   Thumb Code    42  hardware.o(.text.ADC_GetValue)
    ADC_Init                                 0x08000bf3   Thumb Code    80  stm32f10x_adc.o(.text.ADC_Init)
    ADC_RegularChannelConfig                 0x08000c43   Thumb Code    96  stm32f10x_adc.o(.text.ADC_RegularChannelConfig)
    ADC_ResetCalibration                     0x08000ca3   Thumb Code    10  stm32f10x_adc.o(.text.ADC_ResetCalibration)
    ADC_SoftwareStartConvCmd                 0x08000cad   Thumb Code    18  stm32f10x_adc.o(.text.ADC_SoftwareStartConvCmd)
    ADC_StartCalibration                     0x08000cbf   Thumb Code    10  stm32f10x_adc.o(.text.ADC_StartCalibration)
    Delay_ms                                 0x08000cc9   Thumb Code    58  delay.o(.text.Delay_ms)
    Delay_us                                 0x08000d05   Thumb Code    36  delay.o(.text.Delay_us)
    EXTI0_IRQHandler                         0x08000d29   Thumb Code    50  cyberrypotter.o(.text.EXTI0_IRQHandler)
    EXTI9_5_IRQHandler                       0x08000d5b   Thumb Code   126  cyberrypotter.o(.text.EXTI9_5_IRQHandler)
    EXTI_ClearITPendingBit                   0x08000dd9   Thumb Code    12  stm32f10x_exti.o(.text.EXTI_ClearITPendingBit)
    EXTI_GetITStatus                         0x08000de5   Thumb Code    30  stm32f10x_exti.o(.text.EXTI_GetITStatus)
    EXTI_Init                                0x08000e03   Thumb Code   104  stm32f10x_exti.o(.text.EXTI_Init)
    EXTI_Restore                             0x08000e6b   Thumb Code    26  hardware.o(.text.EXTI_Restore)
    EXTI_Stop                                0x08000e85   Thumb Code    26  hardware.o(.text.EXTI_Stop)
    Flatten                                  0x08000e9f   Thumb Code    78  nnom_flatten.o(.text.Flatten)
    GPIO_EXTILineConfig                      0x08000eed   Thumb Code    54  stm32f10x_gpio.o(.text.GPIO_EXTILineConfig)
    GPIO_Init                                0x08000f25   Thumb Code   178  stm32f10x_gpio.o(.text.GPIO_Init)
    GPIO_ReadInputDataBit                    0x08000fd7   Thumb Code    10  stm32f10x_gpio.o(.text.GPIO_ReadInputDataBit)
    GPIO_WriteBit                            0x08000fe1   Thumb Code    12  stm32f10x_gpio.o(.text.GPIO_WriteBit)
    Hardware_Init                            0x08000fed   Thumb Code   728  hardware.o(.text.Hardware_Init)
    IIC_Init                                 0x080012c5   Thumb Code    66  iic.o(.text.IIC_Init)
    IIC_Receive_Byte                         0x0800134d   Thumb Code    98  iic.o(.text.IIC_Receive_Byte)
    IIC_Send_Byte                            0x080013ed   Thumb Code    84  iic.o(.text.IIC_Send_Byte)
    IIC_read                                 0x080014cd   Thumb Code    96  iic.o(.text.IIC_read)
    IIC_write                                0x0800152d   Thumb Code    66  iic.o(.text.IIC_write)
    IMU_Get_Data                             0x0800156f   Thumb Code   166  imu.o(.text.IMU_Get_Data)
    LED_Blink                                0x08001615   Thumb Code   210  cyberrypotter.o(.text.LED_Blink)
    MPU6050_Init                             0x080016e7   Thumb Code   250  mpu6050.o(.text.MPU6050_Init)
    MaxPool                                  0x080017e1   Thumb Code   174  nnom_maxpool.o(.text.MaxPool)
    Module0_IR_Init                          0x0800188f   Thumb Code   270  module0_ir.o(.text.Module0_IR_Init)
    Module0_IR_Transmit                      0x0800199d   Thumb Code   130  module0_ir.o(.text.Module0_IR_Transmit)
    Module1_RF433_Init                       0x08001a1f   Thumb Code   232  module1_rf433.o(.text.Module1_RF433_Init)
    Module1_RF433_Transmit                   0x08001b09   Thumb Code   104  module1_rf433.o(.text.Module1_RF433_Transmit)
    Module_Detect                            0x08001b71   Thumb Code   164  cyberrypotter.o(.text.Module_Detect)
    Module_IR_RF_Copy_From_Buffer            0x08001c15   Thumb Code    62  module_ir_rf.o(.text.Module_IR_RF_Copy_From_Buffer)
    Module_IR_RF_Init                        0x08001c53   Thumb Code    28  module_ir_rf.o(.text.Module_IR_RF_Init)
    Module_IR_RF_Print                       0x08001c71   Thumb Code   104  module_ir_rf.o(.text.Module_IR_RF_Print)
    Module_IR_RF_Record_Duration             0x08001d25   Thumb Code    52  module_ir_rf.o(.text.Module_IR_RF_Record_Duration)
    Module_IR_RF_Transmit                    0x08001d59   Thumb Code   124  module_ir_rf.o(.text.Module_IR_RF_Transmit)
    Module_IR_RF_receiver_start              0x08001de1   Thumb Code    38  module_ir_rf.o(.text.Module_IR_RF_receiver_start)
    Module_IR_RF_receiver_stop               0x08001e07   Thumb Code    64  module_ir_rf.o(.text.Module_IR_RF_receiver_stop)
    NVIC_Init                                0x08001e47   Thumb Code    94  misc.o(.text.NVIC_Init)
    NVIC_PriorityGroupConfig                 0x08001ea5   Thumb Code    20  misc.o(.text.NVIC_PriorityGroupConfig)
    RCC_ADCCLKConfig                         0x08001eb9   Thumb Code    20  stm32f10x_rcc.o(.text.RCC_ADCCLKConfig)
    RCC_APB1PeriphClockCmd                   0x08001ecd   Thumb Code    24  stm32f10x_rcc.o(.text.RCC_APB1PeriphClockCmd)
    RCC_APB2PeriphClockCmd                   0x08001ee5   Thumb Code    24  stm32f10x_rcc.o(.text.RCC_APB2PeriphClockCmd)
    RCC_GetClocksFreq                        0x08001efd   Thumb Code   140  stm32f10x_rcc.o(.text.RCC_GetClocksFreq)
    SPI2_SwapByte                            0x08001f89   Thumb Code    54  w25q64.o(.text.SPI2_SwapByte)
    SPI_Cmd                                  0x08001fbf   Thumb Code    20  stm32f10x_spi.o(.text.SPI_Cmd)
    SPI_I2S_GetFlagStatus                    0x08001fd3   Thumb Code    10  stm32f10x_spi.o(.text.SPI_I2S_GetFlagStatus)
    SPI_I2S_ReceiveData                      0x08001fdd   Thumb Code     4  stm32f10x_spi.o(.text.SPI_I2S_ReceiveData)
    SPI_I2S_SendData                         0x08001fe1   Thumb Code     4  stm32f10x_spi.o(.text.SPI_I2S_SendData)
    SPI_Init                                 0x08001fe5   Thumb Code    70  stm32f10x_spi.o(.text.SPI_Init)
    Softmax                                  0x0800202b   Thumb Code    76  nnom_softmax.o(.text.Softmax)
    SystemInit                               0x08002079   Thumb Code   248  system_stm32f10x.o(.text.SystemInit)
    System_Init                              0x08002171   Thumb Code    96  cyberrypotter.o(.text.System_Init)
    TIM2_IRQHandler                          0x080021e5   Thumb Code    50  module_ir_rf.o(.text.TIM2_IRQHandler)
    TIM4_IRQHandler                          0x08002219   Thumb Code   252  cyberrypotter.o(.text.TIM4_IRQHandler)
    TIM_ClearFlag                            0x0800234d   Thumb Code     6  stm32f10x_tim.o(.text.TIM_ClearFlag)
    TIM_ClearITPendingBit                    0x08002353   Thumb Code     6  stm32f10x_tim.o(.text.TIM_ClearITPendingBit)
    TIM_Cmd                                  0x08002359   Thumb Code    18  stm32f10x_tim.o(.text.TIM_Cmd)
    TIM_GetCounter                           0x0800236b   Thumb Code     4  stm32f10x_tim.o(.text.TIM_GetCounter)
    TIM_GetITStatus                          0x0800236f   Thumb Code    24  stm32f10x_tim.o(.text.TIM_GetITStatus)
    TIM_ITConfig                             0x08002387   Thumb Code    16  stm32f10x_tim.o(.text.TIM_ITConfig)
    TIM_OC1Init                              0x08002397   Thumb Code   112  stm32f10x_tim.o(.text.TIM_OC1Init)
    TIM_OCStructInit                         0x08002407   Thumb Code    12  stm32f10x_tim.o(.text.TIM_OCStructInit)
    TIM_SetCompare1                          0x08002413   Thumb Code     4  stm32f10x_tim.o(.text.TIM_SetCompare1)
    TIM_SetCounter                           0x08002417   Thumb Code     4  stm32f10x_tim.o(.text.TIM_SetCounter)
    TIM_TimeBaseInit                         0x0800241b   Thumb Code   166  stm32f10x_tim.o(.text.TIM_TimeBaseInit)
    USART_Cmd                                0x080024c1   Thumb Code    20  stm32f10x_usart.o(.text.USART_Cmd)
    USART_ITConfig                           0x080024d5   Thumb Code    46  stm32f10x_usart.o(.text.USART_ITConfig)
    USART_Init                               0x08002503   Thumb Code   182  stm32f10x_usart.o(.text.USART_Init)
    W25Q64_Read_Sector                       0x080025b9   Thumb Code   130  w25q64.o(.text.W25Q64_Read_Sector)
    act_get_dec_bit                          0x08002661   Thumb Code    14  nnom_activation.o(.text.act_get_dec_bit)
    act_relu                                 0x0800266f   Thumb Code    26  nnom_activation.o(.text.act_relu)
    check_model_version                      0x08002689   Thumb Code    92  nnom.o(.text.check_model_version)
    compile_layers                           0x08002741   Thumb Code  1192  nnom.o(.text.compile_layers)
    conv2d_build                             0x08002c79   Thumb Code   260  nnom_conv2d.o(.text.conv2d_build)
    conv2d_free                              0x08002d7d   Thumb Code    24  nnom_conv2d.o(.text.conv2d_free)
    conv2d_run                               0x08002d95   Thumb Code   252  nnom_conv2d.o(.text.conv2d_run)
    conv2d_s                                 0x08002e91   Thumb Code   338  nnom_conv2d.o(.text.conv2d_s)
    default_build                            0x08002fe3   Thumb Code    70  nnom_baselayer.o(.text.default_build)
    delete_tensor                            0x08003029   Thumb Code    10  nnom_tensor.o(.text.delete_tensor)
    dense_build                              0x08003033   Thumb Code   208  nnom_dense.o(.text.dense_build)
    dense_free                               0x08003103   Thumb Code    24  nnom_dense.o(.text.dense_free)
    dense_run                                0x0800311b   Thumb Code    90  nnom_dense.o(.text.dense_run)
    dense_s                                  0x08003175   Thumb Code   124  nnom_dense.o(.text.dense_s)
    dilation                                 0x080031f1   Thumb Code    10  nnom_layers.o(.text.dilation)
    dmp_enable_feature                       0x080031fb   Thumb Code   660  inv_mpu_dmp_motion_driver.o(.text.dmp_enable_feature)
    dmp_load_motion_driver_firmware          0x0800348f   Thumb Code    22  inv_mpu_dmp_motion_driver.o(.text.dmp_load_motion_driver_firmware)
    dmp_set_accel_bias                       0x080034a5   Thumb Code   192  inv_mpu_dmp_motion_driver.o(.text.dmp_set_accel_bias)
    dmp_set_fifo_rate                        0x08003565   Thumb Code    96  inv_mpu_dmp_motion_driver.o(.text.dmp_set_fifo_rate)
    dmp_set_gyro_bias                        0x080035d1   Thumb Code   220  inv_mpu_dmp_motion_driver.o(.text.dmp_set_gyro_bias)
    dmp_set_orientation                      0x080036ad   Thumb Code   224  inv_mpu_dmp_motion_driver.o(.text.dmp_set_orientation)
    dmp_set_tap_thresh                       0x0800378d   Thumb Code   292  inv_mpu_dmp_motion_driver.o(.text.dmp_set_tap_thresh)
    flatten_build                            0x080038b1   Thumb Code    84  nnom_flatten.o(.text.flatten_build)
    flatten_run                              0x08003905   Thumb Code     4  nnom_flatten.o(.text.flatten_run)
    flatten_s                                0x08003909   Thumb Code    14  nnom_flatten.o(.text.flatten_s)
    fputc                                    0x08003919   Thumb Code    18  hardware.o(.text.fputc)
    input_build                              0x08003c51   Thumb Code    40  nnom_input.o(.text.input_build)
    input_run                                0x08003c79   Thumb Code    30  nnom_input.o(.text.input_run)
    input_s                                  0x08003c97   Thumb Code   216  nnom_input.o(.text.input_s)
    io_init                                  0x08003d6f   Thumb Code     8  nnom_layers.o(.text.io_init)
    kernel                                   0x08003d77   Thumb Code    10  nnom_layers.o(.text.kernel)
    local_convolve_HWC_q15_nonsquare         0x08003d81   Thumb Code   574  nnom_local_q15.o(.text.local_convolve_HWC_q15_nonsquare)
    local_convolve_HWC_q7_nonsquare          0x08003fc1   Thumb Code   522  nnom_local.o(.text.local_convolve_HWC_q7_nonsquare)
    local_fully_connected_q7_opt             0x080041cd   Thumb Code   512  nnom_local.o(.text.local_fully_connected_q7_opt)
    local_maxpool_q7_HWC                     0x080043cd   Thumb Code   252  nnom_local.o(.text.local_maxpool_q7_HWC)
    local_relu_q15                           0x080044c9   Thumb Code    26  nnom_local_q15.o(.text.local_relu_q15)
    local_relu_q7                            0x080044e5   Thumb Code    26  nnom_local.o(.text.local_relu_q7)
    local_softmax_q7                         0x08004501   Thumb Code   156  nnom_local.o(.text.local_softmax_q7)
    main                                     0x0800459d   Thumb Code   352  main.o(.text.main)
    maxpool_build                            0x080046fd   Thumb Code   156  nnom_maxpool.o(.text.maxpool_build)
    maxpool_run                              0x08004799   Thumb Code   108  nnom_maxpool.o(.text.maxpool_run)
    maxpool_s                                0x08004805   Thumb Code   114  nnom_maxpool.o(.text.maxpool_s)
    mem_analysis_result                      0x08004879   Thumb Code    60  nnom.o(.text.mem_analysis_result)
    model_compile                            0x0800494d   Thumb Code   320  nnom.o(.text.model_compile)
    mpu_configure_fifo                       0x08004bdb   Thumb Code    84  inv_mpu.o(.text.mpu_configure_fifo)
    mpu_get_accel_fsr                        0x08004c2f   Thumb Code    54  inv_mpu.o(.text.mpu_get_accel_fsr)
    mpu_get_accel_sens                       0x08004c65   Thumb Code    48  inv_mpu.o(.text.mpu_get_accel_sens)
    mpu_get_gyro_sens                        0x08004ca5   Thumb Code    66  inv_mpu.o(.text.mpu_get_gyro_sens)
    mpu_init                                 0x08004ce7   Thumb Code   194  inv_mpu.o(.text.mpu_init)
    mpu_load_firmware                        0x08004da9   Thumb Code   186  inv_mpu.o(.text.mpu_load_firmware)
    mpu_lp_accel_mode                        0x08004e63   Thumb Code   174  inv_mpu.o(.text.mpu_lp_accel_mode)
    mpu_read_mem                             0x08004f11   Thumb Code    98  inv_mpu.o(.text.mpu_read_mem)
    mpu_reset_fifo                           0x08004f73   Thumb Code   372  inv_mpu.o(.text.mpu_reset_fifo)
    mpu_run_self_test                        0x080050e9   Thumb Code   858  inv_mpu.o(.text.mpu_run_self_test)
    mpu_set_accel_fsr                        0x08005445   Thumb Code   124  inv_mpu.o(.text.mpu_set_accel_fsr)
    mpu_set_bypass                           0x080054c1   Thumb Code   232  inv_mpu.o(.text.mpu_set_bypass)
    mpu_set_dmp_state                        0x080055a9   Thumb Code   132  inv_mpu.o(.text.mpu_set_dmp_state)
    mpu_set_gyro_fsr                         0x0800562d   Thumb Code   132  inv_mpu.o(.text.mpu_set_gyro_fsr)
    mpu_set_int_latched                      0x080056b1   Thumb Code    94  inv_mpu.o(.text.mpu_set_int_latched)
    mpu_set_lpf                              0x0800570f   Thumb Code   104  inv_mpu.o(.text.mpu_set_lpf)
    mpu_set_sample_rate                      0x08005777   Thumb Code   132  inv_mpu.o(.text.mpu_set_sample_rate)
    mpu_set_sensors                          0x080057fb   Thumb Code   160  inv_mpu.o(.text.mpu_set_sensors)
    mpu_write_mem                            0x0800589b   Thumb Code    98  inv_mpu.o(.text.mpu_write_mem)
    new_model                                0x080058fd   Thumb Code   108  nnom.o(.text.new_model)
    new_tensor                               0x08005969   Thumb Code   112  nnom_tensor.o(.text.new_tensor)
    nnom_alignto                             0x080059fd   Thumb Code    18  nnom.o(.text.nnom_alignto)
    nnom_free                                0x08005a0f   Thumb Code     2  nnom.o(.text.nnom_free)
    nnom_malloc                              0x08005a11   Thumb Code    90  nnom.o(.text.nnom_malloc)
    nnom_mem                                 0x08005a6b   Thumb Code    50  nnom.o(.text.nnom_mem)
    nnom_set_static_buf                      0x08005a9d   Thumb Code    34  nnom.o(.text.nnom_set_static_buf)
    output_run                               0x08005abf   Thumb Code    32  nnom_output.o(.text.output_run)
    output_s                                 0x08005adf   Thumb Code    50  nnom_output.o(.text.output_s)
    set_tailed_activation                    0x08005bdd   Thumb Code    46  nnom.o(.text.set_tailed_activation)
    shape                                    0x08005c0b   Thumb Code     8  nnom_layers.o(.text.shape)
    softmax_build                            0x08005c13   Thumb Code    54  nnom_softmax.o(.text.softmax_build)
    softmax_run                              0x08005c49   Thumb Code    36  nnom_softmax.o(.text.softmax_run)
    softmax_s                                0x08005c6d   Thumb Code    14  nnom_softmax.o(.text.softmax_s)
    stride                                   0x08005c7b   Thumb Code    10  nnom_layers.o(.text.stride)
    tensor_cpy_attr                          0x08005c85   Thumb Code    88  nnom_tensor.o(.text.tensor_cpy_attr)
    tensor_get_num_channel                   0x08005cdd   Thumb Code    14  nnom_tensor.o(.text.tensor_get_num_channel)
    tensor_mem_set                           0x08005ced   Thumb Code    48  nnom.o(.text.tensor_mem_set)
    tensor_set_attr                          0x08005d1d   Thumb Code    80  nnom_tensor.o(.text.tensor_set_attr)
    tensor_set_attr_v                        0x08005d6d   Thumb Code    42  nnom_tensor.o(.text.tensor_set_attr_v)
    tensor_size                              0x08005d99   Thumb Code    38  nnom_tensor.o(.text.tensor_size)
    __0printf                                0x08005dc1   Thumb Code    22  printfa.o(i.__0printf)
    __1printf                                0x08005dc1   Thumb Code     0  printfa.o(i.__0printf)
    __2printf                                0x08005dc1   Thumb Code     0  printfa.o(i.__0printf)
    __c89printf                              0x08005dc1   Thumb Code     0  printfa.o(i.__0printf)
    printf                                   0x08005dc1   Thumb Code     0  printfa.o(i.__0printf)
    __scatterload_copy                       0x08005de1   Thumb Code    14  handlers.o(i.__scatterload_copy)
    __scatterload_null                       0x08005def   Thumb Code     2  handlers.o(i.__scatterload_null)
    __scatterload_zeroinit                   0x08005df1   Thumb Code    14  handlers.o(i.__scatterload_zeroinit)
    putchar                                  0x080066b5   Thumb Code     6  putchar.o(i.putchar)
    puts                                     0x080066c1   Thumb Code    30  puts.o(i.puts)
    conv1d_1_bias_shift                      0x08006720   Data           4  main.o(.rodata.conv1d_1_bias_shift)
    conv1d_1_config                          0x08006724   Data          40  main.o(.rodata.conv1d_1_config)
    conv1d_1_output_shift                    0x0800674c   Data           4  main.o(.rodata.conv1d_1_output_shift)
    conv1d_2_bias_shift                      0x08006750   Data           4  main.o(.rodata.conv1d_2_bias_shift)
    conv1d_2_config                          0x08006754   Data          40  main.o(.rodata.conv1d_2_config)
    conv1d_2_output_shift                    0x0800677c   Data           4  main.o(.rodata.conv1d_2_output_shift)
    conv1d_3_bias_shift                      0x08006780   Data           4  main.o(.rodata.conv1d_3_bias_shift)
    conv1d_3_config                          0x08006784   Data          40  main.o(.rodata.conv1d_3_config)
    conv1d_3_output_shift                    0x080067ac   Data           4  main.o(.rodata.conv1d_3_output_shift)
    conv1d_bias_shift                        0x080067b0   Data           4  main.o(.rodata.conv1d_bias_shift)
    conv1d_config                            0x080067b4   Data          40  main.o(.rodata.conv1d_config)
    conv1d_output_shift                      0x080067dc   Data           4  main.o(.rodata.conv1d_output_shift)
    default_activation_names                 0x080067e8   Data          64  nnom.o(.rodata.default_activation_names)
    default_cell_names                       0x08006828   Data          32  nnom.o(.rodata.default_cell_names)
    default_layer_names                      0x08006848   Data         396  nnom.o(.rodata.default_layer_names)
    dense_bias_shift                         0x080069d4   Data           4  main.o(.rodata.dense_bias_shift)
    dense_config                             0x080069d8   Data          24  main.o(.rodata.dense_config)
    dense_output_shift                       0x080069f0   Data           4  main.o(.rodata.dense_output_shift)
    flatten_config                           0x080075ec   Data           4  main.o(.rodata.flatten_config)
    hw                                       0x080075f0   Data          12  inv_mpu.o(.rodata.hw)
    input_1_config                           0x080075fc   Data           8  main.o(.rodata.input_1_config)
    max_pooling1d_config                     0x08007604   Data          16  main.o(.rodata.max_pooling1d_config)
    output0_config                           0x08007614   Data           8  main.o(.rodata.output0_config)
    reg                                      0x0800761c   Data          30  inv_mpu.o(.rodata.reg)
    softmax_config                           0x0800763c   Data           4  main.o(.rodata.softmax_config)
    tensor_conv1d_1_bias_0                   0x08007a34   Data          24  main.o(.rodata.tensor_conv1d_1_bias_0)
    tensor_conv1d_1_bias_0_data              0x08007a4c   Data          12  main.o(.rodata.tensor_conv1d_1_bias_0_data)
    tensor_conv1d_1_bias_0_dec               0x08007a58   Data           4  main.o(.rodata.tensor_conv1d_1_bias_0_dec)
    tensor_conv1d_1_bias_0_dim               0x08007a5c   Data           2  main.o(.rodata.tensor_conv1d_1_bias_0_dim)
    tensor_conv1d_1_bias_0_offset            0x08007a60   Data           4  main.o(.rodata.tensor_conv1d_1_bias_0_offset)
    tensor_conv1d_1_kernel_0                 0x08007a64   Data          24  main.o(.rodata.tensor_conv1d_1_kernel_0)
    tensor_conv1d_1_kernel_0_data            0x08007a7c   Data         864  main.o(.rodata.tensor_conv1d_1_kernel_0_data)
    tensor_conv1d_1_kernel_0_dec             0x08007ddc   Data           4  main.o(.rodata.tensor_conv1d_1_kernel_0_dec)
    tensor_conv1d_1_kernel_0_dim             0x08007de0   Data           6  main.o(.rodata.tensor_conv1d_1_kernel_0_dim)
    tensor_conv1d_1_kernel_0_offset          0x08007de8   Data           4  main.o(.rodata.tensor_conv1d_1_kernel_0_offset)
    tensor_conv1d_2_bias_0                   0x08007dec   Data          24  main.o(.rodata.tensor_conv1d_2_bias_0)
    tensor_conv1d_2_bias_0_data              0x08007e04   Data          12  main.o(.rodata.tensor_conv1d_2_bias_0_data)
    tensor_conv1d_2_bias_0_dec               0x08007e10   Data           4  main.o(.rodata.tensor_conv1d_2_bias_0_dec)
    tensor_conv1d_2_bias_0_dim               0x08007e14   Data           2  main.o(.rodata.tensor_conv1d_2_bias_0_dim)
    tensor_conv1d_2_bias_0_offset            0x08007e18   Data           4  main.o(.rodata.tensor_conv1d_2_bias_0_offset)
    tensor_conv1d_2_kernel_0                 0x08007e1c   Data          24  main.o(.rodata.tensor_conv1d_2_kernel_0)
    tensor_conv1d_2_kernel_0_data            0x08007e34   Data         432  main.o(.rodata.tensor_conv1d_2_kernel_0_data)
    tensor_conv1d_2_kernel_0_dec             0x08007fe4   Data           4  main.o(.rodata.tensor_conv1d_2_kernel_0_dec)
    tensor_conv1d_2_kernel_0_dim             0x08007fe8   Data           6  main.o(.rodata.tensor_conv1d_2_kernel_0_dim)
    tensor_conv1d_2_kernel_0_offset          0x08007ff0   Data           4  main.o(.rodata.tensor_conv1d_2_kernel_0_offset)
    tensor_conv1d_3_bias_0                   0x08007ff4   Data          24  main.o(.rodata.tensor_conv1d_3_bias_0)
    tensor_conv1d_3_bias_0_data              0x0800800c   Data          12  main.o(.rodata.tensor_conv1d_3_bias_0_data)
    tensor_conv1d_3_bias_0_dec               0x08008018   Data           4  main.o(.rodata.tensor_conv1d_3_bias_0_dec)
    tensor_conv1d_3_bias_0_dim               0x0800801c   Data           2  main.o(.rodata.tensor_conv1d_3_bias_0_dim)
    tensor_conv1d_3_bias_0_offset            0x08008020   Data           4  main.o(.rodata.tensor_conv1d_3_bias_0_offset)
    tensor_conv1d_3_kernel_0                 0x08008024   Data          24  main.o(.rodata.tensor_conv1d_3_kernel_0)
    tensor_conv1d_3_kernel_0_data            0x0800803c   Data         432  main.o(.rodata.tensor_conv1d_3_kernel_0_data)
    tensor_conv1d_3_kernel_0_dec             0x080081ec   Data           4  main.o(.rodata.tensor_conv1d_3_kernel_0_dec)
    tensor_conv1d_3_kernel_0_dim             0x080081f0   Data           6  main.o(.rodata.tensor_conv1d_3_kernel_0_dim)
    tensor_conv1d_3_kernel_0_offset          0x080081f8   Data           4  main.o(.rodata.tensor_conv1d_3_kernel_0_offset)
    tensor_conv1d_bias_0                     0x080081fc   Data          24  main.o(.rodata.tensor_conv1d_bias_0)
    tensor_conv1d_bias_0_data                0x08008214   Data          24  main.o(.rodata.tensor_conv1d_bias_0_data)
    tensor_conv1d_bias_0_dec                 0x0800822c   Data           4  main.o(.rodata.tensor_conv1d_bias_0_dec)
    tensor_conv1d_bias_0_dim                 0x08008230   Data           2  main.o(.rodata.tensor_conv1d_bias_0_dim)
    tensor_conv1d_bias_0_offset              0x08008234   Data           4  main.o(.rodata.tensor_conv1d_bias_0_offset)
    tensor_conv1d_kernel_0                   0x08008238   Data          24  main.o(.rodata.tensor_conv1d_kernel_0)
    tensor_conv1d_kernel_0_data              0x08008250   Data         216  main.o(.rodata.tensor_conv1d_kernel_0_data)
    tensor_conv1d_kernel_0_dec               0x08008328   Data           4  main.o(.rodata.tensor_conv1d_kernel_0_dec)
    tensor_conv1d_kernel_0_dim               0x0800832c   Data           6  main.o(.rodata.tensor_conv1d_kernel_0_dim)
    tensor_conv1d_kernel_0_offset            0x08008334   Data           4  main.o(.rodata.tensor_conv1d_kernel_0_offset)
    tensor_dense_bias_0                      0x08008338   Data          24  main.o(.rodata.tensor_dense_bias_0)
    tensor_dense_bias_0_data                 0x08008350   Data          13  main.o(.rodata.tensor_dense_bias_0_data)
    tensor_dense_bias_0_dec                  0x08008360   Data           4  main.o(.rodata.tensor_dense_bias_0_dec)
    tensor_dense_bias_0_dim                  0x08008364   Data           2  main.o(.rodata.tensor_dense_bias_0_dim)
    tensor_dense_bias_0_offset               0x08008368   Data           4  main.o(.rodata.tensor_dense_bias_0_offset)
    tensor_dense_kernel_0                    0x0800836c   Data          24  main.o(.rodata.tensor_dense_kernel_0)
    tensor_dense_kernel_0_data               0x08008384   Data        7800  main.o(.rodata.tensor_dense_kernel_0_data)
    tensor_dense_kernel_0_dec                0x0800a1fc   Data           4  main.o(.rodata.tensor_dense_kernel_0_dec)
    tensor_dense_kernel_0_dim                0x0800a200   Data           4  main.o(.rodata.tensor_dense_kernel_0_dim)
    tensor_dense_kernel_0_offset             0x0800a204   Data           4  main.o(.rodata.tensor_dense_kernel_0_offset)
    tensor_input_1                           0x0800a208   Data          24  main.o(.rodata.tensor_input_1)
    tensor_input_1_dec                       0x0800a220   Data           4  main.o(.rodata.tensor_input_1_dec)
    tensor_input_1_dim                       0x0800a224   Data           4  main.o(.rodata.tensor_input_1_dim)
    tensor_input_1_offset                    0x0800a228   Data           4  main.o(.rodata.tensor_input_1_offset)
    tensor_output0                           0x0800a22c   Data          24  main.o(.rodata.tensor_output0)
    tensor_output0_dec                       0x0800a244   Data           4  main.o(.rodata.tensor_output0_dec)
    tensor_output0_dim                       0x0800a248   Data           2  main.o(.rodata.tensor_output0_dim)
    tensor_output0_offset                    0x0800a24c   Data           4  main.o(.rodata.tensor_output0_offset)
    test                                     0x0800a250   Data          40  inv_mpu.o(.rodata.test)
    Region$$Table$$Base                      0x0800a278   Number         0  anon$$obj.o(Region$$Table)
    Region$$Table$$Limit                     0x0800a298   Number         0  anon$$obj.o(Region$$Table)
    __stdout                                 0x20000000   Data           4  stdout.o(.data)
    IMU_bias                                 0x20000004   Data          12  imu.o(.data.IMU_bias)
    ADC_Sample_Avg                           0x20000040   Data           4  cyberrypotter.o(.bss.ADC_Sample_Avg)
    Cyberry_Potter_Status                    0x20000044   Data          20  cyberrypotter.o(.bss.Cyberry_Potter_Status)
    IMU_Data_mAcc                            0x2000005c   Data         720  imu.o(.bss.IMU_Data_mAcc)
    IR_RF_Signal                             0x2000032c   Data        1026  cyberrypotter.o(.bss.IR_RF_Signal)
    Module                                   0x20000730   Data          12  cyberrypotter.o(.bss.Module)
    ROM_Address                              0x2000073c   Data           4  main.o(.bss.ROM_Address)
    SIGNAL_Count                             0x20000740   Data           2  module_ir_rf.o(.bss.SIGNAL_Count)
    W25Q64_Buffer                            0x20000746   Data        4096  w25q64.o(.bss.W25Q64_Buffer)
    model                                    0x20001754   Data           4  main.o(.bss.model)
    model_output                             0x20001758   Data           1  main.o(.bss.model_output)
    nnom_memory_taken                        0x20001810   Data           4  nnom.o(.bss.nnom_memory_taken)
    static_buf                               0x200018b8   Data        8192  main.o(.bss.static_buf)
    __initial_sp                             0x20003cb8   Data           0  startup_stm32f10x_md.o(STACK)



==============================================================================

Memory Map of the image

  Image Entry point : 0x080000ed

  Load Region LR_IROM1 (Base: 0x08000000, Size: 0x0000a2d8, Max: 0x00010000, ABSOLUTE)

    Execution Region ER_IROM1 (Exec base: 0x08000000, Load base: 0x08000000, Size: 0x0000a298, Max: 0x00010000, ABSOLUTE)

    Exec Addr    Load Addr    Size         Type   Attr      Idx    E Section Name        Object

    0x08000000   0x08000000   0x000000ec   Data   RO         2439    RESET               startup_stm32f10x_md.o
    0x080000ec   0x080000ec   0x00000000   Code   RO         2462  * .ARM.Collect$$$$00000000  mc_w.l(entry.o)
    0x080000ec   0x080000ec   0x00000004   Code   RO         2781    .ARM.Collect$$$$00000001  mc_w.l(entry2.o)
    0x080000f0   0x080000f0   0x00000004   Code   RO         2784    .ARM.Collect$$$$00000004  mc_w.l(entry5.o)
    0x080000f4   0x080000f4   0x00000000   Code   RO         2786    .ARM.Collect$$$$00000008  mc_w.l(entry7b.o)
    0x080000f4   0x080000f4   0x00000000   Code   RO         2788    .ARM.Collect$$$$0000000A  mc_w.l(entry8b.o)
    0x080000f4   0x080000f4   0x00000008   Code   RO         2789    .ARM.Collect$$$$0000000B  mc_w.l(entry9a.o)
    0x080000fc   0x080000fc   0x00000000   Code   RO         2791    .ARM.Collect$$$$0000000D  mc_w.l(entry10a.o)
    0x080000fc   0x080000fc   0x00000000   Code   RO         2793    .ARM.Collect$$$$0000000F  mc_w.l(entry11a.o)
    0x080000fc   0x080000fc   0x00000004   Code   RO         2782    .ARM.Collect$$$$00002712  mc_w.l(entry2.o)
    0x08000100   0x08000100   0x00000024   Code   RO         2440    .text               startup_stm32f10x_md.o
    0x08000124   0x08000124   0x00000062   Code   RO         2476    .text               mc_w.l(uldiv.o)
    0x08000186   0x08000186   0x00000062   Code   RO         2478    .text               mc_w.l(ldiv.o)
    0x080001e8   0x080001e8   0x00000024   Code   RO         2480    .text               mc_w.l(memcpya.o)
    0x0800020c   0x0800020c   0x00000024   Code   RO         2482    .text               mc_w.l(memseta.o)
    0x08000230   0x08000230   0x0000001a   Code   RO         2484    .text               mc_w.l(memcmp.o)
    0x0800024a   0x0800024a   0x000000b0   Code   RO         2749    .text               mf_w.l(fadd.o)
    0x080002fa   0x080002fa   0x00000064   Code   RO         2751    .text               mf_w.l(fmul.o)
    0x0800035e   0x0800035e   0x0000007c   Code   RO         2753    .text               mf_w.l(fdiv.o)
    0x080003da   0x080003da   0x000000e4   Code   RO         2755    .text               mf_w.l(dmul.o)
    0x080004be   0x080004be   0x000000de   Code   RO         2757    .text               mf_w.l(ddiv.o)
    0x0800059c   0x0800059c   0x0000001c   Code   RO         2759    .text               mf_w.l(fcmple.o)
    0x080005b8   0x080005b8   0x0000001c   Code   RO         2761    .text               mf_w.l(fcmplt.o)
    0x080005d4   0x080005d4   0x0000001c   Code   RO         2763    .text               mf_w.l(fcmpge.o)
    0x080005f0   0x080005f0   0x0000001c   Code   RO         2765    .text               mf_w.l(fcmpeq.o)
    0x0800060c   0x0800060c   0x00000012   Code   RO         2767    .text               mf_w.l(fflti.o)
    0x0800061e   0x0800061e   0x0000000a   Code   RO         2769    .text               mf_w.l(ffltui.o)
    0x08000628   0x08000628   0x00000022   Code   RO         2771    .text               mf_w.l(dflti.o)
    0x0800064a   0x0800064a   0x00000032   Code   RO         2773    .text               mf_w.l(ffixi.o)
    0x0800067c   0x0800067c   0x00000026   Code   RO         2777    .text               mf_w.l(f2d.o)
    0x080006a2   0x080006a2   0x00000038   Code   RO         2779    .text               mf_w.l(d2f.o)
    0x080006da   0x080006da   0x0000002c   Code   RO         2805    .text               mc_w.l(uidiv.o)
    0x08000706   0x08000706   0x0000001e   Code   RO         2807    .text               mc_w.l(llshl.o)
    0x08000724   0x08000724   0x00000020   Code   RO         2809    .text               mc_w.l(llushr.o)
    0x08000744   0x08000744   0x00000000   Code   RO         2811    .text               mc_w.l(iusefp.o)
    0x08000744   0x08000744   0x0000006e   Code   RO         2812    .text               mf_w.l(fepilogue.o)
    0x080007b2   0x080007b2   0x000000ba   Code   RO         2814    .text               mf_w.l(depilogue.o)
    0x0800086c   0x0800086c   0x0000014e   Code   RO         2816    .text               mf_w.l(dadd.o)
    0x080009ba   0x080009ba   0x00000030   Code   RO         2820    .text               mf_w.l(dfixul.o)
    0x080009ea   0x080009ea   0x00000002   PAD
    0x080009ec   0x080009ec   0x00000030   Code   RO         2824    .text               mf_w.l(cdrcmple.o)
    0x08000a1c   0x08000a1c   0x00000030   Code   RO         2826    .text               mc_w.l(init.o)
    0x08000a4c   0x08000a4c   0x00000024   Code   RO         2828    .text               mc_w.l(llsshr.o)
    0x08000a70   0x08000a70   0x00000010   Code   RO         1338    .text.ADC_Cmd       stm32f10x_adc.o
    0x08000a80   0x08000a80   0x00000128   Code   RO          799    .text.ADC_GetAvg    cyberrypotter.o
    0x08000ba8   0x08000ba8   0x00000008   Code   RO         1350    .text.ADC_GetCalibrationStatus  stm32f10x_adc.o
    0x08000bb0   0x08000bb0   0x00000006   Code   RO         1364    .text.ADC_GetConversionValue  stm32f10x_adc.o
    0x08000bb6   0x08000bb6   0x0000000a   Code   RO         1396    .text.ADC_GetFlagStatus  stm32f10x_adc.o
    0x08000bc0   0x08000bc0   0x00000008   Code   RO         1346    .text.ADC_GetResetCalibrationStatus  stm32f10x_adc.o
    0x08000bc8   0x08000bc8   0x0000002a   Code   RO          853    .text.ADC_GetValue  hardware.o
    0x08000bf2   0x08000bf2   0x00000050   Code   RO         1334    .text.ADC_Init      stm32f10x_adc.o
    0x08000c42   0x08000c42   0x00000060   Code   RO         1360    .text.ADC_RegularChannelConfig  stm32f10x_adc.o
    0x08000ca2   0x08000ca2   0x0000000a   Code   RO         1344    .text.ADC_ResetCalibration  stm32f10x_adc.o
    0x08000cac   0x08000cac   0x00000012   Code   RO         1352    .text.ADC_SoftwareStartConvCmd  stm32f10x_adc.o
    0x08000cbe   0x08000cbe   0x0000000a   Code   RO         1348    .text.ADC_StartCalibration  stm32f10x_adc.o
    0x08000cc8   0x08000cc8   0x0000003a   Code   RO          833    .text.Delay_ms      delay.o
    0x08000d02   0x08000d02   0x00000002   PAD
    0x08000d04   0x08000d04   0x00000024   Code   RO          831    .text.Delay_us      delay.o
    0x08000d28   0x08000d28   0x00000032   Code   RO          811    .text.EXTI0_IRQHandler  cyberrypotter.o
    0x08000d5a   0x08000d5a   0x0000007e   Code   RO          809    .text.EXTI9_5_IRQHandler  cyberrypotter.o
    0x08000dd8   0x08000dd8   0x0000000c   Code   RO         1646    .text.EXTI_ClearITPendingBit  stm32f10x_exti.o
    0x08000de4   0x08000de4   0x0000001e   Code   RO         1644    .text.EXTI_GetITStatus  stm32f10x_exti.o
    0x08000e02   0x08000e02   0x00000068   Code   RO         1634    .text.EXTI_Init     stm32f10x_exti.o
    0x08000e6a   0x08000e6a   0x0000001a   Code   RO          851    .text.EXTI_Restore  hardware.o
    0x08000e84   0x08000e84   0x0000001a   Code   RO          849    .text.EXTI_Stop     hardware.o
    0x08000e9e   0x08000e9e   0x0000004e   Code   RO          533    .text.Flatten       nnom_flatten.o
    0x08000eec   0x08000eec   0x00000036   Code   RO         1798    .text.GPIO_EXTILineConfig  stm32f10x_gpio.o
    0x08000f22   0x08000f22   0x00000002   PAD
    0x08000f24   0x08000f24   0x000000b2   Code   RO         1770    .text.GPIO_Init     stm32f10x_gpio.o
    0x08000fd6   0x08000fd6   0x0000000a   Code   RO         1774    .text.GPIO_ReadInputDataBit  stm32f10x_gpio.o
    0x08000fe0   0x08000fe0   0x0000000c   Code   RO         1786    .text.GPIO_WriteBit  stm32f10x_gpio.o
    0x08000fec   0x08000fec   0x000002d8   Code   RO          845    .text.Hardware_Init  hardware.o
    0x080012c4   0x080012c4   0x00000042   Code   RO          863    .text.IIC_Init      iic.o
    0x08001306   0x08001306   0x00000046   Code   RO          873    .text.IIC_Receive_Ack  iic.o
    0x0800134c   0x0800134c   0x00000062   Code   RO          867    .text.IIC_Receive_Byte  iic.o
    0x080013ae   0x080013ae   0x0000003e   Code   RO          879    .text.IIC_Send_Ack  iic.o
    0x080013ec   0x080013ec   0x00000054   Code   RO          865    .text.IIC_Send_Byte  iic.o
    0x08001440   0x08001440   0x0000004e   Code   RO          871    .text.IIC_Start     iic.o
    0x0800148e   0x0800148e   0x0000003e   Code   RO          875    .text.IIC_Stop      iic.o
    0x080014cc   0x080014cc   0x00000060   Code   RO          877    .text.IIC_read      iic.o
    0x0800152c   0x0800152c   0x00000042   Code   RO          869    .text.IIC_write     iic.o
    0x0800156e   0x0800156e   0x000000a6   Code   RO          891    .text.IMU_Get_Data  imu.o
    0x08001614   0x08001614   0x000000d2   Code   RO          807    .text.LED_Blink     cyberrypotter.o
    0x080016e6   0x080016e6   0x000000fa   Code   RO         1008    .text.MPU6050_Init  mpu6050.o
    0x080017e0   0x080017e0   0x000000ae   Code   RO          661    .text.MaxPool       nnom_maxpool.o
    0x0800188e   0x0800188e   0x0000010e   Code   RO         1236    .text.Module0_IR_Init  module0_ir.o
    0x0800199c   0x0800199c   0x00000082   Code   RO         1240    .text.Module0_IR_Transmit  module0_ir.o
    0x08001a1e   0x08001a1e   0x000000e8   Code   RO         1250    .text.Module1_RF433_Init  module1_rf433.o
    0x08001b06   0x08001b06   0x00000002   PAD
    0x08001b08   0x08001b08   0x00000068   Code   RO         1254    .text.Module1_RF433_Transmit  module1_rf433.o
    0x08001b70   0x08001b70   0x000000a4   Code   RO          801    .text.Module_Detect  cyberrypotter.o
    0x08001c14   0x08001c14   0x0000003e   Code   RO         1269    .text.Module_IR_RF_Copy_From_Buffer  module_ir_rf.o
    0x08001c52   0x08001c52   0x0000001c   Code   RO         1265    .text.Module_IR_RF_Init  module_ir_rf.o
    0x08001c6e   0x08001c6e   0x00000002   PAD
    0x08001c70   0x08001c70   0x000000b4   Code   RO         1283    .text.Module_IR_RF_Print  module_ir_rf.o
    0x08001d24   0x08001d24   0x00000034   Code   RO         1277    .text.Module_IR_RF_Record_Duration  module_ir_rf.o
    0x08001d58   0x08001d58   0x00000088   Code   RO         1267    .text.Module_IR_RF_Transmit  module_ir_rf.o
    0x08001de0   0x08001de0   0x00000026   Code   RO         1275    .text.Module_IR_RF_receiver_start  module_ir_rf.o
    0x08001e06   0x08001e06   0x00000040   Code   RO         1279    .text.Module_IR_RF_receiver_stop  module_ir_rf.o
    0x08001e46   0x08001e46   0x0000005e   Code   RO         1316    .text.NVIC_Init     misc.o
    0x08001ea4   0x08001ea4   0x00000014   Code   RO         1314    .text.NVIC_PriorityGroupConfig  misc.o
    0x08001eb8   0x08001eb8   0x00000014   Code   RO         1960    .text.RCC_ADCCLKConfig  stm32f10x_rcc.o
    0x08001ecc   0x08001ecc   0x00000018   Code   RO         1976    .text.RCC_APB1PeriphClockCmd  stm32f10x_rcc.o
    0x08001ee4   0x08001ee4   0x00000018   Code   RO         1974    .text.RCC_APB2PeriphClockCmd  stm32f10x_rcc.o
    0x08001efc   0x08001efc   0x0000008c   Code   RO         1970    .text.RCC_GetClocksFreq  stm32f10x_rcc.o
    0x08001f88   0x08001f88   0x00000036   Code   RO         1024    .text.SPI2_SwapByte  w25q64.o
    0x08001fbe   0x08001fbe   0x00000014   Code   RO         2118    .text.SPI_Cmd       stm32f10x_spi.o
    0x08001fd2   0x08001fd2   0x0000000a   Code   RO         2146    .text.SPI_I2S_GetFlagStatus  stm32f10x_spi.o
    0x08001fdc   0x08001fdc   0x00000004   Code   RO         2128    .text.SPI_I2S_ReceiveData  stm32f10x_spi.o
    0x08001fe0   0x08001fe0   0x00000004   Code   RO         2126    .text.SPI_I2S_SendData  stm32f10x_spi.o
    0x08001fe4   0x08001fe4   0x00000046   Code   RO         2110    .text.SPI_Init      stm32f10x_spi.o
    0x0800202a   0x0800202a   0x0000004c   Code   RO          737    .text.Softmax       nnom_softmax.o
    0x08002076   0x08002076   0x00000002   PAD
    0x08002078   0x08002078   0x000000f8   Code   RO         2447    .text.SystemInit    system_stm32f10x.o
    0x08002170   0x08002170   0x00000074   Code   RO          805    .text.System_Init   cyberrypotter.o
    0x080021e4   0x080021e4   0x00000032   Code   RO         1285    .text.TIM2_IRQHandler  module_ir_rf.o
    0x08002216   0x08002216   0x00000002   PAD
    0x08002218   0x08002218   0x00000134   Code   RO          813    .text.TIM4_IRQHandler  cyberrypotter.o
    0x0800234c   0x0800234c   0x00000006   Code   RO         2334    .text.TIM_ClearFlag  stm32f10x_tim.o
    0x08002352   0x08002352   0x00000006   Code   RO         2338    .text.TIM_ClearITPendingBit  stm32f10x_tim.o
    0x08002358   0x08002358   0x00000012   Code   RO         2200    .text.TIM_Cmd       stm32f10x_tim.o
    0x0800236a   0x0800236a   0x00000004   Code   RO         2328    .text.TIM_GetCounter  stm32f10x_tim.o
    0x0800236e   0x0800236e   0x00000018   Code   RO         2336    .text.TIM_GetITStatus  stm32f10x_tim.o
    0x08002386   0x08002386   0x00000010   Code   RO         2204    .text.TIM_ITConfig  stm32f10x_tim.o
    0x08002396   0x08002396   0x00000070   Code   RO         2166    .text.TIM_OC1Init   stm32f10x_tim.o
    0x08002406   0x08002406   0x0000000c   Code   RO         2194    .text.TIM_OCStructInit  stm32f10x_tim.o
    0x08002412   0x08002412   0x00000004   Code   RO         2310    .text.TIM_SetCompare1  stm32f10x_tim.o
    0x08002416   0x08002416   0x00000004   Code   RO         2306    .text.TIM_SetCounter  stm32f10x_tim.o
    0x0800241a   0x0800241a   0x000000a6   Code   RO         2164    .text.TIM_TimeBaseInit  stm32f10x_tim.o
    0x080024c0   0x080024c0   0x00000014   Code   RO         2358    .text.USART_Cmd     stm32f10x_usart.o
    0x080024d4   0x080024d4   0x0000002e   Code   RO         2360    .text.USART_ITConfig  stm32f10x_usart.o
    0x08002502   0x08002502   0x000000b6   Code   RO         2350    .text.USART_Init    stm32f10x_usart.o
    0x080025b8   0x080025b8   0x00000082   Code   RO         1038    .text.W25Q64_Read_Sector  w25q64.o
    0x0800263a   0x0800263a   0x00000002   PAD
    0x0800263c   0x0800263c   0x00000024   Code   RO         1010    .text.__NVIC_SystemReset  mpu6050.o
    0x08002660   0x08002660   0x0000000e   Code   RO          385    .text.act_get_dec_bit  nnom_activation.o
    0x0800266e   0x0800266e   0x0000001a   Code   RO          345    .text.act_relu      nnom_activation.o
    0x08002688   0x08002688   0x000000b8   Code   RO          232    .text.check_model_version  nnom.o
    0x08002740   0x08002740   0x00000538   Code   RO          206    .text.compile_layers  nnom.o
    0x08002c78   0x08002c78   0x00000104   Code   RO          447    .text.conv2d_build  nnom_conv2d.o
    0x08002d7c   0x08002d7c   0x00000018   Code   RO          449    .text.conv2d_free   nnom_conv2d.o
    0x08002d94   0x08002d94   0x000000fc   Code   RO          445    .text.conv2d_run    nnom_conv2d.o
    0x08002e90   0x08002e90   0x00000152   Code   RO          443    .text.conv2d_s      nnom_conv2d.o
    0x08002fe2   0x08002fe2   0x00000046   Code   RO          417    .text.default_build  nnom_baselayer.o
    0x08003028   0x08003028   0x0000000a   Code   RO          282    .text.delete_tensor  nnom_tensor.o
    0x08003032   0x08003032   0x000000d0   Code   RO          501    .text.dense_build   nnom_dense.o
    0x08003102   0x08003102   0x00000018   Code   RO          503    .text.dense_free    nnom_dense.o
    0x0800311a   0x0800311a   0x0000005a   Code   RO          499    .text.dense_run     nnom_dense.o
    0x08003174   0x08003174   0x0000007c   Code   RO          497    .text.dense_s       nnom_dense.o
    0x080031f0   0x080031f0   0x0000000a   Code   RO          258    .text.dilation      nnom_layers.o
    0x080031fa   0x080031fa   0x00000294   Code   RO         1197    .text.dmp_enable_feature  inv_mpu_dmp_motion_driver.o
    0x0800348e   0x0800348e   0x00000016   Code   RO         1161    .text.dmp_load_motion_driver_firmware  inv_mpu_dmp_motion_driver.o
    0x080034a4   0x080034a4   0x000000c0   Code   RO         1167    .text.dmp_set_accel_bias  inv_mpu_dmp_motion_driver.o
    0x08003564   0x08003564   0x0000006c   Code   RO         1169    .text.dmp_set_fifo_rate  inv_mpu_dmp_motion_driver.o
    0x080035d0   0x080035d0   0x000000dc   Code   RO         1165    .text.dmp_set_gyro_bias  inv_mpu_dmp_motion_driver.o
    0x080036ac   0x080036ac   0x000000e0   Code   RO         1163    .text.dmp_set_orientation  inv_mpu_dmp_motion_driver.o
    0x0800378c   0x0800378c   0x00000124   Code   RO         1173    .text.dmp_set_tap_thresh  inv_mpu_dmp_motion_driver.o
    0x080038b0   0x080038b0   0x00000054   Code   RO          537    .text.flatten_build  nnom_flatten.o
    0x08003904   0x08003904   0x00000004   Code   RO          535    .text.flatten_run   nnom_flatten.o
    0x08003908   0x08003908   0x0000000e   Code   RO          531    .text.flatten_s     nnom_flatten.o
    0x08003916   0x08003916   0x00000002   PAD
    0x08003918   0x08003918   0x00000012   Code   RO          847    .text.fputc         hardware.o
    0x0800392a   0x0800392a   0x00000326   Code   RO         1131    .text.get_st_biases  inv_mpu.o
    0x08003c50   0x08003c50   0x00000028   Code   RO          589    .text.input_build   nnom_input.o
    0x08003c78   0x08003c78   0x0000001e   Code   RO          587    .text.input_run     nnom_input.o
    0x08003c96   0x08003c96   0x000000d8   Code   RO          585    .text.input_s       nnom_input.o
    0x08003d6e   0x08003d6e   0x00000008   Code   RO          262    .text.io_init       nnom_layers.o
    0x08003d76   0x08003d76   0x0000000a   Code   RO          254    .text.kernel        nnom_layers.o
    0x08003d80   0x08003d80   0x0000023e   Code   RO          106    .text.local_convolve_HWC_q15_nonsquare  nnom_local_q15.o
    0x08003fbe   0x08003fbe   0x00000002   PAD
    0x08003fc0   0x08003fc0   0x0000020a   Code   RO           18    .text.local_convolve_HWC_q7_nonsquare  nnom_local.o
    0x080041ca   0x080041ca   0x00000002   PAD
    0x080041cc   0x080041cc   0x00000200   Code   RO           42    .text.local_fully_connected_q7_opt  nnom_local.o
    0x080043cc   0x080043cc   0x000000fc   Code   RO            6    .text.local_maxpool_q7_HWC  nnom_local.o
    0x080044c8   0x080044c8   0x0000001a   Code   RO          140    .text.local_relu_q15  nnom_local_q15.o
    0x080044e2   0x080044e2   0x00000002   PAD
    0x080044e4   0x080044e4   0x0000001a   Code   RO           56    .text.local_relu_q7  nnom_local.o
    0x080044fe   0x080044fe   0x00000002   PAD
    0x08004500   0x08004500   0x0000009c   Code   RO           46    .text.local_softmax_q7  nnom_local.o
    0x0800459c   0x0800459c   0x00000160   Code   RO          911    .text.main          main.o
    0x080046fc   0x080046fc   0x0000009c   Code   RO          665    .text.maxpool_build  nnom_maxpool.o
    0x08004798   0x08004798   0x0000006c   Code   RO          663    .text.maxpool_run   nnom_maxpool.o
    0x08004804   0x08004804   0x00000072   Code   RO          659    .text.maxpool_s     nnom_maxpool.o
    0x08004876   0x08004876   0x00000002   PAD
    0x08004878   0x08004878   0x00000094   Code   RO          210    .text.mem_analysis_result  nnom.o
    0x0800490c   0x0800490c   0x00000008   Code   RO          198    .text.model_active  nnom.o
    0x08004914   0x08004914   0x00000036   Code   RO          190    .text.model_add     nnom.o
    0x0800494a   0x0800494a   0x00000002   PAD
    0x0800494c   0x0800494c   0x000001b4   Code   RO          218    .text.model_compile  nnom.o
    0x08004b00   0x08004b00   0x0000009a   Code   RO          192    .text.model_hook    nnom.o
    0x08004b9a   0x08004b9a   0x0000000a   Code   RO          194    .text.model_merge   nnom.o
    0x08004ba4   0x08004ba4   0x00000036   Code   RO          196    .text.model_mergex  nnom.o
    0x08004bda   0x08004bda   0x00000054   Code   RO         1067    .text.mpu_configure_fifo  inv_mpu.o
    0x08004c2e   0x08004c2e   0x00000036   Code   RO         1099    .text.mpu_get_accel_fsr  inv_mpu.o
    0x08004c64   0x08004c64   0x00000040   Code   RO         1111    .text.mpu_get_accel_sens  inv_mpu.o
    0x08004ca4   0x08004ca4   0x00000042   Code   RO         1109    .text.mpu_get_gyro_sens  inv_mpu.o
    0x08004ce6   0x08004ce6   0x000000c2   Code   RO         1057    .text.mpu_init      inv_mpu.o
    0x08004da8   0x08004da8   0x000000ba   Code   RO         1137    .text.mpu_load_firmware  inv_mpu.o
    0x08004e62   0x08004e62   0x000000ae   Code   RO         1073    .text.mpu_lp_accel_mode  inv_mpu.o
    0x08004f10   0x08004f10   0x00000062   Code   RO         1135    .text.mpu_read_mem  inv_mpu.o
    0x08004f72   0x08004f72   0x00000174   Code   RO         1095    .text.mpu_reset_fifo  inv_mpu.o
    0x080050e6   0x080050e6   0x00000002   PAD
    0x080050e8   0x080050e8   0x0000035a   Code   RO         1127    .text.mpu_run_self_test  inv_mpu.o
    0x08005442   0x08005442   0x00000002   PAD
    0x08005444   0x08005444   0x0000007c   Code   RO         1061    .text.mpu_set_accel_fsr  inv_mpu.o
    0x080054c0   0x080054c0   0x000000e8   Code   RO         1069    .text.mpu_set_bypass  inv_mpu.o
    0x080055a8   0x080055a8   0x00000084   Code   RO         1129    .text.mpu_set_dmp_state  inv_mpu.o
    0x0800562c   0x0800562c   0x00000084   Code   RO         1059    .text.mpu_set_gyro_fsr  inv_mpu.o
    0x080056b0   0x080056b0   0x0000005e   Code   RO         1075    .text.mpu_set_int_latched  inv_mpu.o
    0x0800570e   0x0800570e   0x00000068   Code   RO         1063    .text.mpu_set_lpf   inv_mpu.o
    0x08005776   0x08005776   0x00000084   Code   RO         1065    .text.mpu_set_sample_rate  inv_mpu.o
    0x080057fa   0x080057fa   0x000000a0   Code   RO         1071    .text.mpu_set_sensors  inv_mpu.o
    0x0800589a   0x0800589a   0x00000062   Code   RO         1133    .text.mpu_write_mem  inv_mpu.o
    0x080058fc   0x080058fc   0x0000006c   Code   RO          188    .text.new_model     nnom.o
    0x08005968   0x08005968   0x00000094   Code   RO          280    .text.new_tensor    nnom_tensor.o
    0x080059fc   0x080059fc   0x00000012   Code   RO          180    .text.nnom_alignto  nnom.o
    0x08005a0e   0x08005a0e   0x00000002   Code   RO          182    .text.nnom_free     nnom.o
    0x08005a10   0x08005a10   0x0000005a   Code   RO          178    .text.nnom_malloc   nnom.o
    0x08005a6a   0x08005a6a   0x00000032   Code   RO          184    .text.nnom_mem      nnom.o
    0x08005a9c   0x08005a9c   0x00000022   Code   RO          176    .text.nnom_set_static_buf  nnom.o
    0x08005abe   0x08005abe   0x00000020   Code   RO          677    .text.output_run    nnom_output.o
    0x08005ade   0x08005ade   0x00000032   Code   RO          675    .text.output_s      nnom_output.o
    0x08005b10   0x08005b10   0x00000058   Code   RO          208    .text.print_memory_block_info  nnom.o
    0x08005b68   0x08005b68   0x00000022   Code   RO          367    .text.relu_run      nnom_activation.o
    0x08005b8a   0x08005b8a   0x00000050   Code   RO         1115    .text.set_int_enable  inv_mpu.o
    0x08005bda   0x08005bda   0x00000002   PAD
    0x08005bdc   0x08005bdc   0x0000002e   Code   RO          216    .text.set_tailed_activation  nnom.o
    0x08005c0a   0x08005c0a   0x00000008   Code   RO          252    .text.shape         nnom_layers.o
    0x08005c12   0x08005c12   0x00000036   Code   RO          741    .text.softmax_build  nnom_softmax.o
    0x08005c48   0x08005c48   0x00000024   Code   RO          739    .text.softmax_run   nnom_softmax.o
    0x08005c6c   0x08005c6c   0x0000000e   Code   RO          735    .text.softmax_s     nnom_softmax.o
    0x08005c7a   0x08005c7a   0x0000000a   Code   RO          256    .text.stride        nnom_layers.o
    0x08005c84   0x08005c84   0x00000058   Code   RO          288    .text.tensor_cpy_attr  nnom_tensor.o
    0x08005cdc   0x08005cdc   0x0000000e   Code   RO          278    .text.tensor_get_num_channel  nnom_tensor.o
    0x08005cea   0x08005cea   0x00000002   PAD
    0x08005cec   0x08005cec   0x00000030   Code   RO          214    .text.tensor_mem_set  nnom.o
    0x08005d1c   0x08005d1c   0x00000050   Code   RO          286    .text.tensor_set_attr  nnom_tensor.o
    0x08005d6c   0x08005d6c   0x0000002a   Code   RO          284    .text.tensor_set_attr_v  nnom_tensor.o
    0x08005d96   0x08005d96   0x00000002   PAD
    0x08005d98   0x08005d98   0x00000026   Code   RO          274    .text.tensor_size   nnom_tensor.o
    0x08005dbe   0x08005dbe   0x00000002   PAD
    0x08005dc0   0x08005dc0   0x00000020   Code   RO         2721    i.__0printf         mc_w.l(printfa.o)
    0x08005de0   0x08005de0   0x0000000e   Code   RO         2832    i.__scatterload_copy  mc_w.l(handlers.o)
    0x08005dee   0x08005dee   0x00000002   Code   RO         2833    i.__scatterload_null  mc_w.l(handlers.o)
    0x08005df0   0x08005df0   0x0000000e   Code   RO         2834    i.__scatterload_zeroinit  mc_w.l(handlers.o)
    0x08005dfe   0x08005dfe   0x00000002   PAD
    0x08005e00   0x08005e00   0x00000184   Code   RO         2728    i._fp_digits        mc_w.l(printfa.o)
    0x08005f84   0x08005f84   0x000006dc   Code   RO         2729    i._printf_core      mc_w.l(printfa.o)
    0x08006660   0x08006660   0x00000024   Code   RO         2730    i._printf_post_padding  mc_w.l(printfa.o)
    0x08006684   0x08006684   0x0000002e   Code   RO         2731    i._printf_pre_padding  mc_w.l(printfa.o)
    0x080066b2   0x080066b2   0x00000002   PAD
    0x080066b4   0x080066b4   0x0000000c   Code   RO         2469    i.putchar           mc_w.l(putchar.o)
    0x080066c0   0x080066c0   0x00000024   Code   RO         2467    i.puts              mc_w.l(puts.o)
    0x080066e4   0x080066e4   0x00000009   Data   RO         1226    .rodata..L__const.dmp_enable_gyro_cal.regs  inv_mpu_dmp_motion_driver.o
    0x080066ed   0x080066ed   0x00000003   PAD
    0x080066f0   0x080066f0   0x00000009   Data   RO         1227    .rodata..L__const.dmp_enable_gyro_cal.regs.1  inv_mpu_dmp_motion_driver.o
    0x080066f9   0x080066f9   0x00000003   Data   RO         1217    .rodata..L__const.dmp_set_orientation.accel_axes  inv_mpu_dmp_motion_driver.o
    0x080066fc   0x080066fc   0x00000003   Data   RO         1216    .rodata..L__const.dmp_set_orientation.gyro_axes  inv_mpu_dmp_motion_driver.o
    0x080066ff   0x080066ff   0x00000001   PAD
    0x08006700   0x08006700   0x0000000c   Data   RO         1152    .rodata..Lswitch.table.mpu_lp_motion_interrupt.3  inv_mpu.o
    0x0800670c   0x0800670c   0x00000004   Data   RO         1995    .rodata.ADCPrescTable  stm32f10x_rcc.o
    0x08006710   0x08006710   0x00000010   Data   RO         1994    .rodata.APBAHBPrescTable  stm32f10x_rcc.o
    0x08006720   0x08006720   0x00000004   Data   RO          944    .rodata.conv1d_1_bias_shift  main.o
    0x08006724   0x08006724   0x00000028   Data   RO          945    .rodata.conv1d_1_config  main.o
    0x0800674c   0x0800674c   0x00000004   Data   RO          943    .rodata.conv1d_1_output_shift  main.o
    0x08006750   0x08006750   0x00000004   Data   RO          957    .rodata.conv1d_2_bias_shift  main.o
    0x08006754   0x08006754   0x00000028   Data   RO          958    .rodata.conv1d_2_config  main.o
    0x0800677c   0x0800677c   0x00000004   Data   RO          956    .rodata.conv1d_2_output_shift  main.o
    0x08006780   0x08006780   0x00000004   Data   RO          970    .rodata.conv1d_3_bias_shift  main.o
    0x08006784   0x08006784   0x00000028   Data   RO          971    .rodata.conv1d_3_config  main.o
    0x080067ac   0x080067ac   0x00000004   Data   RO          969    .rodata.conv1d_3_output_shift  main.o
    0x080067b0   0x080067b0   0x00000004   Data   RO          931    .rodata.conv1d_bias_shift  main.o
    0x080067b4   0x080067b4   0x00000028   Data   RO          932    .rodata.conv1d_config  main.o
    0x080067dc   0x080067dc   0x00000004   Data   RO          930    .rodata.conv1d_output_shift  main.o
    0x080067e0   0x080067e0   0x00000008   Data   RO         1151    .rodata.cst8        inv_mpu.o
    0x080067e8   0x080067e8   0x00000040   Data   RO          235    .rodata.default_activation_names  nnom.o
    0x08006828   0x08006828   0x00000020   Data   RO          236    .rodata.default_cell_names  nnom.o
    0x08006848   0x08006848   0x0000018c   Data   RO          234    .rodata.default_layer_names  nnom.o
    0x080069d4   0x080069d4   0x00000004   Data   RO          985    .rodata.dense_bias_shift  main.o
    0x080069d8   0x080069d8   0x00000018   Data   RO          986    .rodata.dense_config  main.o
    0x080069f0   0x080069f0   0x00000004   Data   RO          984    .rodata.dense_output_shift  main.o
    0x080069f4   0x080069f4   0x00000bf6   Data   RO         1215    .rodata.dmp_memory  inv_mpu_dmp_motion_driver.o
    0x080075ea   0x080075ea   0x00000002   PAD
    0x080075ec   0x080075ec   0x00000004   Data   RO          973    .rodata.flatten_config  main.o
    0x080075f0   0x080075f0   0x0000000c   Data   RO         1148    .rodata.hw          inv_mpu.o
    0x080075fc   0x080075fc   0x00000008   Data   RO          919    .rodata.input_1_config  main.o
    0x08007604   0x08007604   0x00000010   Data   RO          972    .rodata.max_pooling1d_config  main.o
    0x08007614   0x08007614   0x00000008   Data   RO          993    .rodata.output0_config  main.o
    0x0800761c   0x0800761c   0x0000001e   Data   RO         1147    .rodata.reg         inv_mpu.o
    0x0800763a   0x0800763a   0x00000002   PAD
    0x0800763c   0x0800763c   0x00000004   Data   RO          987    .rodata.softmax_config  main.o
    0x08007640   0x08007640   0x00000324   Data   RO          241    .rodata.str1.1      nnom.o
    0x08007964   0x08007964   0x000000cd   Data   RO          918    .rodata.str1.1      main.o
    0x08007a31   0x08007a31   0x00000003   PAD
    0x08007a34   0x08007a34   0x00000018   Data   RO          942    .rodata.tensor_conv1d_1_bias_0  main.o
    0x08007a4c   0x08007a4c   0x0000000c   Data   RO          938    .rodata.tensor_conv1d_1_bias_0_data  main.o
    0x08007a58   0x08007a58   0x00000004   Data   RO          940    .rodata.tensor_conv1d_1_bias_0_dec  main.o
    0x08007a5c   0x08007a5c   0x00000002   Data   RO          939    .rodata.tensor_conv1d_1_bias_0_dim  main.o
    0x08007a5e   0x08007a5e   0x00000002   PAD
    0x08007a60   0x08007a60   0x00000004   Data   RO          941    .rodata.tensor_conv1d_1_bias_0_offset  main.o
    0x08007a64   0x08007a64   0x00000018   Data   RO          937    .rodata.tensor_conv1d_1_kernel_0  main.o
    0x08007a7c   0x08007a7c   0x00000360   Data   RO          933    .rodata.tensor_conv1d_1_kernel_0_data  main.o
    0x08007ddc   0x08007ddc   0x00000004   Data   RO          935    .rodata.tensor_conv1d_1_kernel_0_dec  main.o
    0x08007de0   0x08007de0   0x00000006   Data   RO          934    .rodata.tensor_conv1d_1_kernel_0_dim  main.o
    0x08007de6   0x08007de6   0x00000002   PAD
    0x08007de8   0x08007de8   0x00000004   Data   RO          936    .rodata.tensor_conv1d_1_kernel_0_offset  main.o
    0x08007dec   0x08007dec   0x00000018   Data   RO          955    .rodata.tensor_conv1d_2_bias_0  main.o
    0x08007e04   0x08007e04   0x0000000c   Data   RO          951    .rodata.tensor_conv1d_2_bias_0_data  main.o
    0x08007e10   0x08007e10   0x00000004   Data   RO          953    .rodata.tensor_conv1d_2_bias_0_dec  main.o
    0x08007e14   0x08007e14   0x00000002   Data   RO          952    .rodata.tensor_conv1d_2_bias_0_dim  main.o
    0x08007e16   0x08007e16   0x00000002   PAD
    0x08007e18   0x08007e18   0x00000004   Data   RO          954    .rodata.tensor_conv1d_2_bias_0_offset  main.o
    0x08007e1c   0x08007e1c   0x00000018   Data   RO          950    .rodata.tensor_conv1d_2_kernel_0  main.o
    0x08007e34   0x08007e34   0x000001b0   Data   RO          946    .rodata.tensor_conv1d_2_kernel_0_data  main.o
    0x08007fe4   0x08007fe4   0x00000004   Data   RO          948    .rodata.tensor_conv1d_2_kernel_0_dec  main.o
    0x08007fe8   0x08007fe8   0x00000006   Data   RO          947    .rodata.tensor_conv1d_2_kernel_0_dim  main.o
    0x08007fee   0x08007fee   0x00000002   PAD
    0x08007ff0   0x08007ff0   0x00000004   Data   RO          949    .rodata.tensor_conv1d_2_kernel_0_offset  main.o
    0x08007ff4   0x08007ff4   0x00000018   Data   RO          968    .rodata.tensor_conv1d_3_bias_0  main.o
    0x0800800c   0x0800800c   0x0000000c   Data   RO          964    .rodata.tensor_conv1d_3_bias_0_data  main.o
    0x08008018   0x08008018   0x00000004   Data   RO          966    .rodata.tensor_conv1d_3_bias_0_dec  main.o
    0x0800801c   0x0800801c   0x00000002   Data   RO          965    .rodata.tensor_conv1d_3_bias_0_dim  main.o
    0x0800801e   0x0800801e   0x00000002   PAD
    0x08008020   0x08008020   0x00000004   Data   RO          967    .rodata.tensor_conv1d_3_bias_0_offset  main.o
    0x08008024   0x08008024   0x00000018   Data   RO          963    .rodata.tensor_conv1d_3_kernel_0  main.o
    0x0800803c   0x0800803c   0x000001b0   Data   RO          959    .rodata.tensor_conv1d_3_kernel_0_data  main.o
    0x080081ec   0x080081ec   0x00000004   Data   RO          961    .rodata.tensor_conv1d_3_kernel_0_dec  main.o
    0x080081f0   0x080081f0   0x00000006   Data   RO          960    .rodata.tensor_conv1d_3_kernel_0_dim  main.o
    0x080081f6   0x080081f6   0x00000002   PAD
    0x080081f8   0x080081f8   0x00000004   Data   RO          962    .rodata.tensor_conv1d_3_kernel_0_offset  main.o
    0x080081fc   0x080081fc   0x00000018   Data   RO          929    .rodata.tensor_conv1d_bias_0  main.o
    0x08008214   0x08008214   0x00000018   Data   RO          925    .rodata.tensor_conv1d_bias_0_data  main.o
    0x0800822c   0x0800822c   0x00000004   Data   RO          927    .rodata.tensor_conv1d_bias_0_dec  main.o
    0x08008230   0x08008230   0x00000002   Data   RO          926    .rodata.tensor_conv1d_bias_0_dim  main.o
    0x08008232   0x08008232   0x00000002   PAD
    0x08008234   0x08008234   0x00000004   Data   RO          928    .rodata.tensor_conv1d_bias_0_offset  main.o
    0x08008238   0x08008238   0x00000018   Data   RO          924    .rodata.tensor_conv1d_kernel_0  main.o
    0x08008250   0x08008250   0x000000d8   Data   RO          920    .rodata.tensor_conv1d_kernel_0_data  main.o
    0x08008328   0x08008328   0x00000004   Data   RO          922    .rodata.tensor_conv1d_kernel_0_dec  main.o
    0x0800832c   0x0800832c   0x00000006   Data   RO          921    .rodata.tensor_conv1d_kernel_0_dim  main.o
    0x08008332   0x08008332   0x00000002   PAD
    0x08008334   0x08008334   0x00000004   Data   RO          923    .rodata.tensor_conv1d_kernel_0_offset  main.o
    0x08008338   0x08008338   0x00000018   Data   RO          983    .rodata.tensor_dense_bias_0  main.o
    0x08008350   0x08008350   0x0000000d   Data   RO          979    .rodata.tensor_dense_bias_0_data  main.o
    0x0800835d   0x0800835d   0x00000003   PAD
    0x08008360   0x08008360   0x00000004   Data   RO          981    .rodata.tensor_dense_bias_0_dec  main.o
    0x08008364   0x08008364   0x00000002   Data   RO          980    .rodata.tensor_dense_bias_0_dim  main.o
    0x08008366   0x08008366   0x00000002   PAD
    0x08008368   0x08008368   0x00000004   Data   RO          982    .rodata.tensor_dense_bias_0_offset  main.o
    0x0800836c   0x0800836c   0x00000018   Data   RO          978    .rodata.tensor_dense_kernel_0  main.o
    0x08008384   0x08008384   0x00001e78   Data   RO          974    .rodata.tensor_dense_kernel_0_data  main.o
    0x0800a1fc   0x0800a1fc   0x00000004   Data   RO          976    .rodata.tensor_dense_kernel_0_dec  main.o
    0x0800a200   0x0800a200   0x00000004   Data   RO          975    .rodata.tensor_dense_kernel_0_dim  main.o
    0x0800a204   0x0800a204   0x00000004   Data   RO          977    .rodata.tensor_dense_kernel_0_offset  main.o
    0x0800a208   0x0800a208   0x00000018   Data   RO          917    .rodata.tensor_input_1  main.o
    0x0800a220   0x0800a220   0x00000004   Data   RO          914    .rodata.tensor_input_1_dec  main.o
    0x0800a224   0x0800a224   0x00000004   Data   RO          913    .rodata.tensor_input_1_dim  main.o
    0x0800a228   0x0800a228   0x00000004   Data   RO          915    .rodata.tensor_input_1_offset  main.o
    0x0800a22c   0x0800a22c   0x00000018   Data   RO          992    .rodata.tensor_output0  main.o
    0x0800a244   0x0800a244   0x00000004   Data   RO          989    .rodata.tensor_output0_dec  main.o
    0x0800a248   0x0800a248   0x00000002   Data   RO          988    .rodata.tensor_output0_dim  main.o
    0x0800a24a   0x0800a24a   0x00000002   PAD
    0x0800a24c   0x0800a24c   0x00000004   Data   RO          990    .rodata.tensor_output0_offset  main.o
    0x0800a250   0x0800a250   0x00000028   Data   RO         1149    .rodata.test        inv_mpu.o
    0x0800a278   0x0800a278   0x00000020   Data   RO         2831    Region$$Table       anon$$obj.o


    Execution Region RW_IRAM1 (Exec base: 0x20000000, Load base: 0x0800a298, Size: 0x00003cb8, Max: 0x00005000, ABSOLUTE)

    Exec Addr    Load Addr    Size         Type   Attr      Idx    E Section Name        Object

    0x20000000   0x0800a298   0x00000004   Data   RW         2795    .data               mc_w.l(stdout.o)
    0x20000004   0x0800a29c   0x0000000c   Data   RW          893    .data.IMU_bias      imu.o
    0x20000010   0x0800a2a8   0x00000001   Data   RW          821    .data.TIM4_IRQHandler.previous_stuatus  cyberrypotter.o
    0x20000011   0x0800a2a9   0x00000003   PAD
    0x20000014   0x0800a2ac   0x0000002c   Data   RW         1150    .data.st            inv_mpu.o
    0x20000040        -       0x00000004   Zero   RW          815    .bss.ADC_Sample_Avg  cyberrypotter.o
    0x20000044        -       0x00000014   Zero   RW          817    .bss.Cyberry_Potter_Status  cyberrypotter.o
    0x20000058        -       0x00000001   Zero   RW          818    .bss.EXTI9_5_IRQHandler.i  cyberrypotter.o
    0x20000059   0x0800a2d8   0x00000003   PAD
    0x2000005c        -       0x000002d0   Zero   RW          894    .bss.IMU_Data_mAcc  imu.o
    0x2000032c        -       0x00000402   Zero   RW          822    .bss.IR_RF_Signal   cyberrypotter.o
    0x2000072e   0x0800a2d8   0x00000002   PAD
    0x20000730        -       0x0000000c   Zero   RW          816    .bss.Module         cyberrypotter.o
    0x2000073c        -       0x00000004   Zero   RW          997    .bss.ROM_Address    main.o
    0x20000740        -       0x00000002   Zero   RW         1287    .bss.SIGNAL_Count   module_ir_rf.o
    0x20000742        -       0x00000002   Zero   RW          820    .bss.TIM4_IRQHandler.time_hold_count_ms  cyberrypotter.o
    0x20000744        -       0x00000002   Zero   RW          819    .bss.TIM4_IRQHandler.time_release_count_ms  cyberrypotter.o
    0x20000746        -       0x00001000   Zero   RW         1042    .bss.W25Q64_Buffer  w25q64.o
    0x20001746   0x0800a2d8   0x00000002   PAD
    0x20001748        -       0x00000002   Zero   RW         1222    .bss.dmp.2          inv_mpu_dmp_motion_driver.o
    0x2000174a   0x0800a2d8   0x00000002   PAD
    0x2000174c        -       0x00000002   Zero   RW         1223    .bss.dmp.3          inv_mpu_dmp_motion_driver.o
    0x2000174e   0x0800a2d8   0x00000002   PAD
    0x20001750        -       0x00000002   Zero   RW         1224    .bss.dmp.4          inv_mpu_dmp_motion_driver.o
    0x20001752        -       0x00000001   Zero   RW         1225    .bss.dmp.5          inv_mpu_dmp_motion_driver.o
    0x20001753   0x0800a2d8   0x00000001   PAD
    0x20001754        -       0x00000004   Zero   RW          995    .bss.model          main.o
    0x20001758        -       0x00000001   Zero   RW          994    .bss.model_output   main.o
    0x20001759        -       0x000000b4   Zero   RW          916    .bss.nnom_input_data  main.o
    0x2000180d   0x0800a2d8   0x00000003   PAD
    0x20001810        -       0x00000004   Zero   RW          237    .bss.nnom_memory_taken  nnom.o
    0x20001814        -       0x00000088   Zero   RW          998    .bss.nnom_model_create.model  main.o
    0x2000189c        -       0x0000000d   Zero   RW          991    .bss.nnom_output_data  main.o
    0x200018a9   0x0800a2d8   0x00000003   PAD
    0x200018ac        -       0x00000004   Zero   RW          238    .bss.nnom_static_buf  nnom.o
    0x200018b0        -       0x00000004   Zero   RW          240    .bss.nnom_static_buf_curr  nnom.o
    0x200018b4        -       0x00000004   Zero   RW          239    .bss.nnom_static_buf_size  nnom.o
    0x200018b8        -       0x00002000   Zero   RW          996    .bss.static_buf     main.o
    0x200038b8        -       0x00000400   Zero   RW         2437    STACK               startup_stm32f10x_md.o


==============================================================================

Image component sizes


      Code (inc. data)   RO Data    RW Data    ZI Data      Debug   Object Name

      1270        120          0          1       1067       6848   cyberrypotter.o
        94          0          0          0          0       1599   delay.o
       840          0          0          0          0       8060   hardware.o
       682          0          0          0          0       4638   iic.o
       166          0          0         12        720       2267   imu.o
      4244         28        102         44          0      23305   inv_mpu.o
      1718         20       3086          0          7      11036   inv_mpu_dmp_motion_driver.o
       352          0      10714          0       8530      12190   main.o
       114          0          0          0          0       3761   misc.o
       400          0          0          0          0       5547   module0_ir.o
       336          0          0          0          0       5609   module1_rf433.o
       610         88          0          0          2       5321   module_ir_rf.o
       286          0          0          0          0       2523   mpu6050.o
      2868        452       1296          0         16      21115   nnom.o
        74          0          0          0          0      10949   nnom_activation.o
        70          0          0          0          0       4542   nnom_baselayer.o
       874          0          0          0          0       7865   nnom_conv2d.o
       446          0          0          0          0       6273   nnom_dense.o
       180          0          0          0          0       4429   nnom_flatten.o
       286          0          0          0          0       5144   nnom_input.o
        46          0          0          0          0       5297   nnom_layers.o
      1468          0          0          0          0      42458   nnom_local.o
       600          0          0          0          0      44083   nnom_local_q15.o
       552          0          0          0          0       5733   nnom_maxpool.o
        82          0          0          0          0       4386   nnom_output.o
       180          0          0          0          0       4378   nnom_softmax.o
       420         36          0          0          0       6778   nnom_tensor.o
        36          8        236          0       1024        912   startup_stm32f10x_md.o
       262          0          0          0          0       9827   stm32f10x_adc.o
       146          0          0          0          0       3098   stm32f10x_exti.o
       254          0          0          0          0       6232   stm32f10x_gpio.o
       208          0         20          0          0       8642   stm32f10x_rcc.o
       108          0          0          0          0       7741   stm32f10x_spi.o
       372          0          0          0          0      27234   stm32f10x_tim.o
       248          0          0          0          0       8954   stm32f10x_usart.o
       248          0          0          0          0       2941   system_stm32f10x.o
       184          0          0          0       4096       4220   w25q64.o

    ----------------------------------------------------------------------
     21364        752      15520         60      15480     345935   Object Totals
         0          0         32          0          0          0   (incl. Generated)
        40          0         34          3         18          0   (incl. Padding)

    ----------------------------------------------------------------------

      Code (inc. data)   RO Data    RW Data    ZI Data      Debug   Library Member Name

         0          0          0          0          0          0   entry.o
         0          0          0          0          0          0   entry10a.o
         0          0          0          0          0          0   entry11a.o
         8          4          0          0          0          0   entry2.o
         4          0          0          0          0          0   entry5.o
         0          0          0          0          0          0   entry7b.o
         0          0          0          0          0          0   entry8b.o
         8          4          0          0          0          0   entry9a.o
        30          0          0          0          0          0   handlers.o
        48         10          0          0          0         68   init.o
         0          0          0          0          0          0   iusefp.o
        98          0          0          0          0         84   ldiv.o
        30          0          0          0          0         68   llshl.o
        36          0          0          0          0         68   llsshr.o
        32          0          0          0          0         68   llushr.o
        26          0          0          0          0         80   memcmp.o
        36          0          0          0          0         68   memcpya.o
        36          0          0          0          0        108   memseta.o
      2258         90          0          0          0        452   printfa.o
        12          6          0          0          0         68   putchar.o
        36          6          0          0          0         80   puts.o
         0          0          0          4          0          0   stdout.o
        44          0          0          0          0         80   uidiv.o
        98          0          0          0          0         92   uldiv.o
        48          0          0          0          0         68   cdrcmple.o
        56          0          0          0          0         88   d2f.o
       334          0          0          0          0        148   dadd.o
       222          0          0          0          0        100   ddiv.o
       186          0          0          0          0        176   depilogue.o
        48          0          0          0          0         68   dfixul.o
        34          0          0          0          0         76   dflti.o
       228          0          0          0          0         96   dmul.o
        38          0          0          0          0         68   f2d.o
       176          0          0          0          0        140   fadd.o
        28          0          0          0          0         68   fcmpeq.o
        28          0          0          0          0         68   fcmpge.o
        28          0          0          0          0         68   fcmple.o
        28          0          0          0          0         68   fcmplt.o
       124          0          0          0          0         88   fdiv.o
       110          0          0          0          0        168   fepilogue.o
        50          0          0          0          0         68   ffixi.o
        18          0          0          0          0         68   fflti.o
        10          0          0          0          0         68   ffltui.o
       100          0          0          0          0         76   fmul.o

    ----------------------------------------------------------------------
      4740        120          0          4          0       3220   Library Totals
         6          0          0          0          0          0   (incl. Padding)

    ----------------------------------------------------------------------

      Code (inc. data)   RO Data    RW Data    ZI Data      Debug   Library Name

      2840        120          0          4          0       1384   mc_w.l
      1894          0          0          0          0       1836   mf_w.l

    ----------------------------------------------------------------------
      4740        120          0          4          0       3220   Library Totals

    ----------------------------------------------------------------------

==============================================================================


      Code (inc. data)   RO Data    RW Data    ZI Data      Debug   

     26104        872      15520         64      15480     346839   Grand Totals
     26104        872      15520         64      15480     346839   ELF Image Totals
     26104        872      15520         64          0          0   ROM Totals

==============================================================================

    Total RO  Size (Code + RO Data)                41624 (  40.65kB)
    Total RW  Size (RW Data + ZI Data)             15544 (  15.18kB)
    Total ROM Size (Code + RO Data + RW Data)      41688 (  40.71kB)

==============================================================================

