Component: Arm Compiler for Embedded 6.22 Tool: armlink [5ee90200]

==============================================================================

Section Cross References

    nnom_local.o(.ARM.exidx.text.local_avepool_q7_HWC) refers to nnom_local.o(.text.local_avepool_q7_HWC) for [Anonymous Symbol]
    nnom_local.o(.ARM.exidx.text.local_avepool_q7_CHW) refers to nnom_local.o(.text.local_avepool_q7_CHW) for [Anonymous Symbol]
    nnom_local.o(.ARM.exidx.text.local_maxpool_q7_HWC) refers to nnom_local.o(.text.local_maxpool_q7_HWC) for [Anonymous Symbol]
    nnom_local.o(.ARM.exidx.text.local_maxpool_q7_CHW) refers to nnom_local.o(.text.local_maxpool_q7_CHW) for [Anonymous Symbol]
    nnom_local.o(.ARM.exidx.text.local_sumpool_q7_HWC) refers to nnom_local.o(.text.local_sumpool_q7_HWC) for [Anonymous Symbol]
    nnom_local.o(.ARM.exidx.text.local_sumpool_q7_CHW) refers to nnom_local.o(.text.local_sumpool_q7_CHW) for [Anonymous Symbol]
    nnom_local.o(.text.local_up_sampling_q7_HWC) refers to memcpya.o(.text) for __aeabi_memcpy
    nnom_local.o(.ARM.exidx.text.local_up_sampling_q7_HWC) refers to nnom_local.o(.text.local_up_sampling_q7_HWC) for [Anonymous Symbol]
    nnom_local.o(.text.local_up_sampling_q7_CHW) refers to memcpya.o(.text) for __aeabi_memcpy
    nnom_local.o(.ARM.exidx.text.local_up_sampling_q7_CHW) refers to nnom_local.o(.text.local_up_sampling_q7_CHW) for [Anonymous Symbol]
    nnom_local.o(.text.local_convolve_HWC_q7_nonsquare) refers to nnom_local.o(.text.__NNOM_SSAT) for __NNOM_SSAT
    nnom_local.o(.ARM.exidx.text.local_convolve_HWC_q7_nonsquare) refers to nnom_local.o(.text.local_convolve_HWC_q7_nonsquare) for [Anonymous Symbol]
    nnom_local.o(.ARM.exidx.text.__NNOM_SSAT) refers to nnom_local.o(.text.__NNOM_SSAT) for [Anonymous Symbol]
    nnom_local.o(.text.local_convolve_CHW_q7_nonsquare) refers to nnom_local.o(.text.__NNOM_SSAT) for __NNOM_SSAT
    nnom_local.o(.ARM.exidx.text.local_convolve_CHW_q7_nonsquare) refers to nnom_local.o(.text.local_convolve_CHW_q7_nonsquare) for [Anonymous Symbol]
    nnom_local.o(.text.local_conv_trans_HWC_q7_nonsquare) refers to nnom_local.o(.text.alg_deconv2d_calculate_position) for alg_deconv2d_calculate_position
    nnom_local.o(.text.local_conv_trans_HWC_q7_nonsquare) refers to nnom_local.o(.text.__NNOM_SSAT) for __NNOM_SSAT
    nnom_local.o(.ARM.exidx.text.local_conv_trans_HWC_q7_nonsquare) refers to nnom_local.o(.text.local_conv_trans_HWC_q7_nonsquare) for [Anonymous Symbol]
    nnom_local.o(.ARM.exidx.text.alg_deconv2d_calculate_position) refers to nnom_local.o(.text.alg_deconv2d_calculate_position) for [Anonymous Symbol]
    nnom_local.o(.text.local_depthwise_separable_conv_HWC_q7_nonsquare) refers to nnom_local.o(.text.__NNOM_SSAT) for __NNOM_SSAT
    nnom_local.o(.ARM.exidx.text.local_depthwise_separable_conv_HWC_q7_nonsquare) refers to nnom_local.o(.text.local_depthwise_separable_conv_HWC_q7_nonsquare) for [Anonymous Symbol]
    nnom_local.o(.text.local_depthwise_separable_conv_CHW_q7_nonsquare) refers to nnom_local.o(.text.__NNOM_SSAT) for __NNOM_SSAT
    nnom_local.o(.ARM.exidx.text.local_depthwise_separable_conv_CHW_q7_nonsquare) refers to nnom_local.o(.text.local_depthwise_separable_conv_CHW_q7_nonsquare) for [Anonymous Symbol]
    nnom_local.o(.text.local_zero_padding_HWC_q7) refers to memseta.o(.text) for __aeabi_memclr
    nnom_local.o(.text.local_zero_padding_HWC_q7) refers to memcpya.o(.text) for __aeabi_memcpy
    nnom_local.o(.ARM.exidx.text.local_zero_padding_HWC_q7) refers to nnom_local.o(.text.local_zero_padding_HWC_q7) for [Anonymous Symbol]
    nnom_local.o(.text.local_zero_padding_CHW_q7) refers to memseta.o(.text) for __aeabi_memclr
    nnom_local.o(.text.local_zero_padding_CHW_q7) refers to memcpya.o(.text) for __aeabi_memcpy
    nnom_local.o(.ARM.exidx.text.local_zero_padding_CHW_q7) refers to nnom_local.o(.text.local_zero_padding_CHW_q7) for [Anonymous Symbol]
    nnom_local.o(.text.local_cropping_HWC_q7) refers to memcpya.o(.text) for __aeabi_memcpy
    nnom_local.o(.ARM.exidx.text.local_cropping_HWC_q7) refers to nnom_local.o(.text.local_cropping_HWC_q7) for [Anonymous Symbol]
    nnom_local.o(.text.local_cropping_CHW_q7) refers to memcpya.o(.text) for __aeabi_memcpy
    nnom_local.o(.ARM.exidx.text.local_cropping_CHW_q7) refers to nnom_local.o(.text.local_cropping_CHW_q7) for [Anonymous Symbol]
    nnom_local.o(.text.local_dot_q7_opt) refers to nnom_local.o(.text.__NNOM_SSAT) for __NNOM_SSAT
    nnom_local.o(.ARM.exidx.text.local_dot_q7_opt) refers to nnom_local.o(.text.local_dot_q7_opt) for [Anonymous Symbol]
    nnom_local.o(.text.local_dot_q7) refers to nnom_local.o(.text.__NNOM_SSAT) for __NNOM_SSAT
    nnom_local.o(.ARM.exidx.text.local_dot_q7) refers to nnom_local.o(.text.local_dot_q7) for [Anonymous Symbol]
    nnom_local.o(.text.local_fully_connected_q7_opt) refers to nnom_local.o(.text.__NNOM_SSAT) for __NNOM_SSAT
[...]
    [Anonymous Symbol]                       0x20001468   Section        0  main.o(.bss.nnom_model_create.model)
    nnom_output_data                         0x200014f0   Data          13  main.o(.bss.nnom_output_data)
    [Anonymous Symbol]                       0x200014f0   Section        0  main.o(.bss.nnom_output_data)
    nnom_static_buf                          0x20001500   Data           4  nnom.o(.bss.nnom_static_buf)
    [Anonymous Symbol]                       0x20001500   Section        0  nnom.o(.bss.nnom_static_buf)
    nnom_static_buf_curr                     0x20001504   Data           4  nnom.o(.bss.nnom_static_buf_curr)
    [Anonymous Symbol]                       0x20001504   Section        0  nnom.o(.bss.nnom_static_buf_curr)
    nnom_static_buf_size                     0x20001508   Data           4  nnom.o(.bss.nnom_static_buf_size)
    [Anonymous Symbol]                       0x20001508   Section        0  nnom.o(.bss.nnom_static_buf_size)
    previous_status                          0x2000150c   Data           1  button.o(.bss.previous_status)
    [Anonymous Symbol]                       0x2000150c   Section        0  button.o(.bss.previous_status)
    time_hold_count_ms                       0x20002d0e   Data           2  button.o(.bss.time_hold_count_ms)
    [Anonymous Symbol]                       0x20002d0e   Section        0  button.o(.bss.time_hold_count_ms)
    time_release_count_ms                    0x20002d10   Data           2  button.o(.bss.time_release_count_ms)
    [Anonymous Symbol]                       0x20002d10   Section        0  button.o(.bss.time_release_count_ms)
    STACK                                    0x20002d18   Section     1024  startup_stm32f10x_md.o(STACK)

    Global Symbols

    Symbol Name                              Value     Ov Type        Size  Object(Section)

    BuildAttributes$$THM_ISAv4$P$D$K$B$S$PE$A:L22UL41UL21$X:L11$S22US41US21$IEEE1$IW$~IW$USESV6$~STKCKD$USESV7$WCHAR32$ENUMINT$~SHL$OTIME$ROPI$IEEEX$EBA8$MICROLIB$REQ8$PRES8$EABIv2 0x00000000   Number         0  anon$$obj.o ABSOLUTE
    __cpp_initialize__aeabi_                  - Undefined Weak Reference
    __cxa_finalize                            - Undefined Weak Reference
    __decompress                              - Undefined Weak Reference
    _clock_init                               - Undefined Weak Reference
    _microlib_exit                            - Undefined Weak Reference
    __Vectors_Size                           0x000000ec   Number         0  startup_stm32f10x_md.o ABSOLUTE
    __Vectors                                0x08000000   Data           4  startup_stm32f10x_md.o(RESET)
    __Vectors_End                            0x080000ec   Data           0  startup_stm32f10x_md.o(RESET)
    __main                                   0x080000ed   Thumb Code     0  entry.o(.ARM.Collect$$$$00000000)
    _main_stk                                0x080000ed   Thumb Code     0  entry2.o(.ARM.Collect$$$$00000001)
    _main_scatterload                        0x080000f1   Thumb Code     0  entry5.o(.ARM.Collect$$$$00000004)
    __main_after_scatterload                 0x080000f5   Thumb Code     0  entry5.o(.ARM.Collect$$$$00000004)
    _main_clock                              0x080000f5   Thumb Code     0  entry7b.o(.ARM.Collect$$$$00000008)
    _main_cpp_init                           0x080000f5   Thumb Code     0  entry8b.o(.ARM.Collect$$$$0000000A)
    _main_init                               0x080000f5   Thumb Code     0  entry9a.o(.ARM.Collect$$$$0000000B)
    __rt_final_cpp                           0x080000fd   Thumb Code     0  entry10a.o(.ARM.Collect$$$$0000000D)
    __rt_final_exit                          0x080000fd   Thumb Code     0  entry11a.o(.ARM.Collect$$$$0000000F)
    Reset_Handler                            0x08000101   Thumb Code     8  startup_stm32f10x_md.o(.text)
    NMI_Handler                              0x08000109   Thumb Code     2  startup_stm32f10x_md.o(.text)
    HardFault_Handler                        0x0800010b   Thumb Code     2  startup_stm32f10x_md.o(.text)
    MemManage_Handler                        0x0800010d   Thumb Code     2  startup_stm32f10x_md.o(.text)
    BusFault_Handler                         0x0800010f   Thumb Code     2  startup_stm32f10x_md.o(.text)
    UsageFault_Handler                       0x08000111   Thumb Code     2  startup_stm32f10x_md.o(.text)
    SVC_Handler                              0x08000113   Thumb Code     2  startup_stm32f10x_md.o(.text)
    DebugMon_Handler                         0x08000115   Thumb Code     2  startup_stm32f10x_md.o(.text)
    PendSV_Handler                           0x08000117   Thumb Code     2  startup_stm32f10x_md.o(.text)
    SysTick_Handler                          0x08000119   Thumb Code     2  startup_stm32f10x_md.o(.text)
    ADC1_2_IRQHandler                        0x0800011b   Thumb Code     0  startup_stm32f10x_md.o(.text)
    CAN1_RX1_IRQHandler                      0x0800011b   Thumb Code     0  startup_stm32f10x_md.o(.text)
    CAN1_SCE_IRQHandler                      0x0800011b   Thumb Code     0  startup_stm32f10x_md.o(.text)
    DMA1_Channel1_IRQHandler                 0x0800011b   Thumb Code     0  startup_stm32f10x_md.o(.text)
    DMA1_Channel2_IRQHandler                 0x0800011b   Thumb Code     0  startup_stm32f10x_md.o(.text)
    DMA1_Channel3_IRQHandler                 0x0800011b   Thumb Code     0  startup_stm32f10x_md.o(.text)
    DMA1_Channel4_IRQHandler                 0x0800011b   Thumb Code     0  startup_stm32f10x_md.o(.text)
    DMA1_Channel5_IRQHandler                 0x0800011b   Thumb Code     0  startup_stm32f10x_md.o(.text)
    DMA1_Channel6_IRQHandler                 0x0800011b   Thumb Code     0  startup_stm32f10x_md.o(.text)
    DMA1_Channel7_IRQHandler                 0x0800011b   Thumb Code     0  startup_stm32f10x_md.o(.text)
    EXTI15_10_IRQHandler                     0x0800011b   Thumb Code     0  startup_stm32f10x_md.o(.text)
    EXTI1_IRQHandler                         0x0800011b   Thumb Code     0  startup_stm32f10x_md.o(.text)
    EXTI2_IRQHandler                         0x0800011b   Thumb Code     0  startup_stm32f10x_md.o(.text)
    EXTI3_IRQHandler                         0x0800011b   Thumb Code     0  startup_stm32f10x_md.o(.text)
    EXTI4_IRQHandler                         0x0800011b   Thumb Code     0  startup_stm32f10x_md.o(.text)
    FLASH_IRQHandler                         0x0800011b   Thumb Code     0  startup_stm32f10x_md.o(.text)
    I2C1_ER_IRQHandler                       0x0800011b   Thumb Code     0  startup_stm32f10x_md.o(.text)
    I2C1_EV_IRQHandler                       0x0800011b   Thumb Code     0  startup_stm32f10x_md.o(.text)
    I2C2_ER_IRQHandler                       0x0800011b   Thumb Code     0  startup_stm32f10x_md.o(.text)
    I2C2_EV_IRQHandler                       0x0800011b   Thumb Code     0  startup_stm32f10x_md.o(.text)
    PVD_IRQHandler                           0x0800011b   Thumb Code     0  startup_stm32f10x_md.o(.text)
    RCC_IRQHandler                           0x0800011b   Thumb Code     0  startup_stm32f10x_md.o(.text)
    RTCAlarm_IRQHandler                      0x0800011b   Thumb Code     0  startup_stm32f10x_md.o(.text)
    RTC_IRQHandler                           0x0800011b   Thumb Code     0  startup_stm32f10x_md.o(.text)
    SPI1_IRQHandler                          0x0800011b   Thumb Code     0  startup_stm32f10x_md.o(.text)
    SPI2_IRQHandler                          0x0800011b   Thumb Code     0  startup_stm32f10x_md.o(.text)
    TAMPER_IRQHandler                        0x0800011b   Thumb Code     0  startup_stm32f10x_md.o(.text)
    TIM1_BRK_IRQHandler                      0x0800011b   Thumb Code     0  startup_stm32f10x_md.o(.text)
    TIM1_CC_IRQHandler                       0x0800011b   Thumb Code     0  startup_stm32f10x_md.o(.text)
    TIM1_TRG_COM_IRQHandler                  0x0800011b   Thumb Code     0  startup_stm32f10x_md.o(.text)
    TIM1_UP_IRQHandler                       0x0800011b   Thumb Code     0  startup_stm32f10x_md.o(.text)
    TIM3_IRQHandler                          0x0800011b   Thumb Code     0  startup_stm32f10x_md.o(.text)
    USART1_IRQHandler                        0x0800011b   Thumb Code     0  startup_stm32f10x_md.o(.text)
    USART2_IRQHandler                        0x0800011b   Thumb Code     0  startup_stm32f10x_md.o(.text)
    USART3_IRQHandler                        0x0800011b   Thumb Code     0  startup_stm32f10x_md.o(.text)
    USBWakeUp_IRQHandler                     0x0800011b   Thumb Code     0  startup_stm32f10x_md.o(.text)
    USB_HP_CAN1_TX_IRQHandler                0x0800011b   Thumb Code     0  startup_stm32f10x_md.o(.text)
    USB_LP_CAN1_RX0_IRQHandler               0x0800011b   Thumb Code     0  startup_stm32f10x_md.o(.text)
    WWDG_IRQHandler                          0x0800011b   Thumb Code     0  startup_stm32f10x_md.o(.text)
    __aeabi_uldivmod                         0x08000125   Thumb Code    98  uldiv.o(.text)
    __aeabi_ldivmod                          0x08000187   Thumb Code    98  ldiv.o(.text)
    __aeabi_memcpy                           0x080001e9   Thumb Code    36  memcpya.o(.text)
    __aeabi_memcpy4                          0x080001e9   Thumb Code     0  memcpya.o(.text)
    __aeabi_memcpy8                          0x080001e9   Thumb Code     0  memcpya.o(.text)
    __aeabi_memset                           0x0800020d   Thumb Code    14  memseta.o(.text)
    __aeabi_memset4                          0x0800020d   Thumb Code     0  memseta.o(.text)
    __aeabi_memset8                          0x0800020d   Thumb Code     0  memseta.o(.text)
    __aeabi_memclr                           0x0800021b   Thumb Code     4  memseta.o(.text)
    __aeabi_memclr4                          0x0800021b   Thumb Code     0  memseta.o(.text)
    __aeabi_memclr8                          0x0800021b   Thumb Code     0  memseta.o(.text)
    _memset$wrapper                          0x0800021f   Thumb Code    18  memseta.o(.text)
    memcmp                                   0x08000231   Thumb Code    26  memcmp.o(.text)
    __aeabi_fadd                             0x0800024b   Thumb Code   164  fadd.o(.text)
    __aeabi_fsub                             0x080002ef   Thumb Code     6  fadd.o(.text)
    __aeabi_frsub                            0x080002f5   Thumb Code     6  fadd.o(.text)
    __aeabi_fmul                             0x080002fb   Thumb Code   100  fmul.o(.text)
    __aeabi_fdiv                             0x0800035f   Thumb Code   124  fdiv.o(.text)
    __aeabi_dmul                             0x080003db   Thumb Code   228  dmul.o(.text)
    __aeabi_ddiv                             0x080004bf   Thumb Code   222  ddiv.o(.text)
    __aeabi_fcmple                           0x0800059d   Thumb Code    28  fcmple.o(.text)
    __aeabi_fcmplt                           0x080005b9   Thumb Code    28  fcmplt.o(.text)
    __aeabi_fcmpeq                           0x080005d5   Thumb Code    28  fcmpeq.o(.text)
    __aeabi_dcmple                           0x080005f1   Thumb Code    54  dcmple.o(.text)
    __aeabi_i2f                              0x08000627   Thumb Code    18  fflti.o(.text)
    __aeabi_ui2f                             0x08000639   Thumb Code    10  ffltui.o(.text)
    __aeabi_i2d                              0x08000643   Thumb Code    34  dflti.o(.text)
    __aeabi_f2iz                             0x08000665   Thumb Code    50  ffixi.o(.text)
    __aeabi_d2iz                             0x08000697   Thumb Code    62  dfixi.o(.text)
    __aeabi_f2d                              0x080006d5   Thumb Code    38  f2d.o(.text)
    __aeabi_d2f                              0x080006fb   Thumb Code    56  d2f.o(.text)
    __aeabi_uidiv                            0x08000733   Thumb Code     0  uidiv.o(.text)
    __aeabi_uidivmod                         0x08000733   Thumb Code    44  uidiv.o(.text)
    __aeabi_llsl                             0x0800075f   Thumb Code    30  llshl.o(.text)
    _ll_shift_l                              0x0800075f   Thumb Code     0  llshl.o(.text)
    __aeabi_llsr                             0x0800077d   Thumb Code    32  llushr.o(.text)
    _ll_ushift_r                             0x0800077d   Thumb Code     0  llushr.o(.text)
    __I$use$fp                               0x0800079d   Thumb Code     0  iusefp.o(.text)
    _float_round                             0x0800079d   Thumb Code    18  fepilogue.o(.text)
    _float_epilogue                          0x080007af   Thumb Code    92  fepilogue.o(.text)
    _double_round                            0x0800080b   Thumb Code    30  depilogue.o(.text)
    _double_epilogue                         0x08000829   Thumb Code   156  depilogue.o(.text)
    __aeabi_dadd                             0x080008c5   Thumb Code   322  dadd.o(.text)
    __aeabi_dsub                             0x08000a07   Thumb Code     6  dadd.o(.text)
    __aeabi_drsub                            0x08000a0d   Thumb Code     6  dadd.o(.text)
    __ARM_scalbn                             0x08000a13   Thumb Code    46  dscalb.o(.text)
    scalbn                                   0x08000a13   Thumb Code     0  dscalb.o(.text)
    _drnd                                    0x08000a41   Thumb Code   132  drnd.o(.text)
    __aeabi_d2ulz                            0x08000ac9   Thumb Code    48  dfixul.o(.text)
    __aeabi_cdcmpeq                          0x08000af9   Thumb Code     0  cdcmple.o(.text)
    __aeabi_cdcmple                          0x08000af9   Thumb Code    48  cdcmple.o(.text)
    __aeabi_cdrcmple                         0x08000b29   Thumb Code    48  cdrcmple.o(.text)
    __scatterload                            0x08000b59   Thumb Code    38  init.o(.text)
    __scatterload_rt2                        0x08000b59   Thumb Code     0  init.o(.text)
    __aeabi_lasr                             0x08000b89   Thumb Code    36  llsshr.o(.text)
    _ll_sshift_r                             0x08000b89   Thumb Code     0  llsshr.o(.text)
    _dsqrt                                   0x08000bad   Thumb Code   162  dsqrt.o(.text)
    Button_Init                              0x08000c51   Thumb Code   232  button.o(.text.Button_Init)
    Button_Status_Clear                      0x08000d39   Thumb Code    14  button.o(.text.Button_Status_Clear)
    Cyberry_Potter_System_Status_Update      0x08000d49   Thumb Code    84  cyberrypotter.o(.text.Cyberry_Potter_System_Status_Update)
    Delay_ms                                 0x08000d9d   Thumb Code    32  delay.o(.text.Delay_ms)
    Delay_us                                 0x08000dbd   Thumb Code    84  delay.o(.text.Delay_us)
    EXTI0_IRQHandler                         0x08000e11   Thumb Code    66  button.o(.text.EXTI0_IRQHandler)
    EXTI9_5_IRQHandler                       0x08000e55   Thumb Code   114  cyberrypotter.o(.text.EXTI9_5_IRQHandler)
    EXTI_ClearITPendingBit                   0x08000ec9   Thumb Code    20  stm32f10x_exti.o(.text.EXTI_ClearITPendingBit)
    EXTI_GetITStatus                         0x08000edd   Thumb Code    68  stm32f10x_exti.o(.text.EXTI_GetITStatus)
    EXTI_Init                                0x08000f21   Thumb Code   234  stm32f10x_exti.o(.text.EXTI_Init)
    EXTI_Restore                             0x0800100d   Thumb Code    26  cyberrypotter.o(.text.EXTI_Restore)
    EXTI_Stop                                0x08001029   Thumb Code    26  cyberrypotter.o(.text.EXTI_Stop)
    Flatten                                  0x08001045   Thumb Code   118  nnom_flatten.o(.text.Flatten)
    GPIO_EXTILineConfig                      0x080010bd   Thumb Code    84  stm32f10x_gpio.o(.text.GPIO_EXTILineConfig)
    GPIO_Init                                0x08001111   Thumb Code   390  stm32f10x_gpio.o(.text.GPIO_Init)
    GPIO_ReadInputDataBit                    0x08001299   Thumb Code    52  stm32f10x_gpio.o(.text.GPIO_ReadInputDataBit)
    GPIO_WriteBit                            0x080012cd   Thumb Code    40  stm32f10x_gpio.o(.text.GPIO_WriteBit)
    IIC1_Init                                0x080012f5   Thumb Code    68  iic.o(.text.IIC1_Init)
    IIC1_read                                0x080014dd   Thumb Code   152  iic.o(.text.IIC1_read)
    IIC1_write                               0x08001575   Thumb Code   108  iic.o(.text.IIC1_write)
    IMU_Get_Data                             0x080015e1   Thumb Code   432  imu.o(.text.IMU_Get_Data)
    IMU_Init                                 0x08001791   Thumb Code    36  imu.o(.text.IMU_Init)
    IMU_Sample_Start                         0x080017b5   Thumb Code    38  imu.o(.text.IMU_Sample_Start)
    IMU_Sample_Stop                          0x080017dd   Thumb Code    38  imu.o(.text.IMU_Sample_Stop)
    LED_Blink                                0x08001805   Thumb Code   282  led.o(.text.LED_Blink)
    LED_Init                                 0x08001921   Thumb Code    60  led.o(.text.LED_Init)
    MPU6050_Init                             0x0800195d   Thumb Code   436  mpu6050.o(.text.MPU6050_Init)
    Module_IR_RF_receiver_stop               0x08001b11   Thumb Code    62  module_ir_rf.o(.text.Module_IR_RF_receiver_stop)
    NVIC_Init                                0x08001b51   Thumb Code   166  misc.o(.text.NVIC_Init)
    NVIC_PriorityGroupConfig                 0x08001bf9   Thumb Code    28  misc.o(.text.NVIC_PriorityGroupConfig)
    RCC_APB1PeriphClockCmd                   0x08001c15   Thumb Code    52  stm32f10x_rcc.o(.text.RCC_APB1PeriphClockCmd)
    RCC_APB2PeriphClockCmd                   0x08001c49   Thumb Code    52  stm32f10x_rcc.o(.text.RCC_APB2PeriphClockCmd)
    RCC_GetClocksFreq                        0x08001c7d   Thumb Code   370  stm32f10x_rcc.o(.text.RCC_GetClocksFreq)
    SPI2_Init                                0x08001df1   Thumb Code   206  spi.o(.text.SPI2_Init)
    SPI_Cmd                                  0x08001ec1   Thumb Code    40  stm32f10x_spi.o(.text.SPI_Cmd)
    SPI_Init                                 0x08001ee9   Thumb Code   104  stm32f10x_spi.o(.text.SPI_Init)
    Softmax                                  0x0800207d   Thumb Code   116  nnom_softmax.o(.text.Softmax)
    SystemInit                               0x080020f1   Thumb Code   102  system_stm32f10x.o(.text.SystemInit)
    TIM2_IRQHandler                          0x08002159   Thumb Code    66  module_ir_rf.o(.text.TIM2_IRQHandler)
    TIM4_IRQHandler                          0x0800219d   Thumb Code   314  button.o(.text.TIM4_IRQHandler)
    TIM_ClearFlag                            0x080022d9   Thumb Code    22  stm32f10x_tim.o(.text.TIM_ClearFlag)
    TIM_ClearITPendingBit                    0x080022f1   Thumb Code    22  stm32f10x_tim.o(.text.TIM_ClearITPendingBit)
    TIM_Cmd                                  0x08002309   Thumb Code    40  stm32f10x_tim.o(.text.TIM_Cmd)
    TIM_GetITStatus                          0x08002331   Thumb Code    82  stm32f10x_tim.o(.text.TIM_GetITStatus)
    TIM_ITConfig                             0x08002385   Thumb Code    48  stm32f10x_tim.o(.text.TIM_ITConfig)
    TIM_TimeBaseInit                         0x080023b5   Thumb Code   322  stm32f10x_tim.o(.text.TIM_TimeBaseInit)
    USART1_Init                              0x080024f9   Thumb Code   190  usart.o(.text.USART1_Init)
    USART_Cmd                                0x080025b9   Thumb Code    40  stm32f10x_usart.o(.text.USART_Cmd)
    USART_ITConfig                           0x080025e1   Thumb Code   142  stm32f10x_usart.o(.text.USART_ITConfig)
    USART_Init                               0x08002671   Thumb Code   348  stm32f10x_usart.o(.text.USART_Init)
    act_get_dec_bit                          0x080029cd   Thumb Code    44  nnom_activation.o(.text.act_get_dec_bit)
    act_relu                                 0x080029f9   Thumb Code    54  nnom_activation.o(.text.act_relu)
    block_mem_set                            0x08002b55   Thumb Code    98  nnom.o(.text.block_mem_set)
    check_model_version                      0x08002bb9   Thumb Code   142  nnom.o(.text.check_model_version)
    compile_layers                           0x08002c49   Thumb Code   960  nnom.o(.text.compile_layers)
    conv2d_build                             0x08003009   Thumb Code   350  nnom_conv2d.o(.text.conv2d_build)
    conv2d_free                              0x08003169   Thumb Code    42  nnom_conv2d.o(.text.conv2d_free)
    conv2d_run                               0x08003195   Thumb Code   470  nnom_conv2d.o(.text.conv2d_run)
    conv2d_s                                 0x0800336d   Thumb Code   482  nnom_conv2d.o(.text.conv2d_s)
    conv_output_length                       0x08003551   Thumb Code    86  nnom_conv2d.o(.text.conv_output_length)
    default_build                            0x080035a9   Thumb Code   104  nnom_baselayer.o(.text.default_build)
    delete_tensor                            0x08003611   Thumb Code    24  nnom_tensor.o(.text.delete_tensor)
    dense_build                              0x08003629   Thumb Code   308  nnom_dense.o(.text.dense_build)
    dense_free                               0x0800375d   Thumb Code    42  nnom_dense.o(.text.dense_free)
    dense_run                                0x08003789   Thumb Code   146  nnom_dense.o(.text.dense_run)
    dense_s                                  0x0800381d   Thumb Code   196  nnom_dense.o(.text.dense_s)
    dilation                                 0x080038e1   Thumb Code    22  nnom_layers.o(.text.dilation)
    dmp_enable_6x_lp_quat                    0x080038f9   Thumb Code    70  inv_mpu_dmp_motion_driver.o(.text.dmp_enable_6x_lp_quat)
    dmp_enable_feature                       0x08003941   Thumb Code   682  inv_mpu_dmp_motion_driver.o(.text.dmp_enable_feature)
    dmp_enable_gyro_cal                      0x08003bed   Thumb Code   106  inv_mpu_dmp_motion_driver.o(.text.dmp_enable_gyro_cal)
    dmp_enable_lp_quat                       0x08003c59   Thumb Code    70  inv_mpu_dmp_motion_driver.o(.text.dmp_enable_lp_quat)
    dmp_load_motion_driver_firmware          0x08003ca1   Thumb Code    26  inv_mpu_dmp_motion_driver.o(.text.dmp_load_motion_driver_firmware)
    dmp_set_accel_bias                       0x08003cbd   Thumb Code   342  inv_mpu_dmp_motion_driver.o(.text.dmp_set_accel_bias)
    dmp_set_fifo_rate                        0x08003e15   Thumb Code   164  inv_mpu_dmp_motion_driver.o(.text.dmp_set_fifo_rate)
    dmp_set_gyro_bias                        0x08003eb9   Thumb Code   336  inv_mpu_dmp_motion_driver.o(.text.dmp_set_gyro_bias)
    dmp_set_orientation                      0x08004009   Thumb Code   432  inv_mpu_dmp_motion_driver.o(.text.dmp_set_orientation)
    dmp_set_shake_reject_thresh              0x080041b9   Thumb Code    86  inv_mpu_dmp_motion_driver.o(.text.dmp_set_shake_reject_thresh)
    dmp_set_shake_reject_time                0x08004211   Thumb Code    60  inv_mpu_dmp_motion_driver.o(.text.dmp_set_shake_reject_time)
    dmp_set_shake_reject_timeout             0x0800424d   Thumb Code    60  inv_mpu_dmp_motion_driver.o(.text.dmp_set_shake_reject_timeout)
    dmp_set_tap_axes                         0x08004289   Thumb Code   108  inv_mpu_dmp_motion_driver.o(.text.dmp_set_tap_axes)
    dmp_set_tap_count                        0x080042f5   Thumb Code    74  inv_mpu_dmp_motion_driver.o(.text.dmp_set_tap_count)
    dmp_set_tap_thresh                       0x08004341   Thumb Code   508  inv_mpu_dmp_motion_driver.o(.text.dmp_set_tap_thresh)
    dmp_set_tap_time                         0x0800453d   Thumb Code    62  inv_mpu_dmp_motion_driver.o(.text.dmp_set_tap_time)
    dmp_set_tap_time_multi                   0x0800457d   Thumb Code    62  inv_mpu_dmp_motion_driver.o(.text.dmp_set_tap_time_multi)
    flatten_build                            0x080045f1   Thumb Code   104  nnom_flatten.o(.text.flatten_build)
    flatten_run                              0x08004659   Thumb Code    10  nnom_flatten.o(.text.flatten_run)
    flatten_s                                0x08004665   Thumb Code    32  nnom_flatten.o(.text.flatten_s)
    fputc                                    0x08004685   Thumb Code    46  usart.o(.text.fputc)
    input_build                              0x08004e69   Thumb Code    58  nnom_input.o(.text.input_build)
    input_run                                0x08004ea5   Thumb Code    46  nnom_input.o(.text.input_run)
    input_s                                  0x08004ed5   Thumb Code   364  nnom_input.o(.text.input_s)
    io_init                                  0x08005121   Thumb Code    18  nnom_layers.o(.text.io_init)
    kernel                                   0x0800516d   Thumb Code    22  nnom_layers.o(.text.kernel)
    layer_run                                0x08005185   Thumb Code    82  nnom.o(.text.layer_run)
    local_convolve_HWC_q15_nonsquare         0x08005229   Thumb Code   878  nnom_local_q15.o(.text.local_convolve_HWC_q15_nonsquare)
    local_convolve_HWC_q7_nonsquare          0x08005599   Thumb Code   832  nnom_local.o(.text.local_convolve_HWC_q7_nonsquare)
    local_fully_connected_q7_opt             0x080058d9   Thumb Code  1208  nnom_local.o(.text.local_fully_connected_q7_opt)
    local_relu_q15                           0x08005d91   Thumb Code    64  nnom_local_q15.o(.text.local_relu_q15)
    local_relu_q7                            0x08005dd1   Thumb Code    60  nnom_local.o(.text.local_relu_q7)
    local_softmax_q7                         0x08005e0d   Thumb Code   280  nnom_local.o(.text.local_softmax_q7)
    main                                     0x08005f25   Thumb Code   302  main.o(.text.main)
    mem_analysis_result                      0x08006055   Thumb Code   114  nnom.o(.text.mem_analysis_result)
    model_compile                            0x08006145   Thumb Code   370  nnom.o(.text.model_compile)
    model_feed_data                          0x080062b9   Thumb Code   232  main.o(.text.model_feed_data)
    model_get_output                         0x080063a1   Thumb Code   470  main.o(.text.model_get_output)
    model_run                                0x08006639   Thumb Code    18  nnom.o(.text.model_run)
    model_run_to                             0x0800664d   Thumb Code   252  nnom.o(.text.model_run_to)
    mpu_configure_fifo                       0x08006795   Thumb Code   210  inv_mpu.o(.text.mpu_configure_fifo)
    mpu_get_accel_fsr                        0x08006869   Thumb Code   108  inv_mpu.o(.text.mpu_get_accel_fsr)
    mpu_get_accel_sens                       0x080068d5   Thumb Code   116  inv_mpu.o(.text.mpu_get_accel_sens)
    mpu_get_fifo_config                      0x08006949   Thumb Code    24  inv_mpu.o(.text.mpu_get_fifo_config)
    mpu_get_gyro_fsr                         0x08006961   Thumb Code    84  inv_mpu.o(.text.mpu_get_gyro_fsr)
    mpu_get_gyro_sens                        0x080069b5   Thumb Code   104  inv_mpu.o(.text.mpu_get_gyro_sens)
    mpu_get_lpf                              0x08006a1d   Thumb Code   100  inv_mpu.o(.text.mpu_get_lpf)
    mpu_get_sample_rate                      0x08006a81   Thumb Code    56  inv_mpu.o(.text.mpu_get_sample_rate)
    mpu_init                                 0x08006ab9   Thumb Code   304  inv_mpu.o(.text.mpu_init)
    mpu_load_firmware                        0x08006be9   Thumb Code   308  inv_mpu.o(.text.mpu_load_firmware)
    mpu_lp_accel_mode                        0x08006d1d   Thumb Code   294  inv_mpu.o(.text.mpu_lp_accel_mode)
    mpu_read_mem                             0x08006e45   Thumb Code   190  inv_mpu.o(.text.mpu_read_mem)
    mpu_reset_fifo                           0x08006f05   Thumb Code   656  inv_mpu.o(.text.mpu_reset_fifo)
    mpu_run_self_test                        0x08007195   Thumb Code   386  inv_mpu.o(.text.mpu_run_self_test)
    mpu_set_accel_fsr                        0x08007319   Thumb Code   200  inv_mpu.o(.text.mpu_set_accel_fsr)
    mpu_set_bypass                           0x080073e1   Thumb Code   498  inv_mpu.o(.text.mpu_set_bypass)
    mpu_set_dmp_state                        0x080075d5   Thumb Code   208  inv_mpu.o(.text.mpu_set_dmp_state)
    mpu_set_gyro_fsr                         0x080076a5   Thumb Code   208  inv_mpu.o(.text.mpu_set_gyro_fsr)
    mpu_set_int_latched                      0x08007775   Thumb Code   184  inv_mpu.o(.text.mpu_set_int_latched)
    mpu_set_lpf                              0x0800782d   Thumb Code   226  inv_mpu.o(.text.mpu_set_lpf)
    mpu_set_sample_rate                      0x08007911   Thumb Code   250  inv_mpu.o(.text.mpu_set_sample_rate)
    mpu_set_sensors                          0x08007a0d   Thumb Code   346  inv_mpu.o(.text.mpu_set_sensors)
    mpu_write_mem                            0x08007b69   Thumb Code   190  inv_mpu.o(.text.mpu_write_mem)
    new_model                                0x08007c29   Thumb Code   118  nnom.o(.text.new_model)
    new_tensor                               0x08007ca1   Thumb Code   182  nnom_tensor.o(.text.new_tensor)
    nnom_alignto                             0x08007d59   Thumb Code    58  nnom.o(.text.nnom_alignto)
    nnom_free                                0x08007d95   Thumb Code     8  nnom.o(.text.nnom_free)
    nnom_hook_length                         0x08007d9d   Thumb Code    54  nnom.o(.text.nnom_hook_length)
    nnom_malloc                              0x08007dd5   Thumb Code   148  nnom.o(.text.nnom_malloc)
    nnom_mem                                 0x08007e69   Thumb Code    62  nnom.o(.text.nnom_mem)
    nnom_set_static_buf                      0x08007fb5   Thumb Code    46  nnom.o(.text.nnom_set_static_buf)
    output_run                               0x08007fe5   Thumb Code    50  nnom_output.o(.text.output_run)
    output_s                                 0x08008019   Thumb Code    74  nnom_output.o(.text.output_s)
    set_tailed_activation                    0x08008579   Thumb Code   124  nnom.o(.text.set_tailed_activation)
    shape                                    0x080085f5   Thumb Code    30  nnom_layers.o(.text.shape)
    softmax_build                            0x08008615   Thumb Code    80  nnom_softmax.o(.text.softmax_build)
    softmax_run                              0x08008665   Thumb Code    46  nnom_softmax.o(.text.softmax_run)
    softmax_s                                0x08008695   Thumb Code    32  nnom_softmax.o(.text.softmax_s)
    stride                                   0x080086b5   Thumb Code    22  nnom_layers.o(.text.stride)
    tensor_cpy_attr                          0x080086cd   Thumb Code   142  nnom_tensor.o(.text.tensor_cpy_attr)
    tensor_get_num_channel                   0x0800875d   Thumb Code    22  nnom_tensor.o(.text.tensor_get_num_channel)
    tensor_mem_set                           0x08008775   Thumb Code    96  nnom.o(.text.tensor_mem_set)
    tensor_set_attr                          0x080087d5   Thumb Code   112  nnom_tensor.o(.text.tensor_set_attr)
    tensor_set_attr_v                        0x08008845   Thumb Code    76  nnom_tensor.o(.text.tensor_set_attr_v)
    tensor_size                              0x08008891   Thumb Code    74  nnom_tensor.o(.text.tensor_size)
    __0printf                                0x080088dd   Thumb Code    22  printfa.o(i.__0printf)
    __1printf                                0x080088dd   Thumb Code     0  printfa.o(i.__0printf)
    __2printf                                0x080088dd   Thumb Code     0  printfa.o(i.__0printf)
    __c89printf                              0x080088dd   Thumb Code     0  printfa.o(i.__0printf)
    printf                                   0x080088dd   Thumb Code     0  printfa.o(i.__0printf)
    __ARM_fpclassify                         0x080088fd   Thumb Code    40  fpclassify.o(i.__ARM_fpclassify)
    __kernel_poly                            0x08008925   Thumb Code   170  poly.o(i.__kernel_poly)
    __mathlib_dbl_divzero                    0x080089d1   Thumb Code    12  dunder.o(i.__mathlib_dbl_divzero)
    __mathlib_dbl_infnan2                    0x080089e1   Thumb Code     4  dunder.o(i.__mathlib_dbl_infnan2)
    __mathlib_dbl_invalid                    0x080089e5   Thumb Code    12  dunder.o(i.__mathlib_dbl_invalid)
    __mathlib_dbl_overflow                   0x080089f1   Thumb Code    14  dunder.o(i.__mathlib_dbl_overflow)
    __mathlib_dbl_underflow                  0x08008a01   Thumb Code    10  dunder.o(i.__mathlib_dbl_underflow)
    __scatterload_copy                       0x08008a11   Thumb Code    14  handlers.o(i.__scatterload_copy)
    __scatterload_null                       0x08008a1f   Thumb Code     2  handlers.o(i.__scatterload_null)
    __scatterload_zeroinit                   0x08008a21   Thumb Code    14  handlers.o(i.__scatterload_zeroinit)
    __set_errno                              0x08008a31   Thumb Code     6  errno.o(i.__set_errno)
    pow                                      0x080092f1   Thumb Code  2532  pow.o(i.pow)
    round                                    0x08009cdd   Thumb Code   136  round.o(i.round)
    sqrt                                     0x08009d71   Thumb Code    76  sqrt.o(i.sqrt)
    __mathlib_zero                           0x08009e48   Data           8  qnan.o(.constdata)
    conv1d_1_bias_shift                      0x08009e64   Data           4  main.o(.rodata.conv1d_1_bias_shift)
    conv1d_1_config                          0x08009e68   Data          40  main.o(.rodata.conv1d_1_config)
    conv1d_1_output_shift                    0x08009e90   Data           4  main.o(.rodata.conv1d_1_output_shift)
    conv1d_bias_shift                        0x08009e94   Data           4  main.o(.rodata.conv1d_bias_shift)
    conv1d_config                            0x08009e98   Data          40  main.o(.rodata.conv1d_config)
    conv1d_output_shift                      0x08009ec0   Data           4  main.o(.rodata.conv1d_output_shift)
    default_activation_names                 0x08009ec4   Data          64  nnom.o(.rodata.default_activation_names)
    default_cell_names                       0x08009f04   Data          32  nnom.o(.rodata.default_cell_names)
    default_layer_names                      0x08009f24   Data         396  nnom.o(.rodata.default_layer_names)
    dense_bias_shift                         0x0800a0b0   Data           4  main.o(.rodata.dense_bias_shift)
    dense_config                             0x0800a0b4   Data          24  main.o(.rodata.dense_config)
    dense_output_shift                       0x0800a0cc   Data           4  main.o(.rodata.dense_output_shift)
    flatten_config                           0x0800acc8   Data           4  main.o(.rodata.flatten_config)
    hw                                       0x0800accc   Data          12  inv_mpu.o(.rodata.hw)
    input_1_config                           0x0800acd8   Data           8  main.o(.rodata.input_1_config)
    output0_config                           0x0800ace0   Data           8  main.o(.rodata.output0_config)
    reg                                      0x0800ace8   Data          30  inv_mpu.o(.rodata.reg)
    softmax_config                           0x0800ad08   Data           4  main.o(.rodata.softmax_config)
    tensor_conv1d_1_bias_0                   0x0800b560   Data          24  main.o(.rodata.tensor_conv1d_1_bias_0)
    tensor_conv1d_1_bias_0_data              0x0800b578   Data          15  main.o(.rodata.tensor_conv1d_1_bias_0_data)
    tensor_conv1d_1_bias_0_dec               0x0800b588   Data           4  main.o(.rodata.tensor_conv1d_1_bias_0_dec)
    tensor_conv1d_1_bias_0_dim               0x0800b58c   Data           2  main.o(.rodata.tensor_conv1d_1_bias_0_dim)
    tensor_conv1d_1_bias_0_offset            0x0800b590   Data           4  main.o(.rodata.tensor_conv1d_1_bias_0_offset)
    tensor_conv1d_1_kernel_0                 0x0800b594   Data          24  main.o(.rodata.tensor_conv1d_1_kernel_0)
    tensor_conv1d_1_kernel_0_data            0x0800b5ac   Data        1350  main.o(.rodata.tensor_conv1d_1_kernel_0_data)
    tensor_conv1d_1_kernel_0_dec             0x0800baf4   Data           4  main.o(.rodata.tensor_conv1d_1_kernel_0_dec)
    tensor_conv1d_1_kernel_0_dim             0x0800baf8   Data           6  main.o(.rodata.tensor_conv1d_1_kernel_0_dim)
    tensor_conv1d_1_kernel_0_offset          0x0800bb00   Data           4  main.o(.rodata.tensor_conv1d_1_kernel_0_offset)
    tensor_conv1d_bias_0                     0x0800bb04   Data          24  main.o(.rodata.tensor_conv1d_bias_0)
    tensor_conv1d_bias_0_data                0x0800bb1c   Data          30  main.o(.rodata.tensor_conv1d_bias_0_data)
    tensor_conv1d_bias_0_dec                 0x0800bb3c   Data           4  main.o(.rodata.tensor_conv1d_bias_0_dec)
    tensor_conv1d_bias_0_dim                 0x0800bb40   Data           2  main.o(.rodata.tensor_conv1d_bias_0_dim)
    tensor_conv1d_bias_0_offset              0x0800bb44   Data           4  main.o(.rodata.tensor_conv1d_bias_0_offset)
    tensor_conv1d_kernel_0                   0x0800bb48   Data          24  main.o(.rodata.tensor_conv1d_kernel_0)
    tensor_conv1d_kernel_0_data              0x0800bb60   Data         270  main.o(.rodata.tensor_conv1d_kernel_0_data)
    tensor_conv1d_kernel_0_dec               0x0800bc70   Data           4  main.o(.rodata.tensor_conv1d_kernel_0_dec)
    tensor_conv1d_kernel_0_dim               0x0800bc74   Data           6  main.o(.rodata.tensor_conv1d_kernel_0_dim)
    tensor_conv1d_kernel_0_offset            0x0800bc7c   Data           4  main.o(.rodata.tensor_conv1d_kernel_0_offset)
    tensor_dense_bias_0                      0x0800bc80   Data          24  main.o(.rodata.tensor_dense_bias_0)
    tensor_dense_bias_0_data                 0x0800bc98   Data          13  main.o(.rodata.tensor_dense_bias_0_data)
    tensor_dense_bias_0_dec                  0x0800bca8   Data           4  main.o(.rodata.tensor_dense_bias_0_dec)
    tensor_dense_bias_0_dim                  0x0800bcac   Data           2  main.o(.rodata.tensor_dense_bias_0_dim)
    tensor_dense_bias_0_offset               0x0800bcb0   Data           4  main.o(.rodata.tensor_dense_bias_0_offset)
    tensor_dense_kernel_0                    0x0800bcb4   Data          24  main.o(.rodata.tensor_dense_kernel_0)
    tensor_dense_kernel_0_data               0x0800bccc   Data        9360  main.o(.rodata.tensor_dense_kernel_0_data)
    tensor_dense_kernel_0_dec                0x0800e15c   Data           4  main.o(.rodata.tensor_dense_kernel_0_dec)
    tensor_dense_kernel_0_dim                0x0800e160   Data           4  main.o(.rodata.tensor_dense_kernel_0_dim)
    tensor_dense_kernel_0_offset             0x0800e164   Data           4  main.o(.rodata.tensor_dense_kernel_0_offset)
    tensor_input_1                           0x0800e168   Data          24  main.o(.rodata.tensor_input_1)
    tensor_input_1_dec                       0x0800e180   Data           4  main.o(.rodata.tensor_input_1_dec)
    tensor_input_1_dim                       0x0800e184   Data           4  main.o(.rodata.tensor_input_1_dim)
    tensor_input_1_offset                    0x0800e188   Data           4  main.o(.rodata.tensor_input_1_offset)
    tensor_output0                           0x0800e18c   Data          24  main.o(.rodata.tensor_output0)
    tensor_output0_dec                       0x0800e1a4   Data           4  main.o(.rodata.tensor_output0_dec)
    tensor_output0_dim                       0x0800e1a8   Data           2  main.o(.rodata.tensor_output0_dim)
    tensor_output0_offset                    0x0800e1ac   Data           4  main.o(.rodata.tensor_output0_offset)
    test                                     0x0800e1b0   Data          40  inv_mpu.o(.rodata.test)
    Region$$Table$$Base                      0x0800e1d8   Number         0  anon$$obj.o(Region$$Table)
    Region$$Table$$Limit                     0x0800e1f8   Number         0  anon$$obj.o(Region$$Table)
    __stdout                                 0x20000000   Data           4  stdout.o(.data)
    model_output                             0x20000011   Data           1  main.o(.data.model_output)
    Button                                   0x20000040   Data           8  button.o(.bss.Button)
    Cyberry_Potter                           0x20000048   Data           8  cyberrypotter.o(.bss.Cyberry_Potter)
    IMU                                      0x20000054   Data        3612  imu.o(.bss.IMU)
    IMU_bias                                 0x20000e70   Data          12  imu.o(.bss.IMU_bias)
    IR_RF_Signal                             0x20000e7c   Data        1032  module_ir_rf.o(.bss.IR_RF_Signal)
    LED                                      0x20001284   Data           4  led.o(.bss.LED)
    SIGNAL_Count                             0x20001288   Data           2  module_ir_rf.o(.bss.SIGNAL_Count)
    model                                    0x2000129c   Data           4  main.o(.bss.model)
    nnom_memory_taken                        0x20001464   Data           4  nnom.o(.bss.nnom_memory_taken)
    static_buf                               0x2000150d   Data        6144  main.o(.bss.static_buf)
    __initial_sp                             0x20003118   Data           0  startup_stm32f10x_md.o(STACK)



==============================================================================

Memory Map of the image

  Image Entry point : 0x080000ed

  Load Region LR_IROM1 (Base: 0x08000000, Size: 0x0000e238, Max: 0x00010000, ABSOLUTE)

    Execution Region ER_IROM1 (Exec base: 0x08000000, Load base: 0x08000000, Size: 0x0000e1f8, Max: 0x00010000, ABSOLUTE)

    Exec Addr    Load Addr    Size         Type   Attr      Idx    E Section Name        Object

    0x08000000   0x08000000   0x000000ec   Data   RO         2610    RESET               startup_stm32f10x_md.o
    0x080000ec   0x080000ec   0x00000000   Code   RO         2641  * .ARM.Collect$$$$00000000  mc_w.l(entry.o)
    0x080000ec   0x080000ec   0x00000004   Code   RO         2746    .ARM.Collect$$$$00000001  mc_w.l(entry2.o)
    0x080000f0   0x080000f0   0x00000004   Code   RO         2749    .ARM.Collect$$$$00000004  mc_w.l(entry5.o)
    0x080000f4   0x080000f4   0x00000000   Code   RO         2751    .ARM.Collect$$$$00000008  mc_w.l(entry7b.o)
    0x080000f4   0x080000f4   0x00000000   Code   RO         2753    .ARM.Collect$$$$0000000A  mc_w.l(entry8b.o)
    0x080000f4   0x080000f4   0x00000008   Code   RO         2754    .ARM.Collect$$$$0000000B  mc_w.l(entry9a.o)
    0x080000fc   0x080000fc   0x00000000   Code   RO         2756    .ARM.Collect$$$$0000000D  mc_w.l(entry10a.o)
    0x080000fc   0x080000fc   0x00000000   Code   RO         2758    .ARM.Collect$$$$0000000F  mc_w.l(entry11a.o)
    0x080000fc   0x080000fc   0x00000004   Code   RO         2747    .ARM.Collect$$$$00002712  mc_w.l(entry2.o)
    0x08000100   0x08000100   0x00000024   Code   RO         2611    .text               startup_stm32f10x_md.o
    0x08000124   0x08000124   0x00000062   Code   RO         2649    .text               mc_w.l(uldiv.o)
    0x08000186   0x08000186   0x00000062   Code   RO         2651    .text               mc_w.l(ldiv.o)
    0x080001e8   0x080001e8   0x00000024   Code   RO         2653    .text               mc_w.l(memcpya.o)
    0x0800020c   0x0800020c   0x00000024   Code   RO         2655    .text               mc_w.l(memseta.o)
    0x08000230   0x08000230   0x0000001a   Code   RO         2657    .text               mc_w.l(memcmp.o)
    0x0800024a   0x0800024a   0x000000b0   Code   RO         2689    .text               mf_w.l(fadd.o)
    0x080002fa   0x080002fa   0x00000064   Code   RO         2691    .text               mf_w.l(fmul.o)
    0x0800035e   0x0800035e   0x0000007c   Code   RO         2693    .text               mf_w.l(fdiv.o)
    0x080003da   0x080003da   0x000000e4   Code   RO         2695    .text               mf_w.l(dmul.o)
    0x080004be   0x080004be   0x000000de   Code   RO         2697    .text               mf_w.l(ddiv.o)
    0x0800059c   0x0800059c   0x0000001c   Code   RO         2699    .text               mf_w.l(fcmple.o)
    0x080005b8   0x080005b8   0x0000001c   Code   RO         2701    .text               mf_w.l(fcmplt.o)
    0x080005d4   0x080005d4   0x0000001c   Code   RO         2705    .text               mf_w.l(fcmpeq.o)
    0x080005f0   0x080005f0   0x00000036   Code   RO         2707    .text               mf_w.l(dcmple.o)
    0x08000626   0x08000626   0x00000012   Code   RO         2709    .text               mf_w.l(fflti.o)
    0x08000638   0x08000638   0x0000000a   Code   RO         2711    .text               mf_w.l(ffltui.o)
    0x08000642   0x08000642   0x00000022   Code   RO         2713    .text               mf_w.l(dflti.o)
    0x08000664   0x08000664   0x00000032   Code   RO         2715    .text               mf_w.l(ffixi.o)
    0x08000696   0x08000696   0x0000003e   Code   RO         2717    .text               mf_w.l(dfixi.o)
    0x080006d4   0x080006d4   0x00000026   Code   RO         2719    .text               mf_w.l(f2d.o)
    0x080006fa   0x080006fa   0x00000038   Code   RO         2721    .text               mf_w.l(d2f.o)
    0x08000732   0x08000732   0x0000002c   Code   RO         2770    .text               mc_w.l(uidiv.o)
    0x0800075e   0x0800075e   0x0000001e   Code   RO         2772    .text               mc_w.l(llshl.o)
    0x0800077c   0x0800077c   0x00000020   Code   RO         2774    .text               mc_w.l(llushr.o)
    0x0800079c   0x0800079c   0x00000000   Code   RO         2783    .text               mc_w.l(iusefp.o)
    0x0800079c   0x0800079c   0x0000006e   Code   RO         2784    .text               mf_w.l(fepilogue.o)
    0x0800080a   0x0800080a   0x000000ba   Code   RO         2786    .text               mf_w.l(depilogue.o)
    0x080008c4   0x080008c4   0x0000014e   Code   RO         2788    .text               mf_w.l(dadd.o)
    0x08000a12   0x08000a12   0x0000002e   Code   RO         2790    .text               mf_w.l(dscalb.o)
    0x08000a40   0x08000a40   0x00000088   Code   RO         2792    .text               mf_w.l(drnd.o)
    0x08000ac8   0x08000ac8   0x00000030   Code   RO         2794    .text               mf_w.l(dfixul.o)
    0x08000af8   0x08000af8   0x00000030   Code   RO         2796    .text               mf_w.l(cdcmple.o)
    0x08000b28   0x08000b28   0x00000030   Code   RO         2798    .text               mf_w.l(cdrcmple.o)
    0x08000b58   0x08000b58   0x00000030   Code   RO         2800    .text               mc_w.l(init.o)
    0x08000b88   0x08000b88   0x00000024   Code   RO         2802    .text               mc_w.l(llsshr.o)
    0x08000bac   0x08000bac   0x000000a2   Code   RO         2804    .text               mf_w.l(dsqrt.o)
    0x08000c4e   0x08000c4e   0x00000002   PAD
    0x08000c50   0x08000c50   0x000000e8   Code   RO         1278    .text.Button_Init   button.o
    0x08000d38   0x08000d38   0x0000000e   Code   RO         1276    .text.Button_Status_Clear  button.o
    0x08000d46   0x08000d46   0x00000002   PAD
    0x08000d48   0x08000d48   0x00000054   Code   RO          820    .text.Cyberry_Potter_System_Status_Update  cyberrypotter.o
    0x08000d9c   0x08000d9c   0x00000020   Code   RO          843    .text.Delay_ms      delay.o
    0x08000dbc   0x08000dbc   0x00000054   Code   RO          841    .text.Delay_us      delay.o
    0x08000e10   0x08000e10   0x00000042   Code   RO         1272    .text.EXTI0_IRQHandler  button.o
    0x08000e52   0x08000e52   0x00000002   PAD
    0x08000e54   0x08000e54   0x00000072   Code   RO          822    .text.EXTI9_5_IRQHandler  cyberrypotter.o
    0x08000ec6   0x08000ec6   0x00000002   PAD
    0x08000ec8   0x08000ec8   0x00000014   Code   RO         1827    .text.EXTI_ClearITPendingBit  stm32f10x_exti.o
    0x08000edc   0x08000edc   0x00000044   Code   RO         1825    .text.EXTI_GetITStatus  stm32f10x_exti.o
    0x08000f20   0x08000f20   0x000000ea   Code   RO         1815    .text.EXTI_Init     stm32f10x_exti.o
    0x0800100a   0x0800100a   0x00000002   PAD
    0x0800100c   0x0800100c   0x0000001a   Code   RO          826    .text.EXTI_Restore  cyberrypotter.o
    0x08001026   0x08001026   0x00000002   PAD
    0x08001028   0x08001028   0x0000001a   Code   RO          824    .text.EXTI_Stop     cyberrypotter.o
    0x08001042   0x08001042   0x00000002   PAD
    0x08001044   0x08001044   0x00000076   Code   RO          560    .text.Flatten       nnom_flatten.o
    0x080010ba   0x080010ba   0x00000002   PAD
    0x080010bc   0x080010bc   0x00000054   Code   RO         1976    .text.GPIO_EXTILineConfig  stm32f10x_gpio.o
    0x08001110   0x08001110   0x00000186   Code   RO         1948    .text.GPIO_Init     stm32f10x_gpio.o
    0x08001296   0x08001296   0x00000002   PAD
    0x08001298   0x08001298   0x00000034   Code   RO         1952    .text.GPIO_ReadInputDataBit  stm32f10x_gpio.o
    0x080012cc   0x080012cc   0x00000028   Code   RO         1964    .text.GPIO_WriteBit  stm32f10x_gpio.o
    0x080012f4   0x080012f4   0x00000044   Code   RO          854    .text.IIC1_Init     iic.o
    0x08001338   0x08001338   0x00000024   Code   RO          894    .text.IIC1_R_SDA    iic.o
    0x0800135c   0x0800135c   0x00000028   Code   RO          864    .text.IIC1_Receive_Ack  iic.o
    0x08001384   0x08001384   0x0000006a   Code   RO          870    .text.IIC1_Receive_Byte  iic.o
    0x080013ee   0x080013ee   0x00000002   PAD
    0x080013f0   0x080013f0   0x00000020   Code   RO          872    .text.IIC1_Send_Ack  iic.o
    0x08001410   0x08001410   0x00000042   Code   RO          862    .text.IIC1_Send_Byte  iic.o
    0x08001452   0x08001452   0x00000002   PAD
    0x08001454   0x08001454   0x00000024   Code   RO          860    .text.IIC1_Start    iic.o
    0x08001478   0x08001478   0x0000001c   Code   RO          866    .text.IIC1_Stop     iic.o
    0x08001494   0x08001494   0x00000024   Code   RO          892    .text.IIC1_W_SCL    iic.o
    0x080014b8   0x080014b8   0x00000024   Code   RO          890    .text.IIC1_W_SDA    iic.o
    0x080014dc   0x080014dc   0x00000098   Code   RO          868    .text.IIC1_read     iic.o
    0x08001574   0x08001574   0x0000006c   Code   RO          858    .text.IIC1_write    iic.o
    0x080015e0   0x080015e0   0x000001b0   Code   RO          913    .text.IMU_Get_Data  imu.o
    0x08001790   0x08001790   0x00000024   Code   RO          915    .text.IMU_Init      imu.o
    0x080017b4   0x080017b4   0x00000026   Code   RO          909    .text.IMU_Sample_Start  imu.o
    0x080017da   0x080017da   0x00000002   PAD
    0x080017dc   0x080017dc   0x00000026   Code   RO          911    .text.IMU_Sample_Stop  imu.o
    0x08001802   0x08001802   0x00000002   PAD
    0x08001804   0x08001804   0x0000011a   Code   RO         1292    .text.LED_Blink     led.o
    0x0800191e   0x0800191e   0x00000002   PAD
    0x08001920   0x08001920   0x0000003c   Code   RO         1294    .text.LED_Init      led.o
    0x0800195c   0x0800195c   0x000001b4   Code   RO         1001    .text.MPU6050_Init  mpu6050.o
    0x08001b10   0x08001b10   0x0000003e   Code   RO         1364    .text.Module_IR_RF_receiver_stop  module_ir_rf.o
    0x08001b4e   0x08001b4e   0x00000002   PAD
    0x08001b50   0x08001b50   0x000000a6   Code   RO         1504    .text.NVIC_Init     misc.o
    0x08001bf6   0x08001bf6   0x00000002   PAD
    0x08001bf8   0x08001bf8   0x0000001c   Code   RO         1502    .text.NVIC_PriorityGroupConfig  misc.o
    0x08001c14   0x08001c14   0x00000034   Code   RO         2150    .text.RCC_APB1PeriphClockCmd  stm32f10x_rcc.o
    0x08001c48   0x08001c48   0x00000034   Code   RO         2148    .text.RCC_APB2PeriphClockCmd  stm32f10x_rcc.o
    0x08001c7c   0x08001c7c   0x00000172   Code   RO         2144    .text.RCC_GetClocksFreq  stm32f10x_rcc.o
    0x08001dee   0x08001dee   0x00000002   PAD
    0x08001df0   0x08001df0   0x000000ce   Code   RO         1241    .text.SPI2_Init     spi.o
    0x08001ebe   0x08001ebe   0x00000002   PAD
    0x08001ec0   0x08001ec0   0x00000028   Code   RO         2289    .text.SPI_Cmd       stm32f10x_spi.o
    0x08001ee8   0x08001ee8   0x00000068   Code   RO         2281    .text.SPI_Init      stm32f10x_spi.o
    0x08001f50   0x08001f50   0x00000008   Code   RO         2620    .text.SetSysClock   system_stm32f10x.o
    0x08001f58   0x08001f58   0x00000122   Code   RO         2624    .text.SetSysClockTo72  system_stm32f10x.o
    0x0800207a   0x0800207a   0x00000002   PAD
    0x0800207c   0x0800207c   0x00000074   Code   RO          752    .text.Softmax       nnom_softmax.o
    0x080020f0   0x080020f0   0x00000066   Code   RO         2618    .text.SystemInit    system_stm32f10x.o
    0x08002156   0x08002156   0x00000002   PAD
    0x08002158   0x08002158   0x00000042   Code   RO         1368    .text.TIM2_IRQHandler  module_ir_rf.o
    0x0800219a   0x0800219a   0x00000002   PAD
    0x0800219c   0x0800219c   0x0000013a   Code   RO         1274    .text.TIM4_IRQHandler  button.o
    0x080022d6   0x080022d6   0x00000002   PAD
    0x080022d8   0x080022d8   0x00000016   Code   RO         2508    .text.TIM_ClearFlag  stm32f10x_tim.o
    0x080022ee   0x080022ee   0x00000002   PAD
    0x080022f0   0x080022f0   0x00000016   Code   RO         2512    .text.TIM_ClearITPendingBit  stm32f10x_tim.o
    0x08002306   0x08002306   0x00000002   PAD
    0x08002308   0x08002308   0x00000028   Code   RO         2374    .text.TIM_Cmd       stm32f10x_tim.o
    0x08002330   0x08002330   0x00000052   Code   RO         2510    .text.TIM_GetITStatus  stm32f10x_tim.o
    0x08002382   0x08002382   0x00000002   PAD
    0x08002384   0x08002384   0x00000030   Code   RO         2378    .text.TIM_ITConfig  stm32f10x_tim.o
    0x080023b4   0x080023b4   0x00000142   Code   RO         2334    .text.TIM_TimeBaseInit  stm32f10x_tim.o
    0x080024f6   0x080024f6   0x00000002   PAD
    0x080024f8   0x080024f8   0x000000be   Code   RO         1256    .text.USART1_Init   usart.o
    0x080025b6   0x080025b6   0x00000002   PAD
    0x080025b8   0x080025b8   0x00000028   Code   RO         2531    .text.USART_Cmd     stm32f10x_usart.o
    0x080025e0   0x080025e0   0x0000008e   Code   RO         2533    .text.USART_ITConfig  stm32f10x_usart.o
    0x0800266e   0x0800266e   0x00000002   PAD
    0x08002670   0x08002670   0x0000015c   Code   RO         2523    .text.USART_Init    stm32f10x_usart.o
    0x080027cc   0x080027cc   0x0000004a   Code   RO           20    .text.__NNOM_SSAT   nnom_local.o
    0x08002816   0x08002816   0x00000002   PAD
    0x08002818   0x08002818   0x0000004a   Code   RO          103    .text.__NNOM_SSAT   nnom_local_q15.o
    0x08002862   0x08002862   0x00000002   PAD
    0x08002864   0x08002864   0x0000003c   Code   RO           50    .text.__NNOM_USAT   nnom_local.o
    0x080028a0   0x080028a0   0x00000026   Code   RO         1003    .text.__NVIC_SystemReset  mpu6050.o
    0x080028c6   0x080028c6   0x00000002   PAD
    0x080028c8   0x080028c8   0x00000104   Code   RO         1127    .text.accel_self_test  inv_mpu.o
    0x080029cc   0x080029cc   0x0000002c   Code   RO          421    .text.act_get_dec_bit  nnom_activation.o
    0x080029f8   0x080029f8   0x00000036   Code   RO          381    .text.act_relu      nnom_activation.o
    0x08002a2e   0x08002a2e   0x00000002   PAD
    0x08002a30   0x08002a30   0x00000068   Code   RO          216    .text.allocate_block  nnom.o
    0x08002a98   0x08002a98   0x0000005c   Code   RO          256    .text.allocate_hook  nnom.o
    0x08002af4   0x08002af4   0x00000060   Code   RO          258    .text.allocate_io   nnom.o
    0x08002b54   0x08002b54   0x00000062   Code   RO          230    .text.block_mem_set  nnom.o
    0x08002bb6   0x08002bb6   0x00000002   PAD
    0x08002bb8   0x08002bb8   0x0000008e   Code   RO          254    .text.check_model_version  nnom.o
    0x08002c46   0x08002c46   0x00000002   PAD
    0x08002c48   0x08002c48   0x000003c0   Code   RO          214    .text.compile_layers  nnom.o
    0x08003008   0x08003008   0x0000015e   Code   RO          479    .text.conv2d_build  nnom_conv2d.o
    0x08003166   0x08003166   0x00000002   PAD
    0x08003168   0x08003168   0x0000002a   Code   RO          481    .text.conv2d_free   nnom_conv2d.o
    0x08003192   0x08003192   0x00000002   PAD
    0x08003194   0x08003194   0x000001d6   Code   RO          477    .text.conv2d_run    nnom_conv2d.o
    0x0800336a   0x0800336a   0x00000002   PAD
    0x0800336c   0x0800336c   0x000001e2   Code   RO          475    .text.conv2d_s      nnom_conv2d.o
    0x0800354e   0x0800354e   0x00000002   PAD
    0x08003550   0x08003550   0x00000056   Code   RO          485    .text.conv_output_length  nnom_conv2d.o
    0x080035a6   0x080035a6   0x00000002   PAD
    0x080035a8   0x080035a8   0x00000068   Code   RO          451    .text.default_build  nnom_baselayer.o
    0x08003610   0x08003610   0x00000018   Code   RO          315    .text.delete_tensor  nnom_tensor.o
    0x08003628   0x08003628   0x00000134   Code   RO          530    .text.dense_build   nnom_dense.o
    0x0800375c   0x0800375c   0x0000002a   Code   RO          532    .text.dense_free    nnom_dense.o
    0x08003786   0x08003786   0x00000002   PAD
    0x08003788   0x08003788   0x00000092   Code   RO          528    .text.dense_run     nnom_dense.o
    0x0800381a   0x0800381a   0x00000002   PAD
    0x0800381c   0x0800381c   0x000000c4   Code   RO          526    .text.dense_s       nnom_dense.o
    0x080038e0   0x080038e0   0x00000016   Code   RO          291    .text.dilation      nnom_layers.o
    0x080038f6   0x080038f6   0x00000002   PAD
    0x080038f8   0x080038f8   0x00000046   Code   RO         1201    .text.dmp_enable_6x_lp_quat  inv_mpu_dmp_motion_driver.o
    0x0800393e   0x0800393e   0x00000002   PAD
    0x08003940   0x08003940   0x000002aa   Code   RO         1195    .text.dmp_enable_feature  inv_mpu_dmp_motion_driver.o
    0x08003bea   0x08003bea   0x00000002   PAD
    0x08003bec   0x08003bec   0x0000006a   Code   RO         1197    .text.dmp_enable_gyro_cal  inv_mpu_dmp_motion_driver.o
    0x08003c56   0x08003c56   0x00000002   PAD
    0x08003c58   0x08003c58   0x00000046   Code   RO         1199    .text.dmp_enable_lp_quat  inv_mpu_dmp_motion_driver.o
    0x08003c9e   0x08003c9e   0x00000002   PAD
    0x08003ca0   0x08003ca0   0x0000001a   Code   RO         1159    .text.dmp_load_motion_driver_firmware  inv_mpu_dmp_motion_driver.o
    0x08003cba   0x08003cba   0x00000002   PAD
    0x08003cbc   0x08003cbc   0x00000156   Code   RO         1165    .text.dmp_set_accel_bias  inv_mpu_dmp_motion_driver.o
    0x08003e12   0x08003e12   0x00000002   PAD
    0x08003e14   0x08003e14   0x000000a4   Code   RO         1167    .text.dmp_set_fifo_rate  inv_mpu_dmp_motion_driver.o
    0x08003eb8   0x08003eb8   0x00000150   Code   RO         1163    .text.dmp_set_gyro_bias  inv_mpu_dmp_motion_driver.o
    0x08004008   0x08004008   0x000001b0   Code   RO         1161    .text.dmp_set_orientation  inv_mpu_dmp_motion_driver.o
    0x080041b8   0x080041b8   0x00000056   Code   RO         1181    .text.dmp_set_shake_reject_thresh  inv_mpu_dmp_motion_driver.o
    0x0800420e   0x0800420e   0x00000002   PAD
    0x08004210   0x08004210   0x0000003c   Code   RO         1183    .text.dmp_set_shake_reject_time  inv_mpu_dmp_motion_driver.o
    0x0800424c   0x0800424c   0x0000003c   Code   RO         1185    .text.dmp_set_shake_reject_timeout  inv_mpu_dmp_motion_driver.o
    0x08004288   0x08004288   0x0000006c   Code   RO         1173    .text.dmp_set_tap_axes  inv_mpu_dmp_motion_driver.o
    0x080042f4   0x080042f4   0x0000004a   Code   RO         1175    .text.dmp_set_tap_count  inv_mpu_dmp_motion_driver.o
    0x0800433e   0x0800433e   0x00000002   PAD
    0x08004340   0x08004340   0x000001fc   Code   RO         1171    .text.dmp_set_tap_thresh  inv_mpu_dmp_motion_driver.o
    0x0800453c   0x0800453c   0x0000003e   Code   RO         1177    .text.dmp_set_tap_time  inv_mpu_dmp_motion_driver.o
    0x0800457a   0x0800457a   0x00000002   PAD
    0x0800457c   0x0800457c   0x0000003e   Code   RO         1179    .text.dmp_set_tap_time_multi  inv_mpu_dmp_motion_driver.o
    0x080045ba   0x080045ba   0x00000002   PAD
    0x080045bc   0x080045bc   0x00000034   Code   RO          238    .text.find_last     nnom.o
    0x080045f0   0x080045f0   0x00000068   Code   RO          564    .text.flatten_build  nnom_flatten.o
    0x08004658   0x08004658   0x0000000a   Code   RO          562    .text.flatten_run   nnom_flatten.o
    0x08004662   0x08004662   0x00000002   PAD
    0x08004664   0x08004664   0x00000020   Code   RO          558    .text.flatten_s     nnom_flatten.o
    0x08004684   0x08004684   0x0000002e   Code   RO         1258    .text.fputc         usart.o
    0x080046b2   0x080046b2   0x00000002   PAD
    0x080046b4   0x080046b4   0x00000106   Code   RO         1145    .text.get_accel_prod_shift  inv_mpu.o
    0x080047ba   0x080047ba   0x00000002   PAD
    0x080047bc   0x080047bc   0x0000053c   Code   RO         1125    .text.get_st_biases  inv_mpu.o
    0x08004cf8   0x08004cf8   0x0000016e   Code   RO         1129    .text.gyro_self_test  inv_mpu.o
    0x08004e66   0x08004e66   0x00000002   PAD
    0x08004e68   0x08004e68   0x0000003a   Code   RO          613    .text.input_build   nnom_input.o
    0x08004ea2   0x08004ea2   0x00000002   PAD
    0x08004ea4   0x08004ea4   0x0000002e   Code   RO          611    .text.input_run     nnom_input.o
    0x08004ed2   0x08004ed2   0x00000002   PAD
    0x08004ed4   0x08004ed4   0x0000016c   Code   RO          609    .text.input_s       nnom_input.o
    0x08005040   0x08005040   0x00000044   Code   RO         1005    .text.inv_orientation_matrix_to_scalar  mpu6050.o
    0x08005084   0x08005084   0x0000009c   Code   RO         1009    .text.inv_row_2_scale  mpu6050.o
    0x08005120   0x08005120   0x00000012   Code   RO          295    .text.io_init       nnom_layers.o
    0x08005132   0x08005132   0x00000002   PAD
    0x08005134   0x08005134   0x00000038   Code   RO          264    .text.io_mem_size   nnom.o
    0x0800516c   0x0800516c   0x00000016   Code   RO          287    .text.kernel        nnom_layers.o
    0x08005182   0x08005182   0x00000002   PAD
    0x08005184   0x08005184   0x00000052   Code   RO          244    .text.layer_run     nnom.o
    0x080051d6   0x080051d6   0x00000002   PAD
    0x080051d8   0x080051d8   0x00000050   Code   RO          218    .text.layer_shortcut_add  nnom.o
    0x08005228   0x08005228   0x0000036e   Code   RO          111    .text.local_convolve_HWC_q15_nonsquare  nnom_local_q15.o
    0x08005596   0x08005596   0x00000002   PAD
    0x08005598   0x08005598   0x00000340   Code   RO           18    .text.local_convolve_HWC_q7_nonsquare  nnom_local.o
    0x080058d8   0x080058d8   0x000004b8   Code   RO           44    .text.local_fully_connected_q7_opt  nnom_local.o
    0x08005d90   0x08005d90   0x00000040   Code   RO          147    .text.local_relu_q15  nnom_local_q15.o
    0x08005dd0   0x08005dd0   0x0000003c   Code   RO           60    .text.local_relu_q7  nnom_local.o
    0x08005e0c   0x08005e0c   0x00000118   Code   RO           48    .text.local_softmax_q7  nnom_local.o
    0x08005f24   0x08005f24   0x0000012e   Code   RO          930    .text.main          main.o
    0x08006052   0x08006052   0x00000002   PAD
    0x08006054   0x08006054   0x00000072   Code   RO          228    .text.mem_analysis_result  nnom.o
    0x080060c6   0x080060c6   0x00000002   PAD
    0x080060c8   0x080060c8   0x00000012   Code   RO          204    .text.model_active  nnom.o
    0x080060da   0x080060da   0x00000002   PAD
    0x080060dc   0x080060dc   0x00000066   Code   RO          196    .text.model_add     nnom.o
    0x08006142   0x08006142   0x00000002   PAD
    0x08006144   0x08006144   0x00000172   Code   RO          236    .text.model_compile  nnom.o
    0x080062b6   0x080062b6   0x00000002   PAD
    0x080062b8   0x080062b8   0x000000e8   Code   RO          926    .text.model_feed_data  main.o
    0x080063a0   0x080063a0   0x000001d6   Code   RO          928    .text.model_get_output  main.o
    0x08006576   0x08006576   0x00000002   PAD
    0x08006578   0x08006578   0x00000048   Code   RO          198    .text.model_hook    nnom.o
    0x080065c0   0x080065c0   0x0000001a   Code   RO          200    .text.model_merge   nnom.o
    0x080065da   0x080065da   0x00000002   PAD
    0x080065dc   0x080065dc   0x0000005c   Code   RO          202    .text.model_mergex  nnom.o
    0x08006638   0x08006638   0x00000012   Code   RO          248    .text.model_run     nnom.o
    0x0800664a   0x0800664a   0x00000002   PAD
    0x0800664c   0x0800664c   0x000000fc   Code   RO          246    .text.model_run_to  nnom.o
    0x08006748   0x08006748   0x0000004c   Code   RO          240    .text.model_set_ops  nnom.o
    0x08006794   0x08006794   0x000000d2   Code   RO         1061    .text.mpu_configure_fifo  inv_mpu.o
    0x08006866   0x08006866   0x00000002   PAD
    0x08006868   0x08006868   0x0000006c   Code   RO         1093    .text.mpu_get_accel_fsr  inv_mpu.o
    0x080068d4   0x080068d4   0x00000074   Code   RO         1105    .text.mpu_get_accel_sens  inv_mpu.o
    0x08006948   0x08006948   0x00000018   Code   RO         1107    .text.mpu_get_fifo_config  inv_mpu.o
    0x08006960   0x08006960   0x00000054   Code   RO         1091    .text.mpu_get_gyro_fsr  inv_mpu.o
    0x080069b4   0x080069b4   0x00000068   Code   RO         1103    .text.mpu_get_gyro_sens  inv_mpu.o
    0x08006a1c   0x08006a1c   0x00000064   Code   RO         1095    .text.mpu_get_lpf   inv_mpu.o
    0x08006a80   0x08006a80   0x00000038   Code   RO         1097    .text.mpu_get_sample_rate  inv_mpu.o
    0x08006ab8   0x08006ab8   0x00000130   Code   RO         1051    .text.mpu_init      inv_mpu.o
    0x08006be8   0x08006be8   0x00000134   Code   RO         1135    .text.mpu_load_firmware  inv_mpu.o
    0x08006d1c   0x08006d1c   0x00000126   Code   RO         1067    .text.mpu_lp_accel_mode  inv_mpu.o
    0x08006e42   0x08006e42   0x00000002   PAD
    0x08006e44   0x08006e44   0x000000be   Code   RO         1133    .text.mpu_read_mem  inv_mpu.o
    0x08006f02   0x08006f02   0x00000002   PAD
    0x08006f04   0x08006f04   0x00000290   Code   RO         1089    .text.mpu_reset_fifo  inv_mpu.o
    0x08007194   0x08007194   0x00000182   Code   RO         1121    .text.mpu_run_self_test  inv_mpu.o
    0x08007316   0x08007316   0x00000002   PAD
    0x08007318   0x08007318   0x000000c8   Code   RO         1055    .text.mpu_set_accel_fsr  inv_mpu.o
    0x080073e0   0x080073e0   0x000001f2   Code   RO         1063    .text.mpu_set_bypass  inv_mpu.o
    0x080075d2   0x080075d2   0x00000002   PAD
    0x080075d4   0x080075d4   0x000000d0   Code   RO         1123    .text.mpu_set_dmp_state  inv_mpu.o
    0x080076a4   0x080076a4   0x000000d0   Code   RO         1053    .text.mpu_set_gyro_fsr  inv_mpu.o
    0x08007774   0x08007774   0x000000b8   Code   RO         1069    .text.mpu_set_int_latched  inv_mpu.o
    0x0800782c   0x0800782c   0x000000e2   Code   RO         1057    .text.mpu_set_lpf   inv_mpu.o
    0x0800790e   0x0800790e   0x00000002   PAD
    0x08007910   0x08007910   0x000000fa   Code   RO         1059    .text.mpu_set_sample_rate  inv_mpu.o
    0x08007a0a   0x08007a0a   0x00000002   PAD
    0x08007a0c   0x08007a0c   0x0000015a   Code   RO         1065    .text.mpu_set_sensors  inv_mpu.o
    0x08007b66   0x08007b66   0x00000002   PAD
    0x08007b68   0x08007b68   0x000000be   Code   RO         1131    .text.mpu_write_mem  inv_mpu.o
    0x08007c26   0x08007c26   0x00000002   PAD
    0x08007c28   0x08007c28   0x00000076   Code   RO          194    .text.new_model     nnom.o
    0x08007c9e   0x08007c9e   0x00000002   PAD
    0x08007ca0   0x08007ca0   0x000000b6   Code   RO          313    .text.new_tensor    nnom_tensor.o
    0x08007d56   0x08007d56   0x00000002   PAD
    0x08007d58   0x08007d58   0x0000003a   Code   RO          186    .text.nnom_alignto  nnom.o
    0x08007d92   0x08007d92   0x00000002   PAD
    0x08007d94   0x08007d94   0x00000008   Code   RO          188    .text.nnom_free     nnom.o
    0x08007d9c   0x08007d9c   0x00000036   Code   RO          212    .text.nnom_hook_length  nnom.o
    0x08007dd2   0x08007dd2   0x00000002   PAD
    0x08007dd4   0x08007dd4   0x00000094   Code   RO          184    .text.nnom_malloc   nnom.o
    0x08007e68   0x08007e68   0x0000003e   Code   RO          190    .text.nnom_mem      nnom.o
    0x08007ea6   0x08007ea6   0x00000002   PAD
    0x08007ea8   0x08007ea8   0x0000010a   Code   RO          932    .text.nnom_model_create  main.o
    0x08007fb2   0x08007fb2   0x00000002   PAD
    0x08007fb4   0x08007fb4   0x0000002e   Code   RO          182    .text.nnom_set_static_buf  nnom.o
    0x08007fe2   0x08007fe2   0x00000002   PAD
    0x08007fe4   0x08007fe4   0x00000032   Code   RO          696    .text.output_run    nnom_output.o
    0x08008016   0x08008016   0x00000002   PAD
    0x08008018   0x08008018   0x0000004a   Code   RO          694    .text.output_s      nnom_output.o
    0x08008062   0x08008062   0x00000002   PAD
    0x08008064   0x08008064   0x00000242   Code   RO          220    .text.print_layer_info  nnom.o
    0x080082a6   0x080082a6   0x00000002   PAD
    0x080082a8   0x080082a8   0x00000096   Code   RO          222    .text.print_memory_block_info  nnom.o
    0x0800833e   0x0800833e   0x00000002   PAD
    0x08008340   0x08008340   0x0000002c   Code   RO          266    .text.release_block  nnom.o
    0x0800836c   0x0800836c   0x0000001e   Code   RO          224    .text.release_comp_mem  nnom.o
    0x0800838a   0x0800838a   0x00000002   PAD
    0x0800838c   0x0800838c   0x00000028   Code   RO          226    .text.release_input_mem  nnom.o
    0x080083b4   0x080083b4   0x00000044   Code   RO          403    .text.relu_run      nnom_activation.o
    0x080083f8   0x080083f8   0x0000008a   Code   RO         1007    .text.run_self_test  mpu6050.o
    0x08008482   0x08008482   0x00000002   PAD
    0x08008484   0x08008484   0x000000f2   Code   RO         1109    .text.set_int_enable  inv_mpu.o
    0x08008576   0x08008576   0x00000002   PAD
    0x08008578   0x08008578   0x0000007c   Code   RO          234    .text.set_tailed_activation  nnom.o
    0x080085f4   0x080085f4   0x0000001e   Code   RO          285    .text.shape         nnom_layers.o
    0x08008612   0x08008612   0x00000002   PAD
    0x08008614   0x08008614   0x00000050   Code   RO          756    .text.softmax_build  nnom_softmax.o
    0x08008664   0x08008664   0x0000002e   Code   RO          754    .text.softmax_run   nnom_softmax.o
    0x08008692   0x08008692   0x00000002   PAD
    0x08008694   0x08008694   0x00000020   Code   RO          750    .text.softmax_s     nnom_softmax.o
    0x080086b4   0x080086b4   0x00000016   Code   RO          289    .text.stride        nnom_layers.o
    0x080086ca   0x080086ca   0x00000002   PAD
    0x080086cc   0x080086cc   0x0000008e   Code   RO          321    .text.tensor_cpy_attr  nnom_tensor.o
    0x0800875a   0x0800875a   0x00000002   PAD
    0x0800875c   0x0800875c   0x00000016   Code   RO          311    .text.tensor_get_num_channel  nnom_tensor.o
    0x08008772   0x08008772   0x00000002   PAD
    0x08008774   0x08008774   0x00000060   Code   RO          232    .text.tensor_mem_set  nnom.o
    0x080087d4   0x080087d4   0x00000070   Code   RO          319    .text.tensor_set_attr  nnom_tensor.o
    0x08008844   0x08008844   0x0000004c   Code   RO          317    .text.tensor_set_attr_v  nnom_tensor.o
    0x08008890   0x08008890   0x0000004a   Code   RO          307    .text.tensor_size   nnom_tensor.o
    0x080088da   0x080088da   0x00000002   PAD
    0x080088dc   0x080088dc   0x00000020   Code   RO         2662    i.__0printf         mc_w.l(printfa.o)
    0x080088fc   0x080088fc   0x00000028   Code   RO         2737    i.__ARM_fpclassify  m_ws.l(fpclassify.o)
    0x08008924   0x08008924   0x000000aa   Code   RO         2739    i.__kernel_poly     m_ws.l(poly.o)
    0x080089ce   0x080089ce   0x00000002   PAD
    0x080089d0   0x080089d0   0x00000010   Code   RO         2723    i.__mathlib_dbl_divzero  m_ws.l(dunder.o)
    0x080089e0   0x080089e0   0x00000004   Code   RO         2725    i.__mathlib_dbl_infnan2  m_ws.l(dunder.o)
    0x080089e4   0x080089e4   0x0000000c   Code   RO         2726    i.__mathlib_dbl_invalid  m_ws.l(dunder.o)
    0x080089f0   0x080089f0   0x0000000e   Code   RO         2727    i.__mathlib_dbl_overflow  m_ws.l(dunder.o)
    0x080089fe   0x080089fe   0x00000002   PAD
    0x08008a00   0x08008a00   0x00000010   Code   RO         2729    i.__mathlib_dbl_underflow  m_ws.l(dunder.o)
    0x08008a10   0x08008a10   0x0000000e   Code   RO         2808    i.__scatterload_copy  mc_w.l(handlers.o)
    0x08008a1e   0x08008a1e   0x00000002   Code   RO         2809    i.__scatterload_null  mc_w.l(handlers.o)
    0x08008a20   0x08008a20   0x0000000e   Code   RO         2810    i.__scatterload_zeroinit  mc_w.l(handlers.o)
    0x08008a2e   0x08008a2e   0x00000002   PAD
    0x08008a30   0x08008a30   0x0000000c   Code   RO         2778    i.__set_errno       mc_w.l(errno.o)
    0x08008a3c   0x08008a3c   0x00000184   Code   RO         2669    i._fp_digits        mc_w.l(printfa.o)
    0x08008bc0   0x08008bc0   0x000006dc   Code   RO         2670    i._printf_core      mc_w.l(printfa.o)
    0x0800929c   0x0800929c   0x00000024   Code   RO         2671    i._printf_post_padding  mc_w.l(printfa.o)
    0x080092c0   0x080092c0   0x0000002e   Code   RO         2672    i._printf_pre_padding  mc_w.l(printfa.o)
    0x080092ee   0x080092ee   0x00000002   PAD
    0x080092f0   0x080092f0   0x000009ec   Code   RO         2635    i.pow               m_ws.l(pow.o)
    0x08009cdc   0x08009cdc   0x00000094   Code   RO         2639    i.round             m_ws.l(round.o)
    0x08009d70   0x08009d70   0x0000004c   Code   RO         2743    i.sqrt              m_ws.l(sqrt.o)
    0x08009dbc   0x08009dbc   0x00000004   PAD
    0x08009dc0   0x08009dc0   0x00000088   Data   RO         2636    .constdata          m_ws.l(pow.o)
    0x08009e48   0x08009e48   0x00000008   Data   RO         2741    .constdata          m_ws.l(qnan.o)
    0x08009e50   0x08009e50   0x00000004   Data   RO         2169    .rodata.ADCPrescTable  stm32f10x_rcc.o
    0x08009e54   0x08009e54   0x00000010   Data   RO         2168    .rodata.APBAHBPrescTable  stm32f10x_rcc.o
    0x08009e64   0x08009e64   0x00000004   Data   RO          965    .rodata.conv1d_1_bias_shift  main.o
    0x08009e68   0x08009e68   0x00000028   Data   RO          966    .rodata.conv1d_1_config  main.o
    0x08009e90   0x08009e90   0x00000004   Data   RO          964    .rodata.conv1d_1_output_shift  main.o
    0x08009e94   0x08009e94   0x00000004   Data   RO          952    .rodata.conv1d_bias_shift  main.o
    0x08009e98   0x08009e98   0x00000028   Data   RO          953    .rodata.conv1d_config  main.o
    0x08009ec0   0x08009ec0   0x00000004   Data   RO          951    .rodata.conv1d_output_shift  main.o
    0x08009ec4   0x08009ec4   0x00000040   Data   RO          269    .rodata.default_activation_names  nnom.o
    0x08009f04   0x08009f04   0x00000020   Data   RO          270    .rodata.default_cell_names  nnom.o
    0x08009f24   0x08009f24   0x0000018c   Data   RO          268    .rodata.default_layer_names  nnom.o
    0x0800a0b0   0x0800a0b0   0x00000004   Data   RO          979    .rodata.dense_bias_shift  main.o
    0x0800a0b4   0x0800a0b4   0x00000018   Data   RO          980    .rodata.dense_config  main.o
    0x0800a0cc   0x0800a0cc   0x00000004   Data   RO          978    .rodata.dense_output_shift  main.o
    0x0800a0d0   0x0800a0d0   0x00000bf6   Data   RO         1215    .rodata.dmp_memory  inv_mpu_dmp_motion_driver.o
    0x0800acc6   0x0800acc6   0x00000002   PAD
    0x0800acc8   0x0800acc8   0x00000004   Data   RO          967    .rodata.flatten_config  main.o
    0x0800accc   0x0800accc   0x0000000c   Data   RO         1148    .rodata.hw          inv_mpu.o
    0x0800acd8   0x0800acd8   0x00000008   Data   RO          940    .rodata.input_1_config  main.o
    0x0800ace0   0x0800ace0   0x00000008   Data   RO          987    .rodata.output0_config  main.o
    0x0800ace8   0x0800ace8   0x0000001e   Data   RO         1147    .rodata.reg         inv_mpu.o
    0x0800ad06   0x0800ad06   0x00000002   PAD
    0x0800ad08   0x0800ad08   0x00000004   Data   RO          981    .rodata.softmax_config  main.o
    0x0800ad0c   0x0800ad0c   0x00000524   Data   RO          275    .rodata.str1.1      nnom.o
    0x0800b230   0x0800b230   0x00000022   Data   RO          331    .rodata.str1.1      nnom_tensor.o
    0x0800b252   0x0800b252   0x0000002b   Data   RO          832    .rodata.str1.1      cyberrypotter.o
    0x0800b27d   0x0800b27d   0x000000f0   Data   RO          939    .rodata.str1.1      main.o
    0x0800b36d   0x0800b36d   0x00000160   Data   RO         1011    .rodata.str1.1      mpu6050.o
    0x0800b4cd   0x0800b4cd   0x0000000b   Data   RO         1264    .rodata.str1.1      usart.o
    0x0800b4d8   0x0800b4d8   0x0000001a   Data   RO         1281    .rodata.str1.1      button.o
    0x0800b4f2   0x0800b4f2   0x0000006e   Data   RO         1371    .rodata.str1.1      module_ir_rf.o
    0x0800b560   0x0800b560   0x00000018   Data   RO          963    .rodata.tensor_conv1d_1_bias_0  main.o
    0x0800b578   0x0800b578   0x0000000f   Data   RO          959    .rodata.tensor_conv1d_1_bias_0_data  main.o
    0x0800b587   0x0800b587   0x00000001   PAD
    0x0800b588   0x0800b588   0x00000004   Data   RO          961    .rodata.tensor_conv1d_1_bias_0_dec  main.o
    0x0800b58c   0x0800b58c   0x00000002   Data   RO          960    .rodata.tensor_conv1d_1_bias_0_dim  main.o
    0x0800b58e   0x0800b58e   0x00000002   PAD
    0x0800b590   0x0800b590   0x00000004   Data   RO          962    .rodata.tensor_conv1d_1_bias_0_offset  main.o
    0x0800b594   0x0800b594   0x00000018   Data   RO          958    .rodata.tensor_conv1d_1_kernel_0  main.o
    0x0800b5ac   0x0800b5ac   0x00000546   Data   RO          954    .rodata.tensor_conv1d_1_kernel_0_data  main.o
    0x0800baf2   0x0800baf2   0x00000002   PAD
    0x0800baf4   0x0800baf4   0x00000004   Data   RO          956    .rodata.tensor_conv1d_1_kernel_0_dec  main.o
    0x0800baf8   0x0800baf8   0x00000006   Data   RO          955    .rodata.tensor_conv1d_1_kernel_0_dim  main.o
    0x0800bafe   0x0800bafe   0x00000002   PAD
    0x0800bb00   0x0800bb00   0x00000004   Data   RO          957    .rodata.tensor_conv1d_1_kernel_0_offset  main.o
    0x0800bb04   0x0800bb04   0x00000018   Data   RO          950    .rodata.tensor_conv1d_bias_0  main.o
    0x0800bb1c   0x0800bb1c   0x0000001e   Data   RO          946    .rodata.tensor_conv1d_bias_0_data  main.o
    0x0800bb3a   0x0800bb3a   0x00000002   PAD
    0x0800bb3c   0x0800bb3c   0x00000004   Data   RO          948    .rodata.tensor_conv1d_bias_0_dec  main.o
    0x0800bb40   0x0800bb40   0x00000002   Data   RO          947    .rodata.tensor_conv1d_bias_0_dim  main.o
    0x0800bb42   0x0800bb42   0x00000002   PAD
    0x0800bb44   0x0800bb44   0x00000004   Data   RO          949    .rodata.tensor_conv1d_bias_0_offset  main.o
    0x0800bb48   0x0800bb48   0x00000018   Data   RO          945    .rodata.tensor_conv1d_kernel_0  main.o
    0x0800bb60   0x0800bb60   0x0000010e   Data   RO          941    .rodata.tensor_conv1d_kernel_0_data  main.o
    0x0800bc6e   0x0800bc6e   0x00000002   PAD
    0x0800bc70   0x0800bc70   0x00000004   Data   RO          943    .rodata.tensor_conv1d_kernel_0_dec  main.o
    0x0800bc74   0x0800bc74   0x00000006   Data   RO          942    .rodata.tensor_conv1d_kernel_0_dim  main.o
    0x0800bc7a   0x0800bc7a   0x00000002   PAD
    0x0800bc7c   0x0800bc7c   0x00000004   Data   RO          944    .rodata.tensor_conv1d_kernel_0_offset  main.o
    0x0800bc80   0x0800bc80   0x00000018   Data   RO          977    .rodata.tensor_dense_bias_0  main.o
    0x0800bc98   0x0800bc98   0x0000000d   Data   RO          973    .rodata.tensor_dense_bias_0_data  main.o
    0x0800bca5   0x0800bca5   0x00000003   PAD
    0x0800bca8   0x0800bca8   0x00000004   Data   RO          975    .rodata.tensor_dense_bias_0_dec  main.o
    0x0800bcac   0x0800bcac   0x00000002   Data   RO          974    .rodata.tensor_dense_bias_0_dim  main.o
    0x0800bcae   0x0800bcae   0x00000002   PAD
    0x0800bcb0   0x0800bcb0   0x00000004   Data   RO          976    .rodata.tensor_dense_bias_0_offset  main.o
    0x0800bcb4   0x0800bcb4   0x00000018   Data   RO          972    .rodata.tensor_dense_kernel_0  main.o
    0x0800bccc   0x0800bccc   0x00002490   Data   RO          968    .rodata.tensor_dense_kernel_0_data  main.o
    0x0800e15c   0x0800e15c   0x00000004   Data   RO          970    .rodata.tensor_dense_kernel_0_dec  main.o
    0x0800e160   0x0800e160   0x00000004   Data   RO          969    .rodata.tensor_dense_kernel_0_dim  main.o
    0x0800e164   0x0800e164   0x00000004   Data   RO          971    .rodata.tensor_dense_kernel_0_offset  main.o
    0x0800e168   0x0800e168   0x00000018   Data   RO          938    .rodata.tensor_input_1  main.o
    0x0800e180   0x0800e180   0x00000004   Data   RO          935    .rodata.tensor_input_1_dec  main.o
    0x0800e184   0x0800e184   0x00000004   Data   RO          934    .rodata.tensor_input_1_dim  main.o
    0x0800e188   0x0800e188   0x00000004   Data   RO          936    .rodata.tensor_input_1_offset  main.o
    0x0800e18c   0x0800e18c   0x00000018   Data   RO          986    .rodata.tensor_output0  main.o
    0x0800e1a4   0x0800e1a4   0x00000004   Data   RO          983    .rodata.tensor_output0_dec  main.o
    0x0800e1a8   0x0800e1a8   0x00000002   Data   RO          982    .rodata.tensor_output0_dim  main.o
    0x0800e1aa   0x0800e1aa   0x00000002   PAD
    0x0800e1ac   0x0800e1ac   0x00000004   Data   RO          984    .rodata.tensor_output0_offset  main.o
    0x0800e1b0   0x0800e1b0   0x00000028   Data   RO         1149    .rodata.test        inv_mpu.o
    0x0800e1d8   0x0800e1d8   0x00000020   Data   RO         2807    Region$$Table       anon$$obj.o


    Execution Region RW_IRAM1 (Exec base: 0x20000000, Load base: 0x0800e1f8, Size: 0x00003118, Max: 0x00005000, ABSOLUTE)

    Exec Addr    Load Addr    Size         Type   Attr      Idx    E Section Name        Object

    0x20000000   0x0800e1f8   0x00000004   Data   RW         2760    .data               mc_w.l(stdout.o)
    0x20000004   0x0800e1fc   0x00000004   Data   RW         2779    .data               mc_w.l(errno.o)
    0x20000008   0x0800e200   0x00000009   Data   RW         1012    .data.gyro_orientation  mpu6050.o
    0x20000011   0x0800e209   0x00000001   Data   RW          988    .data.model_output  main.o
    0x20000012   0x0800e20a   0x00000002   PAD
    0x20000014   0x0800e20c   0x0000002c   Data   RW         1150    .data.st            inv_mpu.o
    0x20000040        -       0x00000008   Zero   RW         1280    .bss.Button         button.o
    0x20000048        -       0x00000008   Zero   RW          831    .bss.Cyberry_Potter  cyberrypotter.o
    0x20000050        -       0x00000001   Zero   RW          833    .bss.EXTI9_5_IRQHandler.i  cyberrypotter.o
    0x20000051   0x0800e238   0x00000003   PAD
    0x20000054        -       0x00000e1c   Zero   RW          918    .bss.IMU            imu.o
    0x20000e70        -       0x0000000c   Zero   RW          917    .bss.IMU_bias       imu.o
    0x20000e7c        -       0x00000408   Zero   RW         1370    .bss.IR_RF_Signal   module_ir_rf.o
    0x20001284        -       0x00000004   Zero   RW         1296    .bss.LED            led.o
    0x20001288        -       0x00000002   Zero   RW         1372    .bss.SIGNAL_Count   module_ir_rf.o
    0x2000128a   0x0800e238   0x00000002   PAD
    0x2000128c        -       0x00000010   Zero   RW         1220    .bss.dmp            inv_mpu_dmp_motion_driver.o
    0x2000129c        -       0x00000004   Zero   RW          989    .bss.model          main.o
    0x200012a0        -       0x000001c2   Zero   RW          937    .bss.nnom_input_data  main.o
    0x20001462   0x0800e238   0x00000002   PAD
    0x20001464        -       0x00000004   Zero   RW          271    .bss.nnom_memory_taken  nnom.o
    0x20001468        -       0x00000088   Zero   RW          992    .bss.nnom_model_create.model  main.o
    0x200014f0        -       0x0000000d   Zero   RW          985    .bss.nnom_output_data  main.o
    0x200014fd   0x0800e238   0x00000003   PAD
    0x20001500        -       0x00000004   Zero   RW          272    .bss.nnom_static_buf  nnom.o
    0x20001504        -       0x00000004   Zero   RW          274    .bss.nnom_static_buf_curr  nnom.o
    0x20001508        -       0x00000004   Zero   RW          273    .bss.nnom_static_buf_size  nnom.o
    0x2000150c        -       0x00000001   Zero   RW         1282    .bss.previous_status  button.o
    0x2000150d        -       0x00001800   Zero   RW          990    .bss.static_buf     main.o
    0x20002d0d   0x0800e238   0x00000001   PAD
    0x20002d0e        -       0x00000002   Zero   RW         1283    .bss.time_hold_count_ms  button.o
    0x20002d10        -       0x00000002   Zero   RW         1284    .bss.time_release_count_ms  button.o
    0x20002d12   0x0800e238   0x00000006   PAD
    0x20002d18        -       0x00000400   Zero   RW         2608    STACK               startup_stm32f10x_md.o


==============================================================================

Image component sizes


      Code (inc. data)   RO Data    RW Data    ZI Data      Debug   Object Name

       626          0         26          0         13       5517   button.o
       250          0         43          0          9       3782   cyberrypotter.o
       116          0          0          0          0       1066   delay.o
       744          0          0          0          0       5283   iic.o
       544          0          0          0       3624       2108   imu.o
      7720         40         82         44          0      19865   inv_mpu.o
      3248         16       3062          0         16       8636   inv_mpu_dmp_motion_driver.o
       342          6          0          0          4       2082   led.o
      1270         14      11714          1       6747       9489   main.o
       194          0          0          0          0       3336   misc.o
       128          0        110          0       1034       4605   module_ir_rf.o
       836          0        352          9          0       5862   mpu6050.o
      4458          0       1808          0         16      16674   nnom.o
       166          0          0          0          0       9082   nnom_activation.o
       104          0          0          0          0       4351   nnom_baselayer.o
      1430          0          0          0          0       7195   nnom_conv2d.o
       692          0          0          0          0       6020   nnom_dense.o
       264          0          0          0          0       4208   nnom_flatten.o
       468          0          0          0          0       4869   nnom_input.o
       114          0          0          0          0       4796   nnom_layers.o
      2514          0          0          0          0      27902   nnom_local.o
      1016          0          0          0          0      27379   nnom_local_q15.o
       124          0          0          0          0       4139   nnom_output.o
       274          0          0          0          0       4164   nnom_softmax.o
       632          0         34          0          0       4605   nnom_tensor.o
       206          0          0          0          0       3332   spi.o
        36          8        236          0       1024        820   startup_stm32f10x_md.o
       322          0          0          0          0       2861   stm32f10x_exti.o
       566          0          0          0          0       5702   stm32f10x_gpio.o
       474          0         20          0          0       7033   stm32f10x_rcc.o
       144          0          0          0          0       6617   stm32f10x_spi.o
       536          0          0          0          0      20408   stm32f10x_tim.o
       530          0          0          0          0       7506   stm32f10x_usart.o
       400          0          0          0          0       2963   system_stm32f10x.o
       236          0         11          0          0       4294   usart.o

    ----------------------------------------------------------------------
     31920         84      17556         56      12504     258551   Object Totals
         0          0         32          0          0          0   (incl. Generated)
       196          0         26          2         17          0   (incl. Padding)

    ----------------------------------------------------------------------

      Code (inc. data)   RO Data    RW Data    ZI Data      Debug   Library Member Name

        62         10          0          0          0        340   dunder.o
        40          0          0          0          0         68   fpclassify.o
       170          0          0          0          0         96   poly.o
      2540        188        136          0          0        332   pow.o
         0          0          8          0          0          0   qnan.o
       148         12          0          0          0         88   round.o
        76          0          0          0          0         84   sqrt.o
         0          0          0          0          0          0   entry.o
         0          0          0          0          0          0   entry10a.o
         0          0          0          0          0          0   entry11a.o
         8          4          0          0          0          0   entry2.o
         4          0          0          0          0          0   entry5.o
         0          0          0          0          0          0   entry7b.o
         0          0          0          0          0          0   entry8b.o
         8          4          0          0          0          0   entry9a.o
        12          6          0          4          0         68   errno.o
        30          0          0          0          0          0   handlers.o
        48         10          0          0          0         68   init.o
         0          0          0          0          0          0   iusefp.o
        98          0          0          0          0         84   ldiv.o
        30          0          0          0          0         68   llshl.o
        36          0          0          0          0         68   llsshr.o
        32          0          0          0          0         68   llushr.o
        26          0          0          0          0         80   memcmp.o
        36          0          0          0          0         68   memcpya.o
        36          0          0          0          0        108   memseta.o
      2258         90          0          0          0        452   printfa.o
         0          0          0          4          0          0   stdout.o
        44          0          0          0          0         80   uidiv.o
        98          0          0          0          0         92   uldiv.o
        48          0          0          0          0         68   cdcmple.o
        48          0          0          0          0         68   cdrcmple.o
        56          0          0          0          0         88   d2f.o
       334          0          0          0          0        148   dadd.o
        54          0          0          0          0         80   dcmple.o
       222          0          0          0          0        100   ddiv.o
       186          0          0          0          0        176   depilogue.o
        62          0          0          0          0         80   dfixi.o
        48          0          0          0          0         68   dfixul.o
        34          0          0          0          0         76   dflti.o
       228          0          0          0          0         96   dmul.o
       136          4          0          0          0         92   drnd.o
        46          0          0          0          0         80   dscalb.o
       162          0          0          0          0        100   dsqrt.o
        38          0          0          0          0         68   f2d.o
       176          0          0          0          0        140   fadd.o
        28          0          0          0          0         68   fcmpeq.o
        28          0          0          0          0         68   fcmple.o
        28          0          0          0          0         68   fcmplt.o
       124          0          0          0          0         88   fdiv.o
       110          0          0          0          0        168   fepilogue.o
        50          0          0          0          0         68   ffixi.o
        18          0          0          0          0         68   fflti.o
        10          0          0          0          0         68   ffltui.o
       100          0          0          0          0         76   fmul.o

    ----------------------------------------------------------------------
      8228        328        144          8          0       4580   Library Totals
        14          0          0          0          0          0   (incl. Padding)

    ----------------------------------------------------------------------

      Code (inc. data)   RO Data    RW Data    ZI Data      Debug   Library Name

      3036        210        144          0          0       1008   m_ws.l
      2804        114          0          8          0       1304   mc_w.l
      2374          4          0          0          0       2268   mf_w.l

    ----------------------------------------------------------------------
      8228        328        144          8          0       4580   Library Totals

    ----------------------------------------------------------------------

==============================================================================


      Code (inc. data)   RO Data    RW Data    ZI Data      Debug   

     40148        412      17700         64      12504     260127   Grand Totals
     40148        412      17700         64      12504     260127   ELF Image Totals
     40148        412      17700         64          0          0   ROM Totals

==============================================================================

    Total RO  Size (Code + RO Data)                57848 (  56.49kB)
    Total RW  Size (RW Data + ZI Data)             12568 (  12.27kB)
    Total ROM Size (Code + RO Data + RW Data)      57912 (  56.55kB)

==============================================================================

