Component: Arm Compiler for Embedded 6.22 Tool: armlink [5ee90200]

==============================================================================

Section Cross References

    nnom_local.o(.text) refers to memcpya.o(.text) for __aeabi_memcpy
    nnom_local.o(.text) refers to memseta.o(.text) for __aeabi_memclr
    nnom_local.o(.text) refers to fflti.o(.text) for __aeabi_i2f
    nnom_local.o(.text) refers to fmul.o(.text) for __aeabi_fmul
    nnom_local.o(.text) refers to fadd.o(.text) for __aeabi_fadd
    nnom_local.o(.text) refers to ffixi.o(.text) for __aeabi_f2iz
    nnom_local.o(.text) refers to nnom_local.o(.rodata.nnom_sigmoid_table_q7) for nnom_sigmoid_table_q7
    nnom_local.o(.text) refers to nnom_local.o(.rodata.nnom_tanh_table_q7) for nnom_tanh_table_q7
    nnom_local.o(.ARM.exidx) refers to nnom_local.o(.text) for [Anonymous Symbol]
    nnom_local_q15.o(.text) refers to memcpya.o(.text) for __aeabi_memcpy
    nnom_local_q15.o(.text) refers to memseta.o(.text) for __aeabi_memclr
    nnom_local_q15.o(.text) refers to ldiv.o(.text) for __aeabi_ldivmod
    nnom_local_q15.o(.text) refers to fflti.o(.text) for __aeabi_i2f
    nnom_local_q15.o(.text) refers to fmul.o(.text) for __aeabi_fmul
    nnom_local_q15.o(.text) refers to fadd.o(.text) for __aeabi_fadd
    nnom_local_q15.o(.text) refers to ffixi.o(.text) for __aeabi_f2iz
    nnom_local_q15.o(.text) refers to nnom_local_q15.o(.rodata.nnom_sigmoid_table_q15) for nnom_sigmoid_table_q15
    nnom_local_q15.o(.text) refers to nnom_local_q15.o(.rodata.nnom_tanh_table_q15) for nnom_tanh_table_q15
    nnom_local_q15.o(.ARM.exidx) refers to nnom_local_q15.o(.text) for [Anonymous Symbol]
    nnom.o(.text) refers to nnom.o(.bss.nnom_static_buf) for nnom_static_buf
    nnom.o(.text) refers to nnom.o(.bss.nnom_static_buf_size) for nnom_static_buf_size
    nnom.o(.text) refers to nnom.o(.bss.nnom_static_buf_curr) for nnom_static_buf_curr
    nnom.o(.text) refers to nnom.o(.rodata.str1.1) for .L.str
    nnom.o(.text) refers to printfa.o(i.__0printf) for printf
    nnom.o(.text) refers to nnom.o(.bss.nnom_memory_taken) for nnom_memory_taken
    nnom.o(.text) refers to memseta.o(.text) for __aeabi_memclr
    nnom.o(.text) refers to nnom_tensor.o(.text) for tensor_size
    nnom.o(.text) refers to nnom.o(.rodata.default_layer_names) for default_layer_names
    nnom.o(.text) refers to nnom.o(.rodata.default_cell_names) for default_cell_names
    nnom.o(.text) refers to nnom.o(.rodata.default_activation_names) for default_activation_names
    nnom.o(.ARM.exidx) refers to nnom.o(.text) for [Anonymous Symbol]
    nnom_layers.o(.text) refers to nnom.o(.text) for nnom_mem
    nnom_layers.o(.ARM.exidx) refers to nnom_layers.o(.text) for [Anonymous Symbol]
    nnom_tensor.o(.text) refers to nnom_tensor.o(.rodata.str1.1) for .L.str
    nnom_tensor.o(.text) refers to printfa.o(i.__0printf) for printf
    nnom_tensor.o(.text) refers to nnom.o(.text) for nnom_alignto
    nnom_tensor.o(.text) refers to memcpya.o(.text) for __aeabi_memcpy
    nnom_tensor.o(.ARM.exidx) refers to nnom_tensor.o(.text) for [Anonymous Symbol]
    nnom_utils.o(.text) refers to nnom.o(.text) for nnom_malloc
    nnom_utils.o(.text) refers to memseta.o(.text) for __aeabi_memclr4
    nnom_utils.o(.text) refers to fflti.o(.text) for __aeabi_i2f
    nnom_utils.o(.text) refers to fdiv.o(.text) for __aeabi_fdiv
    nnom_utils.o(.text) refers to fcmplt.o(.text) for __aeabi_fcmplt
    nnom_utils.o(.text) refers to nnom_utils.o(.rodata.str1.1) for .L.str
    nnom_utils.o(.text) refers to printfa.o(i.__0printf) for printf
    nnom_utils.o(.text) refers to uldiv.o(.text) for __aeabi_uldivmod
    nnom_utils.o(.text) refers to nnom_tensor.o(.text) for tensor_size
    nnom_utils.o(.text) refers to nnom.o(.rodata.default_layer_names) for default_layer_names
    nnom_utils.o(.text) refers to nnom.o(.rodata.default_cell_names) for default_cell_names
    nnom_utils.o(.ARM.exidx) refers to nnom_utils.o(.text) for [Anonymous Symbol]
    nnom_activation.o(.text) refers to nnom.o(.text) for nnom_mem
    nnom_activation.o(.text) refers to nnom_baselayer.o(.text) for default_build
    nnom_activation.o(.text) refers to nnom_layers.o(.text) for io_init
    nnom_activation.o(.text) refers to fmul.o(.text) for __aeabi_fmul
    nnom_activation.o(.text) refers to ffixi.o(.text) for __aeabi_f2iz
    nnom_activation.o(.text) refers to nnom_tensor.o(.text) for tensor_size
    nnom_activation.o(.text) refers to nnom_local_q15.o(.text) for local_relu_q15
    nnom_activation.o(.text) refers to nnom_local.o(.text) for local_relu_q7
    nnom_activation.o(.text) refers to fflti.o(.text) for __aeabi_i2f
    nnom_activation.o(.text) refers to fcmpge.o(.text) for __aeabi_fcmpge
    nnom_activation.o(.text) refers to fcmpeq.o(.text) for __aeabi_fcmpeq
    nnom_activation.o(.ARM.exidx) refers to nnom_activation.o(.text) for [Anonymous Symbol]
    nnom_avgpool.o(.text) refers to nnom_layers.o(.text) for kernel
[...]
    USART1_Init                              0x080106fd   Thumb Code   190  usart.o(.text)
    fputc                                    0x080107bd   Thumb Code    46  usart.o(.text)
    USART3_Init                              0x080107ed   Thumb Code   188  usart.o(.text)
    USART3_WriteByte                         0x080108a9   Thumb Code    46  usart.o(.text)
    EXTI0_IRQHandler                         0x080108d9   Thumb Code    54  button.o(.text)
    TIM4_IRQHandler                          0x08010911   Thumb Code   314  button.o(.text)
    Button_Status_Clear                      0x08010a4d   Thumb Code    14  button.o(.text)
    Button_Init                              0x08010a5d   Thumb Code   232  button.o(.text)
    LED_Blink                                0x08010b45   Thumb Code   282  led.o(.text)
    LED_Init                                 0x08010c61   Thumb Code    72  led.o(.text)
    ADC_PB1_Init                             0x08010ca9   Thumb Code   178  adc.o(.text)
    ADC1_Deinit                              0x08010d5d   Thumb Code    16  adc.o(.text)
    ADC_PB1_GetAvg                           0x08010d6d   Thumb Code   484  adc.o(.text)
    Module0_IR_Init                          0x08010f85   Thumb Code   328  module0_ir.o(.text)
    Module0_IR_38Khz_Logic                   0x080110cd   Thumb Code    54  module0_ir.o(.text)
    Module0_IR_Transmit                      0x08011105   Thumb Code   154  module0_ir.o(.text)
    Module1_RF433_Init                       0x080111a1   Thumb Code   246  module1_rf433.o(.text)
    Module1_RF433_Logic                      0x08011299   Thumb Code    56  module1_rf433.o(.text)
    Module1_RF433_Transmit                   0x080112d1   Thumb Code   112  module1_rf433.o(.text)
    Module2_RF315_Init                       0x08011341   Thumb Code   246  module2_rf315.o(.text)
    Module2_RF315_Logic                      0x08011439   Thumb Code    56  module2_rf315.o(.text)
    Module2_RF315_Transmit                   0x08011471   Thumb Code   112  module2_rf315.o(.text)
    Module_IR_RF_Init                        0x080114e1   Thumb Code    88  module_ir_rf.o(.text)
    Module_IR_RF_receiver_start              0x08011539   Thumb Code    44  module_ir_rf.o(.text)
    Module_IR_RF_Record_Duration             0x08011565   Thumb Code    60  module_ir_rf.o(.text)
    Module_IR_RF_receiver_stop               0x080115a1   Thumb Code    60  module_ir_rf.o(.text)
    Module_IR_RF_Copy_From_Buffer            0x080115dd   Thumb Code   192  module_ir_rf.o(.text)
    Module_IR_RF_Copy_To_Buffer              0x0801169d   Thumb Code   190  module_ir_rf.o(.text)
    Module_IR_RF_Data_Reset                  0x0801175d   Thumb Code    90  module_ir_rf.o(.text)
    Module_IR_RF_Print                       0x080117b9   Thumb Code   174  module_ir_rf.o(.text)
    Module_IR_RF_Transmit                    0x08011869   Thumb Code   226  module_ir_rf.o(.text)
    Module_IR_RF_Receive                     0x0801194d   Thumb Code   230  module_ir_rf.o(.text)
    TIM2_IRQHandler                          0x08011a35   Thumb Code    54  module_ir_rf.o(.text)
    Module3_Init                             0x08011a6d   Thumb Code    20  module3.o(.text)
    Module3_Mode0_Handler                    0x08011a81   Thumb Code   412  module3.o(.text)
    Module3_Mode1_Handler                    0x08011c1d   Thumb Code   412  module3.o(.text)
    Module4_Init                             0x08011db9   Thumb Code     2  module4.o(.text)
    Module4_Mode0_Handler                    0x08011dbd   Thumb Code     2  module4.o(.text)
    Module4_Mode1_Handler                    0x08011dc1   Thumb Code     2  module4.o(.text)
    Module5_Init                             0x08011dc5   Thumb Code     2  module5.o(.text)
    Module5_Mode0_Handler                    0x08011dc9   Thumb Code     2  module5.o(.text)
    Module5_Mode1_Handler                    0x08011dcd   Thumb Code     2  module5.o(.text)
    Module6_Init                             0x08011dd1   Thumb Code     2  module6.o(.text)
    Module6_Mode0_Handler                    0x08011dd5   Thumb Code     2  module6.o(.text)
    Module6_Mode1_Handler                    0x08011dd9   Thumb Code     2  module6.o(.text)
    Module7_Init                             0x08011ddd   Thumb Code     2  module7.o(.text)
    Module7_Mode0_Handler                    0x08011de1   Thumb Code     2  module7.o(.text)
    Module7_Mode1_Handler                    0x08011de5   Thumb Code     2  module7.o(.text)
    Module8_Init                             0x08011de9   Thumb Code     2  module8.o(.text)
    Module8_Mode0_Handler                    0x08011ded   Thumb Code     2  module8.o(.text)
    Module8_Mode1_Handler                    0x08011df1   Thumb Code     2  module8.o(.text)
    Module9_Init                             0x08011df5   Thumb Code     2  module9.o(.text)
    Module9_Mode0_Handler                    0x08011df9   Thumb Code     2  module9.o(.text)
    Module9_Mode1_Handler                    0x08011dfd   Thumb Code     2  module9.o(.text)
    Module10_Init                            0x08011e01   Thumb Code     2  module10.o(.text)
    Module10_Mode0_Handler                   0x08011e05   Thumb Code     2  module10.o(.text)
    Module10_Mode1_Handler                   0x08011e09   Thumb Code     2  module10.o(.text)
    NVIC_PriorityGroupConfig                 0x08011e0d   Thumb Code    28  misc.o(.text)
    NVIC_Init                                0x08011e29   Thumb Code   166  misc.o(.text)
    NVIC_SetVectorTable                      0x08011ed1   Thumb Code    36  misc.o(.text)
    NVIC_SystemLPConfig                      0x08011ef5   Thumb Code    58  misc.o(.text)
    SysTick_CLKSourceConfig                  0x08011f31   Thumb Code    52  misc.o(.text)
    ADC_DeInit                               0x08011f65   Thumb Code   128  stm32f10x_adc.o(.text)
    ADC_Init                                 0x08011fe5   Thumb Code   154  stm32f10x_adc.o(.text)
    ADC_StructInit                           0x08012081   Thumb Code    36  stm32f10x_adc.o(.text)
    ADC_Cmd                                  0x080120a5   Thumb Code    40  stm32f10x_adc.o(.text)
    ADC_DMACmd                               0x080120cd   Thumb Code    40  stm32f10x_adc.o(.text)
    ADC_ITConfig                             0x080120f5   Thumb Code    62  stm32f10x_adc.o(.text)
    ADC_ResetCalibration                     0x08012135   Thumb Code    18  stm32f10x_adc.o(.text)
    ADC_GetResetCalibrationStatus            0x08012149   Thumb Code    38  stm32f10x_adc.o(.text)
    ADC_StartCalibration                     0x08012171   Thumb Code    18  stm32f10x_adc.o(.text)
    ADC_GetCalibrationStatus                 0x08012185   Thumb Code    38  stm32f10x_adc.o(.text)
    ADC_SoftwareStartConvCmd                 0x080121ad   Thumb Code    40  stm32f10x_adc.o(.text)
    ADC_GetSoftwareStartConvStatus           0x080121d5   Thumb Code    38  stm32f10x_adc.o(.text)
    ADC_DiscModeChannelCountConfig           0x080121fd   Thumb Code    56  stm32f10x_adc.o(.text)
    ADC_DiscModeCmd                          0x08012235   Thumb Code    40  stm32f10x_adc.o(.text)
    ADC_RegularChannelConfig                 0x0801225d   Thumb Code   380  stm32f10x_adc.o(.text)
    ADC_ExternalTrigConvCmd                  0x080123d9   Thumb Code    40  stm32f10x_adc.o(.text)
    ADC_GetConversionValue                   0x08012401   Thumb Code    14  stm32f10x_adc.o(.text)
    ADC_GetDualModeConversionValue           0x08012411   Thumb Code    12  stm32f10x_adc.o(.text)
    ADC_AutoInjectedConvCmd                  0x0801241d   Thumb Code    40  stm32f10x_adc.o(.text)
    ADC_InjectedDiscModeCmd                  0x08012445   Thumb Code    40  stm32f10x_adc.o(.text)
    ADC_ExternalTrigInjectedConvConfig       0x0801246d   Thumb Code    42  stm32f10x_adc.o(.text)
    ADC_ExternalTrigInjectedConvCmd          0x08012499   Thumb Code    40  stm32f10x_adc.o(.text)
    ADC_SoftwareStartInjectedConvCmd         0x080124c1   Thumb Code    40  stm32f10x_adc.o(.text)
    ADC_GetSoftwareStartInjectedConvCmdStatus 0x080124e9   Thumb Code    38  stm32f10x_adc.o(.text)
    ADC_InjectedChannelConfig                0x08012511   Thumb Code   250  stm32f10x_adc.o(.text)
    ADC_InjectedSequencerLengthConfig        0x0801260d   Thumb Code    56  stm32f10x_adc.o(.text)
    ADC_SetInjectedOffset                    0x08012645   Thumb Code    42  stm32f10x_adc.o(.text)
    ADC_GetInjectedConversionValue           0x08012671   Thumb Code    38  stm32f10x_adc.o(.text)
    ADC_AnalogWatchdogCmd                    0x08012699   Thumb Code    48  stm32f10x_adc.o(.text)
    ADC_AnalogWatchdogThresholdsConfig       0x080126c9   Thumb Code    32  stm32f10x_adc.o(.text)
    ADC_AnalogWatchdogSingleChannelConfig    0x080126e9   Thumb Code    46  stm32f10x_adc.o(.text)
    ADC_TempSensorVrefintCmd                 0x08012719   Thumb Code    50  stm32f10x_adc.o(.text)
    ADC_GetFlagStatus                        0x0801274d   Thumb Code    44  stm32f10x_adc.o(.text)
    ADC_ClearFlag                            0x08012779   Thumb Code    22  stm32f10x_adc.o(.text)
    ADC_GetITStatus                          0x08012791   Thumb Code    70  stm32f10x_adc.o(.text)
    ADC_ClearITPendingBit                    0x080127d9   Thumb Code    36  stm32f10x_adc.o(.text)
    EXTI_DeInit                              0x080127fd   Thumb Code    62  stm32f10x_exti.o(.text)
    EXTI_Init                                0x0801283d   Thumb Code   234  stm32f10x_exti.o(.text)
    EXTI_StructInit                          0x08012929   Thumb Code    28  stm32f10x_exti.o(.text)
    EXTI_GenerateSWInterrupt                 0x08012945   Thumb Code    24  stm32f10x_exti.o(.text)
    EXTI_GetFlagStatus                       0x0801295d   Thumb Code    44  stm32f10x_exti.o(.text)
    EXTI_ClearFlag                           0x08012989   Thumb Code    20  stm32f10x_exti.o(.text)
    EXTI_GetITStatus                         0x0801299d   Thumb Code    68  stm32f10x_exti.o(.text)
    EXTI_ClearITPendingBit                   0x080129e1   Thumb Code    20  stm32f10x_exti.o(.text)
    GPIO_DeInit                              0x080129f5   Thumb Code   276  stm32f10x_gpio.o(.text)
    GPIO_AFIODeInit                          0x08012b09   Thumb Code    26  stm32f10x_gpio.o(.text)
    GPIO_Init                                0x08012b25   Thumb Code   390  stm32f10x_gpio.o(.text)
    GPIO_StructInit                          0x08012cad   Thumb Code    28  stm32f10x_gpio.o(.text)
    GPIO_ReadInputDataBit                    0x08012cc9   Thumb Code    52  stm32f10x_gpio.o(.text)
    GPIO_ReadInputData                       0x08012cfd   Thumb Code    14  stm32f10x_gpio.o(.text)
    GPIO_ReadOutputDataBit                   0x08012d0d   Thumb Code    52  stm32f10x_gpio.o(.text)
    GPIO_ReadOutputData                      0x08012d41   Thumb Code    14  stm32f10x_gpio.o(.text)
    GPIO_SetBits                             0x08012d51   Thumb Code    20  stm32f10x_gpio.o(.text)
    GPIO_ResetBits                           0x08012d65   Thumb Code    20  stm32f10x_gpio.o(.text)
    GPIO_WriteBit                            0x08012d79   Thumb Code    40  stm32f10x_gpio.o(.text)
    GPIO_Write                               0x08012da1   Thumb Code    20  stm32f10x_gpio.o(.text)
    GPIO_PinLockConfig                       0x08012db5   Thumb Code    60  stm32f10x_gpio.o(.text)
    GPIO_EventOutputConfig                   0x08012df1   Thumb Code    64  stm32f10x_gpio.o(.text)
    GPIO_EventOutputCmd                      0x08012e31   Thumb Code    18  stm32f10x_gpio.o(.text)
    GPIO_PinRemapConfig                      0x08012e45   Thumb Code   246  stm32f10x_gpio.o(.text)
    GPIO_EXTILineConfig                      0x08012f3d   Thumb Code    84  stm32f10x_gpio.o(.text)
    GPIO_ETH_MediaInterfaceConfig            0x08012f91   Thumb Code    18  stm32f10x_gpio.o(.text)
    RCC_DeInit                               0x08012fa5   Thumb Code    82  stm32f10x_rcc.o(.text)
    RCC_HSEConfig                            0x08012ff9   Thumb Code    92  stm32f10x_rcc.o(.text)
    RCC_WaitForHSEStartUp                    0x08013055   Thumb Code    94  stm32f10x_rcc.o(.text)
    RCC_GetFlagStatus                        0x080130b5   Thumb Code   122  stm32f10x_rcc.o(.text)
    RCC_AdjustHSICalibrationValue            0x08013131   Thumb Code    50  stm32f10x_rcc.o(.text)
    RCC_HSICmd                               0x08013165   Thumb Code    18  stm32f10x_rcc.o(.text)
    RCC_PLLConfig                            0x08013179   Thumb Code    50  stm32f10x_rcc.o(.text)
    RCC_PLLCmd                               0x080131ad   Thumb Code    18  stm32f10x_rcc.o(.text)
    RCC_SYSCLKConfig                         0x080131c1   Thumb Code    44  stm32f10x_rcc.o(.text)
    RCC_GetSYSCLKSource                      0x080131ed   Thumb Code    16  stm32f10x_rcc.o(.text)
    RCC_HCLKConfig                           0x080131fd   Thumb Code    44  stm32f10x_rcc.o(.text)
    RCC_PCLK1Config                          0x08013229   Thumb Code    44  stm32f10x_rcc.o(.text)
    RCC_PCLK2Config                          0x08013255   Thumb Code    46  stm32f10x_rcc.o(.text)
    RCC_ITConfig                             0x08013285   Thumb Code    58  stm32f10x_rcc.o(.text)
    RCC_USBCLKConfig                         0x080132c1   Thumb Code    18  stm32f10x_rcc.o(.text)
    RCC_ADCCLKConfig                         0x080132d5   Thumb Code    44  stm32f10x_rcc.o(.text)
    RCC_LSEConfig                            0x08013301   Thumb Code    76  stm32f10x_rcc.o(.text)
    RCC_LSICmd                               0x0801334d   Thumb Code    20  stm32f10x_rcc.o(.text)
    RCC_RTCCLKConfig                         0x08013361   Thumb Code    24  stm32f10x_rcc.o(.text)
    RCC_RTCCLKCmd                            0x08013379   Thumb Code    20  stm32f10x_rcc.o(.text)
    RCC_GetClocksFreq                        0x0801338d   Thumb Code   370  stm32f10x_rcc.o(.text)
    RCC_AHBPeriphClockCmd                    0x08013501   Thumb Code    52  stm32f10x_rcc.o(.text)
    RCC_APB2PeriphClockCmd                   0x08013535   Thumb Code    52  stm32f10x_rcc.o(.text)
    RCC_APB1PeriphClockCmd                   0x08013569   Thumb Code    52  stm32f10x_rcc.o(.text)
    RCC_APB2PeriphResetCmd                   0x0801359d   Thumb Code    52  stm32f10x_rcc.o(.text)
    RCC_APB1PeriphResetCmd                   0x080135d1   Thumb Code    52  stm32f10x_rcc.o(.text)
    RCC_BackupResetCmd                       0x08013605   Thumb Code    20  stm32f10x_rcc.o(.text)
    RCC_ClockSecuritySystemCmd               0x08013619   Thumb Code    18  stm32f10x_rcc.o(.text)
    RCC_MCOConfig                            0x0801362d   Thumb Code    24  stm32f10x_rcc.o(.text)
    RCC_ClearFlag                            0x08013645   Thumb Code    18  stm32f10x_rcc.o(.text)
    RCC_GetITStatus                          0x08013659   Thumb Code    48  stm32f10x_rcc.o(.text)
    RCC_ClearITPendingBit                    0x08013689   Thumb Code    24  stm32f10x_rcc.o(.text)
    SPI_I2S_DeInit                           0x080136a1   Thumb Code   128  stm32f10x_spi.o(.text)
    SPI_Init                                 0x08013721   Thumb Code   104  stm32f10x_spi.o(.text)
    I2S_Init                                 0x08013789   Thumb Code   372  stm32f10x_spi.o(.text)
    SPI_StructInit                           0x080138fd   Thumb Code    48  stm32f10x_spi.o(.text)
    I2S_StructInit                           0x0801392d   Thumb Code    36  stm32f10x_spi.o(.text)
    SPI_Cmd                                  0x08013951   Thumb Code    40  stm32f10x_spi.o(.text)
    I2S_Cmd                                  0x08013979   Thumb Code    40  stm32f10x_spi.o(.text)
    SPI_I2S_ITConfig                         0x080139a1   Thumb Code    80  stm32f10x_spi.o(.text)
    SPI_I2S_DMACmd                           0x080139f1   Thumb Code    48  stm32f10x_spi.o(.text)
    SPI_I2S_SendData                         0x08013a21   Thumb Code    20  stm32f10x_spi.o(.text)
    SPI_I2S_ReceiveData                      0x08013a35   Thumb Code    12  stm32f10x_spi.o(.text)
    SPI_NSSInternalSoftwareConfig            0x08013a41   Thumb Code    50  stm32f10x_spi.o(.text)
    SPI_SSOutputCmd                          0x08013a75   Thumb Code    40  stm32f10x_spi.o(.text)
    SPI_DataSizeConfig                       0x08013a9d   Thumb Code    34  stm32f10x_spi.o(.text)
    SPI_TransmitCRC                          0x08013ac1   Thumb Code    18  stm32f10x_spi.o(.text)
    SPI_CalculateCRC                         0x08013ad5   Thumb Code    40  stm32f10x_spi.o(.text)
    SPI_GetCRC                               0x08013afd   Thumb Code    52  stm32f10x_spi.o(.text)
    SPI_GetCRCPolynomial                     0x08013b31   Thumb Code    12  stm32f10x_spi.o(.text)
    SPI_BiDirectionalLineConfig              0x08013b3d   Thumb Code    48  stm32f10x_spi.o(.text)
    SPI_I2S_GetFlagStatus                    0x08013b6d   Thumb Code    46  stm32f10x_spi.o(.text)
    SPI_I2S_ClearFlag                        0x08013b9d   Thumb Code    22  stm32f10x_spi.o(.text)
    SPI_I2S_GetITStatus                      0x08013bb5   Thumb Code   118  stm32f10x_spi.o(.text)
    SPI_I2S_ClearITPendingBit                0x08013c2d   Thumb Code    44  stm32f10x_spi.o(.text)
    TIM_DeInit                               0x08013c59   Thumb Code   666  stm32f10x_tim.o(.text)
    TIM_TimeBaseInit                         0x08013ef5   Thumb Code   322  stm32f10x_tim.o(.text)
    TIM_OC1Init                              0x08014039   Thumb Code   354  stm32f10x_tim.o(.text)
    TIM_OC2Init                              0x0801419d   Thumb Code   320  stm32f10x_tim.o(.text)
    TIM_OC3Init                              0x080142dd   Thumb Code   318  stm32f10x_tim.o(.text)
    TIM_OC4Init                              0x0801441d   Thumb Code   238  stm32f10x_tim.o(.text)
    TIM_ICInit                               0x0801450d   Thumb Code   242  stm32f10x_tim.o(.text)
    TIM_SetIC1Prescaler                      0x08014705   Thumb Code    34  stm32f10x_tim.o(.text)
    TIM_SetIC2Prescaler                      0x08014849   Thumb Code    36  stm32f10x_tim.o(.text)
    TIM_SetIC3Prescaler                      0x08014981   Thumb Code    34  stm32f10x_tim.o(.text)
    TIM_SetIC4Prescaler                      0x08014ac5   Thumb Code    36  stm32f10x_tim.o(.text)
    TIM_PWMIConfig                           0x08014ae9   Thumb Code   190  stm32f10x_tim.o(.text)
    TIM_BDTRConfig                           0x08014ba9   Thumb Code    44  stm32f10x_tim.o(.text)
    TIM_TimeBaseStructInit                   0x08014bd5   Thumb Code    34  stm32f10x_tim.o(.text)
    TIM_OCStructInit                         0x08014bf9   Thumb Code    42  stm32f10x_tim.o(.text)
    TIM_ICStructInit                         0x08014c25   Thumb Code    32  stm32f10x_tim.o(.text)
    TIM_BDTRStructInit                       0x08014c45   Thumb Code    38  stm32f10x_tim.o(.text)
    TIM_Cmd                                  0x08014c6d   Thumb Code    40  stm32f10x_tim.o(.text)
    TIM_CtrlPWMOutputs                       0x08014c95   Thumb Code    48  stm32f10x_tim.o(.text)
    TIM_ITConfig                             0x08014cc5   Thumb Code    48  stm32f10x_tim.o(.text)
    TIM_GenerateEvent                        0x08014cf5   Thumb Code    20  stm32f10x_tim.o(.text)
    TIM_DMAConfig                            0x08014d09   Thumb Code    32  stm32f10x_tim.o(.text)
    TIM_DMACmd                               0x08014d29   Thumb Code    48  stm32f10x_tim.o(.text)
    TIM_InternalClockConfig                  0x08014d59   Thumb Code    18  stm32f10x_tim.o(.text)
    TIM_ITRxExternalClockConfig              0x08014d6d   Thumb Code    34  stm32f10x_tim.o(.text)
    TIM_SelectInputTrigger                   0x08014d91   Thumb Code    60  stm32f10x_tim.o(.text)
    TIM_TIxExternalClockConfig               0x08014dcd   Thumb Code    88  stm32f10x_tim.o(.text)
    TIM_ETRClockMode1Config                  0x08014e25   Thumb Code   110  stm32f10x_tim.o(.text)
    TIM_ETRConfig                            0x08014e95   Thumb Code    78  stm32f10x_tim.o(.text)
    TIM_ETRClockMode2Config                  0x08014ee5   Thumb Code    50  stm32f10x_tim.o(.text)
    TIM_PrescalerConfig                      0x08014f19   Thumb Code    32  stm32f10x_tim.o(.text)
    TIM_CounterModeConfig                    0x08014f39   Thumb Code    60  stm32f10x_tim.o(.text)
    TIM_EncoderInterfaceConfig               0x08014f75   Thumb Code   170  stm32f10x_tim.o(.text)
    TIM_ForcedOC1Config                      0x08015021   Thumb Code    60  stm32f10x_tim.o(.text)
    TIM_ForcedOC2Config                      0x0801505d   Thumb Code    62  stm32f10x_tim.o(.text)
    TIM_ForcedOC3Config                      0x0801509d   Thumb Code    60  stm32f10x_tim.o(.text)
    TIM_ForcedOC4Config                      0x080150d9   Thumb Code    62  stm32f10x_tim.o(.text)
    TIM_ARRPreloadConfig                     0x08015119   Thumb Code    40  stm32f10x_tim.o(.text)
    TIM_SelectCOM                            0x08015141   Thumb Code    40  stm32f10x_tim.o(.text)
    TIM_SelectCCDMA                          0x08015169   Thumb Code    40  stm32f10x_tim.o(.text)
    TIM_CCPreloadControl                     0x08015191   Thumb Code    40  stm32f10x_tim.o(.text)
    TIM_OC1PreloadConfig                     0x080151b9   Thumb Code    60  stm32f10x_tim.o(.text)
    TIM_OC2PreloadConfig                     0x080151f5   Thumb Code    62  stm32f10x_tim.o(.text)
    TIM_OC3PreloadConfig                     0x08015235   Thumb Code    60  stm32f10x_tim.o(.text)
    TIM_OC4PreloadConfig                     0x08015271   Thumb Code    62  stm32f10x_tim.o(.text)
    TIM_OC1FastConfig                        0x080152b1   Thumb Code    60  stm32f10x_tim.o(.text)
    TIM_OC2FastConfig                        0x080152ed   Thumb Code    62  stm32f10x_tim.o(.text)
    TIM_OC3FastConfig                        0x0801532d   Thumb Code    60  stm32f10x_tim.o(.text)
    TIM_OC4FastConfig                        0x08015369   Thumb Code    62  stm32f10x_tim.o(.text)
    TIM_ClearOC1Ref                          0x080153a9   Thumb Code    60  stm32f10x_tim.o(.text)
    TIM_ClearOC2Ref                          0x080153e5   Thumb Code    62  stm32f10x_tim.o(.text)
    TIM_ClearOC3Ref                          0x08015425   Thumb Code    60  stm32f10x_tim.o(.text)
    TIM_ClearOC4Ref                          0x08015461   Thumb Code    62  stm32f10x_tim.o(.text)
    TIM_OC1PolarityConfig                    0x080154a1   Thumb Code    60  stm32f10x_tim.o(.text)
    TIM_OC1NPolarityConfig                   0x080154dd   Thumb Code    60  stm32f10x_tim.o(.text)
    TIM_OC2PolarityConfig                    0x08015519   Thumb Code    62  stm32f10x_tim.o(.text)
    TIM_OC2NPolarityConfig                   0x08015559   Thumb Code    62  stm32f10x_tim.o(.text)
    TIM_OC3PolarityConfig                    0x08015599   Thumb Code    62  stm32f10x_tim.o(.text)
    TIM_OC3NPolarityConfig                   0x080155d9   Thumb Code    62  stm32f10x_tim.o(.text)
    TIM_OC4PolarityConfig                    0x08015619   Thumb Code    62  stm32f10x_tim.o(.text)
    TIM_CCxCmd                               0x08015659   Thumb Code    66  stm32f10x_tim.o(.text)
    TIM_CCxNCmd                              0x0801569d   Thumb Code    66  stm32f10x_tim.o(.text)
    TIM_SelectOCxM                           0x080156e1   Thumb Code   156  stm32f10x_tim.o(.text)
    TIM_UpdateDisableConfig                  0x0801577d   Thumb Code    40  stm32f10x_tim.o(.text)
    TIM_UpdateRequestConfig                  0x080157a5   Thumb Code    44  stm32f10x_tim.o(.text)
    TIM_SelectHallSensor                     0x080157d1   Thumb Code    40  stm32f10x_tim.o(.text)
    TIM_SelectOnePulseMode                   0x080157f9   Thumb Code    34  stm32f10x_tim.o(.text)
    TIM_SelectOutputTrigger                  0x0801581d   Thumb Code    34  stm32f10x_tim.o(.text)
    TIM_SelectSlaveMode                      0x08015841   Thumb Code    34  stm32f10x_tim.o(.text)
    TIM_SelectMasterSlaveMode                0x08015865   Thumb Code    34  stm32f10x_tim.o(.text)
    TIM_SetCounter                           0x08015889   Thumb Code    20  stm32f10x_tim.o(.text)
    TIM_SetAutoreload                        0x0801589d   Thumb Code    20  stm32f10x_tim.o(.text)
    TIM_SetCompare1                          0x080158b1   Thumb Code    20  stm32f10x_tim.o(.text)
    TIM_SetCompare2                          0x080158c5   Thumb Code    20  stm32f10x_tim.o(.text)
    TIM_SetCompare3                          0x080158d9   Thumb Code    20  stm32f10x_tim.o(.text)
    TIM_SetCompare4                          0x080158ed   Thumb Code    22  stm32f10x_tim.o(.text)
    TIM_SetClockDivision                     0x08015905   Thumb Code    34  stm32f10x_tim.o(.text)
    TIM_GetCapture1                          0x08015929   Thumb Code    12  stm32f10x_tim.o(.text)
    TIM_GetCapture2                          0x08015935   Thumb Code    12  stm32f10x_tim.o(.text)
    TIM_GetCapture3                          0x08015941   Thumb Code    12  stm32f10x_tim.o(.text)
    TIM_GetCapture4                          0x0801594d   Thumb Code    14  stm32f10x_tim.o(.text)
    TIM_GetCounter                           0x0801595d   Thumb Code    12  stm32f10x_tim.o(.text)
    TIM_GetPrescaler                         0x08015969   Thumb Code    12  stm32f10x_tim.o(.text)
    TIM_GetFlagStatus                        0x08015975   Thumb Code    46  stm32f10x_tim.o(.text)
    TIM_ClearFlag                            0x080159a5   Thumb Code    22  stm32f10x_tim.o(.text)
    TIM_GetITStatus                          0x080159bd   Thumb Code    82  stm32f10x_tim.o(.text)
    TIM_ClearITPendingBit                    0x08015a11   Thumb Code    22  stm32f10x_tim.o(.text)
    USART_DeInit                             0x08015a29   Thumb Code   208  stm32f10x_usart.o(.text)
    USART_Init                               0x08015af9   Thumb Code   348  stm32f10x_usart.o(.text)
    USART_StructInit                         0x08015c55   Thumb Code    40  stm32f10x_usart.o(.text)
    USART_ClockInit                          0x08015c7d   Thumb Code    58  stm32f10x_usart.o(.text)
    USART_ClockStructInit                    0x08015cb9   Thumb Code    26  stm32f10x_usart.o(.text)
    USART_Cmd                                0x08015cd5   Thumb Code    40  stm32f10x_usart.o(.text)
    USART_ITConfig                           0x08015cfd   Thumb Code   142  stm32f10x_usart.o(.text)
    USART_DMACmd                             0x08015d8d   Thumb Code    48  stm32f10x_usart.o(.text)
    USART_SetAddress                         0x08015dbd   Thumb Code    34  stm32f10x_usart.o(.text)
    USART_WakeUpConfig                       0x08015de1   Thumb Code    34  stm32f10x_usart.o(.text)
    USART_ReceiverWakeUpCmd                  0x08015e05   Thumb Code    40  stm32f10x_usart.o(.text)
    USART_LINBreakDetectLengthConfig         0x08015e2d   Thumb Code    34  stm32f10x_usart.o(.text)
    USART_LINCmd                             0x08015e51   Thumb Code    40  stm32f10x_usart.o(.text)
    USART_SendData                           0x08015e79   Thumb Code    24  stm32f10x_usart.o(.text)
    USART_ReceiveData                        0x08015e91   Thumb Code    16  stm32f10x_usart.o(.text)
    USART_SendBreak                          0x08015ea1   Thumb Code    18  stm32f10x_usart.o(.text)
    USART_SetGuardTime                       0x08015eb5   Thumb Code    34  stm32f10x_usart.o(.text)
    USART_SetPrescaler                       0x08015ed9   Thumb Code    34  stm32f10x_usart.o(.text)
    USART_SmartCardCmd                       0x08015efd   Thumb Code    40  stm32f10x_usart.o(.text)
    USART_SmartCardNACKCmd                   0x08015f25   Thumb Code    40  stm32f10x_usart.o(.text)
    USART_HalfDuplexCmd                      0x08015f4d   Thumb Code    40  stm32f10x_usart.o(.text)
    USART_OverSampling8Cmd                   0x08015f75   Thumb Code    40  stm32f10x_usart.o(.text)
    USART_OneBitMethodCmd                    0x08015f9d   Thumb Code    40  stm32f10x_usart.o(.text)
    USART_IrDAConfig                         0x08015fc5   Thumb Code    34  stm32f10x_usart.o(.text)
    USART_IrDACmd                            0x08015fe9   Thumb Code    40  stm32f10x_usart.o(.text)
    USART_GetFlagStatus                      0x08016011   Thumb Code    60  stm32f10x_usart.o(.text)
    USART_ClearFlag                          0x0801604d   Thumb Code    36  stm32f10x_usart.o(.text)
    USART_GetITStatus                        0x08016071   Thumb Code   168  stm32f10x_usart.o(.text)
    USART_ClearITPendingBit                  0x08016119   Thumb Code    68  stm32f10x_usart.o(.text)
    Reset_Handler                            0x0801615d   Thumb Code     8  startup_stm32f10x_md.o(.text)
    NMI_Handler                              0x08016165   Thumb Code     2  startup_stm32f10x_md.o(.text)
    HardFault_Handler                        0x08016167   Thumb Code     2  startup_stm32f10x_md.o(.text)
    MemManage_Handler                        0x08016169   Thumb Code     2  startup_stm32f10x_md.o(.text)
    BusFault_Handler                         0x0801616b   Thumb Code     2  startup_stm32f10x_md.o(.text)
    UsageFault_Handler                       0x0801616d   Thumb Code     2  startup_stm32f10x_md.o(.text)
    SVC_Handler                              0x0801616f   Thumb Code     2  startup_stm32f10x_md.o(.text)
    DebugMon_Handler                         0x08016171   Thumb Code     2  startup_stm32f10x_md.o(.text)
    PendSV_Handler                           0x08016173   Thumb Code     2  startup_stm32f10x_md.o(.text)
    SysTick_Handler                          0x08016175   Thumb Code     2  startup_stm32f10x_md.o(.text)
    ADC1_2_IRQHandler                        0x08016177   Thumb Code     0  startup_stm32f10x_md.o(.text)
    CAN1_RX1_IRQHandler                      0x08016177   Thumb Code     0  startup_stm32f10x_md.o(.text)
    CAN1_SCE_IRQHandler                      0x08016177   Thumb Code     0  startup_stm32f10x_md.o(.text)
    DMA1_Channel1_IRQHandler                 0x08016177   Thumb Code     0  startup_stm32f10x_md.o(.text)
    DMA1_Channel2_IRQHandler                 0x08016177   Thumb Code     0  startup_stm32f10x_md.o(.text)
    DMA1_Channel3_IRQHandler                 0x08016177   Thumb Code     0  startup_stm32f10x_md.o(.text)
    DMA1_Channel4_IRQHandler                 0x08016177   Thumb Code     0  startup_stm32f10x_md.o(.text)
    DMA1_Channel5_IRQHandler                 0x08016177   Thumb Code     0  startup_stm32f10x_md.o(.text)
    DMA1_Channel6_IRQHandler                 0x08016177   Thumb Code     0  startup_stm32f10x_md.o(.text)
    DMA1_Channel7_IRQHandler                 0x08016177   Thumb Code     0  startup_stm32f10x_md.o(.text)
    EXTI15_10_IRQHandler                     0x08016177   Thumb Code     0  startup_stm32f10x_md.o(.text)
    EXTI1_IRQHandler                         0x08016177   Thumb Code     0  startup_stm32f10x_md.o(.text)
    EXTI2_IRQHandler                         0x08016177   Thumb Code     0  startup_stm32f10x_md.o(.text)
    EXTI3_IRQHandler                         0x08016177   Thumb Code     0  startup_stm32f10x_md.o(.text)
    EXTI4_IRQHandler                         0x08016177   Thumb Code     0  startup_stm32f10x_md.o(.text)
    FLASH_IRQHandler                         0x08016177   Thumb Code     0  startup_stm32f10x_md.o(.text)
    I2C1_ER_IRQHandler                       0x08016177   Thumb Code     0  startup_stm32f10x_md.o(.text)
    I2C1_EV_IRQHandler                       0x08016177   Thumb Code     0  startup_stm32f10x_md.o(.text)
    I2C2_ER_IRQHandler                       0x08016177   Thumb Code     0  startup_stm32f10x_md.o(.text)
    I2C2_EV_IRQHandler                       0x08016177   Thumb Code     0  startup_stm32f10x_md.o(.text)
    PVD_IRQHandler                           0x08016177   Thumb Code     0  startup_stm32f10x_md.o(.text)
    RCC_IRQHandler                           0x08016177   Thumb Code     0  startup_stm32f10x_md.o(.text)
    RTCAlarm_IRQHandler                      0x08016177   Thumb Code     0  startup_stm32f10x_md.o(.text)
    RTC_IRQHandler                           0x08016177   Thumb Code     0  startup_stm32f10x_md.o(.text)
    SPI1_IRQHandler                          0x08016177   Thumb Code     0  startup_stm32f10x_md.o(.text)
    SPI2_IRQHandler                          0x08016177   Thumb Code     0  startup_stm32f10x_md.o(.text)
    TAMPER_IRQHandler                        0x08016177   Thumb Code     0  startup_stm32f10x_md.o(.text)
    TIM1_BRK_IRQHandler                      0x08016177   Thumb Code     0  startup_stm32f10x_md.o(.text)
    TIM1_CC_IRQHandler                       0x08016177   Thumb Code     0  startup_stm32f10x_md.o(.text)
    TIM1_TRG_COM_IRQHandler                  0x08016177   Thumb Code     0  startup_stm32f10x_md.o(.text)
    TIM1_UP_IRQHandler                       0x08016177   Thumb Code     0  startup_stm32f10x_md.o(.text)
    TIM3_IRQHandler                          0x08016177   Thumb Code     0  startup_stm32f10x_md.o(.text)
    USART1_IRQHandler                        0x08016177   Thumb Code     0  startup_stm32f10x_md.o(.text)
    USART2_IRQHandler                        0x08016177   Thumb Code     0  startup_stm32f10x_md.o(.text)
    USART3_IRQHandler                        0x08016177   Thumb Code     0  startup_stm32f10x_md.o(.text)
    USBWakeUp_IRQHandler                     0x08016177   Thumb Code     0  startup_stm32f10x_md.o(.text)
    USB_HP_CAN1_TX_IRQHandler                0x08016177   Thumb Code     0  startup_stm32f10x_md.o(.text)
    USB_LP_CAN1_RX0_IRQHandler               0x08016177   Thumb Code     0  startup_stm32f10x_md.o(.text)
    WWDG_IRQHandler                          0x08016177   Thumb Code     0  startup_stm32f10x_md.o(.text)
    SystemInit                               0x08016181   Thumb Code   102  system_stm32f10x.o(.text)
    SystemCoreClockUpdate                    0x080161f1   Thumb Code   290  system_stm32f10x.o(.text)
    __aeabi_uldivmod                         0x08016437   Thumb Code    98  uldiv.o(.text)
    __aeabi_ldivmod                          0x08016499   Thumb Code    98  ldiv.o(.text)
    __aeabi_memcpy                           0x080164fb   Thumb Code    36  memcpya.o(.text)
    __aeabi_memcpy4                          0x080164fb   Thumb Code     0  memcpya.o(.text)
    __aeabi_memcpy8                          0x080164fb   Thumb Code     0  memcpya.o(.text)
    __aeabi_memset                           0x0801651f   Thumb Code    14  memseta.o(.text)
    __aeabi_memset4                          0x0801651f   Thumb Code     0  memseta.o(.text)
    __aeabi_memset8                          0x0801651f   Thumb Code     0  memseta.o(.text)
    __aeabi_memclr                           0x0801652d   Thumb Code     4  memseta.o(.text)
    __aeabi_memclr4                          0x0801652d   Thumb Code     0  memseta.o(.text)
    __aeabi_memclr8                          0x0801652d   Thumb Code     0  memseta.o(.text)
    _memset$wrapper                          0x08016531   Thumb Code    18  memseta.o(.text)
    memcmp                                   0x08016543   Thumb Code    26  memcmp.o(.text)
    strcpy                                   0x0801655d   Thumb Code    18  strcpy.o(.text)
    __aeabi_fadd                             0x0801656f   Thumb Code   164  fadd.o(.text)
    __aeabi_fsub                             0x08016613   Thumb Code     6  fadd.o(.text)
    __aeabi_frsub                            0x08016619   Thumb Code     6  fadd.o(.text)
    __aeabi_fmul                             0x0801661f   Thumb Code   100  fmul.o(.text)
    __aeabi_fdiv                             0x08016683   Thumb Code   124  fdiv.o(.text)
    __aeabi_dmul                             0x080166ff   Thumb Code   228  dmul.o(.text)
    __aeabi_ddiv                             0x080167e3   Thumb Code   222  ddiv.o(.text)
    __aeabi_fcmple                           0x080168c1   Thumb Code    28  fcmple.o(.text)
    __aeabi_fcmplt                           0x080168dd   Thumb Code    28  fcmplt.o(.text)
    __aeabi_fcmpge                           0x080168f9   Thumb Code    28  fcmpge.o(.text)
    __aeabi_fcmpeq                           0x08016915   Thumb Code    28  fcmpeq.o(.text)
    __aeabi_dcmple                           0x08016931   Thumb Code    54  dcmple.o(.text)
    __aeabi_i2f                              0x08016967   Thumb Code    18  fflti.o(.text)
    __aeabi_ui2f                             0x08016979   Thumb Code    10  ffltui.o(.text)
    __aeabi_i2d                              0x08016983   Thumb Code    34  dflti.o(.text)
    __aeabi_f2iz                             0x080169a5   Thumb Code    50  ffixi.o(.text)
    __aeabi_d2iz                             0x080169d7   Thumb Code    62  dfixi.o(.text)
    __aeabi_f2d                              0x08016a15   Thumb Code    38  f2d.o(.text)
    __aeabi_d2f                              0x08016a3b   Thumb Code    56  d2f.o(.text)
    __aeabi_uidiv                            0x08016a73   Thumb Code     0  uidiv.o(.text)
    __aeabi_uidivmod                         0x08016a73   Thumb Code    44  uidiv.o(.text)
    __aeabi_llsl                             0x08016a9f   Thumb Code    30  llshl.o(.text)
    _ll_shift_l                              0x08016a9f   Thumb Code     0  llshl.o(.text)
    __aeabi_llsr                             0x08016abd   Thumb Code    32  llushr.o(.text)
    _ll_ushift_r                             0x08016abd   Thumb Code     0  llushr.o(.text)
    __I$use$fp                               0x08016add   Thumb Code     0  iusefp.o(.text)
    _float_round                             0x08016add   Thumb Code    18  fepilogue.o(.text)
    _float_epilogue                          0x08016aef   Thumb Code    92  fepilogue.o(.text)
    _double_round                            0x08016b4b   Thumb Code    30  depilogue.o(.text)
    _double_epilogue                         0x08016b69   Thumb Code   156  depilogue.o(.text)
    __aeabi_dadd                             0x08016c05   Thumb Code   322  dadd.o(.text)
    __aeabi_dsub                             0x08016d47   Thumb Code     6  dadd.o(.text)
    __aeabi_drsub                            0x08016d4d   Thumb Code     6  dadd.o(.text)
    __ARM_scalbn                             0x08016d53   Thumb Code    46  dscalb.o(.text)
    scalbn                                   0x08016d53   Thumb Code     0  dscalb.o(.text)
    _drnd                                    0x08016d81   Thumb Code   132  drnd.o(.text)
    __aeabi_d2ulz                            0x08016e09   Thumb Code    48  dfixul.o(.text)
    __aeabi_cdcmpeq                          0x08016e39   Thumb Code     0  cdcmple.o(.text)
    __aeabi_cdcmple                          0x08016e39   Thumb Code    48  cdcmple.o(.text)
    __aeabi_cdrcmple                         0x08016e69   Thumb Code    48  cdrcmple.o(.text)
    __scatterload                            0x08016e99   Thumb Code    38  init.o(.text)
    __scatterload_rt2                        0x08016e99   Thumb Code     0  init.o(.text)
    __aeabi_lasr                             0x08016ec9   Thumb Code    36  llsshr.o(.text)
    _ll_sshift_r                             0x08016ec9   Thumb Code     0  llsshr.o(.text)
    _dsqrt                                   0x08016eed   Thumb Code   162  dsqrt.o(.text)
    __0printf                                0x08016f91   Thumb Code    22  printfa.o(i.__0printf)
    __1printf                                0x08016f91   Thumb Code     0  printfa.o(i.__0printf)
    __2printf                                0x08016f91   Thumb Code     0  printfa.o(i.__0printf)
    __c89printf                              0x08016f91   Thumb Code     0  printfa.o(i.__0printf)
    printf                                   0x08016f91   Thumb Code     0  printfa.o(i.__0printf)
    __ARM_fpclassify                         0x08016fb1   Thumb Code    40  fpclassify.o(i.__ARM_fpclassify)
    __kernel_poly                            0x08016fd9   Thumb Code   170  poly.o(i.__kernel_poly)
    __mathlib_dbl_divzero                    0x08017085   Thumb Code    12  dunder.o(i.__mathlib_dbl_divzero)
    __mathlib_dbl_infnan2                    0x08017095   Thumb Code     4  dunder.o(i.__mathlib_dbl_infnan2)
    __mathlib_dbl_invalid                    0x08017099   Thumb Code    12  dunder.o(i.__mathlib_dbl_invalid)
    __mathlib_dbl_overflow                   0x080170a5   Thumb Code    14  dunder.o(i.__mathlib_dbl_overflow)
    __mathlib_dbl_underflow                  0x080170b5   Thumb Code    10  dunder.o(i.__mathlib_dbl_underflow)
    __scatterload_copy                       0x080170c5   Thumb Code    14  handlers.o(i.__scatterload_copy)
    __scatterload_null                       0x080170d3   Thumb Code     2  handlers.o(i.__scatterload_null)
    __scatterload_zeroinit                   0x080170d5   Thumb Code    14  handlers.o(i.__scatterload_zeroinit)
    __set_errno                              0x080170e5   Thumb Code     6  errno.o(i.__set_errno)
    pow                                      0x080179a5   Thumb Code  2532  pow.o(i.pow)
    round                                    0x08018391   Thumb Code   136  round.o(i.round)
    sqrt                                     0x08018425   Thumb Code    76  sqrt.o(i.sqrt)
    __mathlib_zero                           0x080184f8   Data           8  qnan.o(.constdata)
    AHBPrescTable                            0x08018504   Data          16  system_stm32f10x.o(.rodata.AHBPrescTable)
    conv1d_bias_shift                        0x08018524   Data           4  main.o(.rodata.conv1d_bias_shift)
    conv1d_config                            0x08018528   Data          40  main.o(.rodata.conv1d_config)
    conv1d_output_shift                      0x08018550   Data           4  main.o(.rodata.conv1d_output_shift)
    default_activation_names                 0x08018554   Data          64  nnom.o(.rodata.default_activation_names)
    default_cell_names                       0x08018594   Data          32  nnom.o(.rodata.default_cell_names)
    default_layer_names                      0x080185b4   Data         396  nnom.o(.rodata.default_layer_names)
    dense_bias_shift                         0x08018740   Data           4  main.o(.rodata.dense_bias_shift)
    dense_config                             0x08018744   Data          24  main.o(.rodata.dense_config)
    dense_output_shift                       0x0801875c   Data           4  main.o(.rodata.dense_output_shift)
    flatten_config                           0x08019358   Data           4  main.o(.rodata.flatten_config)
    hw                                       0x0801935c   Data          12  inv_mpu.o(.rodata.hw)
    input_1_config                           0x08019368   Data           8  main.o(.rodata.input_1_config)
    lstm_config                              0x08019370   Data           8  main.o(.rodata.lstm_config)
    lstm_lstm_cell_config                    0x08019378   Data          32  main.o(.rodata.lstm_lstm_cell_config)
    mode0_motion1                            0x08019398   Data          64  module3.o(.rodata.mode0_motion1)
    mode0_motion10                           0x080193d8   Data          64  module3.o(.rodata.mode0_motion10)
    mode0_motion11                           0x08019418   Data          64  module3.o(.rodata.mode0_motion11)
    mode0_motion12                           0x08019458   Data          64  module3.o(.rodata.mode0_motion12)
    mode0_motion2                            0x08019498   Data          64  module3.o(.rodata.mode0_motion2)
    mode0_motion3                            0x080194d8   Data          64  module3.o(.rodata.mode0_motion3)
    mode0_motion4                            0x08019518   Data          64  module3.o(.rodata.mode0_motion4)
    mode0_motion5                            0x08019558   Data          64  module3.o(.rodata.mode0_motion5)
    mode0_motion6                            0x08019598   Data          64  module3.o(.rodata.mode0_motion6)
    mode0_motion7                            0x080195d8   Data          64  module3.o(.rodata.mode0_motion7)
    mode0_motion8                            0x08019618   Data          64  module3.o(.rodata.mode0_motion8)
    mode0_motion9                            0x08019658   Data          64  module3.o(.rodata.mode0_motion9)
    mode1_motion1                            0x08019698   Data          64  module3.o(.rodata.mode1_motion1)
    mode1_motion10                           0x080196d8   Data          64  module3.o(.rodata.mode1_motion10)
    mode1_motion11                           0x08019718   Data          64  module3.o(.rodata.mode1_motion11)
    mode1_motion12                           0x08019758   Data          64  module3.o(.rodata.mode1_motion12)
    mode1_motion2                            0x08019798   Data          64  module3.o(.rodata.mode1_motion2)
    mode1_motion3                            0x080197d8   Data          64  module3.o(.rodata.mode1_motion3)
    mode1_motion4                            0x08019818   Data          64  module3.o(.rodata.mode1_motion4)
    mode1_motion5                            0x08019858   Data          64  module3.o(.rodata.mode1_motion5)
    mode1_motion6                            0x08019898   Data          64  module3.o(.rodata.mode1_motion6)
    mode1_motion7                            0x080198d8   Data          64  module3.o(.rodata.mode1_motion7)
    mode1_motion8                            0x08019918   Data          64  module3.o(.rodata.mode1_motion8)
    mode1_motion9                            0x08019958   Data          64  module3.o(.rodata.mode1_motion9)
    output0_config                           0x08019f98   Data           8  main.o(.rodata.output0_config)
    reg                                      0x08019fa0   Data          30  inv_mpu.o(.rodata.reg)
    softmax_config                           0x08019fc0   Data           4  main.o(.rodata.softmax_config)
    tensor_conv1d_bias_0                     0x0801a884   Data          24  main.o(.rodata.tensor_conv1d_bias_0)
    tensor_conv1d_bias_0_data                0x0801a89c   Data          30  main.o(.rodata.tensor_conv1d_bias_0_data)
    tensor_conv1d_bias_0_dec                 0x0801a8bc   Data           4  main.o(.rodata.tensor_conv1d_bias_0_dec)
    tensor_conv1d_bias_0_dim                 0x0801a8c0   Data           2  main.o(.rodata.tensor_conv1d_bias_0_dim)
    tensor_conv1d_bias_0_offset              0x0801a8c4   Data           4  main.o(.rodata.tensor_conv1d_bias_0_offset)
    tensor_conv1d_kernel_0                   0x0801a8c8   Data          24  main.o(.rodata.tensor_conv1d_kernel_0)
    tensor_conv1d_kernel_0_data              0x0801a8e0   Data         270  main.o(.rodata.tensor_conv1d_kernel_0_data)
    tensor_conv1d_kernel_0_dec               0x0801a9f0   Data           4  main.o(.rodata.tensor_conv1d_kernel_0_dec)
    tensor_conv1d_kernel_0_dim               0x0801a9f4   Data           6  main.o(.rodata.tensor_conv1d_kernel_0_dim)
    tensor_conv1d_kernel_0_offset            0x0801a9fc   Data           4  main.o(.rodata.tensor_conv1d_kernel_0_offset)
    tensor_dense_bias_0                      0x0801aa00   Data          24  main.o(.rodata.tensor_dense_bias_0)
    tensor_dense_bias_0_data                 0x0801aa18   Data          13  main.o(.rodata.tensor_dense_bias_0_data)
    tensor_dense_bias_0_dec                  0x0801aa28   Data           4  main.o(.rodata.tensor_dense_bias_0_dec)
    tensor_dense_bias_0_dim                  0x0801aa2c   Data           2  main.o(.rodata.tensor_dense_bias_0_dim)
    tensor_dense_bias_0_offset               0x0801aa30   Data           4  main.o(.rodata.tensor_dense_bias_0_offset)
    tensor_dense_kernel_0                    0x0801aa34   Data          24  main.o(.rodata.tensor_dense_kernel_0)
    tensor_dense_kernel_0_data               0x0801aa4c   Data        6500  main.o(.rodata.tensor_dense_kernel_0_data)
    tensor_dense_kernel_0_dec                0x0801c3b0   Data           4  main.o(.rodata.tensor_dense_kernel_0_dec)
    tensor_dense_kernel_0_dim                0x0801c3b4   Data           4  main.o(.rodata.tensor_dense_kernel_0_dim)
    tensor_dense_kernel_0_offset             0x0801c3b8   Data           4  main.o(.rodata.tensor_dense_kernel_0_offset)
    tensor_input_1                           0x0801c3bc   Data          24  main.o(.rodata.tensor_input_1)
    tensor_input_1_dec                       0x0801c3d4   Data           4  main.o(.rodata.tensor_input_1_dec)
    tensor_input_1_dim                       0x0801c3d8   Data           4  main.o(.rodata.tensor_input_1_dim)
    tensor_input_1_offset                    0x0801c3dc   Data           4  main.o(.rodata.tensor_input_1_offset)
    tensor_lstm_lstm_cell_bias_0             0x0801c3e0   Data          24  main.o(.rodata.tensor_lstm_lstm_cell_bias_0)
    tensor_lstm_lstm_cell_bias_0_data        0x0801c3f8   Data          40  main.o(.rodata.tensor_lstm_lstm_cell_bias_0_data)
    tensor_lstm_lstm_cell_bias_0_dec         0x0801c420   Data           4  main.o(.rodata.tensor_lstm_lstm_cell_bias_0_dec)
    tensor_lstm_lstm_cell_bias_0_dim         0x0801c424   Data           2  main.o(.rodata.tensor_lstm_lstm_cell_bias_0_dim)
    tensor_lstm_lstm_cell_bias_0_offset      0x0801c428   Data           4  main.o(.rodata.tensor_lstm_lstm_cell_bias_0_offset)
    tensor_lstm_lstm_cell_kernel_0           0x0801c42c   Data          24  main.o(.rodata.tensor_lstm_lstm_cell_kernel_0)
    tensor_lstm_lstm_cell_kernel_0_data      0x0801c444   Data        1200  main.o(.rodata.tensor_lstm_lstm_cell_kernel_0_data)
    tensor_lstm_lstm_cell_kernel_0_dec       0x0801c8f4   Data           4  main.o(.rodata.tensor_lstm_lstm_cell_kernel_0_dec)
    tensor_lstm_lstm_cell_kernel_0_dim       0x0801c8f8   Data           4  main.o(.rodata.tensor_lstm_lstm_cell_kernel_0_dim)
    tensor_lstm_lstm_cell_kernel_0_offset    0x0801c8fc   Data           4  main.o(.rodata.tensor_lstm_lstm_cell_kernel_0_offset)
    tensor_lstm_lstm_cell_recurrent_kernel_0 0x0801c900   Data          24  main.o(.rodata.tensor_lstm_lstm_cell_recurrent_kernel_0)
    tensor_lstm_lstm_cell_recurrent_kernel_0_data 0x0801c918   Data         400  main.o(.rodata.tensor_lstm_lstm_cell_recurrent_kernel_0_data)
    tensor_lstm_lstm_cell_recurrent_kernel_0_dec 0x0801caa8   Data           4  main.o(.rodata.tensor_lstm_lstm_cell_recurrent_kernel_0_dec)
    tensor_lstm_lstm_cell_recurrent_kernel_0_dim 0x0801caac   Data           4  main.o(.rodata.tensor_lstm_lstm_cell_recurrent_kernel_0_dim)
    tensor_lstm_lstm_cell_recurrent_kernel_0_offset 0x0801cab0   Data           4  main.o(.rodata.tensor_lstm_lstm_cell_recurrent_kernel_0_offset)
    tensor_output0                           0x0801cab4   Data          24  main.o(.rodata.tensor_output0)
    tensor_output0_dec                       0x0801cacc   Data           4  main.o(.rodata.tensor_output0_dec)
    tensor_output0_dim                       0x0801cad0   Data           2  main.o(.rodata.tensor_output0_dim)
    tensor_output0_offset                    0x0801cad4   Data           4  main.o(.rodata.tensor_output0_offset)
    test                                     0x0801cad8   Data          40  inv_mpu.o(.rodata.test)
    Region$$Table$$Base                      0x0801cb00   Number         0  anon$$obj.o(Region$$Table)
    Region$$Table$$Limit                     0x0801cb20   Number         0  anon$$obj.o(Region$$Table)
    __stdout                                 0x20000000   Data           4  stdout.o(.data)
    SystemCoreClock                          0x20000008   Data           4  system_stm32f10x.o(.data.SystemCoreClock)
    model_output                             0x20000015   Data           1  main.o(.data.model_output)
    ADC_Sample_Avg                           0x20000048   Data           4  adc.o(.bss.ADC_Sample_Avg)
    Button                                   0x2000004c   Data           8  button.o(.bss.Button)
    Cyberry_Potter                           0x20000054   Data           8  cyberrypotter.o(.bss.Cyberry_Potter)
    IMU                                      0x20000060   Data        3612  imu.o(.bss.IMU)
    IMU_bias                                 0x20000e7c   Data          12  imu.o(.bss.IMU_bias)
    IR_RF_Signal                             0x20000e88   Data        2056  module_ir_rf.o(.bss.IR_RF_Signal)
    LED                                      0x20001690   Data           8  led.o(.bss.LED)
    Module                                   0x20001698   Data          12  cyberrypotter.o(.bss.Module)
    ROM_Address                              0x200016a4   Data           4  main.o(.bss.ROM_Address)
    SIGNAL_Count                             0x200016a8   Data           2  module_ir_rf.o(.bss.SIGNAL_Count)
    Send_Buffer                              0x200016aa   Data         128  module3.o(.bss.Send_Buffer)
    W25Q64_Buffer                            0x2000172a   Data        4096  w25q64.o(.bss.W25Q64_Buffer)
    model                                    0x2000273c   Data           4  main.o(.bss.model)
    nnom_memory_taken                        0x20002904   Data           4  nnom.o(.bss.nnom_memory_taken)
    static_buf                               0x200029ad   Data        8192  main.o(.bss.static_buf)
    __initial_sp                             0x20004db8   Data           0  startup_stm32f10x_md.o(STACK)



==============================================================================

Memory Map of the image

  Image Entry point : 0x080000ed

  Load Region LR_IROM1 (Base: 0x08000000, Size: 0x0001cb68, Max: 0x00020000, ABSOLUTE)

    Execution Region ER_IROM1 (Exec base: 0x08000000, Load base: 0x08000000, Size: 0x0001cb20, Max: 0x00020000, ABSOLUTE)

    Exec Addr    Load Addr    Size         Type   Attr      Idx    E Section Name        Object

    0x08000000   0x08000000   0x000000ec   Data   RO          709    RESET               startup_stm32f10x_md.o
    0x080000ec   0x080000ec   0x00000000   Code   RO          732  * .ARM.Collect$$$$00000000  mc_w.l(entry.o)
    0x080000ec   0x080000ec   0x00000004   Code   RO          834    .ARM.Collect$$$$00000001  mc_w.l(entry2.o)
    0x080000f0   0x080000f0   0x00000004   Code   RO          837    .ARM.Collect$$$$00000004  mc_w.l(entry5.o)
    0x080000f4   0x080000f4   0x00000000   Code   RO          839    .ARM.Collect$$$$00000008  mc_w.l(entry7b.o)
    0x080000f4   0x080000f4   0x00000000   Code   RO          841    .ARM.Collect$$$$0000000A  mc_w.l(entry8b.o)
    0x080000f4   0x080000f4   0x00000008   Code   RO          842    .ARM.Collect$$$$0000000B  mc_w.l(entry9a.o)
    0x080000fc   0x080000fc   0x00000000   Code   RO          844    .ARM.Collect$$$$0000000D  mc_w.l(entry10a.o)
    0x080000fc   0x080000fc   0x00000000   Code   RO          846    .ARM.Collect$$$$0000000F  mc_w.l(entry11a.o)
    0x080000fc   0x080000fc   0x00000004   Code   RO          835    .ARM.Collect$$$$00002712  mc_w.l(entry2.o)
    0x08000100   0x08000100   0x0000375a   Code   RO            1    .text               nnom_local.o
    0x0800385a   0x0800385a   0x00000002   PAD
    0x0800385c   0x0800385c   0x00003866   Code   RO           10    .text               nnom_local_q15.o
    0x080070c2   0x080070c2   0x00000002   PAD
    0x080070c4   0x080070c4   0x00001384   Code   RO           19    .text               nnom.o
    0x08008448   0x08008448   0x0000011c   Code   RO           34    .text               nnom_layers.o
    0x08008564   0x08008564   0x00000508   Code   RO           42    .text               nnom_tensor.o
    0x08008a6c   0x08008a6c   0x00000880   Code   RO           58    .text               nnom_activation.o
    0x080092ec   0x080092ec   0x00000134   Code   RO           72    .text               nnom_baselayer.o
    0x08009420   0x08009420   0x00000776   Code   RO           86    .text               nnom_conv2d.o
    0x08009b96   0x08009b96   0x00000002   PAD
    0x08009b98   0x08009b98   0x0000040a   Code   RO          107    .text               nnom_dense.o
    0x08009fa2   0x08009fa2   0x00000002   PAD
    0x08009fa4   0x08009fa4   0x0000010c   Code   RO          121    .text               nnom_flatten.o
    0x0800a0b0   0x0800a0b0   0x000002c6   Code   RO          142    .text               nnom_input.o
    0x0800a376   0x0800a376   0x00000002   PAD
    0x0800a378   0x0800a378   0x00000366   Code   RO          156    .text               nnom_lstm_cell.o
    0x0800a6de   0x0800a6de   0x00000002   PAD
    0x0800a6e0   0x0800a6e0   0x000000e4   Code   RO          177    .text               nnom_output.o
    0x0800a7c4   0x0800a7c4   0x000003a8   Code   RO          191    .text               nnom_rnn.o
    0x0800ab6c   0x0800ab6c   0x00000114   Code   RO          205    .text               nnom_softmax.o
    0x0800ac80   0x0800ac80   0x000006b0   Code   RO          233    .text               cyberrypotter.o
    0x0800b330   0x0800b330   0x00000094   Code   RO          244    .text               delay.o
    0x0800b3c4   0x0800b3c4   0x000005ea   Code   RO          251    .text               iic.o
    0x0800b9ae   0x0800b9ae   0x00000002   PAD
    0x0800b9b0   0x0800b9b0   0x00000224   Code   RO          258    .text               imu.o
    0x0800bbd4   0x0800bbd4   0x00000526   Code   RO          267    .text               main.o
    0x0800c0fa   0x0800c0fa   0x00000002   PAD
    0x0800c0fc   0x0800c0fc   0x00000348   Code   RO          338    .text               mpu6050.o
    0x0800c444   0x0800c444   0x00000266   Code   RO          347    .text               w25q64.o
    0x0800c6aa   0x0800c6aa   0x00000002   PAD
    0x0800c6ac   0x0800c6ac   0x00002c8e   Code   RO          356    .text               inv_mpu.o
    0x0800f33a   0x0800f33a   0x00000002   PAD
    0x0800f33c   0x0800f33c   0x0000111a   Code   RO          368    .text               inv_mpu_dmp_motion_driver.o
    0x08010456   0x08010456   0x00000002   PAD
    0x08010458   0x08010458   0x000002a2   Code   RO          386    .text               spi.o
    0x080106fa   0x080106fa   0x00000002   PAD
    0x080106fc   0x080106fc   0x000001da   Code   RO          393    .text               usart.o
    0x080108d6   0x080108d6   0x00000002   PAD
    0x080108d8   0x080108d8   0x0000026c   Code   RO          401    .text               button.o
    0x08010b44   0x08010b44   0x00000164   Code   RO          413    .text               led.o
    0x08010ca8   0x08010ca8   0x000002dc   Code   RO          422    .text               adc.o
    0x08010f84   0x08010f84   0x0000021a   Code   RO          431    .text               module0_ir.o
    0x0801119e   0x0801119e   0x00000002   PAD
    0x080111a0   0x080111a0   0x000001a0   Code   RO          438    .text               module1_rf433.o
    0x08011340   0x08011340   0x000001a0   Code   RO          445    .text               module2_rf315.o
    0x080114e0   0x080114e0   0x0000058a   Code   RO          452    .text               module_ir_rf.o
    0x08011a6a   0x08011a6a   0x00000002   PAD
    0x08011a6c   0x08011a6c   0x0000034c   Code   RO          462    .text               module3.o
    0x08011db8   0x08011db8   0x0000000a   Code   RO          495    .text               module4.o
    0x08011dc2   0x08011dc2   0x00000002   PAD
    0x08011dc4   0x08011dc4   0x0000000a   Code   RO          502    .text               module5.o
    0x08011dce   0x08011dce   0x00000002   PAD
    0x08011dd0   0x08011dd0   0x0000000a   Code   RO          509    .text               module6.o
    0x08011dda   0x08011dda   0x00000002   PAD
    0x08011ddc   0x08011ddc   0x0000000a   Code   RO          516    .text               module7.o
    0x08011de6   0x08011de6   0x00000002   PAD
    0x08011de8   0x08011de8   0x0000000a   Code   RO          523    .text               module8.o
    0x08011df2   0x08011df2   0x00000002   PAD
    0x08011df4   0x08011df4   0x0000000a   Code   RO          530    .text               module9.o
    0x08011dfe   0x08011dfe   0x00000002   PAD
    0x08011e00   0x08011e00   0x0000000a   Code   RO          537    .text               module10.o
    0x08011e0a   0x08011e0a   0x00000002   PAD
    0x08011e0c   0x08011e0c   0x00000158   Code   RO          544    .text               misc.o
    0x08011f64   0x08011f64   0x00000898   Code   RO          551    .text               stm32f10x_adc.o
    0x080127fc   0x080127fc   0x000001f8   Code   RO          607    .text               stm32f10x_exti.o
    0x080129f4   0x080129f4   0x000005ae   Code   RO          628    .text               stm32f10x_gpio.o
    0x08012fa2   0x08012fa2   0x00000002   PAD
    0x08012fa4   0x08012fa4   0x000006fc   Code   RO          656    .text               stm32f10x_rcc.o
    0x080136a0   0x080136a0   0x000005b8   Code   RO          679    .text               stm32f10x_spi.o
    0x08013c58   0x08013c58   0x00001dce   Code   RO          686    .text               stm32f10x_tim.o
    0x08015a26   0x08015a26   0x00000002   PAD
    0x08015a28   0x08015a28   0x00000734   Code   RO          693    .text               stm32f10x_usart.o
    0x0801615c   0x0801615c   0x00000024   Code   RO          710    .text               startup_stm32f10x_md.o
    0x08016180   0x08016180   0x000002b6   Code   RO          716    .text               system_stm32f10x.o
    0x08016436   0x08016436   0x00000062   Code   RO          735    .text               mc_w.l(uldiv.o)
    0x08016498   0x08016498   0x00000062   Code   RO          737    .text               mc_w.l(ldiv.o)
    0x080164fa   0x080164fa   0x00000024   Code   RO          739    .text               mc_w.l(memcpya.o)
    0x0801651e   0x0801651e   0x00000024   Code   RO          741    .text               mc_w.l(memseta.o)
    0x08016542   0x08016542   0x0000001a   Code   RO          743    .text               mc_w.l(memcmp.o)
    0x0801655c   0x0801655c   0x00000012   Code   RO          745    .text               mc_w.l(strcpy.o)
    0x0801656e   0x0801656e   0x000000b0   Code   RO          777    .text               mf_w.l(fadd.o)
    0x0801661e   0x0801661e   0x00000064   Code   RO          779    .text               mf_w.l(fmul.o)
    0x08016682   0x08016682   0x0000007c   Code   RO          781    .text               mf_w.l(fdiv.o)
    0x080166fe   0x080166fe   0x000000e4   Code   RO          783    .text               mf_w.l(dmul.o)
    0x080167e2   0x080167e2   0x000000de   Code   RO          785    .text               mf_w.l(ddiv.o)
    0x080168c0   0x080168c0   0x0000001c   Code   RO          787    .text               mf_w.l(fcmple.o)
    0x080168dc   0x080168dc   0x0000001c   Code   RO          789    .text               mf_w.l(fcmplt.o)
    0x080168f8   0x080168f8   0x0000001c   Code   RO          791    .text               mf_w.l(fcmpge.o)
    0x08016914   0x08016914   0x0000001c   Code   RO          793    .text               mf_w.l(fcmpeq.o)
    0x08016930   0x08016930   0x00000036   Code   RO          795    .text               mf_w.l(dcmple.o)
    0x08016966   0x08016966   0x00000012   Code   RO          797    .text               mf_w.l(fflti.o)
    0x08016978   0x08016978   0x0000000a   Code   RO          799    .text               mf_w.l(ffltui.o)
    0x08016982   0x08016982   0x00000022   Code   RO          801    .text               mf_w.l(dflti.o)
    0x080169a4   0x080169a4   0x00000032   Code   RO          803    .text               mf_w.l(ffixi.o)
    0x080169d6   0x080169d6   0x0000003e   Code   RO          805    .text               mf_w.l(dfixi.o)
    0x08016a14   0x08016a14   0x00000026   Code   RO          807    .text               mf_w.l(f2d.o)
    0x08016a3a   0x08016a3a   0x00000038   Code   RO          809    .text               mf_w.l(d2f.o)
    0x08016a72   0x08016a72   0x0000002c   Code   RO          858    .text               mc_w.l(uidiv.o)
    0x08016a9e   0x08016a9e   0x0000001e   Code   RO          860    .text               mc_w.l(llshl.o)
    0x08016abc   0x08016abc   0x00000020   Code   RO          862    .text               mc_w.l(llushr.o)
    0x08016adc   0x08016adc   0x00000000   Code   RO          871    .text               mc_w.l(iusefp.o)
    0x08016adc   0x08016adc   0x0000006e   Code   RO          872    .text               mf_w.l(fepilogue.o)
    0x08016b4a   0x08016b4a   0x000000ba   Code   RO          874    .text               mf_w.l(depilogue.o)
    0x08016c04   0x08016c04   0x0000014e   Code   RO          876    .text               mf_w.l(dadd.o)
    0x08016d52   0x08016d52   0x0000002e   Code   RO          878    .text               mf_w.l(dscalb.o)
    0x08016d80   0x08016d80   0x00000088   Code   RO          880    .text               mf_w.l(drnd.o)
    0x08016e08   0x08016e08   0x00000030   Code   RO          882    .text               mf_w.l(dfixul.o)
    0x08016e38   0x08016e38   0x00000030   Code   RO          884    .text               mf_w.l(cdcmple.o)
    0x08016e68   0x08016e68   0x00000030   Code   RO          886    .text               mf_w.l(cdrcmple.o)
    0x08016e98   0x08016e98   0x00000030   Code   RO          888    .text               mc_w.l(init.o)
    0x08016ec8   0x08016ec8   0x00000024   Code   RO          890    .text               mc_w.l(llsshr.o)
    0x08016eec   0x08016eec   0x000000a2   Code   RO          892    .text               mf_w.l(dsqrt.o)
    0x08016f8e   0x08016f8e   0x00000002   PAD
    0x08016f90   0x08016f90   0x00000020   Code   RO          750    i.__0printf         mc_w.l(printfa.o)
    0x08016fb0   0x08016fb0   0x00000028   Code   RO          825    i.__ARM_fpclassify  m_ws.l(fpclassify.o)
    0x08016fd8   0x08016fd8   0x000000aa   Code   RO          827    i.__kernel_poly     m_ws.l(poly.o)
    0x08017082   0x08017082   0x00000002   PAD
    0x08017084   0x08017084   0x00000010   Code   RO          811    i.__mathlib_dbl_divzero  m_ws.l(dunder.o)
    0x08017094   0x08017094   0x00000004   Code   RO          813    i.__mathlib_dbl_infnan2  m_ws.l(dunder.o)
    0x08017098   0x08017098   0x0000000c   Code   RO          814    i.__mathlib_dbl_invalid  m_ws.l(dunder.o)
    0x080170a4   0x080170a4   0x0000000e   Code   RO          815    i.__mathlib_dbl_overflow  m_ws.l(dunder.o)
    0x080170b2   0x080170b2   0x00000002   PAD
    0x080170b4   0x080170b4   0x00000010   Code   RO          817    i.__mathlib_dbl_underflow  m_ws.l(dunder.o)
    0x080170c4   0x080170c4   0x0000000e   Code   RO          896    i.__scatterload_copy  mc_w.l(handlers.o)
    0x080170d2   0x080170d2   0x00000002   Code   RO          897    i.__scatterload_null  mc_w.l(handlers.o)
    0x080170d4   0x080170d4   0x0000000e   Code   RO          898    i.__scatterload_zeroinit  mc_w.l(handlers.o)
    0x080170e2   0x080170e2   0x00000002   PAD
    0x080170e4   0x080170e4   0x0000000c   Code   RO          866    i.__set_errno       mc_w.l(errno.o)
    0x080170f0   0x080170f0   0x00000184   Code   RO          757    i._fp_digits        mc_w.l(printfa.o)
    0x08017274   0x08017274   0x000006dc   Code   RO          758    i._printf_core      mc_w.l(printfa.o)
    0x08017950   0x08017950   0x00000024   Code   RO          759    i._printf_post_padding  mc_w.l(printfa.o)
    0x08017974   0x08017974   0x0000002e   Code   RO          760    i._printf_pre_padding  mc_w.l(printfa.o)
    0x080179a2   0x080179a2   0x00000002   PAD
    0x080179a4   0x080179a4   0x000009ec   Code   RO          726    i.pow               m_ws.l(pow.o)
    0x08018390   0x08018390   0x00000094   Code   RO          730    i.round             m_ws.l(round.o)
    0x08018424   0x08018424   0x0000004c   Code   RO          831    i.sqrt              m_ws.l(sqrt.o)
    0x08018470   0x08018470   0x00000088   Data   RO          727    .constdata          m_ws.l(pow.o)
    0x080184f8   0x080184f8   0x00000008   Data   RO          829    .constdata          m_ws.l(qnan.o)
    0x08018500   0x08018500   0x00000004   Data   RO          659    .rodata.ADCPrescTable  stm32f10x_rcc.o
    0x08018504   0x08018504   0x00000010   Data   RO          719    .rodata.AHBPrescTable  system_stm32f10x.o
    0x08018514   0x08018514   0x00000010   Data   RO          658    .rodata.APBAHBPrescTable  stm32f10x_rcc.o
    0x08018524   0x08018524   0x00000004   Data   RO          287    .rodata.conv1d_bias_shift  main.o
    0x08018528   0x08018528   0x00000028   Data   RO          288    .rodata.conv1d_config  main.o
    0x08018550   0x08018550   0x00000004   Data   RO          286    .rodata.conv1d_output_shift  main.o
    0x08018554   0x08018554   0x00000040   Data   RO           22    .rodata.default_activation_names  nnom.o
    0x08018594   0x08018594   0x00000020   Data   RO           23    .rodata.default_cell_names  nnom.o
    0x080185b4   0x080185b4   0x0000018c   Data   RO           21    .rodata.default_layer_names  nnom.o
    0x08018740   0x08018740   0x00000004   Data   RO          318    .rodata.dense_bias_shift  main.o
    0x08018744   0x08018744   0x00000018   Data   RO          319    .rodata.dense_config  main.o
    0x0801875c   0x0801875c   0x00000004   Data   RO          317    .rodata.dense_output_shift  main.o
    0x08018760   0x08018760   0x00000bf6   Data   RO          370    .rodata.dmp_memory  inv_mpu_dmp_motion_driver.o
    0x08019356   0x08019356   0x00000002   PAD
    0x08019358   0x08019358   0x00000004   Data   RO          306    .rodata.flatten_config  main.o
    0x0801935c   0x0801935c   0x0000000c   Data   RO          359    .rodata.hw          inv_mpu.o
    0x08019368   0x08019368   0x00000008   Data   RO          275    .rodata.input_1_config  main.o
    0x08019370   0x08019370   0x00000008   Data   RO          305    .rodata.lstm_config  main.o
    0x08019378   0x08019378   0x00000020   Data   RO          304    .rodata.lstm_lstm_cell_config  main.o
    0x08019398   0x08019398   0x00000040   Data   RO          464    .rodata.mode0_motion1  module3.o
    0x080193d8   0x080193d8   0x00000040   Data   RO          473    .rodata.mode0_motion10  module3.o
    0x08019418   0x08019418   0x00000040   Data   RO          474    .rodata.mode0_motion11  module3.o
    0x08019458   0x08019458   0x00000040   Data   RO          475    .rodata.mode0_motion12  module3.o
    0x08019498   0x08019498   0x00000040   Data   RO          465    .rodata.mode0_motion2  module3.o
    0x080194d8   0x080194d8   0x00000040   Data   RO          466    .rodata.mode0_motion3  module3.o
    0x08019518   0x08019518   0x00000040   Data   RO          467    .rodata.mode0_motion4  module3.o
    0x08019558   0x08019558   0x00000040   Data   RO          468    .rodata.mode0_motion5  module3.o
    0x08019598   0x08019598   0x00000040   Data   RO          469    .rodata.mode0_motion6  module3.o
    0x080195d8   0x080195d8   0x00000040   Data   RO          470    .rodata.mode0_motion7  module3.o
    0x08019618   0x08019618   0x00000040   Data   RO          471    .rodata.mode0_motion8  module3.o
    0x08019658   0x08019658   0x00000040   Data   RO          472    .rodata.mode0_motion9  module3.o
    0x08019698   0x08019698   0x00000040   Data   RO          476    .rodata.mode1_motion1  module3.o
    0x080196d8   0x080196d8   0x00000040   Data   RO          485    .rodata.mode1_motion10  module3.o
    0x08019718   0x08019718   0x00000040   Data   RO          486    .rodata.mode1_motion11  module3.o
    0x08019758   0x08019758   0x00000040   Data   RO          487    .rodata.mode1_motion12  module3.o
    0x08019798   0x08019798   0x00000040   Data   RO          477    .rodata.mode1_motion2  module3.o
    0x080197d8   0x080197d8   0x00000040   Data   RO          478    .rodata.mode1_motion3  module3.o
    0x08019818   0x08019818   0x00000040   Data   RO          479    .rodata.mode1_motion4  module3.o
    0x08019858   0x08019858   0x00000040   Data   RO          480    .rodata.mode1_motion5  module3.o
    0x08019898   0x08019898   0x00000040   Data   RO          481    .rodata.mode1_motion6  module3.o
    0x080198d8   0x080198d8   0x00000040   Data   RO          482    .rodata.mode1_motion7  module3.o
    0x08019918   0x08019918   0x00000040   Data   RO          483    .rodata.mode1_motion8  module3.o
    0x08019958   0x08019958   0x00000040   Data   RO          484    .rodata.mode1_motion9  module3.o
    0x08019998   0x08019998   0x00000200   Data   RO           12    .rodata.nnom_sigmoid_table_q15  nnom_local_q15.o
    0x08019b98   0x08019b98   0x00000100   Data   RO            3    .rodata.nnom_sigmoid_table_q7  nnom_local.o
    0x08019c98   0x08019c98   0x00000200   Data   RO           13    .rodata.nnom_tanh_table_q15  nnom_local_q15.o
    0x08019e98   0x08019e98   0x00000100   Data   RO            4    .rodata.nnom_tanh_table_q7  nnom_local.o
    0x08019f98   0x08019f98   0x00000008   Data   RO          326    .rodata.output0_config  main.o
    0x08019fa0   0x08019fa0   0x0000001e   Data   RO          358    .rodata.reg         inv_mpu.o
    0x08019fbe   0x08019fbe   0x00000002   PAD
    0x08019fc0   0x08019fc0   0x00000004   Data   RO          320    .rodata.softmax_config  main.o
    0x08019fc4   0x08019fc4   0x00000524   Data   RO           28    .rodata.str1.1      nnom.o
    0x0801a4e8   0x0801a4e8   0x00000022   Data   RO           44    .rodata.str1.1      nnom_tensor.o
    0x0801a50a   0x0801a50a   0x00000058   Data   RO          236    .rodata.str1.1      cyberrypotter.o
    0x0801a562   0x0801a562   0x000000d7   Data   RO          274    .rodata.str1.1      main.o
    0x0801a639   0x0801a639   0x00000160   Data   RO          340    .rodata.str1.1      mpu6050.o
    0x0801a799   0x0801a799   0x0000000b   Data   RO          350    .rodata.str1.1      w25q64.o
    0x0801a7a4   0x0801a7a4   0x0000000d   Data   RO          362    .rodata.str1.1      inv_mpu.o
    0x0801a7b1   0x0801a7b1   0x0000000b   Data   RO          395    .rodata.str1.1      usart.o
    0x0801a7bc   0x0801a7bc   0x0000000d   Data   RO          407    .rodata.str1.1      button.o
    0x0801a7c9   0x0801a7c9   0x0000002b   Data   RO          425    .rodata.str1.1      adc.o
    0x0801a7f4   0x0801a7f4   0x00000076   Data   RO          456    .rodata.str1.1      module_ir_rf.o
    0x0801a86a   0x0801a86a   0x00000017   Data   RO          488    .rodata.str1.1      module3.o
    0x0801a881   0x0801a881   0x00000003   PAD
    0x0801a884   0x0801a884   0x00000018   Data   RO          285    .rodata.tensor_conv1d_bias_0  main.o
    0x0801a89c   0x0801a89c   0x0000001e   Data   RO          281    .rodata.tensor_conv1d_bias_0_data  main.o
    0x0801a8ba   0x0801a8ba   0x00000002   PAD
    0x0801a8bc   0x0801a8bc   0x00000004   Data   RO          283    .rodata.tensor_conv1d_bias_0_dec  main.o
    0x0801a8c0   0x0801a8c0   0x00000002   Data   RO          282    .rodata.tensor_conv1d_bias_0_dim  main.o
    0x0801a8c2   0x0801a8c2   0x00000002   PAD
    0x0801a8c4   0x0801a8c4   0x00000004   Data   RO          284    .rodata.tensor_conv1d_bias_0_offset  main.o
    0x0801a8c8   0x0801a8c8   0x00000018   Data   RO          280    .rodata.tensor_conv1d_kernel_0  main.o
    0x0801a8e0   0x0801a8e0   0x0000010e   Data   RO          276    .rodata.tensor_conv1d_kernel_0_data  main.o
    0x0801a9ee   0x0801a9ee   0x00000002   PAD
    0x0801a9f0   0x0801a9f0   0x00000004   Data   RO          278    .rodata.tensor_conv1d_kernel_0_dec  main.o
    0x0801a9f4   0x0801a9f4   0x00000006   Data   RO          277    .rodata.tensor_conv1d_kernel_0_dim  main.o
    0x0801a9fa   0x0801a9fa   0x00000002   PAD
    0x0801a9fc   0x0801a9fc   0x00000004   Data   RO          279    .rodata.tensor_conv1d_kernel_0_offset  main.o
    0x0801aa00   0x0801aa00   0x00000018   Data   RO          316    .rodata.tensor_dense_bias_0  main.o
    0x0801aa18   0x0801aa18   0x0000000d   Data   RO          312    .rodata.tensor_dense_bias_0_data  main.o
    0x0801aa25   0x0801aa25   0x00000003   PAD
    0x0801aa28   0x0801aa28   0x00000004   Data   RO          314    .rodata.tensor_dense_bias_0_dec  main.o
    0x0801aa2c   0x0801aa2c   0x00000002   Data   RO          313    .rodata.tensor_dense_bias_0_dim  main.o
    0x0801aa2e   0x0801aa2e   0x00000002   PAD
    0x0801aa30   0x0801aa30   0x00000004   Data   RO          315    .rodata.tensor_dense_bias_0_offset  main.o
    0x0801aa34   0x0801aa34   0x00000018   Data   RO          311    .rodata.tensor_dense_kernel_0  main.o
    0x0801aa4c   0x0801aa4c   0x00001964   Data   RO          307    .rodata.tensor_dense_kernel_0_data  main.o
    0x0801c3b0   0x0801c3b0   0x00000004   Data   RO          309    .rodata.tensor_dense_kernel_0_dec  main.o
    0x0801c3b4   0x0801c3b4   0x00000004   Data   RO          308    .rodata.tensor_dense_kernel_0_dim  main.o
    0x0801c3b8   0x0801c3b8   0x00000004   Data   RO          310    .rodata.tensor_dense_kernel_0_offset  main.o
    0x0801c3bc   0x0801c3bc   0x00000018   Data   RO          273    .rodata.tensor_input_1  main.o
    0x0801c3d4   0x0801c3d4   0x00000004   Data   RO          270    .rodata.tensor_input_1_dec  main.o
    0x0801c3d8   0x0801c3d8   0x00000004   Data   RO          269    .rodata.tensor_input_1_dim  main.o
    0x0801c3dc   0x0801c3dc   0x00000004   Data   RO          271    .rodata.tensor_input_1_offset  main.o
    0x0801c3e0   0x0801c3e0   0x00000018   Data   RO          303    .rodata.tensor_lstm_lstm_cell_bias_0  main.o
    0x0801c3f8   0x0801c3f8   0x00000028   Data   RO          299    .rodata.tensor_lstm_lstm_cell_bias_0_data  main.o
    0x0801c420   0x0801c420   0x00000004   Data   RO          301    .rodata.tensor_lstm_lstm_cell_bias_0_dec  main.o
    0x0801c424   0x0801c424   0x00000002   Data   RO          300    .rodata.tensor_lstm_lstm_cell_bias_0_dim  main.o
    0x0801c426   0x0801c426   0x00000002   PAD
    0x0801c428   0x0801c428   0x00000004   Data   RO          302    .rodata.tensor_lstm_lstm_cell_bias_0_offset  main.o
    0x0801c42c   0x0801c42c   0x00000018   Data   RO          293    .rodata.tensor_lstm_lstm_cell_kernel_0  main.o
    0x0801c444   0x0801c444   0x000004b0   Data   RO          289    .rodata.tensor_lstm_lstm_cell_kernel_0_data  main.o
    0x0801c8f4   0x0801c8f4   0x00000004   Data   RO          291    .rodata.tensor_lstm_lstm_cell_kernel_0_dec  main.o
    0x0801c8f8   0x0801c8f8   0x00000004   Data   RO          290    .rodata.tensor_lstm_lstm_cell_kernel_0_dim  main.o
    0x0801c8fc   0x0801c8fc   0x00000004   Data   RO          292    .rodata.tensor_lstm_lstm_cell_kernel_0_offset  main.o
    0x0801c900   0x0801c900   0x00000018   Data   RO          298    .rodata.tensor_lstm_lstm_cell_recurrent_kernel_0  main.o
    0x0801c918   0x0801c918   0x00000190   Data   RO          294    .rodata.tensor_lstm_lstm_cell_recurrent_kernel_0_data  main.o
    0x0801caa8   0x0801caa8   0x00000004   Data   RO          296    .rodata.tensor_lstm_lstm_cell_recurrent_kernel_0_dec  main.o
    0x0801caac   0x0801caac   0x00000004   Data   RO          295    .rodata.tensor_lstm_lstm_cell_recurrent_kernel_0_dim  main.o
    0x0801cab0   0x0801cab0   0x00000004   Data   RO          297    .rodata.tensor_lstm_lstm_cell_recurrent_kernel_0_offset  main.o
    0x0801cab4   0x0801cab4   0x00000018   Data   RO          325    .rodata.tensor_output0  main.o
    0x0801cacc   0x0801cacc   0x00000004   Data   RO          322    .rodata.tensor_output0_dec  main.o
    0x0801cad0   0x0801cad0   0x00000002   Data   RO          321    .rodata.tensor_output0_dim  main.o
    0x0801cad2   0x0801cad2   0x00000002   PAD
    0x0801cad4   0x0801cad4   0x00000004   Data   RO          323    .rodata.tensor_output0_offset  main.o
    0x0801cad8   0x0801cad8   0x00000028   Data   RO          360    .rodata.test        inv_mpu.o
    0x0801cb00   0x0801cb00   0x00000020   Data   RO          895    Region$$Table       anon$$obj.o


    Execution Region RW_IRAM1 (Exec base: 0x20000000, Load base: 0x0801cb20, Size: 0x00004db8, Max: 0x00005000, ABSOLUTE)

    Exec Addr    Load Addr    Size         Type   Attr      Idx    E Section Name        Object

    0x20000000   0x0801cb20   0x00000004   Data   RW          848    .data               mc_w.l(stdout.o)
    0x20000004   0x0801cb24   0x00000004   Data   RW          867    .data               mc_w.l(errno.o)
    0x20000008   0x0801cb28   0x00000004   Data   RW          718    .data.SystemCoreClock  system_stm32f10x.o
    0x2000000c   0x0801cb2c   0x00000009   Data   RW          341    .data.gyro_orientation  mpu6050.o
    0x20000015   0x0801cb35   0x00000001   Data   RW          327    .data.model_output  main.o
    0x20000016   0x0801cb36   0x00000002   PAD
    0x20000018   0x0801cb38   0x0000002c   Data   RW          361    .data.st            inv_mpu.o
    0x20000044   0x0801cb64   0x00000004   PAD
    0x20000048        -       0x00000004   Zero   RW          424    .bss.ADC_Sample_Avg  adc.o
    0x2000004c        -       0x00000008   Zero   RW          403    .bss.Button         button.o
    0x20000054        -       0x00000008   Zero   RW          237    .bss.Cyberry_Potter  cyberrypotter.o
    0x2000005c        -       0x00000001   Zero   RW          238    .bss.EXTI9_5_IRQHandler.i  cyberrypotter.o
    0x2000005d   0x0801cb64   0x00000003   PAD
    0x20000060        -       0x00000e1c   Zero   RW          261    .bss.IMU            imu.o
    0x20000e7c        -       0x0000000c   Zero   RW          260    .bss.IMU_bias       imu.o
    0x20000e88        -       0x00000808   Zero   RW          454    .bss.IR_RF_Signal   module_ir_rf.o
    0x20001690        -       0x00000008   Zero   RW          415    .bss.LED            led.o
    0x20001698        -       0x0000000c   Zero   RW          235    .bss.Module         cyberrypotter.o
    0x200016a4        -       0x00000004   Zero   RW          330    .bss.ROM_Address    main.o
    0x200016a8        -       0x00000002   Zero   RW          455    .bss.SIGNAL_Count   module_ir_rf.o
    0x200016aa        -       0x00000080   Zero   RW          489    .bss.Send_Buffer    module3.o
    0x2000172a        -       0x00001000   Zero   RW          349    .bss.W25Q64_Buffer  w25q64.o
    0x2000272a   0x0801cb64   0x00000002   PAD
    0x2000272c        -       0x00000010   Zero   RW          375    .bss.dmp            inv_mpu_dmp_motion_driver.o
    0x2000273c        -       0x00000004   Zero   RW          328    .bss.model          main.o
    0x20002740        -       0x000001c2   Zero   RW          272    .bss.nnom_input_data  main.o
    0x20002902   0x0801cb64   0x00000002   PAD
    0x20002904        -       0x00000004   Zero   RW           24    .bss.nnom_memory_taken  nnom.o
    0x20002908        -       0x00000088   Zero   RW          331    .bss.nnom_model_create.model  main.o
    0x20002990        -       0x0000000d   Zero   RW          324    .bss.nnom_output_data  main.o
    0x2000299d   0x0801cb64   0x00000003   PAD
    0x200029a0        -       0x00000004   Zero   RW           25    .bss.nnom_static_buf  nnom.o
    0x200029a4        -       0x00000004   Zero   RW           27    .bss.nnom_static_buf_curr  nnom.o
    0x200029a8        -       0x00000004   Zero   RW           26    .bss.nnom_static_buf_size  nnom.o
    0x200029ac        -       0x00000001   Zero   RW          404    .bss.previous_status  button.o
    0x200029ad        -       0x00002000   Zero   RW          329    .bss.static_buf     main.o
    0x200049ad   0x0801cb64   0x00000001   PAD
    0x200049ae        -       0x00000002   Zero   RW          405    .bss.time_hold_count_ms  button.o
    0x200049b0        -       0x00000002   Zero   RW          406    .bss.time_release_count_ms  button.o
    0x200049b2   0x0801cb64   0x00000006   PAD
    0x200049b8        -       0x00000400   Zero   RW          707    STACK               startup_stm32f10x_md.o


==============================================================================

Image component sizes


      Code (inc. data)   RO Data    RW Data    ZI Data      Debug   Object Name

       732          0         43          0          4       3382   adc.o
       620          0         13          0         13       5518   button.o
      1712         24         88          0         21       3962   cyberrypotter.o
       148          0          0          0          0       1097   delay.o
      1514          0          0          0          0       4879   iic.o
       548          0          0          0       3624       2116   imu.o
     11406         40         95         44          0      19037   inv_mpu.o
      4378         16       3062          0         16       8220   inv_mpu_dmp_motion_driver.o
       356          6          0          0          8       2232   led.o
      1318         14       9130          1       8799      10351   main.o
       344          0          0          0          0       3327   misc.o
       538          0          0          0          0       5186   module0_ir.o
        10          0          0          0          0        539   module10.o
       416          0          0          0          0       4905   module1_rf433.o
       416          0          0          0          0       4905   module2_rf315.o
       844         24       1559          0        128       3066   module3.o
        10          0          0          0          0        534   module4.o
        10          0          0          0          0        534   module5.o
        10          0          0          0          0        534   module6.o
        10          0          0          0          0        534   module7.o
        10          0          0          0          0        534   module8.o
        10          0          0          0          0        534   module9.o
      1418          0        118          0       2058       4651   module_ir_rf.o
       840          0        352          9          0       5865   mpu6050.o
      4996          0       1808          0         16      15963   nnom.o
      2176          0          0          0          0       8678   nnom_activation.o
       308          0          0          0          0       4364   nnom_baselayer.o
      1910          0          0          0          0       7166   nnom_conv2d.o
      1034          0          0          0          0       6014   nnom_dense.o
       268          0          0          0          0       4222   nnom_flatten.o
       710          0          0          0          0       4883   nnom_input.o
       284          0          0          0          0       4705   nnom_layers.o
     14170          0        512          0          0      27125   nnom_local.o
     14438          0       1024          0          0      26627   nnom_local_q15.o
       870          0          0          0          0       6058   nnom_lstm_cell.o
       228          0          0          0          0       4175   nnom_output.o
       936          0          0          0          0       6113   nnom_rnn.o
       276          0          0          0          0       4177   nnom_softmax.o
      1288          0         34          0          0       4459   nnom_tensor.o
       674          0          0          0          0       3248   spi.o
        36          8        236          0       1024        912   startup_stm32f10x_md.o
      2200          0          0          0          0       8112   stm32f10x_adc.o
       504          0          0          0          0       2791   stm32f10x_exti.o
      1454          0          0          0          0       5424   stm32f10x_gpio.o
      1788          0         20          0          0       6465   stm32f10x_rcc.o
      1464          0          0          0          0       6229   stm32f10x_spi.o
      7630          0          0          0          0      18611   stm32f10x_tim.o
      1844          0          0          0          0       6996   stm32f10x_usart.o
       694          0         16          4          0       2978   system_stm32f10x.o
       474          0         11          0          0       4308   usart.o
       614          0         11          0       4096       1989   w25q64.o

    ----------------------------------------------------------------------
     90934        132      18188         60      19828     299234   Object Totals
         0          0         32          0          0          0   (incl. Generated)
        48          0         24          2         21          0   (incl. Padding)

    ----------------------------------------------------------------------

      Code (inc. data)   RO Data    RW Data    ZI Data      Debug   Library Member Name

        62         10          0          0          0        340   dunder.o
        40          0          0          0          0         68   fpclassify.o
       170          0          0          0          0         96   poly.o
      2540        188        136          0          0        332   pow.o
         0          0          8          0          0          0   qnan.o
       148         12          0          0          0         88   round.o
        76          0          0          0          0         84   sqrt.o
         0          0          0          0          0          0   entry.o
         0          0          0          0          0          0   entry10a.o
         0          0          0          0          0          0   entry11a.o
         8          4          0          0          0          0   entry2.o
         4          0          0          0          0          0   entry5.o
         0          0          0          0          0          0   entry7b.o
         0          0          0          0          0          0   entry8b.o
         8          4          0          0          0          0   entry9a.o
        12          6          0          4          0         68   errno.o
        30          0          0          0          0          0   handlers.o
        48         10          0          0          0         68   init.o
         0          0          0          0          0          0   iusefp.o
        98          0          0          0          0         84   ldiv.o
        30          0          0          0          0         68   llshl.o
        36          0          0          0          0         68   llsshr.o
        32          0          0          0          0         68   llushr.o
        26          0          0          0          0         80   memcmp.o
        36          0          0          0          0         68   memcpya.o
        36          0          0          0          0        108   memseta.o
      2258         90          0          0          0        452   printfa.o
         0          0          0          4          0          0   stdout.o
        18          0          0          0          0         68   strcpy.o
        44          0          0          0          0         80   uidiv.o
        98          0          0          0          0         92   uldiv.o
        48          0          0          0          0         68   cdcmple.o
        48          0          0          0          0         68   cdrcmple.o
        56          0          0          0          0         88   d2f.o
       334          0          0          0          0        148   dadd.o
        54          0          0          0          0         80   dcmple.o
       222          0          0          0          0        100   ddiv.o
       186          0          0          0          0        176   depilogue.o
        62          0          0          0          0         80   dfixi.o
        48          0          0          0          0         68   dfixul.o
        34          0          0          0          0         76   dflti.o
       228          0          0          0          0         96   dmul.o
       136          4          0          0          0         92   drnd.o
        46          0          0          0          0         80   dscalb.o
       162          0          0          0          0        100   dsqrt.o
        38          0          0          0          0         68   f2d.o
       176          0          0          0          0        140   fadd.o
        28          0          0          0          0         68   fcmpeq.o
        28          0          0          0          0         68   fcmpge.o
        28          0          0          0          0         68   fcmple.o
        28          0          0          0          0         68   fcmplt.o
       124          0          0          0          0         88   fdiv.o
       110          0          0          0          0        168   fepilogue.o
        50          0          0          0          0         68   ffixi.o
        18          0          0          0          0         68   fflti.o
        10          0          0          0          0         68   ffltui.o
       100          0          0          0          0         76   fmul.o

    ----------------------------------------------------------------------
      8270        328        144          8          0       4716   Library Totals
        10          0          0          0          0          0   (incl. Padding)

    ----------------------------------------------------------------------

      Code (inc. data)   RO Data    RW Data    ZI Data      Debug   Library Name

      3036        210        144          0          0       1008   m_ws.l
      2822        114          0          8          0       1372   mc_w.l
      2402          4          0          0          0       2336   mf_w.l

    ----------------------------------------------------------------------
      8270        328        144          8          0       4716   Library Totals

    ----------------------------------------------------------------------

==============================================================================


      Code (inc. data)   RO Data    RW Data    ZI Data      Debug   

     99204        460      18332         68      19828     300522   Grand Totals
     99204        460      18332         68      19828     300522   ELF Image Totals
     99204        460      18332         68          0          0   ROM Totals

==============================================================================

    Total RO  Size (Code + RO Data)               117536 ( 114.78kB)
    Total RW  Size (RW Data + ZI Data)             19896 (  19.43kB)
    Total ROM Size (Code + RO Data + RW Data)     117604 ( 114.85kB)

==============================================================================

