Component: Arm Compiler for Embedded 6.22 Tool: armlink [5ee90200]

==============================================================================

Section Cross References

    nnom_local.o(.ARM.exidx.text.local_avepool_q7_HWC) refers to nnom_local.o(.text.local_avepool_q7_HWC) for [Anonymous Symbol]
    nnom_local.o(.ARM.exidx.text.local_avepool_q7_CHW) refers to nnom_local.o(.text.local_avepool_q7_CHW) for [Anonymous Symbol]
    nnom_local.o(.ARM.exidx.text.local_maxpool_q7_HWC) refers to nnom_local.o(.text.local_maxpool_q7_HWC) for [Anonymous Symbol]
    nnom_local.o(.ARM.exidx.text.local_maxpool_q7_CHW) refers to nnom_local.o(.text.local_maxpool_q7_CHW) for [Anonymous Symbol]
    nnom_local.o(.ARM.exidx.text.local_sumpool_q7_HWC) refers to nnom_local.o(.text.local_sumpool_q7_HWC) for [Anonymous Symbol]
    nnom_local.o(.ARM.exidx.text.local_sumpool_q7_CHW) refers to nnom_local.o(.text.local_sumpool_q7_CHW) for [Anonymous Symbol]
    nnom_local.o(.text.local_up_sampling_q7_HWC) refers to memcpya.o(.text) for __aeabi_memcpy
    nnom_local.o(.ARM.exidx.text.local_up_sampling_q7_HWC) refers to nnom_local.o(.text.local_up_sampling_q7_HWC) for [Anonymous Symbol]
    nnom_local.o(.text.local_up_sampling_q7_CHW) refers to memcpya.o(.text) for __aeabi_memcpy
    nnom_local.o(.ARM.exidx.text.local_up_sampling_q7_CHW) refers to nnom_local.o(.text.local_up_sampling_q7_CHW) for [Anonymous Symbol]
    nnom_local.o(.ARM.exidx.text.local_convolve_HWC_q7_nonsquare) refers to nnom_local.o(.text.local_convolve_HWC_q7_nonsquare) for [Anonymous Symbol]
    nnom_local.o(.ARM.exidx.text.local_convolve_CHW_q7_nonsquare) refers to nnom_local.o(.text.local_convolve_CHW_q7_nonsquare) for [Anonymous Symbol]
    nnom_local.o(.text.local_conv_trans_HWC_q7_nonsquare) refers to nnom_local.o(.text.alg_deconv2d_calculate_position) for alg_deconv2d_calculate_position
    nnom_local.o(.ARM.exidx.text.local_conv_trans_HWC_q7_nonsquare) refers to nnom_local.o(.text.local_conv_trans_HWC_q7_nonsquare) for [Anonymous Symbol]
    nnom_local.o(.ARM.exidx.text.alg_deconv2d_calculate_position) refers to nnom_local.o(.text.alg_deconv2d_calculate_position) for [Anonymous Symbol]
    nnom_local.o(.ARM.exidx.text.local_depthwise_separable_conv_HWC_q7_nonsquare) refers to nnom_local.o(.text.local_depthwise_separable_conv_HWC_q7_nonsquare) for [Anonymous Symbol]
    nnom_local.o(.ARM.exidx.text.local_depthwise_separable_conv_CHW_q7_nonsquare) refers to nnom_local.o(.text.local_depthwise_separable_conv_CHW_q7_nonsquare) for [Anonymous Symbol]
    nnom_local.o(.text.local_zero_padding_HWC_q7) refers to memseta.o(.text) for __aeabi_memclr
    nnom_local.o(.text.local_zero_padding_HWC_q7) refers to memcpya.o(.text) for __aeabi_memcpy
    nnom_local.o(.ARM.exidx.text.local_zero_padding_HWC_q7) refers to nnom_local.o(.text.local_zero_padding_HWC_q7) for [Anonymous Symbol]
    nnom_local.o(.text.local_zero_padding_CHW_q7) refers to memseta.o(.text) for __aeabi_memclr
    nnom_local.o(.text.local_zero_padding_CHW_q7) refers to memcpya.o(.text) for __aeabi_memcpy
    nnom_local.o(.ARM.exidx.text.local_zero_padding_CHW_q7) refers to nnom_local.o(.text.local_zero_padding_CHW_q7) for [Anonymous Symbol]
    nnom_local.o(.text.local_cropping_HWC_q7) refers to memcpya.o(.text) for __aeabi_memcpy
    nnom_local.o(.ARM.exidx.text.local_cropping_HWC_q7) refers to nnom_local.o(.text.local_cropping_HWC_q7) for [Anonymous Symbol]
    nnom_local.o(.text.local_cropping_CHW_q7) refers to memcpya.o(.text) for __aeabi_memcpy
    nnom_local.o(.ARM.exidx.text.local_cropping_CHW_q7) refers to nnom_local.o(.text.local_cropping_CHW_q7) for [Anonymous Symbol]
    nnom_local.o(.ARM.exidx.text.local_dot_q7_opt) refers to nnom_local.o(.text.local_dot_q7_opt) for [Anonymous Symbol]
    nnom_local.o(.ARM.exidx.text.local_dot_q7) refers to nnom_local.o(.text.local_dot_q7) for [Anonymous Symbol]
    nnom_local.o(.ARM.exidx.text.local_fully_connected_q7_opt) refers to nnom_local.o(.text.local_fully_connected_q7_opt) for [Anonymous Symbol]
    nnom_local.o(.ARM.exidx.text.local_fully_connected_q7) refers to nnom_local.o(.text.local_fully_connected_q7) for [Anonymous Symbol]
    nnom_local.o(.ARM.exidx.text.local_softmax_q7) refers to nnom_local.o(.text.local_softmax_q7) for [Anonymous Symbol]
    nnom_local.o(.text.local_hard_sigmoid_q7) refers to fflti.o(.text) for __aeabi_i2f
    nnom_local.o(.text.local_hard_sigmoid_q7) refers to fmul.o(.text) for __aeabi_fmul
    nnom_local.o(.text.local_hard_sigmoid_q7) refers to fadd.o(.text) for __aeabi_fadd
    nnom_local.o(.text.local_hard_sigmoid_q7) refers to ffixi.o(.text) for __aeabi_f2iz
    nnom_local.o(.ARM.exidx.text.local_hard_sigmoid_q7) refers to nnom_local.o(.text.local_hard_sigmoid_q7) for [Anonymous Symbol]
    nnom_local.o(.ARM.exidx.text.local_hard_tanh_q7) refers to nnom_local.o(.text.local_hard_tanh_q7) for [Anonymous Symbol]
[...]
    _microlib_exit                            - Undefined Weak Reference
    __Vectors_Size                           0x000000ec   Number         0  startup_stm32f10x_md.o ABSOLUTE
    __Vectors                                0x08000000   Data           4  startup_stm32f10x_md.o(RESET)
    __Vectors_End                            0x080000ec   Data           0  startup_stm32f10x_md.o(RESET)
    __main                                   0x080000ed   Thumb Code     0  entry.o(.ARM.Collect$$$$00000000)
    _main_stk                                0x080000ed   Thumb Code     0  entry2.o(.ARM.Collect$$$$00000001)
    _main_scatterload                        0x080000f1   Thumb Code     0  entry5.o(.ARM.Collect$$$$00000004)
    __main_after_scatterload                 0x080000f5   Thumb Code     0  entry5.o(.ARM.Collect$$$$00000004)
    _main_clock                              0x080000f5   Thumb Code     0  entry7b.o(.ARM.Collect$$$$00000008)
    _main_cpp_init                           0x080000f5   Thumb Code     0  entry8b.o(.ARM.Collect$$$$0000000A)
    _main_init                               0x080000f5   Thumb Code     0  entry9a.o(.ARM.Collect$$$$0000000B)
    __rt_final_cpp                           0x080000fd   Thumb Code     0  entry10a.o(.ARM.Collect$$$$0000000D)
    __rt_final_exit                          0x080000fd   Thumb Code     0  entry11a.o(.ARM.Collect$$$$0000000F)
    Reset_Handler                            0x08000101   Thumb Code     8  startup_stm32f10x_md.o(.text)
    NMI_Handler                              0x08000109   Thumb Code     2  startup_stm32f10x_md.o(.text)
    HardFault_Handler                        0x0800010b   Thumb Code     2  startup_stm32f10x_md.o(.text)
    MemManage_Handler                        0x0800010d   Thumb Code     2  startup_stm32f10x_md.o(.text)
    BusFault_Handler                         0x0800010f   Thumb Code     2  startup_stm32f10x_md.o(.text)
    UsageFault_Handler                       0x08000111   Thumb Code     2  startup_stm32f10x_md.o(.text)
    SVC_Handler                              0x08000113   Thumb Code     2  startup_stm32f10x_md.o(.text)
    DebugMon_Handler                         0x08000115   Thumb Code     2  startup_stm32f10x_md.o(.text)
    PendSV_Handler                           0x08000117   Thumb Code     2  startup_stm32f10x_md.o(.text)
    SysTick_Handler                          0x08000119   Thumb Code     2  startup_stm32f10x_md.o(.text)
    ADC1_2_IRQHandler                        0x0800011b   Thumb Code     0  startup_stm32f10x_md.o(.text)
    CAN1_RX1_IRQHandler                      0x0800011b   Thumb Code     0  startup_stm32f10x_md.o(.text)
    CAN1_SCE_IRQHandler                      0x0800011b   Thumb Code     0  startup_stm32f10x_md.o(.text)
    DMA1_Channel1_IRQHandler                 0x0800011b   Thumb Code     0  startup_stm32f10x_md.o(.text)
    DMA1_Channel2_IRQHandler                 0x0800011b   Thumb Code     0  startup_stm32f10x_md.o(.text)
    DMA1_Channel3_IRQHandler                 0x0800011b   Thumb Code     0  startup_stm32f10x_md.o(.text)
    DMA1_Channel4_IRQHandler                 0x0800011b   Thumb Code     0  startup_stm32f10x_md.o(.text)
    DMA1_Channel5_IRQHandler                 0x0800011b   Thumb Code     0  startup_stm32f10x_md.o(.text)
    DMA1_Channel6_IRQHandler                 0x0800011b   Thumb Code     0  startup_stm32f10x_md.o(.text)
    DMA1_Channel7_IRQHandler                 0x0800011b   Thumb Code     0  startup_stm32f10x_md.o(.text)
    EXTI15_10_IRQHandler                     0x0800011b   Thumb Code     0  startup_stm32f10x_md.o(.text)
    EXTI1_IRQHandler                         0x0800011b   Thumb Code     0  startup_stm32f10x_md.o(.text)
    EXTI2_IRQHandler                         0x0800011b   Thumb Code     0  startup_stm32f10x_md.o(.text)
    EXTI3_IRQHandler                         0x0800011b   Thumb Code     0  startup_stm32f10x_md.o(.text)
    EXTI4_IRQHandler                         0x0800011b   Thumb Code     0  startup_stm32f10x_md.o(.text)
    FLASH_IRQHandler                         0x0800011b   Thumb Code     0  startup_stm32f10x_md.o(.text)
    I2C1_ER_IRQHandler                       0x0800011b   Thumb Code     0  startup_stm32f10x_md.o(.text)
    I2C1_EV_IRQHandler                       0x0800011b   Thumb Code     0  startup_stm32f10x_md.o(.text)
    I2C2_ER_IRQHandler                       0x0800011b   Thumb Code     0  startup_stm32f10x_md.o(.text)
    I2C2_EV_IRQHandler                       0x0800011b   Thumb Code     0  startup_stm32f10x_md.o(.text)
    PVD_IRQHandler                           0x0800011b   Thumb Code     0  startup_stm32f10x_md.o(.text)
    RCC_IRQHandler                           0x0800011b   Thumb Code     0  startup_stm32f10x_md.o(.text)
    RTCAlarm_IRQHandler                      0x0800011b   Thumb Code     0  startup_stm32f10x_md.o(.text)
    RTC_IRQHandler                           0x0800011b   Thumb Code     0  startup_stm32f10x_md.o(.text)
    SPI1_IRQHandler                          0x0800011b   Thumb Code     0  startup_stm32f10x_md.o(.text)
    SPI2_IRQHandler                          0x0800011b   Thumb Code     0  startup_stm32f10x_md.o(.text)
    TAMPER_IRQHandler                        0x0800011b   Thumb Code     0  startup_stm32f10x_md.o(.text)
    TIM1_BRK_IRQHandler                      0x0800011b   Thumb Code     0  startup_stm32f10x_md.o(.text)
    TIM1_CC_IRQHandler                       0x0800011b   Thumb Code     0  startup_stm32f10x_md.o(.text)
    TIM1_TRG_COM_IRQHandler                  0x0800011b   Thumb Code     0  startup_stm32f10x_md.o(.text)
    TIM1_UP_IRQHandler                       0x0800011b   Thumb Code     0  startup_stm32f10x_md.o(.text)
    TIM3_IRQHandler                          0x0800011b   Thumb Code     0  startup_stm32f10x_md.o(.text)
    USART1_IRQHandler                        0x0800011b   Thumb Code     0  startup_stm32f10x_md.o(.text)
    USART2_IRQHandler                        0x0800011b   Thumb Code     0  startup_stm32f10x_md.o(.text)
    USART3_IRQHandler                        0x0800011b   Thumb Code     0  startup_stm32f10x_md.o(.text)
    USBWakeUp_IRQHandler                     0x0800011b   Thumb Code     0  startup_stm32f10x_md.o(.text)
    USB_HP_CAN1_TX_IRQHandler                0x0800011b   Thumb Code     0  startup_stm32f10x_md.o(.text)
    USB_LP_CAN1_RX0_IRQHandler               0x0800011b   Thumb Code     0  startup_stm32f10x_md.o(.text)
    WWDG_IRQHandler                          0x0800011b   Thumb Code     0  startup_stm32f10x_md.o(.text)
    __aeabi_uldivmod                         0x08000125   Thumb Code    98  uldiv.o(.text)
    __aeabi_ldivmod                          0x08000187   Thumb Code    98  ldiv.o(.text)
    __aeabi_memcpy                           0x080001e9   Thumb Code    36  memcpya.o(.text)
    __aeabi_memcpy4                          0x080001e9   Thumb Code     0  memcpya.o(.text)
    __aeabi_memcpy8                          0x080001e9   Thumb Code     0  memcpya.o(.text)
    __aeabi_memset                           0x0800020d   Thumb Code    14  memseta.o(.text)
    __aeabi_memset4                          0x0800020d   Thumb Code     0  memseta.o(.text)
    __aeabi_memset8                          0x0800020d   Thumb Code     0  memseta.o(.text)
    __aeabi_memclr                           0x0800021b   Thumb Code     4  memseta.o(.text)
    __aeabi_memclr4                          0x0800021b   Thumb Code     0  memseta.o(.text)
    __aeabi_memclr8                          0x0800021b   Thumb Code     0  memseta.o(.text)
    _memset$wrapper                          0x0800021f   Thumb Code    18  memseta.o(.text)
    memcmp                                   0x08000231   Thumb Code    26  memcmp.o(.text)
    __aeabi_fadd                             0x0800024b   Thumb Code   164  fadd.o(.text)
    __aeabi_fsub                             0x080002ef   Thumb Code     6  fadd.o(.text)
    __aeabi_frsub                            0x080002f5   Thumb Code     6  fadd.o(.text)
    __aeabi_fmul                             0x080002fb   Thumb Code   100  fmul.o(.text)
    __aeabi_fdiv                             0x0800035f   Thumb Code   124  fdiv.o(.text)
    __aeabi_dmul                             0x080003db   Thumb Code   228  dmul.o(.text)
    __aeabi_ddiv                             0x080004bf   Thumb Code   222  ddiv.o(.text)
    __aeabi_fcmple                           0x0800059d   Thumb Code    28  fcmple.o(.text)
    __aeabi_fcmplt                           0x080005b9   Thumb Code    28  fcmplt.o(.text)
    __aeabi_fcmpge                           0x080005d5   Thumb Code    28  fcmpge.o(.text)
    __aeabi_fcmpeq                           0x080005f1   Thumb Code    28  fcmpeq.o(.text)
    __aeabi_i2f                              0x0800060d   Thumb Code    18  fflti.o(.text)
    __aeabi_ui2f                             0x0800061f   Thumb Code    10  ffltui.o(.text)
    __aeabi_i2d                              0x08000629   Thumb Code    34  dflti.o(.text)
    __aeabi_f2iz                             0x0800064b   Thumb Code    50  ffixi.o(.text)
    __aeabi_d2iz                             0x0800067d   Thumb Code    62  dfixi.o(.text)
    __aeabi_f2d                              0x080006bb   Thumb Code    38  f2d.o(.text)
    __aeabi_d2f                              0x080006e1   Thumb Code    56  d2f.o(.text)
    __aeabi_uidiv                            0x08000719   Thumb Code     0  uidiv.o(.text)
    __aeabi_uidivmod                         0x08000719   Thumb Code    44  uidiv.o(.text)
    __aeabi_llsl                             0x08000745   Thumb Code    30  llshl.o(.text)
    _ll_shift_l                              0x08000745   Thumb Code     0  llshl.o(.text)
    __aeabi_llsr                             0x08000763   Thumb Code    32  llushr.o(.text)
    _ll_ushift_r                             0x08000763   Thumb Code     0  llushr.o(.text)
    __I$use$fp                               0x08000783   Thumb Code     0  iusefp.o(.text)
    _float_round                             0x08000783   Thumb Code    18  fepilogue.o(.text)
    _float_epilogue                          0x08000795   Thumb Code    92  fepilogue.o(.text)
    _double_round                            0x080007f1   Thumb Code    30  depilogue.o(.text)
    _double_epilogue                         0x0800080f   Thumb Code   156  depilogue.o(.text)
    __aeabi_dadd                             0x080008ab   Thumb Code   322  dadd.o(.text)
    __aeabi_dsub                             0x080009ed   Thumb Code     6  dadd.o(.text)
    __aeabi_drsub                            0x080009f3   Thumb Code     6  dadd.o(.text)
    _drnd                                    0x080009f9   Thumb Code   132  drnd.o(.text)
    __aeabi_d2ulz                            0x08000a81   Thumb Code    48  dfixul.o(.text)
    __aeabi_cdcmpeq                          0x08000ab1   Thumb Code     0  cdcmple.o(.text)
    __aeabi_cdcmple                          0x08000ab1   Thumb Code    48  cdcmple.o(.text)
    __aeabi_cdrcmple                         0x08000ae1   Thumb Code    48  cdrcmple.o(.text)
    __scatterload                            0x08000b11   Thumb Code    38  init.o(.text)
    __scatterload_rt2                        0x08000b11   Thumb Code     0  init.o(.text)
    __aeabi_lasr                             0x08000b41   Thumb Code    36  llsshr.o(.text)
    _ll_sshift_r                             0x08000b41   Thumb Code     0  llsshr.o(.text)
    ADC_Cmd                                  0x08000b65   Thumb Code    16  stm32f10x_adc.o(.text.ADC_Cmd)
    ADC_GetAvg                               0x08000b75   Thumb Code   252  cyberrypotter.o(.text.ADC_GetAvg)
    ADC_GetCalibrationStatus                 0x08000c9d   Thumb Code     8  stm32f10x_adc.o(.text.ADC_GetCalibrationStatus)
    ADC_GetConversionValue                   0x08000ca5   Thumb Code     6  stm32f10x_adc.o(.text.ADC_GetConversionValue)
    ADC_GetFlagStatus                        0x08000cab   Thumb Code    10  stm32f10x_adc.o(.text.ADC_GetFlagStatus)
    ADC_GetResetCalibrationStatus            0x08000cb5   Thumb Code     8  stm32f10x_adc.o(.text.ADC_GetResetCalibrationStatus)
    ADC_GetValue                             0x08000cbd   Thumb Code    42  hardware.o(.text.ADC_GetValue)
    ADC_Init                                 0x08000ce7   Thumb Code    80  stm32f10x_adc.o(.text.ADC_Init)
    ADC_RegularChannelConfig                 0x08000d37   Thumb Code    96  stm32f10x_adc.o(.text.ADC_RegularChannelConfig)
    ADC_ResetCalibration                     0x08000d97   Thumb Code    10  stm32f10x_adc.o(.text.ADC_ResetCalibration)
    ADC_SoftwareStartConvCmd                 0x08000da1   Thumb Code    18  stm32f10x_adc.o(.text.ADC_SoftwareStartConvCmd)
    ADC_StartCalibration                     0x08000db3   Thumb Code    10  stm32f10x_adc.o(.text.ADC_StartCalibration)
    Cyberry_Potter_Mode0                     0x08000dbd   Thumb Code    96  main.o(.text.Cyberry_Potter_Mode0)
    Cyberry_Potter_Mode1                     0x08000e29   Thumb Code    98  main.o(.text.Cyberry_Potter_Mode1)
    Delay_ms                                 0x08000e8d   Thumb Code    58  delay.o(.text.Delay_ms)
    Delay_us                                 0x08000ec9   Thumb Code    36  delay.o(.text.Delay_us)
    EXTI0_IRQHandler                         0x08000eed   Thumb Code    50  cyberrypotter.o(.text.EXTI0_IRQHandler)
    EXTI9_5_IRQHandler                       0x08000f1f   Thumb Code   126  cyberrypotter.o(.text.EXTI9_5_IRQHandler)
    EXTI_ClearITPendingBit                   0x08000f9d   Thumb Code    12  stm32f10x_exti.o(.text.EXTI_ClearITPendingBit)
    EXTI_GetITStatus                         0x08000fa9   Thumb Code    30  stm32f10x_exti.o(.text.EXTI_GetITStatus)
    EXTI_Init                                0x08000fc7   Thumb Code   104  stm32f10x_exti.o(.text.EXTI_Init)
    EXTI_Restore                             0x0800102f   Thumb Code    26  hardware.o(.text.EXTI_Restore)
    EXTI_Stop                                0x08001049   Thumb Code    26  hardware.o(.text.EXTI_Stop)
    Flatten                                  0x08001063   Thumb Code    78  nnom_flatten.o(.text.Flatten)
    GPIO_EXTILineConfig                      0x080010b1   Thumb Code    54  stm32f10x_gpio.o(.text.GPIO_EXTILineConfig)
    GPIO_Init                                0x080010e9   Thumb Code   178  stm32f10x_gpio.o(.text.GPIO_Init)
    GPIO_ReadInputDataBit                    0x0800119b   Thumb Code    10  stm32f10x_gpio.o(.text.GPIO_ReadInputDataBit)
    GPIO_WriteBit                            0x080011a5   Thumb Code    12  stm32f10x_gpio.o(.text.GPIO_WriteBit)
    Hardware_Init                            0x080011b1   Thumb Code   820  hardware.o(.text.Hardware_Init)
    IIC_Init                                 0x0800150d   Thumb Code    66  iic.o(.text.IIC_Init)
    IIC_Receive_Byte                         0x08001595   Thumb Code    98  iic.o(.text.IIC_Receive_Byte)
    IIC_Send_Byte                            0x08001635   Thumb Code    84  iic.o(.text.IIC_Send_Byte)
    IIC_read                                 0x08001715   Thumb Code    96  iic.o(.text.IIC_read)
    IIC_write                                0x08001775   Thumb Code    66  iic.o(.text.IIC_write)
    IMU_Get_Data                             0x080017b7   Thumb Code   166  imu.o(.text.IMU_Get_Data)
    IMU_Sample_Start                         0x0800185d   Thumb Code    56  imu.o(.text.IMU_Sample_Start)
    LED_Blink                                0x0800189d   Thumb Code   210  cyberrypotter.o(.text.LED_Blink)
    MPU6050_Init                             0x0800196f   Thumb Code   250  mpu6050.o(.text.MPU6050_Init)
    Module0_IR_Init                          0x08001a69   Thumb Code   270  module0_ir.o(.text.Module0_IR_Init)
    Module0_IR_Transmit                      0x08001b79   Thumb Code   130  module0_ir.o(.text.Module0_IR_Transmit)
    Module10_Init                            0x08001bfb   Thumb Code     2  module10.o(.text.Module10_Init)
    Module10_Mode0_Handler                   0x08001bfd   Thumb Code     2  module10.o(.text.Module10_Mode0_Handler)
    Module10_Mode1_Handler                   0x08001bff   Thumb Code     2  module10.o(.text.Module10_Mode1_Handler)
    Module1_RF433_Init                       0x08001c01   Thumb Code   232  module1_rf433.o(.text.Module1_RF433_Init)
    Module1_RF433_Transmit                   0x08001ce9   Thumb Code   104  module1_rf433.o(.text.Module1_RF433_Transmit)
    Module3_Init                             0x08001d51   Thumb Code     2  module3.o(.text.Module3_Init)
    Module3_Mode0_Handler                    0x08001d53   Thumb Code     2  module3.o(.text.Module3_Mode0_Handler)
    Module3_Mode1_Handler                    0x08001d55   Thumb Code     2  module3.o(.text.Module3_Mode1_Handler)
    Module4_Init                             0x08001d57   Thumb Code     2  module4.o(.text.Module4_Init)
    Module4_Mode0_Handler                    0x08001d59   Thumb Code     2  module4.o(.text.Module4_Mode0_Handler)
    Module4_Mode1_Handler                    0x08001d5b   Thumb Code     2  module4.o(.text.Module4_Mode1_Handler)
    Module5_Init                             0x08001d5d   Thumb Code     2  module5.o(.text.Module5_Init)
    Module5_Mode0_Handler                    0x08001d5f   Thumb Code     2  module5.o(.text.Module5_Mode0_Handler)
    Module5_Mode1_Handler                    0x08001d61   Thumb Code     2  module5.o(.text.Module5_Mode1_Handler)
    Module6_Init                             0x08001d63   Thumb Code     2  module6.o(.text.Module6_Init)
    Module6_Mode0_Handler                    0x08001d65   Thumb Code     2  module6.o(.text.Module6_Mode0_Handler)
    Module6_Mode1_Handler                    0x08001d67   Thumb Code     2  module6.o(.text.Module6_Mode1_Handler)
    Module7_Init                             0x08001d69   Thumb Code     2  module7.o(.text.Module7_Init)
    Module7_Mode0_Handler                    0x08001d6b   Thumb Code     2  module7.o(.text.Module7_Mode0_Handler)
    Module7_Mode1_Handler                    0x08001d6d   Thumb Code     2  module7.o(.text.Module7_Mode1_Handler)
    Module8_Init                             0x08001d6f   Thumb Code     2  module8.o(.text.Module8_Init)
    Module8_Mode0_Handler                    0x08001d71   Thumb Code     2  module8.o(.text.Module8_Mode0_Handler)
    Module8_Mode1_Handler                    0x08001d73   Thumb Code     2  module8.o(.text.Module8_Mode1_Handler)
    Module9_Init                             0x08001d75   Thumb Code     2  module9.o(.text.Module9_Init)
    Module9_Mode0_Handler                    0x08001d77   Thumb Code     2  module9.o(.text.Module9_Mode0_Handler)
    Module9_Mode1_Handler                    0x08001d79   Thumb Code     2  module9.o(.text.Module9_Mode1_Handler)
    Module_Detect                            0x08001d7b   Thumb Code   164  cyberrypotter.o(.text.Module_Detect)
    Module_IR_RF_Copy_From_Buffer            0x08001e21   Thumb Code    58  module_ir_rf.o(.text.Module_IR_RF_Copy_From_Buffer)
    Module_IR_RF_Copy_To_Buffer              0x08001e5d   Thumb Code    78  module_ir_rf.o(.text.Module_IR_RF_Copy_To_Buffer)
    Module_IR_RF_Init                        0x08001eab   Thumb Code    46  module_ir_rf.o(.text.Module_IR_RF_Init)
    Module_IR_RF_Print                       0x08001ed9   Thumb Code   100  module_ir_rf.o(.text.Module_IR_RF_Print)
    Module_IR_RF_Receive                     0x08001f89   Thumb Code   112  module_ir_rf.o(.text.Module_IR_RF_Receive)
    Module_IR_RF_Record_Duration             0x08002009   Thumb Code    52  module_ir_rf.o(.text.Module_IR_RF_Record_Duration)
    Module_IR_RF_Transmit                    0x0800203d   Thumb Code   160  module_ir_rf.o(.text.Module_IR_RF_Transmit)
    Module_IR_RF_receiver_start              0x080020f9   Thumb Code    38  module_ir_rf.o(.text.Module_IR_RF_receiver_start)
    Module_IR_RF_receiver_stop               0x0800211f   Thumb Code    64  module_ir_rf.o(.text.Module_IR_RF_receiver_stop)
    Module_Init                              0x08002161   Thumb Code   236  cyberrypotter.o(.text.Module_Init)
    NVIC_Init                                0x0800224d   Thumb Code    94  misc.o(.text.NVIC_Init)
    NVIC_PriorityGroupConfig                 0x080022ab   Thumb Code    20  misc.o(.text.NVIC_PriorityGroupConfig)
    RCC_ADCCLKConfig                         0x080022bf   Thumb Code    20  stm32f10x_rcc.o(.text.RCC_ADCCLKConfig)
    RCC_APB1PeriphClockCmd                   0x080022d3   Thumb Code    24  stm32f10x_rcc.o(.text.RCC_APB1PeriphClockCmd)
    RCC_APB2PeriphClockCmd                   0x080022eb   Thumb Code    24  stm32f10x_rcc.o(.text.RCC_APB2PeriphClockCmd)
    RCC_GetClocksFreq                        0x08002303   Thumb Code   140  stm32f10x_rcc.o(.text.RCC_GetClocksFreq)
    SPI2_SwapByte                            0x08002391   Thumb Code    54  w25q64.o(.text.SPI2_SwapByte)
    SPI_Cmd                                  0x080023c7   Thumb Code    20  stm32f10x_spi.o(.text.SPI_Cmd)
    SPI_I2S_GetFlagStatus                    0x080023db   Thumb Code    10  stm32f10x_spi.o(.text.SPI_I2S_GetFlagStatus)
    SPI_I2S_ReceiveData                      0x080023e5   Thumb Code     4  stm32f10x_spi.o(.text.SPI_I2S_ReceiveData)
    SPI_I2S_SendData                         0x080023e9   Thumb Code     4  stm32f10x_spi.o(.text.SPI_I2S_SendData)
    SPI_Init                                 0x080023ed   Thumb Code    70  stm32f10x_spi.o(.text.SPI_Init)
    Softmax                                  0x08002433   Thumb Code    76  nnom_softmax.o(.text.Softmax)
    SystemInit                               0x08002481   Thumb Code   248  system_stm32f10x.o(.text.SystemInit)
    System_Init                              0x08002579   Thumb Code   108  cyberrypotter.o(.text.System_Init)
    TIM2_IRQHandler                          0x0800260d   Thumb Code    50  module_ir_rf.o(.text.TIM2_IRQHandler)
    TIM4_IRQHandler                          0x08002641   Thumb Code   264  cyberrypotter.o(.text.TIM4_IRQHandler)
    TIM_ClearFlag                            0x0800278d   Thumb Code     6  stm32f10x_tim.o(.text.TIM_ClearFlag)
    TIM_ClearITPendingBit                    0x08002793   Thumb Code     6  stm32f10x_tim.o(.text.TIM_ClearITPendingBit)
    TIM_Cmd                                  0x08002799   Thumb Code    18  stm32f10x_tim.o(.text.TIM_Cmd)
    TIM_GetCounter                           0x080027ab   Thumb Code     4  stm32f10x_tim.o(.text.TIM_GetCounter)
    TIM_GetITStatus                          0x080027af   Thumb Code    24  stm32f10x_tim.o(.text.TIM_GetITStatus)
    TIM_ITConfig                             0x080027c7   Thumb Code    16  stm32f10x_tim.o(.text.TIM_ITConfig)
    TIM_OC1Init                              0x080027d7   Thumb Code   112  stm32f10x_tim.o(.text.TIM_OC1Init)
    TIM_OCStructInit                         0x08002847   Thumb Code    12  stm32f10x_tim.o(.text.TIM_OCStructInit)
    TIM_SetCompare1                          0x08002853   Thumb Code     4  stm32f10x_tim.o(.text.TIM_SetCompare1)
    TIM_SetCounter                           0x08002857   Thumb Code     4  stm32f10x_tim.o(.text.TIM_SetCounter)
    TIM_TimeBaseInit                         0x0800285b   Thumb Code   166  stm32f10x_tim.o(.text.TIM_TimeBaseInit)
    USART_Cmd                                0x08002901   Thumb Code    20  stm32f10x_usart.o(.text.USART_Cmd)
    USART_ITConfig                           0x08002915   Thumb Code    46  stm32f10x_usart.o(.text.USART_ITConfig)
    USART_Init                               0x08002943   Thumb Code   182  stm32f10x_usart.o(.text.USART_Init)
    W25Q64_Read_Sector                       0x080029f9   Thumb Code   130  w25q64.o(.text.W25Q64_Read_Sector)
    W25Q64_SectorErase                       0x08002a7b   Thumb Code    76  w25q64.o(.text.W25Q64_SectorErase)
    W25Q64_WaitBusy                          0x08002ac9   Thumb Code    54  w25q64.o(.text.W25Q64_WaitBusy)
    W25Q64_WriteEnable                       0x08002aff   Thumb Code    44  w25q64.o(.text.W25Q64_WriteEnable)
    W25Q64_Write_Sector                      0x08002b2d   Thumb Code   188  w25q64.o(.text.W25Q64_Write_Sector)
    act_get_dec_bit                          0x08002c0d   Thumb Code    14  nnom_activation.o(.text.act_get_dec_bit)
    act_relu                                 0x08002c1b   Thumb Code    26  nnom_activation.o(.text.act_relu)
    check_model_version                      0x08002c35   Thumb Code    92  nnom.o(.text.check_model_version)
    compile_layers                           0x08002ced   Thumb Code  1192  nnom.o(.text.compile_layers)
    conv2d_build                             0x08003225   Thumb Code   260  nnom_conv2d.o(.text.conv2d_build)
    conv2d_free                              0x08003329   Thumb Code    24  nnom_conv2d.o(.text.conv2d_free)
    conv2d_run                               0x08003341   Thumb Code   252  nnom_conv2d.o(.text.conv2d_run)
    conv2d_s                                 0x0800343d   Thumb Code   338  nnom_conv2d.o(.text.conv2d_s)
    default_build                            0x0800358f   Thumb Code    70  nnom_baselayer.o(.text.default_build)
    delete_tensor                            0x080035d5   Thumb Code    10  nnom_tensor.o(.text.delete_tensor)
    dense_build                              0x080035df   Thumb Code   208  nnom_dense.o(.text.dense_build)
    dense_free                               0x080036af   Thumb Code    24  nnom_dense.o(.text.dense_free)
    dense_run                                0x080036c7   Thumb Code    90  nnom_dense.o(.text.dense_run)
    dense_s                                  0x08003721   Thumb Code   124  nnom_dense.o(.text.dense_s)
    dilation                                 0x0800379d   Thumb Code    10  nnom_layers.o(.text.dilation)
    dmp_enable_feature                       0x080037a7   Thumb Code   660  inv_mpu_dmp_motion_driver.o(.text.dmp_enable_feature)
    dmp_load_motion_driver_firmware          0x08003a3b   Thumb Code    22  inv_mpu_dmp_motion_driver.o(.text.dmp_load_motion_driver_firmware)
    dmp_set_accel_bias                       0x08003a51   Thumb Code   192  inv_mpu_dmp_motion_driver.o(.text.dmp_set_accel_bias)
    dmp_set_fifo_rate                        0x08003b11   Thumb Code    96  inv_mpu_dmp_motion_driver.o(.text.dmp_set_fifo_rate)
    dmp_set_gyro_bias                        0x08003b7d   Thumb Code   220  inv_mpu_dmp_motion_driver.o(.text.dmp_set_gyro_bias)
    dmp_set_orientation                      0x08003c59   Thumb Code   224  inv_mpu_dmp_motion_driver.o(.text.dmp_set_orientation)
    dmp_set_tap_thresh                       0x08003d39   Thumb Code   292  inv_mpu_dmp_motion_driver.o(.text.dmp_set_tap_thresh)
    flatten_build                            0x08003e5d   Thumb Code    84  nnom_flatten.o(.text.flatten_build)
    flatten_run                              0x08003eb1   Thumb Code     4  nnom_flatten.o(.text.flatten_run)
    flatten_s                                0x08003eb5   Thumb Code    14  nnom_flatten.o(.text.flatten_s)
    fputc                                    0x08003ec5   Thumb Code    18  hardware.o(.text.fputc)
    input_build                              0x080041fd   Thumb Code    40  nnom_input.o(.text.input_build)
    input_run                                0x08004225   Thumb Code    30  nnom_input.o(.text.input_run)
    input_s                                  0x08004243   Thumb Code   216  nnom_input.o(.text.input_s)
    io_init                                  0x0800431b   Thumb Code     8  nnom_layers.o(.text.io_init)
    kernel                                   0x08004323   Thumb Code    10  nnom_layers.o(.text.kernel)
    local_convolve_HWC_q15_nonsquare         0x0800432d   Thumb Code   574  nnom_local_q15.o(.text.local_convolve_HWC_q15_nonsquare)
    local_convolve_HWC_q7_nonsquare          0x0800456d   Thumb Code   522  nnom_local.o(.text.local_convolve_HWC_q7_nonsquare)
    local_fully_connected_q7_opt             0x08004779   Thumb Code   512  nnom_local.o(.text.local_fully_connected_q7_opt)
    local_relu_q15                           0x08004979   Thumb Code    26  nnom_local_q15.o(.text.local_relu_q15)
    local_relu_q7                            0x08004995   Thumb Code    26  nnom_local.o(.text.local_relu_q7)
    local_softmax_q7                         0x080049b1   Thumb Code   156  nnom_local.o(.text.local_softmax_q7)
    main                                     0x08004a4d   Thumb Code   286  main.o(.text.main)
    mem_analysis_result                      0x08004b6d   Thumb Code    60  nnom.o(.text.mem_analysis_result)
    model_compile                            0x08004c41   Thumb Code   320  nnom.o(.text.model_compile)
    model_feed_data                          0x08004df5   Thumb Code   134  main.o(.text.model_feed_data)
    model_get_output                         0x08004e7d   Thumb Code   220  main.o(.text.model_get_output)
    model_run                                0x08005083   Thumb Code     6  nnom.o(.text.model_run)
    model_run_to                             0x08005089   Thumb Code   160  nnom.o(.text.model_run_to)
    mpu_configure_fifo                       0x0800518d   Thumb Code    84  inv_mpu.o(.text.mpu_configure_fifo)
    mpu_get_accel_fsr                        0x080051e1   Thumb Code    54  inv_mpu.o(.text.mpu_get_accel_fsr)
    mpu_get_accel_sens                       0x08005219   Thumb Code    48  inv_mpu.o(.text.mpu_get_accel_sens)
    mpu_get_gyro_sens                        0x08005259   Thumb Code    66  inv_mpu.o(.text.mpu_get_gyro_sens)
    mpu_init                                 0x0800529b   Thumb Code   194  inv_mpu.o(.text.mpu_init)
    mpu_load_firmware                        0x0800535d   Thumb Code   186  inv_mpu.o(.text.mpu_load_firmware)
    mpu_lp_accel_mode                        0x08005417   Thumb Code   174  inv_mpu.o(.text.mpu_lp_accel_mode)
    mpu_read_mem                             0x080054c5   Thumb Code    98  inv_mpu.o(.text.mpu_read_mem)
    mpu_reset_fifo                           0x08005527   Thumb Code   372  inv_mpu.o(.text.mpu_reset_fifo)
    mpu_run_self_test                        0x0800569d   Thumb Code   858  inv_mpu.o(.text.mpu_run_self_test)
    mpu_set_accel_fsr                        0x080059f9   Thumb Code   124  inv_mpu.o(.text.mpu_set_accel_fsr)
    mpu_set_bypass                           0x08005a75   Thumb Code   232  inv_mpu.o(.text.mpu_set_bypass)
    mpu_set_dmp_state                        0x08005b5d   Thumb Code   132  inv_mpu.o(.text.mpu_set_dmp_state)
    mpu_set_gyro_fsr                         0x08005be1   Thumb Code   132  inv_mpu.o(.text.mpu_set_gyro_fsr)
    mpu_set_int_latched                      0x08005c65   Thumb Code    94  inv_mpu.o(.text.mpu_set_int_latched)
    mpu_set_lpf                              0x08005cc3   Thumb Code   104  inv_mpu.o(.text.mpu_set_lpf)
    mpu_set_sample_rate                      0x08005d2b   Thumb Code   132  inv_mpu.o(.text.mpu_set_sample_rate)
    mpu_set_sensors                          0x08005daf   Thumb Code   160  inv_mpu.o(.text.mpu_set_sensors)
    mpu_write_mem                            0x08005e4f   Thumb Code    98  inv_mpu.o(.text.mpu_write_mem)
    new_model                                0x08005eb1   Thumb Code   108  nnom.o(.text.new_model)
    new_tensor                               0x08005f1d   Thumb Code   112  nnom_tensor.o(.text.new_tensor)
    nnom_alignto                             0x08005fb1   Thumb Code    18  nnom.o(.text.nnom_alignto)
    nnom_free                                0x08005fc3   Thumb Code     2  nnom.o(.text.nnom_free)
    nnom_malloc                              0x08005fc5   Thumb Code    90  nnom.o(.text.nnom_malloc)
    nnom_mem                                 0x0800601f   Thumb Code    50  nnom.o(.text.nnom_mem)
    nnom_set_static_buf                      0x08006051   Thumb Code    34  nnom.o(.text.nnom_set_static_buf)
    output_run                               0x08006073   Thumb Code    32  nnom_output.o(.text.output_run)
    output_s                                 0x08006093   Thumb Code    50  nnom_output.o(.text.output_s)
    set_tailed_activation                    0x08006191   Thumb Code    46  nnom.o(.text.set_tailed_activation)
    shape                                    0x080061bf   Thumb Code     8  nnom_layers.o(.text.shape)
    softmax_build                            0x080061c7   Thumb Code    54  nnom_softmax.o(.text.softmax_build)
    softmax_run                              0x080061fd   Thumb Code    36  nnom_softmax.o(.text.softmax_run)
    softmax_s                                0x08006221   Thumb Code    14  nnom_softmax.o(.text.softmax_s)
    stride                                   0x0800622f   Thumb Code    10  nnom_layers.o(.text.stride)
    tensor_cpy_attr                          0x08006239   Thumb Code    88  nnom_tensor.o(.text.tensor_cpy_attr)
    tensor_get_num_channel                   0x08006291   Thumb Code    14  nnom_tensor.o(.text.tensor_get_num_channel)
    tensor_mem_set                           0x080062a1   Thumb Code    48  nnom.o(.text.tensor_mem_set)
    tensor_set_attr                          0x080062d1   Thumb Code    80  nnom_tensor.o(.text.tensor_set_attr)
    tensor_set_attr_v                        0x08006321   Thumb Code    42  nnom_tensor.o(.text.tensor_set_attr_v)
    tensor_size                              0x0800634d   Thumb Code    38  nnom_tensor.o(.text.tensor_size)
    __0printf                                0x08006375   Thumb Code    22  printfa.o(i.__0printf)
    __1printf                                0x08006375   Thumb Code     0  printfa.o(i.__0printf)
    __2printf                                0x08006375   Thumb Code     0  printfa.o(i.__0printf)
    __c89printf                              0x08006375   Thumb Code     0  printfa.o(i.__0printf)
    printf                                   0x08006375   Thumb Code     0  printfa.o(i.__0printf)
    __scatterload_copy                       0x08006395   Thumb Code    14  handlers.o(i.__scatterload_copy)
    __scatterload_null                       0x080063a3   Thumb Code     2  handlers.o(i.__scatterload_null)
    __scatterload_zeroinit                   0x080063a5   Thumb Code    14  handlers.o(i.__scatterload_zeroinit)
    putchar                                  0x08006c69   Thumb Code     6  putchar.o(i.putchar)
    puts                                     0x08006c75   Thumb Code    30  puts.o(i.puts)
    round                                    0x08006c99   Thumb Code   136  round.o(i.round)
    conv1d_1_bias_shift                      0x08006d68   Data           4  main.o(.rodata.conv1d_1_bias_shift)
    conv1d_1_config                          0x08006d6c   Data          40  main.o(.rodata.conv1d_1_config)
    conv1d_1_output_shift                    0x08006d94   Data           4  main.o(.rodata.conv1d_1_output_shift)
    conv1d_bias_shift                        0x08006d98   Data           4  main.o(.rodata.conv1d_bias_shift)
    conv1d_config                            0x08006d9c   Data          40  main.o(.rodata.conv1d_config)
    conv1d_output_shift                      0x08006dc4   Data           4  main.o(.rodata.conv1d_output_shift)
    default_activation_names                 0x08006dd0   Data          64  nnom.o(.rodata.default_activation_names)
    default_cell_names                       0x08006e10   Data          32  nnom.o(.rodata.default_cell_names)
    default_layer_names                      0x08006e30   Data         396  nnom.o(.rodata.default_layer_names)
    dense_bias_shift                         0x08006fbc   Data           4  main.o(.rodata.dense_bias_shift)
    dense_config                             0x08006fc0   Data          24  main.o(.rodata.dense_config)
    dense_output_shift                       0x08006fd8   Data           4  main.o(.rodata.dense_output_shift)
    flatten_config                           0x08007bd4   Data           4  main.o(.rodata.flatten_config)
    hw                                       0x08007bd8   Data          12  inv_mpu.o(.rodata.hw)
    input_1_config                           0x08007be4   Data           8  main.o(.rodata.input_1_config)
    output0_config                           0x08007bec   Data           8  main.o(.rodata.output0_config)
    reg                                      0x08007bf4   Data          30  inv_mpu.o(.rodata.reg)
    softmax_config                           0x08007c14   Data           4  main.o(.rodata.softmax_config)
    tensor_conv1d_1_bias_0                   0x08007ff4   Data          24  main.o(.rodata.tensor_conv1d_1_bias_0)
    tensor_conv1d_1_bias_0_data              0x0800800c   Data          15  main.o(.rodata.tensor_conv1d_1_bias_0_data)
    tensor_conv1d_1_bias_0_dec               0x0800801c   Data           4  main.o(.rodata.tensor_conv1d_1_bias_0_dec)
    tensor_conv1d_1_bias_0_dim               0x08008020   Data           2  main.o(.rodata.tensor_conv1d_1_bias_0_dim)
    tensor_conv1d_1_bias_0_offset            0x08008024   Data           4  main.o(.rodata.tensor_conv1d_1_bias_0_offset)
    tensor_conv1d_1_kernel_0                 0x08008028   Data          24  main.o(.rodata.tensor_conv1d_1_kernel_0)
    tensor_conv1d_1_kernel_0_data            0x08008040   Data        1350  main.o(.rodata.tensor_conv1d_1_kernel_0_data)
    tensor_conv1d_1_kernel_0_dec             0x08008588   Data           4  main.o(.rodata.tensor_conv1d_1_kernel_0_dec)
    tensor_conv1d_1_kernel_0_dim             0x0800858c   Data           6  main.o(.rodata.tensor_conv1d_1_kernel_0_dim)
    tensor_conv1d_1_kernel_0_offset          0x08008594   Data           4  main.o(.rodata.tensor_conv1d_1_kernel_0_offset)
    tensor_conv1d_bias_0                     0x08008598   Data          24  main.o(.rodata.tensor_conv1d_bias_0)
    tensor_conv1d_bias_0_data                0x080085b0   Data          30  main.o(.rodata.tensor_conv1d_bias_0_data)
    tensor_conv1d_bias_0_dec                 0x080085d0   Data           4  main.o(.rodata.tensor_conv1d_bias_0_dec)
    tensor_conv1d_bias_0_dim                 0x080085d4   Data           2  main.o(.rodata.tensor_conv1d_bias_0_dim)
    tensor_conv1d_bias_0_offset              0x080085d8   Data           4  main.o(.rodata.tensor_conv1d_bias_0_offset)
    tensor_conv1d_kernel_0                   0x080085dc   Data          24  main.o(.rodata.tensor_conv1d_kernel_0)
    tensor_conv1d_kernel_0_data              0x080085f4   Data         270  main.o(.rodata.tensor_conv1d_kernel_0_data)
    tensor_conv1d_kernel_0_dec               0x08008704   Data           4  main.o(.rodata.tensor_conv1d_kernel_0_dec)
    tensor_conv1d_kernel_0_dim               0x08008708   Data           6  main.o(.rodata.tensor_conv1d_kernel_0_dim)
    tensor_conv1d_kernel_0_offset            0x08008710   Data           4  main.o(.rodata.tensor_conv1d_kernel_0_offset)
    tensor_dense_bias_0                      0x08008714   Data          24  main.o(.rodata.tensor_dense_bias_0)
    tensor_dense_bias_0_data                 0x0800872c   Data          13  main.o(.rodata.tensor_dense_bias_0_data)
    tensor_dense_bias_0_dec                  0x0800873c   Data           4  main.o(.rodata.tensor_dense_bias_0_dec)
    tensor_dense_bias_0_dim                  0x08008740   Data           2  main.o(.rodata.tensor_dense_bias_0_dim)
    tensor_dense_bias_0_offset               0x08008744   Data           4  main.o(.rodata.tensor_dense_bias_0_offset)
    tensor_dense_kernel_0                    0x08008748   Data          24  main.o(.rodata.tensor_dense_kernel_0)
    tensor_dense_kernel_0_data               0x08008760   Data        9360  main.o(.rodata.tensor_dense_kernel_0_data)
    tensor_dense_kernel_0_dec                0x0800abf0   Data           4  main.o(.rodata.tensor_dense_kernel_0_dec)
    tensor_dense_kernel_0_dim                0x0800abf4   Data           4  main.o(.rodata.tensor_dense_kernel_0_dim)
    tensor_dense_kernel_0_offset             0x0800abf8   Data           4  main.o(.rodata.tensor_dense_kernel_0_offset)
    tensor_input_1                           0x0800abfc   Data          24  main.o(.rodata.tensor_input_1)
    tensor_input_1_dec                       0x0800ac14   Data           4  main.o(.rodata.tensor_input_1_dec)
    tensor_input_1_dim                       0x0800ac18   Data           4  main.o(.rodata.tensor_input_1_dim)
    tensor_input_1_offset                    0x0800ac1c   Data           4  main.o(.rodata.tensor_input_1_offset)
    tensor_output0                           0x0800ac20   Data          24  main.o(.rodata.tensor_output0)
    tensor_output0_dec                       0x0800ac38   Data           4  main.o(.rodata.tensor_output0_dec)
    tensor_output0_dim                       0x0800ac3c   Data           2  main.o(.rodata.tensor_output0_dim)
    tensor_output0_offset                    0x0800ac40   Data           4  main.o(.rodata.tensor_output0_offset)
    test                                     0x0800ac44   Data          40  inv_mpu.o(.rodata.test)
    Region$$Table$$Base                      0x0800ac6c   Number         0  anon$$obj.o(Region$$Table)
    Region$$Table$$Limit                     0x0800ac8c   Number         0  anon$$obj.o(Region$$Table)
    __stdout                                 0x20000000   Data           4  stdout.o(.data)
    ADC_Sample_Avg                           0x20000038   Data           4  cyberrypotter.o(.bss.ADC_Sample_Avg)
    Cyberry_Potter_Status                    0x2000003c   Data          20  cyberrypotter.o(.bss.Cyberry_Potter_Status)
    IMU_Data_mAcc                            0x20000054   Data        1800  imu.o(.bss.IMU_Data_mAcc)
    IMU_bias                                 0x2000075c   Data          12  imu.o(.bss.IMU_bias)
    IR_RF_Signal                             0x20000768   Data        1026  cyberrypotter.o(.bss.IR_RF_Signal)
    Module                                   0x20000b6c   Data          12  cyberrypotter.o(.bss.Module)
    ROM_Address                              0x20000b78   Data           4  main.o(.bss.ROM_Address)
    SIGNAL_Count                             0x20000b7c   Data           2  module_ir_rf.o(.bss.SIGNAL_Count)
    W25Q64_Buffer                            0x20000b82   Data        4096  w25q64.o(.bss.W25Q64_Buffer)
    model                                    0x20001b90   Data           4  main.o(.bss.model)
    model_output                             0x20001b94   Data           1  main.o(.bss.model_output)
    nnom_memory_taken                        0x20001d58   Data           4  nnom.o(.bss.nnom_memory_taken)
    static_buf                               0x20001e00   Data        6144  main.o(.bss.static_buf)
    __initial_sp                             0x20003a00   Data           0  startup_stm32f10x_md.o(STACK)



==============================================================================

Memory Map of the image

  Image Entry point : 0x080000ed

  Load Region LR_IROM1 (Base: 0x08000000, Size: 0x0000acc8, Max: 0x00010000, ABSOLUTE)

    Execution Region ER_IROM1 (Exec base: 0x08000000, Load base: 0x08000000, Size: 0x0000ac8c, Max: 0x00010000, ABSOLUTE)

    Exec Addr    Load Addr    Size         Type   Attr      Idx    E Section Name        Object

    0x08000000   0x08000000   0x000000ec   Data   RO         2517    RESET               startup_stm32f10x_md.o
    0x080000ec   0x080000ec   0x00000000   Code   RO         2540  * .ARM.Collect$$$$00000000  mc_w.l(entry.o)
    0x080000ec   0x080000ec   0x00000004   Code   RO         2859    .ARM.Collect$$$$00000001  mc_w.l(entry2.o)
    0x080000f0   0x080000f0   0x00000004   Code   RO         2862    .ARM.Collect$$$$00000004  mc_w.l(entry5.o)
    0x080000f4   0x080000f4   0x00000000   Code   RO         2864    .ARM.Collect$$$$00000008  mc_w.l(entry7b.o)
    0x080000f4   0x080000f4   0x00000000   Code   RO         2866    .ARM.Collect$$$$0000000A  mc_w.l(entry8b.o)
    0x080000f4   0x080000f4   0x00000008   Code   RO         2867    .ARM.Collect$$$$0000000B  mc_w.l(entry9a.o)
    0x080000fc   0x080000fc   0x00000000   Code   RO         2869    .ARM.Collect$$$$0000000D  mc_w.l(entry10a.o)
    0x080000fc   0x080000fc   0x00000000   Code   RO         2871    .ARM.Collect$$$$0000000F  mc_w.l(entry11a.o)
    0x080000fc   0x080000fc   0x00000004   Code   RO         2860    .ARM.Collect$$$$00002712  mc_w.l(entry2.o)
    0x08000100   0x08000100   0x00000024   Code   RO         2518    .text               startup_stm32f10x_md.o
    0x08000124   0x08000124   0x00000062   Code   RO         2554    .text               mc_w.l(uldiv.o)
    0x08000186   0x08000186   0x00000062   Code   RO         2556    .text               mc_w.l(ldiv.o)
    0x080001e8   0x080001e8   0x00000024   Code   RO         2558    .text               mc_w.l(memcpya.o)
    0x0800020c   0x0800020c   0x00000024   Code   RO         2560    .text               mc_w.l(memseta.o)
    0x08000230   0x08000230   0x0000001a   Code   RO         2562    .text               mc_w.l(memcmp.o)
    0x0800024a   0x0800024a   0x000000b0   Code   RO         2827    .text               mf_w.l(fadd.o)
    0x080002fa   0x080002fa   0x00000064   Code   RO         2829    .text               mf_w.l(fmul.o)
    0x0800035e   0x0800035e   0x0000007c   Code   RO         2831    .text               mf_w.l(fdiv.o)
    0x080003da   0x080003da   0x000000e4   Code   RO         2833    .text               mf_w.l(dmul.o)
    0x080004be   0x080004be   0x000000de   Code   RO         2835    .text               mf_w.l(ddiv.o)
    0x0800059c   0x0800059c   0x0000001c   Code   RO         2837    .text               mf_w.l(fcmple.o)
    0x080005b8   0x080005b8   0x0000001c   Code   RO         2839    .text               mf_w.l(fcmplt.o)
    0x080005d4   0x080005d4   0x0000001c   Code   RO         2841    .text               mf_w.l(fcmpge.o)
    0x080005f0   0x080005f0   0x0000001c   Code   RO         2843    .text               mf_w.l(fcmpeq.o)
    0x0800060c   0x0800060c   0x00000012   Code   RO         2845    .text               mf_w.l(fflti.o)
    0x0800061e   0x0800061e   0x0000000a   Code   RO         2847    .text               mf_w.l(ffltui.o)
    0x08000628   0x08000628   0x00000022   Code   RO         2849    .text               mf_w.l(dflti.o)
    0x0800064a   0x0800064a   0x00000032   Code   RO         2851    .text               mf_w.l(ffixi.o)
    0x0800067c   0x0800067c   0x0000003e   Code   RO         2853    .text               mf_w.l(dfixi.o)
    0x080006ba   0x080006ba   0x00000026   Code   RO         2855    .text               mf_w.l(f2d.o)
    0x080006e0   0x080006e0   0x00000038   Code   RO         2857    .text               mf_w.l(d2f.o)
    0x08000718   0x08000718   0x0000002c   Code   RO         2883    .text               mc_w.l(uidiv.o)
    0x08000744   0x08000744   0x0000001e   Code   RO         2885    .text               mc_w.l(llshl.o)
    0x08000762   0x08000762   0x00000020   Code   RO         2887    .text               mc_w.l(llushr.o)
    0x08000782   0x08000782   0x00000000   Code   RO         2889    .text               mc_w.l(iusefp.o)
    0x08000782   0x08000782   0x0000006e   Code   RO         2890    .text               mf_w.l(fepilogue.o)
    0x080007f0   0x080007f0   0x000000ba   Code   RO         2892    .text               mf_w.l(depilogue.o)
    0x080008aa   0x080008aa   0x0000014e   Code   RO         2894    .text               mf_w.l(dadd.o)
    0x080009f8   0x080009f8   0x00000088   Code   RO         2896    .text               mf_w.l(drnd.o)
    0x08000a80   0x08000a80   0x00000030   Code   RO         2898    .text               mf_w.l(dfixul.o)
    0x08000ab0   0x08000ab0   0x00000030   Code   RO         2900    .text               mf_w.l(cdcmple.o)
    0x08000ae0   0x08000ae0   0x00000030   Code   RO         2902    .text               mf_w.l(cdrcmple.o)
    0x08000b10   0x08000b10   0x00000030   Code   RO         2904    .text               mc_w.l(init.o)
    0x08000b40   0x08000b40   0x00000024   Code   RO         2906    .text               mc_w.l(llsshr.o)
    0x08000b64   0x08000b64   0x00000010   Code   RO         1416    .text.ADC_Cmd       stm32f10x_adc.o
    0x08000b74   0x08000b74   0x00000128   Code   RO          799    .text.ADC_GetAvg    cyberrypotter.o
    0x08000c9c   0x08000c9c   0x00000008   Code   RO         1428    .text.ADC_GetCalibrationStatus  stm32f10x_adc.o
    0x08000ca4   0x08000ca4   0x00000006   Code   RO         1442    .text.ADC_GetConversionValue  stm32f10x_adc.o
    0x08000caa   0x08000caa   0x0000000a   Code   RO         1474    .text.ADC_GetFlagStatus  stm32f10x_adc.o
    0x08000cb4   0x08000cb4   0x00000008   Code   RO         1424    .text.ADC_GetResetCalibrationStatus  stm32f10x_adc.o
    0x08000cbc   0x08000cbc   0x0000002a   Code   RO          853    .text.ADC_GetValue  hardware.o
    0x08000ce6   0x08000ce6   0x00000050   Code   RO         1412    .text.ADC_Init      stm32f10x_adc.o
    0x08000d36   0x08000d36   0x00000060   Code   RO         1438    .text.ADC_RegularChannelConfig  stm32f10x_adc.o
    0x08000d96   0x08000d96   0x0000000a   Code   RO         1422    .text.ADC_ResetCalibration  stm32f10x_adc.o
    0x08000da0   0x08000da0   0x00000012   Code   RO         1430    .text.ADC_SoftwareStartConvCmd  stm32f10x_adc.o
    0x08000db2   0x08000db2   0x0000000a   Code   RO         1426    .text.ADC_StartCalibration  stm32f10x_adc.o
    0x08000dbc   0x08000dbc   0x0000006c   Code   RO          908    .text.Cyberry_Potter_Mode0  main.o
    0x08000e28   0x08000e28   0x00000062   Code   RO          910    .text.Cyberry_Potter_Mode1  main.o
    0x08000e8a   0x08000e8a   0x00000002   PAD
    0x08000e8c   0x08000e8c   0x0000003a   Code   RO          833    .text.Delay_ms      delay.o
    0x08000ec6   0x08000ec6   0x00000002   PAD
    0x08000ec8   0x08000ec8   0x00000024   Code   RO          831    .text.Delay_us      delay.o
    0x08000eec   0x08000eec   0x00000032   Code   RO          811    .text.EXTI0_IRQHandler  cyberrypotter.o
    0x08000f1e   0x08000f1e   0x0000007e   Code   RO          809    .text.EXTI9_5_IRQHandler  cyberrypotter.o
    0x08000f9c   0x08000f9c   0x0000000c   Code   RO         1724    .text.EXTI_ClearITPendingBit  stm32f10x_exti.o
    0x08000fa8   0x08000fa8   0x0000001e   Code   RO         1722    .text.EXTI_GetITStatus  stm32f10x_exti.o
    0x08000fc6   0x08000fc6   0x00000068   Code   RO         1712    .text.EXTI_Init     stm32f10x_exti.o
    0x0800102e   0x0800102e   0x0000001a   Code   RO          851    .text.EXTI_Restore  hardware.o
    0x08001048   0x08001048   0x0000001a   Code   RO          849    .text.EXTI_Stop     hardware.o
    0x08001062   0x08001062   0x0000004e   Code   RO          533    .text.Flatten       nnom_flatten.o
    0x080010b0   0x080010b0   0x00000036   Code   RO         1876    .text.GPIO_EXTILineConfig  stm32f10x_gpio.o
    0x080010e6   0x080010e6   0x00000002   PAD
    0x080010e8   0x080010e8   0x000000b2   Code   RO         1848    .text.GPIO_Init     stm32f10x_gpio.o
    0x0800119a   0x0800119a   0x0000000a   Code   RO         1852    .text.GPIO_ReadInputDataBit  stm32f10x_gpio.o
    0x080011a4   0x080011a4   0x0000000c   Code   RO         1864    .text.GPIO_WriteBit  stm32f10x_gpio.o
    0x080011b0   0x080011b0   0x0000035c   Code   RO          845    .text.Hardware_Init  hardware.o
    0x0800150c   0x0800150c   0x00000042   Code   RO          864    .text.IIC_Init      iic.o
    0x0800154e   0x0800154e   0x00000046   Code   RO          874    .text.IIC_Receive_Ack  iic.o
    0x08001594   0x08001594   0x00000062   Code   RO          868    .text.IIC_Receive_Byte  iic.o
    0x080015f6   0x080015f6   0x0000003e   Code   RO          880    .text.IIC_Send_Ack  iic.o
    0x08001634   0x08001634   0x00000054   Code   RO          866    .text.IIC_Send_Byte  iic.o
    0x08001688   0x08001688   0x0000004e   Code   RO          872    .text.IIC_Start     iic.o
    0x080016d6   0x080016d6   0x0000003e   Code   RO          876    .text.IIC_Stop      iic.o
    0x08001714   0x08001714   0x00000060   Code   RO          878    .text.IIC_read      iic.o
    0x08001774   0x08001774   0x00000042   Code   RO          870    .text.IIC_write     iic.o
    0x080017b6   0x080017b6   0x000000a6   Code   RO          892    .text.IMU_Get_Data  imu.o
    0x0800185c   0x0800185c   0x00000040   Code   RO          890    .text.IMU_Sample_Start  imu.o
    0x0800189c   0x0800189c   0x000000d2   Code   RO          807    .text.LED_Blink     cyberrypotter.o
    0x0800196e   0x0800196e   0x000000fa   Code   RO          982    .text.MPU6050_Init  mpu6050.o
    0x08001a68   0x08001a68   0x0000010e   Code   RO         1210    .text.Module0_IR_Init  module0_ir.o
    0x08001b76   0x08001b76   0x00000002   PAD
    0x08001b78   0x08001b78   0x00000082   Code   RO         1214    .text.Module0_IR_Transmit  module0_ir.o
    0x08001bfa   0x08001bfa   0x00000002   Code   RO         1361    .text.Module10_Init  module10.o
    0x08001bfc   0x08001bfc   0x00000002   Code   RO         1363    .text.Module10_Mode0_Handler  module10.o
    0x08001bfe   0x08001bfe   0x00000002   Code   RO         1365    .text.Module10_Mode1_Handler  module10.o
    0x08001c00   0x08001c00   0x000000e8   Code   RO         1224    .text.Module1_RF433_Init  module1_rf433.o
    0x08001ce8   0x08001ce8   0x00000068   Code   RO         1228    .text.Module1_RF433_Transmit  module1_rf433.o
    0x08001d50   0x08001d50   0x00000002   Code   RO         1270    .text.Module3_Init  module3.o
    0x08001d52   0x08001d52   0x00000002   Code   RO         1272    .text.Module3_Mode0_Handler  module3.o
    0x08001d54   0x08001d54   0x00000002   Code   RO         1274    .text.Module3_Mode1_Handler  module3.o
    0x08001d56   0x08001d56   0x00000002   Code   RO         1283    .text.Module4_Init  module4.o
    0x08001d58   0x08001d58   0x00000002   Code   RO         1285    .text.Module4_Mode0_Handler  module4.o
    0x08001d5a   0x08001d5a   0x00000002   Code   RO         1287    .text.Module4_Mode1_Handler  module4.o
    0x08001d5c   0x08001d5c   0x00000002   Code   RO         1296    .text.Module5_Init  module5.o
    0x08001d5e   0x08001d5e   0x00000002   Code   RO         1298    .text.Module5_Mode0_Handler  module5.o
    0x08001d60   0x08001d60   0x00000002   Code   RO         1300    .text.Module5_Mode1_Handler  module5.o
    0x08001d62   0x08001d62   0x00000002   Code   RO         1309    .text.Module6_Init  module6.o
    0x08001d64   0x08001d64   0x00000002   Code   RO         1311    .text.Module6_Mode0_Handler  module6.o
    0x08001d66   0x08001d66   0x00000002   Code   RO         1313    .text.Module6_Mode1_Handler  module6.o
    0x08001d68   0x08001d68   0x00000002   Code   RO         1322    .text.Module7_Init  module7.o
    0x08001d6a   0x08001d6a   0x00000002   Code   RO         1324    .text.Module7_Mode0_Handler  module7.o
    0x08001d6c   0x08001d6c   0x00000002   Code   RO         1326    .text.Module7_Mode1_Handler  module7.o
    0x08001d6e   0x08001d6e   0x00000002   Code   RO         1335    .text.Module8_Init  module8.o
    0x08001d70   0x08001d70   0x00000002   Code   RO         1337    .text.Module8_Mode0_Handler  module8.o
    0x08001d72   0x08001d72   0x00000002   Code   RO         1339    .text.Module8_Mode1_Handler  module8.o
    0x08001d74   0x08001d74   0x00000002   Code   RO         1348    .text.Module9_Init  module9.o
    0x08001d76   0x08001d76   0x00000002   Code   RO         1350    .text.Module9_Mode0_Handler  module9.o
    0x08001d78   0x08001d78   0x00000002   Code   RO         1352    .text.Module9_Mode1_Handler  module9.o
    0x08001d7a   0x08001d7a   0x000000a4   Code   RO          801    .text.Module_Detect  cyberrypotter.o
    0x08001e1e   0x08001e1e   0x00000002   PAD
    0x08001e20   0x08001e20   0x0000003a   Code   RO         1243    .text.Module_IR_RF_Copy_From_Buffer  module_ir_rf.o
    0x08001e5a   0x08001e5a   0x00000002   PAD
    0x08001e5c   0x08001e5c   0x0000004e   Code   RO         1249    .text.Module_IR_RF_Copy_To_Buffer  module_ir_rf.o
    0x08001eaa   0x08001eaa   0x0000002e   Code   RO         1239    .text.Module_IR_RF_Init  module_ir_rf.o
    0x08001ed8   0x08001ed8   0x000000b0   Code   RO         1245    .text.Module_IR_RF_Print  module_ir_rf.o
    0x08001f88   0x08001f88   0x00000080   Code   RO         1247    .text.Module_IR_RF_Receive  module_ir_rf.o
    0x08002008   0x08002008   0x00000034   Code   RO         1253    .text.Module_IR_RF_Record_Duration  module_ir_rf.o
    0x0800203c   0x0800203c   0x000000bc   Code   RO         1241    .text.Module_IR_RF_Transmit  module_ir_rf.o
    0x080020f8   0x080020f8   0x00000026   Code   RO         1251    .text.Module_IR_RF_receiver_start  module_ir_rf.o
    0x0800211e   0x0800211e   0x00000040   Code   RO         1255    .text.Module_IR_RF_receiver_stop  module_ir_rf.o
    0x0800215e   0x0800215e   0x00000002   PAD
    0x08002160   0x08002160   0x000000ec   Code   RO          803    .text.Module_Init   cyberrypotter.o
    0x0800224c   0x0800224c   0x0000005e   Code   RO         1394    .text.NVIC_Init     misc.o
    0x080022aa   0x080022aa   0x00000014   Code   RO         1392    .text.NVIC_PriorityGroupConfig  misc.o
    0x080022be   0x080022be   0x00000014   Code   RO         2038    .text.RCC_ADCCLKConfig  stm32f10x_rcc.o
    0x080022d2   0x080022d2   0x00000018   Code   RO         2054    .text.RCC_APB1PeriphClockCmd  stm32f10x_rcc.o
    0x080022ea   0x080022ea   0x00000018   Code   RO         2052    .text.RCC_APB2PeriphClockCmd  stm32f10x_rcc.o
    0x08002302   0x08002302   0x0000008c   Code   RO         2048    .text.RCC_GetClocksFreq  stm32f10x_rcc.o
    0x0800238e   0x0800238e   0x00000002   PAD
    0x08002390   0x08002390   0x00000036   Code   RO          998    .text.SPI2_SwapByte  w25q64.o
    0x080023c6   0x080023c6   0x00000014   Code   RO         2196    .text.SPI_Cmd       stm32f10x_spi.o
    0x080023da   0x080023da   0x0000000a   Code   RO         2224    .text.SPI_I2S_GetFlagStatus  stm32f10x_spi.o
    0x080023e4   0x080023e4   0x00000004   Code   RO         2206    .text.SPI_I2S_ReceiveData  stm32f10x_spi.o
    0x080023e8   0x080023e8   0x00000004   Code   RO         2204    .text.SPI_I2S_SendData  stm32f10x_spi.o
    0x080023ec   0x080023ec   0x00000046   Code   RO         2188    .text.SPI_Init      stm32f10x_spi.o
    0x08002432   0x08002432   0x0000004c   Code   RO          737    .text.Softmax       nnom_softmax.o
    0x0800247e   0x0800247e   0x00000002   PAD
    0x08002480   0x08002480   0x000000f8   Code   RO         2525    .text.SystemInit    system_stm32f10x.o
    0x08002578   0x08002578   0x00000094   Code   RO          805    .text.System_Init   cyberrypotter.o
    0x0800260c   0x0800260c   0x00000032   Code   RO         1259    .text.TIM2_IRQHandler  module_ir_rf.o
    0x0800263e   0x0800263e   0x00000002   PAD
    0x08002640   0x08002640   0x0000014c   Code   RO          813    .text.TIM4_IRQHandler  cyberrypotter.o
    0x0800278c   0x0800278c   0x00000006   Code   RO         2412    .text.TIM_ClearFlag  stm32f10x_tim.o
    0x08002792   0x08002792   0x00000006   Code   RO         2416    .text.TIM_ClearITPendingBit  stm32f10x_tim.o
    0x08002798   0x08002798   0x00000012   Code   RO         2278    .text.TIM_Cmd       stm32f10x_tim.o
    0x080027aa   0x080027aa   0x00000004   Code   RO         2406    .text.TIM_GetCounter  stm32f10x_tim.o
    0x080027ae   0x080027ae   0x00000018   Code   RO         2414    .text.TIM_GetITStatus  stm32f10x_tim.o
    0x080027c6   0x080027c6   0x00000010   Code   RO         2282    .text.TIM_ITConfig  stm32f10x_tim.o
    0x080027d6   0x080027d6   0x00000070   Code   RO         2244    .text.TIM_OC1Init   stm32f10x_tim.o
    0x08002846   0x08002846   0x0000000c   Code   RO         2272    .text.TIM_OCStructInit  stm32f10x_tim.o
    0x08002852   0x08002852   0x00000004   Code   RO         2388    .text.TIM_SetCompare1  stm32f10x_tim.o
    0x08002856   0x08002856   0x00000004   Code   RO         2384    .text.TIM_SetCounter  stm32f10x_tim.o
    0x0800285a   0x0800285a   0x000000a6   Code   RO         2242    .text.TIM_TimeBaseInit  stm32f10x_tim.o
    0x08002900   0x08002900   0x00000014   Code   RO         2436    .text.USART_Cmd     stm32f10x_usart.o
    0x08002914   0x08002914   0x0000002e   Code   RO         2438    .text.USART_ITConfig  stm32f10x_usart.o
    0x08002942   0x08002942   0x000000b6   Code   RO         2428    .text.USART_Init    stm32f10x_usart.o
    0x080029f8   0x080029f8   0x00000082   Code   RO         1012    .text.W25Q64_Read_Sector  w25q64.o
    0x08002a7a   0x08002a7a   0x0000004c   Code   RO         1006    .text.W25Q64_SectorErase  w25q64.o
    0x08002ac6   0x08002ac6   0x00000002   PAD
    0x08002ac8   0x08002ac8   0x00000036   Code   RO         1004    .text.W25Q64_WaitBusy  w25q64.o
    0x08002afe   0x08002afe   0x0000002c   Code   RO         1002    .text.W25Q64_WriteEnable  w25q64.o
    0x08002b2a   0x08002b2a   0x00000002   PAD
    0x08002b2c   0x08002b2c   0x000000bc   Code   RO         1010    .text.W25Q64_Write_Sector  w25q64.o
    0x08002be8   0x08002be8   0x00000024   Code   RO          984    .text.__NVIC_SystemReset  mpu6050.o
    0x08002c0c   0x08002c0c   0x0000000e   Code   RO          385    .text.act_get_dec_bit  nnom_activation.o
    0x08002c1a   0x08002c1a   0x0000001a   Code   RO          345    .text.act_relu      nnom_activation.o
    0x08002c34   0x08002c34   0x000000b8   Code   RO          232    .text.check_model_version  nnom.o
    0x08002cec   0x08002cec   0x00000538   Code   RO          206    .text.compile_layers  nnom.o
    0x08003224   0x08003224   0x00000104   Code   RO          447    .text.conv2d_build  nnom_conv2d.o
    0x08003328   0x08003328   0x00000018   Code   RO          449    .text.conv2d_free   nnom_conv2d.o
    0x08003340   0x08003340   0x000000fc   Code   RO          445    .text.conv2d_run    nnom_conv2d.o
    0x0800343c   0x0800343c   0x00000152   Code   RO          443    .text.conv2d_s      nnom_conv2d.o
    0x0800358e   0x0800358e   0x00000046   Code   RO          417    .text.default_build  nnom_baselayer.o
    0x080035d4   0x080035d4   0x0000000a   Code   RO          282    .text.delete_tensor  nnom_tensor.o
    0x080035de   0x080035de   0x000000d0   Code   RO          501    .text.dense_build   nnom_dense.o
    0x080036ae   0x080036ae   0x00000018   Code   RO          503    .text.dense_free    nnom_dense.o
    0x080036c6   0x080036c6   0x0000005a   Code   RO          499    .text.dense_run     nnom_dense.o
    0x08003720   0x08003720   0x0000007c   Code   RO          497    .text.dense_s       nnom_dense.o
    0x0800379c   0x0800379c   0x0000000a   Code   RO          258    .text.dilation      nnom_layers.o
    0x080037a6   0x080037a6   0x00000294   Code   RO         1171    .text.dmp_enable_feature  inv_mpu_dmp_motion_driver.o
    0x08003a3a   0x08003a3a   0x00000016   Code   RO         1135    .text.dmp_load_motion_driver_firmware  inv_mpu_dmp_motion_driver.o
    0x08003a50   0x08003a50   0x000000c0   Code   RO         1141    .text.dmp_set_accel_bias  inv_mpu_dmp_motion_driver.o
    0x08003b10   0x08003b10   0x0000006c   Code   RO         1143    .text.dmp_set_fifo_rate  inv_mpu_dmp_motion_driver.o
    0x08003b7c   0x08003b7c   0x000000dc   Code   RO         1139    .text.dmp_set_gyro_bias  inv_mpu_dmp_motion_driver.o
    0x08003c58   0x08003c58   0x000000e0   Code   RO         1137    .text.dmp_set_orientation  inv_mpu_dmp_motion_driver.o
    0x08003d38   0x08003d38   0x00000124   Code   RO         1147    .text.dmp_set_tap_thresh  inv_mpu_dmp_motion_driver.o
    0x08003e5c   0x08003e5c   0x00000054   Code   RO          537    .text.flatten_build  nnom_flatten.o
    0x08003eb0   0x08003eb0   0x00000004   Code   RO          535    .text.flatten_run   nnom_flatten.o
    0x08003eb4   0x08003eb4   0x0000000e   Code   RO          531    .text.flatten_s     nnom_flatten.o
    0x08003ec2   0x08003ec2   0x00000002   PAD
    0x08003ec4   0x08003ec4   0x00000012   Code   RO          847    .text.fputc         hardware.o
    0x08003ed6   0x08003ed6   0x00000326   Code   RO         1105    .text.get_st_biases  inv_mpu.o
    0x080041fc   0x080041fc   0x00000028   Code   RO          589    .text.input_build   nnom_input.o
    0x08004224   0x08004224   0x0000001e   Code   RO          587    .text.input_run     nnom_input.o
    0x08004242   0x08004242   0x000000d8   Code   RO          585    .text.input_s       nnom_input.o
    0x0800431a   0x0800431a   0x00000008   Code   RO          262    .text.io_init       nnom_layers.o
    0x08004322   0x08004322   0x0000000a   Code   RO          254    .text.kernel        nnom_layers.o
    0x0800432c   0x0800432c   0x0000023e   Code   RO          106    .text.local_convolve_HWC_q15_nonsquare  nnom_local_q15.o
    0x0800456a   0x0800456a   0x00000002   PAD
    0x0800456c   0x0800456c   0x0000020a   Code   RO           18    .text.local_convolve_HWC_q7_nonsquare  nnom_local.o
    0x08004776   0x08004776   0x00000002   PAD
    0x08004778   0x08004778   0x00000200   Code   RO           42    .text.local_fully_connected_q7_opt  nnom_local.o
    0x08004978   0x08004978   0x0000001a   Code   RO          140    .text.local_relu_q15  nnom_local_q15.o
    0x08004992   0x08004992   0x00000002   PAD
    0x08004994   0x08004994   0x0000001a   Code   RO           56    .text.local_relu_q7  nnom_local.o
    0x080049ae   0x080049ae   0x00000002   PAD
    0x080049b0   0x080049b0   0x0000009c   Code   RO           46    .text.local_softmax_q7  nnom_local.o
    0x08004a4c   0x08004a4c   0x0000011e   Code   RO          912    .text.main          main.o
    0x08004b6a   0x08004b6a   0x00000002   PAD
    0x08004b6c   0x08004b6c   0x00000094   Code   RO          210    .text.mem_analysis_result  nnom.o
    0x08004c00   0x08004c00   0x00000008   Code   RO          198    .text.model_active  nnom.o
    0x08004c08   0x08004c08   0x00000036   Code   RO          190    .text.model_add     nnom.o
    0x08004c3e   0x08004c3e   0x00000002   PAD
    0x08004c40   0x08004c40   0x000001b4   Code   RO          218    .text.model_compile  nnom.o
    0x08004df4   0x08004df4   0x00000086   Code   RO          904    .text.model_feed_data  main.o
    0x08004e7a   0x08004e7a   0x00000002   PAD
    0x08004e7c   0x08004e7c   0x0000012c   Code   RO          906    .text.model_get_output  main.o
    0x08004fa8   0x08004fa8   0x0000009a   Code   RO          192    .text.model_hook    nnom.o
    0x08005042   0x08005042   0x0000000a   Code   RO          194    .text.model_merge   nnom.o
    0x0800504c   0x0800504c   0x00000036   Code   RO          196    .text.model_mergex  nnom.o
    0x08005082   0x08005082   0x00000006   Code   RO          226    .text.model_run     nnom.o
    0x08005088   0x08005088   0x00000104   Code   RO          224    .text.model_run_to  nnom.o
    0x0800518c   0x0800518c   0x00000054   Code   RO         1041    .text.mpu_configure_fifo  inv_mpu.o
    0x080051e0   0x080051e0   0x00000036   Code   RO         1073    .text.mpu_get_accel_fsr  inv_mpu.o
    0x08005216   0x08005216   0x00000002   PAD
    0x08005218   0x08005218   0x00000040   Code   RO         1085    .text.mpu_get_accel_sens  inv_mpu.o
    0x08005258   0x08005258   0x00000042   Code   RO         1083    .text.mpu_get_gyro_sens  inv_mpu.o
    0x0800529a   0x0800529a   0x000000c2   Code   RO         1031    .text.mpu_init      inv_mpu.o
    0x0800535c   0x0800535c   0x000000ba   Code   RO         1111    .text.mpu_load_firmware  inv_mpu.o
    0x08005416   0x08005416   0x000000ae   Code   RO         1047    .text.mpu_lp_accel_mode  inv_mpu.o
    0x080054c4   0x080054c4   0x00000062   Code   RO         1109    .text.mpu_read_mem  inv_mpu.o
    0x08005526   0x08005526   0x00000174   Code   RO         1069    .text.mpu_reset_fifo  inv_mpu.o
    0x0800569a   0x0800569a   0x00000002   PAD
    0x0800569c   0x0800569c   0x0000035a   Code   RO         1101    .text.mpu_run_self_test  inv_mpu.o
    0x080059f6   0x080059f6   0x00000002   PAD
    0x080059f8   0x080059f8   0x0000007c   Code   RO         1035    .text.mpu_set_accel_fsr  inv_mpu.o
    0x08005a74   0x08005a74   0x000000e8   Code   RO         1043    .text.mpu_set_bypass  inv_mpu.o
    0x08005b5c   0x08005b5c   0x00000084   Code   RO         1103    .text.mpu_set_dmp_state  inv_mpu.o
    0x08005be0   0x08005be0   0x00000084   Code   RO         1033    .text.mpu_set_gyro_fsr  inv_mpu.o
    0x08005c64   0x08005c64   0x0000005e   Code   RO         1049    .text.mpu_set_int_latched  inv_mpu.o
    0x08005cc2   0x08005cc2   0x00000068   Code   RO         1037    .text.mpu_set_lpf   inv_mpu.o
    0x08005d2a   0x08005d2a   0x00000084   Code   RO         1039    .text.mpu_set_sample_rate  inv_mpu.o
    0x08005dae   0x08005dae   0x000000a0   Code   RO         1045    .text.mpu_set_sensors  inv_mpu.o
    0x08005e4e   0x08005e4e   0x00000062   Code   RO         1107    .text.mpu_write_mem  inv_mpu.o
    0x08005eb0   0x08005eb0   0x0000006c   Code   RO          188    .text.new_model     nnom.o
    0x08005f1c   0x08005f1c   0x00000094   Code   RO          280    .text.new_tensor    nnom_tensor.o
    0x08005fb0   0x08005fb0   0x00000012   Code   RO          180    .text.nnom_alignto  nnom.o
    0x08005fc2   0x08005fc2   0x00000002   Code   RO          182    .text.nnom_free     nnom.o
    0x08005fc4   0x08005fc4   0x0000005a   Code   RO          178    .text.nnom_malloc   nnom.o
    0x0800601e   0x0800601e   0x00000032   Code   RO          184    .text.nnom_mem      nnom.o
    0x08006050   0x08006050   0x00000022   Code   RO          176    .text.nnom_set_static_buf  nnom.o
    0x08006072   0x08006072   0x00000020   Code   RO          677    .text.output_run    nnom_output.o
    0x08006092   0x08006092   0x00000032   Code   RO          675    .text.output_s      nnom_output.o
    0x080060c4   0x080060c4   0x00000058   Code   RO          208    .text.print_memory_block_info  nnom.o
    0x0800611c   0x0800611c   0x00000022   Code   RO          367    .text.relu_run      nnom_activation.o
    0x0800613e   0x0800613e   0x00000050   Code   RO         1089    .text.set_int_enable  inv_mpu.o
    0x0800618e   0x0800618e   0x00000002   PAD
    0x08006190   0x08006190   0x0000002e   Code   RO          216    .text.set_tailed_activation  nnom.o
    0x080061be   0x080061be   0x00000008   Code   RO          252    .text.shape         nnom_layers.o
    0x080061c6   0x080061c6   0x00000036   Code   RO          741    .text.softmax_build  nnom_softmax.o
    0x080061fc   0x080061fc   0x00000024   Code   RO          739    .text.softmax_run   nnom_softmax.o
    0x08006220   0x08006220   0x0000000e   Code   RO          735    .text.softmax_s     nnom_softmax.o
    0x0800622e   0x0800622e   0x0000000a   Code   RO          256    .text.stride        nnom_layers.o
    0x08006238   0x08006238   0x00000058   Code   RO          288    .text.tensor_cpy_attr  nnom_tensor.o
    0x08006290   0x08006290   0x0000000e   Code   RO          278    .text.tensor_get_num_channel  nnom_tensor.o
    0x0800629e   0x0800629e   0x00000002   PAD
    0x080062a0   0x080062a0   0x00000030   Code   RO          214    .text.tensor_mem_set  nnom.o
    0x080062d0   0x080062d0   0x00000050   Code   RO          286    .text.tensor_set_attr  nnom_tensor.o
    0x08006320   0x08006320   0x0000002a   Code   RO          284    .text.tensor_set_attr_v  nnom_tensor.o
    0x0800634a   0x0800634a   0x00000002   PAD
    0x0800634c   0x0800634c   0x00000026   Code   RO          274    .text.tensor_size   nnom_tensor.o
    0x08006372   0x08006372   0x00000002   PAD
    0x08006374   0x08006374   0x00000020   Code   RO         2799    i.__0printf         mc_w.l(printfa.o)
    0x08006394   0x08006394   0x0000000e   Code   RO         2910    i.__scatterload_copy  mc_w.l(handlers.o)
    0x080063a2   0x080063a2   0x00000002   Code   RO         2911    i.__scatterload_null  mc_w.l(handlers.o)
    0x080063a4   0x080063a4   0x0000000e   Code   RO         2912    i.__scatterload_zeroinit  mc_w.l(handlers.o)
    0x080063b2   0x080063b2   0x00000002   PAD
    0x080063b4   0x080063b4   0x00000184   Code   RO         2806    i._fp_digits        mc_w.l(printfa.o)
    0x08006538   0x08006538   0x000006dc   Code   RO         2807    i._printf_core      mc_w.l(printfa.o)
    0x08006c14   0x08006c14   0x00000024   Code   RO         2808    i._printf_post_padding  mc_w.l(printfa.o)
    0x08006c38   0x08006c38   0x0000002e   Code   RO         2809    i._printf_pre_padding  mc_w.l(printfa.o)
    0x08006c66   0x08006c66   0x00000002   PAD
    0x08006c68   0x08006c68   0x0000000c   Code   RO         2547    i.putchar           mc_w.l(putchar.o)
    0x08006c74   0x08006c74   0x00000024   Code   RO         2545    i.puts              mc_w.l(puts.o)
    0x08006c98   0x08006c98   0x00000094   Code   RO         2538    i.round             m_ws.l(round.o)
    0x08006d2c   0x08006d2c   0x00000009   Data   RO         1200    .rodata..L__const.dmp_enable_gyro_cal.regs  inv_mpu_dmp_motion_driver.o
    0x08006d35   0x08006d35   0x00000003   PAD
    0x08006d38   0x08006d38   0x00000009   Data   RO         1201    .rodata..L__const.dmp_enable_gyro_cal.regs.1  inv_mpu_dmp_motion_driver.o
    0x08006d41   0x08006d41   0x00000003   Data   RO         1191    .rodata..L__const.dmp_set_orientation.accel_axes  inv_mpu_dmp_motion_driver.o
    0x08006d44   0x08006d44   0x00000003   Data   RO         1190    .rodata..L__const.dmp_set_orientation.gyro_axes  inv_mpu_dmp_motion_driver.o
    0x08006d47   0x08006d47   0x00000001   PAD
    0x08006d48   0x08006d48   0x0000000c   Data   RO         1126    .rodata..Lswitch.table.mpu_lp_motion_interrupt.3  inv_mpu.o
    0x08006d54   0x08006d54   0x00000004   Data   RO         2073    .rodata.ADCPrescTable  stm32f10x_rcc.o
    0x08006d58   0x08006d58   0x00000010   Data   RO         2072    .rodata.APBAHBPrescTable  stm32f10x_rcc.o
    0x08006d68   0x08006d68   0x00000004   Data   RO          945    .rodata.conv1d_1_bias_shift  main.o
    0x08006d6c   0x08006d6c   0x00000028   Data   RO          946    .rodata.conv1d_1_config  main.o
    0x08006d94   0x08006d94   0x00000004   Data   RO          944    .rodata.conv1d_1_output_shift  main.o
    0x08006d98   0x08006d98   0x00000004   Data   RO          932    .rodata.conv1d_bias_shift  main.o
    0x08006d9c   0x08006d9c   0x00000028   Data   RO          933    .rodata.conv1d_config  main.o
    0x08006dc4   0x08006dc4   0x00000004   Data   RO          931    .rodata.conv1d_output_shift  main.o
    0x08006dc8   0x08006dc8   0x00000008   Data   RO         1125    .rodata.cst8        inv_mpu.o
    0x08006dd0   0x08006dd0   0x00000040   Data   RO          235    .rodata.default_activation_names  nnom.o
    0x08006e10   0x08006e10   0x00000020   Data   RO          236    .rodata.default_cell_names  nnom.o
    0x08006e30   0x08006e30   0x0000018c   Data   RO          234    .rodata.default_layer_names  nnom.o
    0x08006fbc   0x08006fbc   0x00000004   Data   RO          959    .rodata.dense_bias_shift  main.o
    0x08006fc0   0x08006fc0   0x00000018   Data   RO          960    .rodata.dense_config  main.o
    0x08006fd8   0x08006fd8   0x00000004   Data   RO          958    .rodata.dense_output_shift  main.o
    0x08006fdc   0x08006fdc   0x00000bf6   Data   RO         1189    .rodata.dmp_memory  inv_mpu_dmp_motion_driver.o
    0x08007bd2   0x08007bd2   0x00000002   PAD
    0x08007bd4   0x08007bd4   0x00000004   Data   RO          947    .rodata.flatten_config  main.o
    0x08007bd8   0x08007bd8   0x0000000c   Data   RO         1122    .rodata.hw          inv_mpu.o
    0x08007be4   0x08007be4   0x00000008   Data   RO          920    .rodata.input_1_config  main.o
    0x08007bec   0x08007bec   0x00000008   Data   RO          967    .rodata.output0_config  main.o
    0x08007bf4   0x08007bf4   0x0000001e   Data   RO         1121    .rodata.reg         inv_mpu.o
    0x08007c12   0x08007c12   0x00000002   PAD
    0x08007c14   0x08007c14   0x00000004   Data   RO          961    .rodata.softmax_config  main.o
    0x08007c18   0x08007c18   0x00000324   Data   RO          241    .rodata.str1.1      nnom.o
    0x08007f3c   0x08007f3c   0x0000000a   Data   RO          855    .rodata.str1.1      hardware.o
    0x08007f46   0x08007f46   0x000000ad   Data   RO          919    .rodata.str1.1      main.o
    0x08007ff3   0x08007ff3   0x00000001   PAD
    0x08007ff4   0x08007ff4   0x00000018   Data   RO          943    .rodata.tensor_conv1d_1_bias_0  main.o
    0x0800800c   0x0800800c   0x0000000f   Data   RO          939    .rodata.tensor_conv1d_1_bias_0_data  main.o
    0x0800801b   0x0800801b   0x00000001   PAD
    0x0800801c   0x0800801c   0x00000004   Data   RO          941    .rodata.tensor_conv1d_1_bias_0_dec  main.o
    0x08008020   0x08008020   0x00000002   Data   RO          940    .rodata.tensor_conv1d_1_bias_0_dim  main.o
    0x08008022   0x08008022   0x00000002   PAD
    0x08008024   0x08008024   0x00000004   Data   RO          942    .rodata.tensor_conv1d_1_bias_0_offset  main.o
    0x08008028   0x08008028   0x00000018   Data   RO          938    .rodata.tensor_conv1d_1_kernel_0  main.o
    0x08008040   0x08008040   0x00000546   Data   RO          934    .rodata.tensor_conv1d_1_kernel_0_data  main.o
    0x08008586   0x08008586   0x00000002   PAD
    0x08008588   0x08008588   0x00000004   Data   RO          936    .rodata.tensor_conv1d_1_kernel_0_dec  main.o
    0x0800858c   0x0800858c   0x00000006   Data   RO          935    .rodata.tensor_conv1d_1_kernel_0_dim  main.o
    0x08008592   0x08008592   0x00000002   PAD
    0x08008594   0x08008594   0x00000004   Data   RO          937    .rodata.tensor_conv1d_1_kernel_0_offset  main.o
    0x08008598   0x08008598   0x00000018   Data   RO          930    .rodata.tensor_conv1d_bias_0  main.o
    0x080085b0   0x080085b0   0x0000001e   Data   RO          926    .rodata.tensor_conv1d_bias_0_data  main.o
    0x080085ce   0x080085ce   0x00000002   PAD
    0x080085d0   0x080085d0   0x00000004   Data   RO          928    .rodata.tensor_conv1d_bias_0_dec  main.o
    0x080085d4   0x080085d4   0x00000002   Data   RO          927    .rodata.tensor_conv1d_bias_0_dim  main.o
    0x080085d6   0x080085d6   0x00000002   PAD
    0x080085d8   0x080085d8   0x00000004   Data   RO          929    .rodata.tensor_conv1d_bias_0_offset  main.o
    0x080085dc   0x080085dc   0x00000018   Data   RO          925    .rodata.tensor_conv1d_kernel_0  main.o
    0x080085f4   0x080085f4   0x0000010e   Data   RO          921    .rodata.tensor_conv1d_kernel_0_data  main.o
    0x08008702   0x08008702   0x00000002   PAD
    0x08008704   0x08008704   0x00000004   Data   RO          923    .rodata.tensor_conv1d_kernel_0_dec  main.o
    0x08008708   0x08008708   0x00000006   Data   RO          922    .rodata.tensor_conv1d_kernel_0_dim  main.o
    0x0800870e   0x0800870e   0x00000002   PAD
    0x08008710   0x08008710   0x00000004   Data   RO          924    .rodata.tensor_conv1d_kernel_0_offset  main.o
    0x08008714   0x08008714   0x00000018   Data   RO          957    .rodata.tensor_dense_bias_0  main.o
    0x0800872c   0x0800872c   0x0000000d   Data   RO          953    .rodata.tensor_dense_bias_0_data  main.o
    0x08008739   0x08008739   0x00000003   PAD
    0x0800873c   0x0800873c   0x00000004   Data   RO          955    .rodata.tensor_dense_bias_0_dec  main.o
    0x08008740   0x08008740   0x00000002   Data   RO          954    .rodata.tensor_dense_bias_0_dim  main.o
    0x08008742   0x08008742   0x00000002   PAD
    0x08008744   0x08008744   0x00000004   Data   RO          956    .rodata.tensor_dense_bias_0_offset  main.o
    0x08008748   0x08008748   0x00000018   Data   RO          952    .rodata.tensor_dense_kernel_0  main.o
    0x08008760   0x08008760   0x00002490   Data   RO          948    .rodata.tensor_dense_kernel_0_data  main.o
    0x0800abf0   0x0800abf0   0x00000004   Data   RO          950    .rodata.tensor_dense_kernel_0_dec  main.o
    0x0800abf4   0x0800abf4   0x00000004   Data   RO          949    .rodata.tensor_dense_kernel_0_dim  main.o
    0x0800abf8   0x0800abf8   0x00000004   Data   RO          951    .rodata.tensor_dense_kernel_0_offset  main.o
    0x0800abfc   0x0800abfc   0x00000018   Data   RO          918    .rodata.tensor_input_1  main.o
    0x0800ac14   0x0800ac14   0x00000004   Data   RO          915    .rodata.tensor_input_1_dec  main.o
    0x0800ac18   0x0800ac18   0x00000004   Data   RO          914    .rodata.tensor_input_1_dim  main.o
    0x0800ac1c   0x0800ac1c   0x00000004   Data   RO          916    .rodata.tensor_input_1_offset  main.o
    0x0800ac20   0x0800ac20   0x00000018   Data   RO          966    .rodata.tensor_output0  main.o
    0x0800ac38   0x0800ac38   0x00000004   Data   RO          963    .rodata.tensor_output0_dec  main.o
    0x0800ac3c   0x0800ac3c   0x00000002   Data   RO          962    .rodata.tensor_output0_dim  main.o
    0x0800ac3e   0x0800ac3e   0x00000002   PAD
    0x0800ac40   0x0800ac40   0x00000004   Data   RO          964    .rodata.tensor_output0_offset  main.o
    0x0800ac44   0x0800ac44   0x00000028   Data   RO         1123    .rodata.test        inv_mpu.o
    0x0800ac6c   0x0800ac6c   0x00000020   Data   RO         2909    Region$$Table       anon$$obj.o


    Execution Region RW_IRAM1 (Exec base: 0x20000000, Load base: 0x0800ac90, Size: 0x00003a00, Max: 0x00005000, ABSOLUTE)

    Exec Addr    Load Addr    Size         Type   Attr      Idx    E Section Name        Object

    0x20000000   0x0800ac90   0x00000004   Data   RW         2873    .data               mc_w.l(stdout.o)
    0x20000004   0x0800ac94   0x00000001   Data   RW          821    .data.TIM4_IRQHandler.previous_stuatus  cyberrypotter.o
    0x20000005   0x0800ac95   0x00000003   PAD
    0x20000008   0x0800ac98   0x0000002c   Data   RW         1124    .data.st            inv_mpu.o
    0x20000034   0x0800acc4   0x00000004   PAD
    0x20000038        -       0x00000004   Zero   RW          815    .bss.ADC_Sample_Avg  cyberrypotter.o
    0x2000003c        -       0x00000014   Zero   RW          817    .bss.Cyberry_Potter_Status  cyberrypotter.o
    0x20000050        -       0x00000001   Zero   RW          818    .bss.EXTI9_5_IRQHandler.i  cyberrypotter.o
    0x20000051   0x0800acc4   0x00000003   PAD
    0x20000054        -       0x00000708   Zero   RW          895    .bss.IMU_Data_mAcc  imu.o
    0x2000075c        -       0x0000000c   Zero   RW          894    .bss.IMU_bias       imu.o
    0x20000768        -       0x00000402   Zero   RW          822    .bss.IR_RF_Signal   cyberrypotter.o
    0x20000b6a   0x0800acc4   0x00000002   PAD
    0x20000b6c        -       0x0000000c   Zero   RW          816    .bss.Module         cyberrypotter.o
    0x20000b78        -       0x00000004   Zero   RW          971    .bss.ROM_Address    main.o
    0x20000b7c        -       0x00000002   Zero   RW         1261    .bss.SIGNAL_Count   module_ir_rf.o
    0x20000b7e        -       0x00000002   Zero   RW          820    .bss.TIM4_IRQHandler.time_hold_count_ms  cyberrypotter.o
    0x20000b80        -       0x00000002   Zero   RW          819    .bss.TIM4_IRQHandler.time_release_count_ms  cyberrypotter.o
    0x20000b82        -       0x00001000   Zero   RW         1016    .bss.W25Q64_Buffer  w25q64.o
    0x20001b82   0x0800acc4   0x00000002   PAD
    0x20001b84        -       0x00000002   Zero   RW         1196    .bss.dmp.2          inv_mpu_dmp_motion_driver.o
    0x20001b86   0x0800acc4   0x00000002   PAD
    0x20001b88        -       0x00000002   Zero   RW         1197    .bss.dmp.3          inv_mpu_dmp_motion_driver.o
    0x20001b8a   0x0800acc4   0x00000002   PAD
    0x20001b8c        -       0x00000002   Zero   RW         1198    .bss.dmp.4          inv_mpu_dmp_motion_driver.o
    0x20001b8e        -       0x00000001   Zero   RW         1199    .bss.dmp.5          inv_mpu_dmp_motion_driver.o
    0x20001b8f   0x0800acc4   0x00000001   PAD
    0x20001b90        -       0x00000004   Zero   RW          969    .bss.model          main.o
    0x20001b94        -       0x00000001   Zero   RW          968    .bss.model_output   main.o
    0x20001b95        -       0x000001c2   Zero   RW          917    .bss.nnom_input_data  main.o
    0x20001d57   0x0800acc4   0x00000001   PAD
    0x20001d58        -       0x00000004   Zero   RW          237    .bss.nnom_memory_taken  nnom.o
    0x20001d5c        -       0x00000088   Zero   RW          972    .bss.nnom_model_create.model  main.o
    0x20001de4        -       0x0000000d   Zero   RW          965    .bss.nnom_output_data  main.o
    0x20001df1   0x0800acc4   0x00000003   PAD
    0x20001df4        -       0x00000004   Zero   RW          238    .bss.nnom_static_buf  nnom.o
    0x20001df8        -       0x00000004   Zero   RW          240    .bss.nnom_static_buf_curr  nnom.o
    0x20001dfc        -       0x00000004   Zero   RW          239    .bss.nnom_static_buf_size  nnom.o
    0x20001e00        -       0x00001800   Zero   RW          970    .bss.static_buf     main.o
    0x20003600        -       0x00000400   Zero   RW         2515    STACK               startup_stm32f10x_md.o


==============================================================================

Image component sizes


      Code (inc. data)   RO Data    RW Data    ZI Data      Debug   Object Name

      1562        164          0          1       1067       6880   cyberrypotter.o
        94          0          0          0          0       1599   delay.o
       972         40         10          0          0       8201   hardware.o
       682          0          0          0          0       4638   iic.o
       230          8          0          0       1812       2269   imu.o
      4244         28        102         44          0      23305   inv_mpu.o
      1718         20       3086          0          7      11036   inv_mpu_dmp_motion_driver.o
       926         92      11647          0       6752      10498   main.o
       114          0          0          0          0       3761   misc.o
       400          0          0          0          0       5547   module0_ir.o
         6          0          0          0          0        606   module10.o
       336          0          0          0          0       5609   module1_rf433.o
         6          0          0          0          0        601   module3.o
         6          0          0          0          0        601   module4.o
         6          0          0          0          0        601   module5.o
         6          0          0          0          0        601   module6.o
         6          0          0          0          0        601   module7.o
         6          0          0          0          0        601   module8.o
         6          0          0          0          0        601   module9.o
       878        120          0          0          2       4997   module_ir_rf.o
       286          0          0          0          0       2523   mpu6050.o
      3134        552       1296          0         16      21115   nnom.o
        74          0          0          0          0      10949   nnom_activation.o
        70          0          0          0          0       4542   nnom_baselayer.o
       874          0          0          0          0       7865   nnom_conv2d.o
       446          0          0          0          0       6273   nnom_dense.o
       180          0          0          0          0       4429   nnom_flatten.o
       286          0          0          0          0       5144   nnom_input.o
        46          0          0          0          0       5297   nnom_layers.o
      1216          0          0          0          0      42458   nnom_local.o
       600          0          0          0          0      44083   nnom_local_q15.o
        82          0          0          0          0       4386   nnom_output.o
       180          0          0          0          0       4378   nnom_softmax.o
       420         36          0          0          0       6778   nnom_tensor.o
        36          8        236          0       1024        912   startup_stm32f10x_md.o
       262          0          0          0          0       9827   stm32f10x_adc.o
       146          0          0          0          0       3098   stm32f10x_exti.o
       254          0          0          0          0       6232   stm32f10x_gpio.o
       208          0         20          0          0       8642   stm32f10x_rcc.o
       108          0          0          0          0       7741   stm32f10x_spi.o
       372          0          0          0          0      27234   stm32f10x_tim.o
       248          0          0          0          0       8954   stm32f10x_usart.o
       248          0          0          0          0       2941   system_stm32f10x.o
       546          0          0          0       4096       4220   w25q64.o

    ----------------------------------------------------------------------
     22580       1068      16460         48      14796     343174   Object Totals
         0          0         32          0          0          0   (incl. Generated)
        54          0         31          3         20          0   (incl. Padding)

    ----------------------------------------------------------------------

      Code (inc. data)   RO Data    RW Data    ZI Data      Debug   Library Member Name

       148         12          0          0          0         88   round.o
         0          0          0          0          0          0   entry.o
         0          0          0          0          0          0   entry10a.o
         0          0          0          0          0          0   entry11a.o
         8          4          0          0          0          0   entry2.o
         4          0          0          0          0          0   entry5.o
         0          0          0          0          0          0   entry7b.o
         0          0          0          0          0          0   entry8b.o
         8          4          0          0          0          0   entry9a.o
        30          0          0          0          0          0   handlers.o
        48         10          0          0          0         68   init.o
         0          0          0          0          0          0   iusefp.o
        98          0          0          0          0         84   ldiv.o
        30          0          0          0          0         68   llshl.o
        36          0          0          0          0         68   llsshr.o
        32          0          0          0          0         68   llushr.o
        26          0          0          0          0         80   memcmp.o
        36          0          0          0          0         68   memcpya.o
        36          0          0          0          0        108   memseta.o
      2258         90          0          0          0        452   printfa.o
        12          6          0          0          0         68   putchar.o
        36          6          0          0          0         80   puts.o
         0          0          0          4          0          0   stdout.o
        44          0          0          0          0         80   uidiv.o
        98          0          0          0          0         92   uldiv.o
        48          0          0          0          0         68   cdcmple.o
        48          0          0          0          0         68   cdrcmple.o
        56          0          0          0          0         88   d2f.o
       334          0          0          0          0        148   dadd.o
       222          0          0          0          0        100   ddiv.o
       186          0          0          0          0        176   depilogue.o
        62          0          0          0          0         80   dfixi.o
        48          0          0          0          0         68   dfixul.o
        34          0          0          0          0         76   dflti.o
       228          0          0          0          0         96   dmul.o
       136          4          0          0          0         92   drnd.o
        38          0          0          0          0         68   f2d.o
       176          0          0          0          0        140   fadd.o
        28          0          0          0          0         68   fcmpeq.o
        28          0          0          0          0         68   fcmpge.o
        28          0          0          0          0         68   fcmple.o
        28          0          0          0          0         68   fcmplt.o
       124          0          0          0          0         88   fdiv.o
       110          0          0          0          0        168   fepilogue.o
        50          0          0          0          0         68   ffixi.o
        18          0          0          0          0         68   fflti.o
        10          0          0          0          0         68   ffltui.o
       100          0          0          0          0         76   fmul.o

    ----------------------------------------------------------------------
      5132        136          0          4          0       3548   Library Totals
         4          0          0          0          0          0   (incl. Padding)

    ----------------------------------------------------------------------

      Code (inc. data)   RO Data    RW Data    ZI Data      Debug   Library Name

       148         12          0          0          0         88   m_ws.l
      2840        120          0          4          0       1384   mc_w.l
      2140          4          0          0          0       2076   mf_w.l

    ----------------------------------------------------------------------
      5132        136          0          4          0       3548   Library Totals

    ----------------------------------------------------------------------

==============================================================================


      Code (inc. data)   RO Data    RW Data    ZI Data      Debug   

     27712       1204      16460         52      14796     344058   Grand Totals
     27712       1204      16460         52      14796     344058   ELF Image Totals
     27712       1204      16460         52          0          0   ROM Totals

==============================================================================

    Total RO  Size (Code + RO Data)                44172 (  43.14kB)
    Total RW  Size (RW Data + ZI Data)             14848 (  14.50kB)
    Total ROM Size (Code + RO Data + RW Data)      44224 (  43.19kB)

==============================================================================

