Component: Arm Compiler for Embedded 6.22 Tool: armlink [5ee90200]

==============================================================================

Section Cross References

    nnom_local.o(.ARM.exidx.text.local_avepool_q7_HWC) refers to nnom_local.o(.text.local_avepool_q7_HWC) for [Anonymous Symbol]
    nnom_local.o(.ARM.exidx.text.local_avepool_q7_CHW) refers to nnom_local.o(.text.local_avepool_q7_CHW) for [Anonymous Symbol]
    nnom_local.o(.ARM.exidx.text.local_maxpool_q7_HWC) refers to nnom_local.o(.text.local_maxpool_q7_HWC) for [Anonymous Symbol]
    nnom_local.o(.ARM.exidx.text.local_maxpool_q7_CHW) refers to nnom_local.o(.text.local_maxpool_q7_CHW) for [Anonymous Symbol]
    nnom_local.o(.ARM.exidx.text.local_sumpool_q7_HWC) refers to nnom_local.o(.text.local_sumpool_q7_HWC) for [Anonymous Symbol]
    nnom_local.o(.ARM.exidx.text.local_sumpool_q7_CHW) refers to nnom_local.o(.text.local_sumpool_q7_CHW) for [Anonymous Symbol]
    nnom_local.o(.text.local_up_sampling_q7_HWC) refers to memcpya.o(.text) for __aeabi_memcpy
    nnom_local.o(.ARM.exidx.text.local_up_sampling_q7_HWC) refers to nnom_local.o(.text.local_up_sampling_q7_HWC) for [Anonymous Symbol]
    nnom_local.o(.text.local_up_sampling_q7_CHW) refers to memcpya.o(.text) for __aeabi_memcpy
    nnom_local.o(.ARM.exidx.text.local_up_sampling_q7_CHW) refers to nnom_local.o(.text.local_up_sampling_q7_CHW) for [Anonymous Symbol]
    nnom_local.o(.text.local_convolve_HWC_q7_nonsquare) refers to nnom_local.o(.text.__NNOM_SSAT) for __NNOM_SSAT
    nnom_local.o(.ARM.exidx.text.local_convolve_HWC_q7_nonsquare) refers to nnom_local.o(.text.local_convolve_HWC_q7_nonsquare) for [Anonymous Symbol]
    nnom_local.o(.ARM.exidx.text.__NNOM_SSAT) refers to nnom_local.o(.text.__NNOM_SSAT) for [Anonymous Symbol]
    nnom_local.o(.text.local_convolve_CHW_q7_nonsquare) refers to nnom_local.o(.text.__NNOM_SSAT) for __NNOM_SSAT
    nnom_local.o(.ARM.exidx.text.local_convolve_CHW_q7_nonsquare) refers to nnom_local.o(.text.local_convolve_CHW_q7_nonsquare) for [Anonymous Symbol]
    nnom_local.o(.text.local_conv_trans_HWC_q7_nonsquare) refers to nnom_local.o(.text.alg_deconv2d_calculate_position) for alg_deconv2d_calculate_position
    nnom_local.o(.text.local_conv_trans_HWC_q7_nonsquare) refers to nnom_local.o(.text.__NNOM_SSAT) for __NNOM_SSAT
    nnom_local.o(.ARM.exidx.text.local_conv_trans_HWC_q7_nonsquare) refers to nnom_local.o(.text.local_conv_trans_HWC_q7_nonsquare) for [Anonymous Symbol]
    nnom_local.o(.ARM.exidx.text.alg_deconv2d_calculate_position) refers to nnom_local.o(.text.alg_deconv2d_calculate_position) for [Anonymous Symbol]
    nnom_local.o(.text.local_depthwise_separable_conv_HWC_q7_nonsquare) refers to nnom_local.o(.text.__NNOM_SSAT) for __NNOM_SSAT
    nnom_local.o(.ARM.exidx.text.local_depthwise_separable_conv_HWC_q7_nonsquare) refers to nnom_local.o(.text.local_depthwise_separable_conv_HWC_q7_nonsquare) for [Anonymous Symbol]
    nnom_local.o(.text.local_depthwise_separable_conv_CHW_q7_nonsquare) refers to nnom_local.o(.text.__NNOM_SSAT) for __NNOM_SSAT
    nnom_local.o(.ARM.exidx.text.local_depthwise_separable_conv_CHW_q7_nonsquare) refers to nnom_local.o(.text.local_depthwise_separable_conv_CHW_q7_nonsquare) for [Anonymous Symbol]
    nnom_local.o(.text.local_zero_padding_HWC_q7) refers to memseta.o(.text) for __aeabi_memclr
    nnom_local.o(.text.local_zero_padding_HWC_q7) refers to memcpya.o(.text) for __aeabi_memcpy
    nnom_local.o(.ARM.exidx.text.local_zero_padding_HWC_q7) refers to nnom_local.o(.text.local_zero_padding_HWC_q7) for [Anonymous Symbol]
    nnom_local.o(.text.local_zero_padding_CHW_q7) refers to memseta.o(.text) for __aeabi_memclr
    nnom_local.o(.text.local_zero_padding_CHW_q7) refers to memcpya.o(.text) for __aeabi_memcpy
    nnom_local.o(.ARM.exidx.text.local_zero_padding_CHW_q7) refers to nnom_local.o(.text.local_zero_padding_CHW_q7) for [Anonymous Symbol]
    nnom_local.o(.text.local_cropping_HWC_q7) refers to memcpya.o(.text) for __aeabi_memcpy
    nnom_local.o(.ARM.exidx.text.local_cropping_HWC_q7) refers to nnom_local.o(.text.local_cropping_HWC_q7) for [Anonymous Symbol]
    nnom_local.o(.text.local_cropping_CHW_q7) refers to memcpya.o(.text) for __aeabi_memcpy
    nnom_local.o(.ARM.exidx.text.local_cropping_CHW_q7) refers to nnom_local.o(.text.local_cropping_CHW_q7) for [Anonymous Symbol]
    nnom_local.o(.text.local_dot_q7_opt) refers to nnom_local.o(.text.__NNOM_SSAT) for __NNOM_SSAT
    nnom_local.o(.ARM.exidx.text.local_dot_q7_opt) refers to nnom_local.o(.text.local_dot_q7_opt) for [Anonymous Symbol]
    nnom_local.o(.text.local_dot_q7) refers to nnom_local.o(.text.__NNOM_SSAT) for __NNOM_SSAT
    nnom_local.o(.ARM.exidx.text.local_dot_q7) refers to nnom_local.o(.text.local_dot_q7) for [Anonymous Symbol]
    nnom_local.o(.text.local_fully_connected_q7_opt) refers to nnom_local.o(.text.__NNOM_SSAT) for __NNOM_SSAT
[...]
    EXTI0_IRQHandler                         0x080013d1   Thumb Code    66  button.o(.text.EXTI0_IRQHandler)
    EXTI9_5_IRQHandler                       0x08001415   Thumb Code   186  cyberrypotter.o(.text.EXTI9_5_IRQHandler)
    EXTI_ClearITPendingBit                   0x080014d1   Thumb Code    20  stm32f10x_exti.o(.text.EXTI_ClearITPendingBit)
    EXTI_GetITStatus                         0x080014e5   Thumb Code    68  stm32f10x_exti.o(.text.EXTI_GetITStatus)
    EXTI_Init                                0x08001529   Thumb Code   234  stm32f10x_exti.o(.text.EXTI_Init)
    EXTI_Restore                             0x08001615   Thumb Code    26  hardware.o(.text.EXTI_Restore)
    Flatten                                  0x08001631   Thumb Code   118  nnom_flatten.o(.text.Flatten)
    GPIO_EXTILineConfig                      0x080016a9   Thumb Code    84  stm32f10x_gpio.o(.text.GPIO_EXTILineConfig)
    GPIO_Init                                0x080016fd   Thumb Code   390  stm32f10x_gpio.o(.text.GPIO_Init)
    GPIO_ReadInputDataBit                    0x08001885   Thumb Code    52  stm32f10x_gpio.o(.text.GPIO_ReadInputDataBit)
    GPIO_WriteBit                            0x080018b9   Thumb Code    40  stm32f10x_gpio.o(.text.GPIO_WriteBit)
    IIC1_Init                                0x080018e1   Thumb Code    68  iic.o(.text.IIC1_Init)
    IIC1_read                                0x08001ac9   Thumb Code   152  iic.o(.text.IIC1_read)
    IIC1_write                               0x08001b61   Thumb Code   108  iic.o(.text.IIC1_write)
    IMU_Get_Data                             0x08001bcd   Thumb Code   432  imu.o(.text.IMU_Get_Data)
    IMU_Init                                 0x08001d7d   Thumb Code    36  imu.o(.text.IMU_Init)
    IMU_Sample_Start                         0x08001da1   Thumb Code    30  imu.o(.text.IMU_Sample_Start)
    IMU_Sample_Stop                          0x08001dc1   Thumb Code    30  imu.o(.text.IMU_Sample_Stop)
    LED_Blink                                0x08001de1   Thumb Code   282  led.o(.text.LED_Blink)
    LED_Init                                 0x08001efd   Thumb Code    60  led.o(.text.LED_Init)
    MPU6050_Init                             0x08001f39   Thumb Code   428  mpu6050.o(.text.MPU6050_Init)
    Module0_IR_38Khz_Logic                   0x080020e5   Thumb Code    54  module0_ir.o(.text.Module0_IR_38Khz_Logic)
    Module0_IR_Init                          0x0800211d   Thumb Code   296  module0_ir.o(.text.Module0_IR_Init)
    Module0_IR_Transmit                      0x08002245   Thumb Code   150  module0_ir.o(.text.Module0_IR_Transmit)
    Module10_Init                            0x080022dd   Thumb Code     2  module10.o(.text.Module10_Init)
    Module10_Mode0_Handler                   0x080022e1   Thumb Code     2  module10.o(.text.Module10_Mode0_Handler)
    Module10_Mode1_Handler                   0x080022e5   Thumb Code     2  module10.o(.text.Module10_Mode1_Handler)
    Module1_RF433_Init                       0x080022e9   Thumb Code   244  module1_rf433.o(.text.Module1_RF433_Init)
    Module1_RF433_Logic                      0x080023dd   Thumb Code    56  module1_rf433.o(.text.Module1_RF433_Logic)
    Module1_RF433_Transmit                   0x08002415   Thumb Code   108  module1_rf433.o(.text.Module1_RF433_Transmit)
    Module3_Init                             0x08002481   Thumb Code     2  module3.o(.text.Module3_Init)
    Module3_Mode0_Handler                    0x08002485   Thumb Code     2  module3.o(.text.Module3_Mode0_Handler)
    Module3_Mode1_Handler                    0x08002489   Thumb Code     2  module3.o(.text.Module3_Mode1_Handler)
    Module4_Init                             0x0800248d   Thumb Code     2  module4.o(.text.Module4_Init)
    Module4_Mode0_Handler                    0x08002491   Thumb Code     2  module4.o(.text.Module4_Mode0_Handler)
    Module4_Mode1_Handler                    0x08002495   Thumb Code     2  module4.o(.text.Module4_Mode1_Handler)
    Module5_Init                             0x08002499   Thumb Code     2  module5.o(.text.Module5_Init)
    Module5_Mode0_Handler                    0x0800249d   Thumb Code     2  module5.o(.text.Module5_Mode0_Handler)
    Module5_Mode1_Handler                    0x080024a1   Thumb Code     2  module5.o(.text.Module5_Mode1_Handler)
    Module6_Init                             0x080024a5   Thumb Code     2  module6.o(.text.Module6_Init)
    Module6_Mode0_Handler                    0x080024a9   Thumb Code     2  module6.o(.text.Module6_Mode0_Handler)
    Module6_Mode1_Handler                    0x080024ad   Thumb Code     2  module6.o(.text.Module6_Mode1_Handler)
    Module7_Init                             0x080024b1   Thumb Code     2  module7.o(.text.Module7_Init)
    Module7_Mode0_Handler                    0x080024b5   Thumb Code     2  module7.o(.text.Module7_Mode0_Handler)
    Module7_Mode1_Handler                    0x080024b9   Thumb Code     2  module7.o(.text.Module7_Mode1_Handler)
    Module8_Init                             0x080024bd   Thumb Code     2  module8.o(.text.Module8_Init)
    Module8_Mode0_Handler                    0x080024c1   Thumb Code     2  module8.o(.text.Module8_Mode0_Handler)
    Module8_Mode1_Handler                    0x080024c5   Thumb Code     2  module8.o(.text.Module8_Mode1_Handler)
    Module9_Init                             0x080024c9   Thumb Code     2  module9.o(.text.Module9_Init)
    Module9_Mode0_Handler                    0x080024cd   Thumb Code     2  module9.o(.text.Module9_Mode0_Handler)
    Module9_Mode1_Handler                    0x080024d1   Thumb Code     2  module9.o(.text.Module9_Mode1_Handler)
    Module_Detect                            0x080024d5   Thumb Code   542  cyberrypotter.o(.text.Module_Detect)
    Module_IR_RF_Copy_From_Buffer            0x080026f5   Thumb Code   160  module_ir_rf.o(.text.Module_IR_RF_Copy_From_Buffer)
    Module_IR_RF_Copy_To_Buffer              0x08002795   Thumb Code   166  module_ir_rf.o(.text.Module_IR_RF_Copy_To_Buffer)
    Module_IR_RF_Init                        0x0800283d   Thumb Code    84  module_ir_rf.o(.text.Module_IR_RF_Init)
    Module_IR_RF_Print                       0x08002891   Thumb Code   174  module_ir_rf.o(.text.Module_IR_RF_Print)
    Module_IR_RF_Receive                     0x08002941   Thumb Code   142  module_ir_rf.o(.text.Module_IR_RF_Receive)
    Module_IR_RF_Record_Duration             0x080029d1   Thumb Code    60  module_ir_rf.o(.text.Module_IR_RF_Record_Duration)
    Module_IR_RF_Transmit                    0x08002a0d   Thumb Code   236  module_ir_rf.o(.text.Module_IR_RF_Transmit)
    Module_IR_RF_receiver_start              0x08002af9   Thumb Code    44  module_ir_rf.o(.text.Module_IR_RF_receiver_start)
    Module_IR_RF_receiver_stop               0x08002b25   Thumb Code    62  module_ir_rf.o(.text.Module_IR_RF_receiver_stop)
    Module_Init                              0x08002b65   Thumb Code   454  cyberrypotter.o(.text.Module_Init)
    Module_None_Mode0_Handler                0x08002d2d   Thumb Code    18  cyberrypotter.o(.text.Module_None_Mode0_Handler)
    Module_None_Mode1_Handler                0x08002d41   Thumb Code    18  cyberrypotter.o(.text.Module_None_Mode1_Handler)
    NVIC_Init                                0x08002d55   Thumb Code   166  misc.o(.text.NVIC_Init)
    NVIC_PriorityGroupConfig                 0x08002dfd   Thumb Code    28  misc.o(.text.NVIC_PriorityGroupConfig)
    RCC_ADCCLKConfig                         0x08002e19   Thumb Code    44  stm32f10x_rcc.o(.text.RCC_ADCCLKConfig)
    RCC_APB1PeriphClockCmd                   0x08002e45   Thumb Code    52  stm32f10x_rcc.o(.text.RCC_APB1PeriphClockCmd)
    RCC_APB2PeriphClockCmd                   0x08002e79   Thumb Code    52  stm32f10x_rcc.o(.text.RCC_APB2PeriphClockCmd)
    RCC_APB2PeriphResetCmd                   0x08002ead   Thumb Code    52  stm32f10x_rcc.o(.text.RCC_APB2PeriphResetCmd)
    RCC_GetClocksFreq                        0x08002ee1   Thumb Code   370  stm32f10x_rcc.o(.text.RCC_GetClocksFreq)
    SPI2_Init                                0x08003055   Thumb Code   206  spi.o(.text.SPI2_Init)
    SPI2_Start                               0x08003125   Thumb Code    22  spi.o(.text.SPI2_Start)
    SPI2_Stop                                0x0800313d   Thumb Code    22  spi.o(.text.SPI2_Stop)
    SPI2_SwapByte                            0x08003155   Thumb Code    90  spi.o(.text.SPI2_SwapByte)
    SPI_Cmd                                  0x080031b1   Thumb Code    40  stm32f10x_spi.o(.text.SPI_Cmd)
    SPI_I2S_GetFlagStatus                    0x080031d9   Thumb Code    46  stm32f10x_spi.o(.text.SPI_I2S_GetFlagStatus)
    SPI_I2S_ReceiveData                      0x08003209   Thumb Code    12  stm32f10x_spi.o(.text.SPI_I2S_ReceiveData)
    SPI_I2S_SendData                         0x08003215   Thumb Code    20  stm32f10x_spi.o(.text.SPI_I2S_SendData)
    SPI_Init                                 0x08003229   Thumb Code   104  stm32f10x_spi.o(.text.SPI_Init)
    Softmax                                  0x080033bd   Thumb Code   116  nnom_softmax.o(.text.Softmax)
    SystemInit                               0x08003431   Thumb Code   102  system_stm32f10x.o(.text.SystemInit)
    System_Init                              0x08003499   Thumb Code   134  cyberrypotter.o(.text.System_Init)
    TIM2_IRQHandler                          0x08003521   Thumb Code    66  module_ir_rf.o(.text.TIM2_IRQHandler)
    TIM4_IRQHandler                          0x08003565   Thumb Code   314  button.o(.text.TIM4_IRQHandler)
    TIM_ClearFlag                            0x080036a1   Thumb Code    22  stm32f10x_tim.o(.text.TIM_ClearFlag)
    TIM_ClearITPendingBit                    0x080036b9   Thumb Code    22  stm32f10x_tim.o(.text.TIM_ClearITPendingBit)
    TIM_Cmd                                  0x080036d1   Thumb Code    40  stm32f10x_tim.o(.text.TIM_Cmd)
    TIM_GetCounter                           0x080036f9   Thumb Code    12  stm32f10x_tim.o(.text.TIM_GetCounter)
    TIM_GetITStatus                          0x08003705   Thumb Code    82  stm32f10x_tim.o(.text.TIM_GetITStatus)
    TIM_ITConfig                             0x08003759   Thumb Code    48  stm32f10x_tim.o(.text.TIM_ITConfig)
    TIM_OC1Init                              0x08003789   Thumb Code   354  stm32f10x_tim.o(.text.TIM_OC1Init)
    TIM_OCStructInit                         0x080038ed   Thumb Code    42  stm32f10x_tim.o(.text.TIM_OCStructInit)
    TIM_SetCompare1                          0x08003919   Thumb Code    20  stm32f10x_tim.o(.text.TIM_SetCompare1)
    TIM_SetCounter                           0x0800392d   Thumb Code    20  stm32f10x_tim.o(.text.TIM_SetCounter)
    TIM_TimeBaseInit                         0x08003941   Thumb Code   322  stm32f10x_tim.o(.text.TIM_TimeBaseInit)
    USART1_Init                              0x08003a85   Thumb Code   190  usart.o(.text.USART1_Init)
    USART_Cmd                                0x08003b45   Thumb Code    40  stm32f10x_usart.o(.text.USART_Cmd)
    USART_ITConfig                           0x08003b6d   Thumb Code   142  stm32f10x_usart.o(.text.USART_ITConfig)
    USART_Init                               0x08003bfd   Thumb Code   348  stm32f10x_usart.o(.text.USART_Init)
    W25Q64_Read_Sector                       0x08003d59   Thumb Code   102  w25q64.o(.text.W25Q64_Read_Sector)
    W25Q64_SectorErase                       0x08003dc1   Thumb Code    56  w25q64.o(.text.W25Q64_SectorErase)
    W25Q64_WaitBusy                          0x08003df9   Thumb Code    34  w25q64.o(.text.W25Q64_WaitBusy)
    W25Q64_WriteEnable                       0x08003e1d   Thumb Code    18  w25q64.o(.text.W25Q64_WriteEnable)
    W25Q64_Write_Sector                      0x08003e31   Thumb Code   168  w25q64.o(.text.W25Q64_Write_Sector)
    act_get_dec_bit                          0x080040d9   Thumb Code    44  nnom_activation.o(.text.act_get_dec_bit)
    act_relu                                 0x08004105   Thumb Code    54  nnom_activation.o(.text.act_relu)
    block_mem_set                            0x08004261   Thumb Code    98  nnom.o(.text.block_mem_set)
    check_model_version                      0x080042c5   Thumb Code   142  nnom.o(.text.check_model_version)
    compile_layers                           0x08004355   Thumb Code   960  nnom.o(.text.compile_layers)
    conv2d_build                             0x08004715   Thumb Code   350  nnom_conv2d.o(.text.conv2d_build)
    conv2d_free                              0x08004875   Thumb Code    42  nnom_conv2d.o(.text.conv2d_free)
    conv2d_run                               0x080048a1   Thumb Code   470  nnom_conv2d.o(.text.conv2d_run)
    conv2d_s                                 0x08004a79   Thumb Code   482  nnom_conv2d.o(.text.conv2d_s)
    conv_output_length                       0x08004c5d   Thumb Code    86  nnom_conv2d.o(.text.conv_output_length)
    default_build                            0x08004cb5   Thumb Code   104  nnom_baselayer.o(.text.default_build)
    delete_tensor                            0x08004d1d   Thumb Code    24  nnom_tensor.o(.text.delete_tensor)
    dense_build                              0x08004d35   Thumb Code   308  nnom_dense.o(.text.dense_build)
    dense_free                               0x08004e69   Thumb Code    42  nnom_dense.o(.text.dense_free)
    dense_run                                0x08004e95   Thumb Code   146  nnom_dense.o(.text.dense_run)
    dense_s                                  0x08004f29   Thumb Code   196  nnom_dense.o(.text.dense_s)
    dilation                                 0x08004fed   Thumb Code    22  nnom_layers.o(.text.dilation)
    dmp_enable_6x_lp_quat                    0x08005005   Thumb Code    70  inv_mpu_dmp_motion_driver.o(.text.dmp_enable_6x_lp_quat)
    dmp_enable_feature                       0x0800504d   Thumb Code   682  inv_mpu_dmp_motion_driver.o(.text.dmp_enable_feature)
    dmp_enable_gyro_cal                      0x080052f9   Thumb Code   106  inv_mpu_dmp_motion_driver.o(.text.dmp_enable_gyro_cal)
    dmp_enable_lp_quat                       0x08005365   Thumb Code    70  inv_mpu_dmp_motion_driver.o(.text.dmp_enable_lp_quat)
    dmp_load_motion_driver_firmware          0x080053ad   Thumb Code    26  inv_mpu_dmp_motion_driver.o(.text.dmp_load_motion_driver_firmware)
    dmp_set_accel_bias                       0x080053c9   Thumb Code   342  inv_mpu_dmp_motion_driver.o(.text.dmp_set_accel_bias)
    dmp_set_fifo_rate                        0x08005521   Thumb Code   164  inv_mpu_dmp_motion_driver.o(.text.dmp_set_fifo_rate)
    dmp_set_gyro_bias                        0x080055c5   Thumb Code   336  inv_mpu_dmp_motion_driver.o(.text.dmp_set_gyro_bias)
    dmp_set_orientation                      0x08005715   Thumb Code   432  inv_mpu_dmp_motion_driver.o(.text.dmp_set_orientation)
    dmp_set_shake_reject_thresh              0x080058c5   Thumb Code    86  inv_mpu_dmp_motion_driver.o(.text.dmp_set_shake_reject_thresh)
    dmp_set_shake_reject_time                0x0800591d   Thumb Code    60  inv_mpu_dmp_motion_driver.o(.text.dmp_set_shake_reject_time)
    dmp_set_shake_reject_timeout             0x08005959   Thumb Code    60  inv_mpu_dmp_motion_driver.o(.text.dmp_set_shake_reject_timeout)
    dmp_set_tap_axes                         0x08005995   Thumb Code   108  inv_mpu_dmp_motion_driver.o(.text.dmp_set_tap_axes)
    dmp_set_tap_count                        0x08005a01   Thumb Code    74  inv_mpu_dmp_motion_driver.o(.text.dmp_set_tap_count)
    dmp_set_tap_thresh                       0x08005a4d   Thumb Code   508  inv_mpu_dmp_motion_driver.o(.text.dmp_set_tap_thresh)
    dmp_set_tap_time                         0x08005c49   Thumb Code    62  inv_mpu_dmp_motion_driver.o(.text.dmp_set_tap_time)
    dmp_set_tap_time_multi                   0x08005c89   Thumb Code    62  inv_mpu_dmp_motion_driver.o(.text.dmp_set_tap_time_multi)
    flatten_build                            0x08005cfd   Thumb Code   104  nnom_flatten.o(.text.flatten_build)
    flatten_run                              0x08005d65   Thumb Code    10  nnom_flatten.o(.text.flatten_run)
    flatten_s                                0x08005d71   Thumb Code    32  nnom_flatten.o(.text.flatten_s)
    fputc                                    0x08005d91   Thumb Code    46  usart.o(.text.fputc)
    input_build                              0x08006575   Thumb Code    58  nnom_input.o(.text.input_build)
    input_run                                0x080065b1   Thumb Code    46  nnom_input.o(.text.input_run)
    input_s                                  0x080065e1   Thumb Code   364  nnom_input.o(.text.input_s)
    io_init                                  0x0800682d   Thumb Code    18  nnom_layers.o(.text.io_init)
    kernel                                   0x08006879   Thumb Code    22  nnom_layers.o(.text.kernel)
    local_convolve_HWC_q15_nonsquare         0x080068e1   Thumb Code   878  nnom_local_q15.o(.text.local_convolve_HWC_q15_nonsquare)
    local_convolve_HWC_q7_nonsquare          0x08006c51   Thumb Code   832  nnom_local.o(.text.local_convolve_HWC_q7_nonsquare)
    local_fully_connected_q7_opt             0x08006f91   Thumb Code  1208  nnom_local.o(.text.local_fully_connected_q7_opt)
    local_relu_q15                           0x08007449   Thumb Code    64  nnom_local_q15.o(.text.local_relu_q15)
    local_relu_q7                            0x08007489   Thumb Code    60  nnom_local.o(.text.local_relu_q7)
    local_softmax_q7                         0x080074c5   Thumb Code   280  nnom_local.o(.text.local_softmax_q7)
    main                                     0x080075dd   Thumb Code   240  main.o(.text.main)
    mem_analysis_result                      0x080076cd   Thumb Code   114  nnom.o(.text.mem_analysis_result)
    model_compile                            0x080077bd   Thumb Code   370  nnom.o(.text.model_compile)
    mpu_configure_fifo                       0x08007a3d   Thumb Code   210  inv_mpu.o(.text.mpu_configure_fifo)
    mpu_get_accel_fsr                        0x08007b11   Thumb Code   108  inv_mpu.o(.text.mpu_get_accel_fsr)
    mpu_get_accel_sens                       0x08007b7d   Thumb Code   116  inv_mpu.o(.text.mpu_get_accel_sens)
    mpu_get_fifo_config                      0x08007bf1   Thumb Code    24  inv_mpu.o(.text.mpu_get_fifo_config)
    mpu_get_gyro_fsr                         0x08007c09   Thumb Code    84  inv_mpu.o(.text.mpu_get_gyro_fsr)
    mpu_get_gyro_sens                        0x08007c5d   Thumb Code   104  inv_mpu.o(.text.mpu_get_gyro_sens)
    mpu_get_lpf                              0x08007cc5   Thumb Code   100  inv_mpu.o(.text.mpu_get_lpf)
    mpu_get_sample_rate                      0x08007d29   Thumb Code    56  inv_mpu.o(.text.mpu_get_sample_rate)
    mpu_init                                 0x08007d61   Thumb Code   304  inv_mpu.o(.text.mpu_init)
    mpu_load_firmware                        0x08007e91   Thumb Code   308  inv_mpu.o(.text.mpu_load_firmware)
    mpu_lp_accel_mode                        0x08007fc5   Thumb Code   294  inv_mpu.o(.text.mpu_lp_accel_mode)
    mpu_read_mem                             0x080080ed   Thumb Code   190  inv_mpu.o(.text.mpu_read_mem)
    mpu_reset_fifo                           0x080081ad   Thumb Code   656  inv_mpu.o(.text.mpu_reset_fifo)
    mpu_run_self_test                        0x0800843d   Thumb Code   386  inv_mpu.o(.text.mpu_run_self_test)
    mpu_set_accel_fsr                        0x080085c1   Thumb Code   200  inv_mpu.o(.text.mpu_set_accel_fsr)
    mpu_set_bypass                           0x08008689   Thumb Code   498  inv_mpu.o(.text.mpu_set_bypass)
    mpu_set_dmp_state                        0x0800887d   Thumb Code   208  inv_mpu.o(.text.mpu_set_dmp_state)
    mpu_set_gyro_fsr                         0x0800894d   Thumb Code   208  inv_mpu.o(.text.mpu_set_gyro_fsr)
    mpu_set_int_latched                      0x08008a1d   Thumb Code   184  inv_mpu.o(.text.mpu_set_int_latched)
    mpu_set_lpf                              0x08008ad5   Thumb Code   226  inv_mpu.o(.text.mpu_set_lpf)
    mpu_set_sample_rate                      0x08008bb9   Thumb Code   250  inv_mpu.o(.text.mpu_set_sample_rate)
    mpu_set_sensors                          0x08008cb5   Thumb Code   346  inv_mpu.o(.text.mpu_set_sensors)
    mpu_write_mem                            0x08008e11   Thumb Code   190  inv_mpu.o(.text.mpu_write_mem)
    new_model                                0x08008ed1   Thumb Code   118  nnom.o(.text.new_model)
    new_tensor                               0x08008f49   Thumb Code   182  nnom_tensor.o(.text.new_tensor)
    nnom_alignto                             0x08009001   Thumb Code    58  nnom.o(.text.nnom_alignto)
    nnom_free                                0x0800903d   Thumb Code     8  nnom.o(.text.nnom_free)
    nnom_hook_length                         0x08009045   Thumb Code    54  nnom.o(.text.nnom_hook_length)
    nnom_malloc                              0x0800907d   Thumb Code   148  nnom.o(.text.nnom_malloc)
    nnom_mem                                 0x08009111   Thumb Code    62  nnom.o(.text.nnom_mem)
    nnom_set_static_buf                      0x0800925d   Thumb Code    46  nnom.o(.text.nnom_set_static_buf)
    output_run                               0x0800928d   Thumb Code    50  nnom_output.o(.text.output_run)
    output_s                                 0x080092c1   Thumb Code    74  nnom_output.o(.text.output_s)
    set_tailed_activation                    0x08009821   Thumb Code   124  nnom.o(.text.set_tailed_activation)
    shape                                    0x0800989d   Thumb Code    30  nnom_layers.o(.text.shape)
    softmax_build                            0x080098bd   Thumb Code    80  nnom_softmax.o(.text.softmax_build)
    softmax_run                              0x0800990d   Thumb Code    46  nnom_softmax.o(.text.softmax_run)
    softmax_s                                0x0800993d   Thumb Code    32  nnom_softmax.o(.text.softmax_s)
    stride                                   0x0800995d   Thumb Code    22  nnom_layers.o(.text.stride)
    tensor_cpy_attr                          0x08009975   Thumb Code   142  nnom_tensor.o(.text.tensor_cpy_attr)
    tensor_get_num_channel                   0x08009a05   Thumb Code    22  nnom_tensor.o(.text.tensor_get_num_channel)
    tensor_mem_set                           0x08009a1d   Thumb Code    96  nnom.o(.text.tensor_mem_set)
    tensor_set_attr                          0x08009a7d   Thumb Code   112  nnom_tensor.o(.text.tensor_set_attr)
    tensor_set_attr_v                        0x08009aed   Thumb Code    76  nnom_tensor.o(.text.tensor_set_attr_v)
    tensor_size                              0x08009b39   Thumb Code    74  nnom_tensor.o(.text.tensor_size)
    __0printf                                0x08009b85   Thumb Code    22  printfa.o(i.__0printf)
    __1printf                                0x08009b85   Thumb Code     0  printfa.o(i.__0printf)
    __2printf                                0x08009b85   Thumb Code     0  printfa.o(i.__0printf)
    __c89printf                              0x08009b85   Thumb Code     0  printfa.o(i.__0printf)
    printf                                   0x08009b85   Thumb Code     0  printfa.o(i.__0printf)
    __scatterload_copy                       0x08009ba5   Thumb Code    14  handlers.o(i.__scatterload_copy)
    __scatterload_null                       0x08009bb3   Thumb Code     2  handlers.o(i.__scatterload_null)
    __scatterload_zeroinit                   0x08009bb5   Thumb Code    14  handlers.o(i.__scatterload_zeroinit)
    round                                    0x0800a479   Thumb Code   136  round.o(i.round)
    conv1d_1_bias_shift                      0x0800a520   Data           4  main.o(.rodata.conv1d_1_bias_shift)
    conv1d_1_config                          0x0800a524   Data          40  main.o(.rodata.conv1d_1_config)
    conv1d_1_output_shift                    0x0800a54c   Data           4  main.o(.rodata.conv1d_1_output_shift)
    conv1d_bias_shift                        0x0800a550   Data           4  main.o(.rodata.conv1d_bias_shift)
    conv1d_config                            0x0800a554   Data          40  main.o(.rodata.conv1d_config)
    conv1d_output_shift                      0x0800a57c   Data           4  main.o(.rodata.conv1d_output_shift)
    default_activation_names                 0x0800a580   Data          64  nnom.o(.rodata.default_activation_names)
    default_cell_names                       0x0800a5c0   Data          32  nnom.o(.rodata.default_cell_names)
    default_layer_names                      0x0800a5e0   Data         396  nnom.o(.rodata.default_layer_names)
    dense_bias_shift                         0x0800a76c   Data           4  main.o(.rodata.dense_bias_shift)
    dense_config                             0x0800a770   Data          24  main.o(.rodata.dense_config)
    dense_output_shift                       0x0800a788   Data           4  main.o(.rodata.dense_output_shift)
    flatten_config                           0x0800b384   Data           4  main.o(.rodata.flatten_config)
    hw                                       0x0800b388   Data          12  inv_mpu.o(.rodata.hw)
    input_1_config                           0x0800b394   Data           8  main.o(.rodata.input_1_config)
    output0_config                           0x0800b39c   Data           8  main.o(.rodata.output0_config)
    reg                                      0x0800b3a4   Data          30  inv_mpu.o(.rodata.reg)
    softmax_config                           0x0800b3c4   Data           4  main.o(.rodata.softmax_config)
    tensor_conv1d_1_bias_0                   0x0800bc70   Data          24  main.o(.rodata.tensor_conv1d_1_bias_0)
    tensor_conv1d_1_bias_0_data              0x0800bc88   Data          15  main.o(.rodata.tensor_conv1d_1_bias_0_data)
    tensor_conv1d_1_bias_0_dec               0x0800bc98   Data           4  main.o(.rodata.tensor_conv1d_1_bias_0_dec)
    tensor_conv1d_1_bias_0_dim               0x0800bc9c   Data           2  main.o(.rodata.tensor_conv1d_1_bias_0_dim)
    tensor_conv1d_1_bias_0_offset            0x0800bca0   Data           4  main.o(.rodata.tensor_conv1d_1_bias_0_offset)
    tensor_conv1d_1_kernel_0                 0x0800bca4   Data          24  main.o(.rodata.tensor_conv1d_1_kernel_0)
    tensor_conv1d_1_kernel_0_data            0x0800bcbc   Data        1350  main.o(.rodata.tensor_conv1d_1_kernel_0_data)
    tensor_conv1d_1_kernel_0_dec             0x0800c204   Data           4  main.o(.rodata.tensor_conv1d_1_kernel_0_dec)
    tensor_conv1d_1_kernel_0_dim             0x0800c208   Data           6  main.o(.rodata.tensor_conv1d_1_kernel_0_dim)
    tensor_conv1d_1_kernel_0_offset          0x0800c210   Data           4  main.o(.rodata.tensor_conv1d_1_kernel_0_offset)
    tensor_conv1d_bias_0                     0x0800c214   Data          24  main.o(.rodata.tensor_conv1d_bias_0)
    tensor_conv1d_bias_0_data                0x0800c22c   Data          30  main.o(.rodata.tensor_conv1d_bias_0_data)
    tensor_conv1d_bias_0_dec                 0x0800c24c   Data           4  main.o(.rodata.tensor_conv1d_bias_0_dec)
    tensor_conv1d_bias_0_dim                 0x0800c250   Data           2  main.o(.rodata.tensor_conv1d_bias_0_dim)
    tensor_conv1d_bias_0_offset              0x0800c254   Data           4  main.o(.rodata.tensor_conv1d_bias_0_offset)
    tensor_conv1d_kernel_0                   0x0800c258   Data          24  main.o(.rodata.tensor_conv1d_kernel_0)
    tensor_conv1d_kernel_0_data              0x0800c270   Data         270  main.o(.rodata.tensor_conv1d_kernel_0_data)
    tensor_conv1d_kernel_0_dec               0x0800c380   Data           4  main.o(.rodata.tensor_conv1d_kernel_0_dec)
    tensor_conv1d_kernel_0_dim               0x0800c384   Data           6  main.o(.rodata.tensor_conv1d_kernel_0_dim)
    tensor_conv1d_kernel_0_offset            0x0800c38c   Data           4  main.o(.rodata.tensor_conv1d_kernel_0_offset)
    tensor_dense_bias_0                      0x0800c390   Data          24  main.o(.rodata.tensor_dense_bias_0)
    tensor_dense_bias_0_data                 0x0800c3a8   Data          13  main.o(.rodata.tensor_dense_bias_0_data)
    tensor_dense_bias_0_dec                  0x0800c3b8   Data           4  main.o(.rodata.tensor_dense_bias_0_dec)
    tensor_dense_bias_0_dim                  0x0800c3bc   Data           2  main.o(.rodata.tensor_dense_bias_0_dim)
    tensor_dense_bias_0_offset               0x0800c3c0   Data           4  main.o(.rodata.tensor_dense_bias_0_offset)
    tensor_dense_kernel_0                    0x0800c3c4   Data          24  main.o(.rodata.tensor_dense_kernel_0)
    tensor_dense_kernel_0_data               0x0800c3dc   Data        9360  main.o(.rodata.tensor_dense_kernel_0_data)
    tensor_dense_kernel_0_dec                0x0800e86c   Data           4  main.o(.rodata.tensor_dense_kernel_0_dec)
    tensor_dense_kernel_0_dim                0x0800e870   Data           4  main.o(.rodata.tensor_dense_kernel_0_dim)
    tensor_dense_kernel_0_offset             0x0800e874   Data           4  main.o(.rodata.tensor_dense_kernel_0_offset)
    tensor_input_1                           0x0800e878   Data          24  main.o(.rodata.tensor_input_1)
    tensor_input_1_dec                       0x0800e890   Data           4  main.o(.rodata.tensor_input_1_dec)
    tensor_input_1_dim                       0x0800e894   Data           4  main.o(.rodata.tensor_input_1_dim)
    tensor_input_1_offset                    0x0800e898   Data           4  main.o(.rodata.tensor_input_1_offset)
    tensor_output0                           0x0800e89c   Data          24  main.o(.rodata.tensor_output0)
    tensor_output0_dec                       0x0800e8b4   Data           4  main.o(.rodata.tensor_output0_dec)
    tensor_output0_dim                       0x0800e8b8   Data           2  main.o(.rodata.tensor_output0_dim)
    tensor_output0_offset                    0x0800e8bc   Data           4  main.o(.rodata.tensor_output0_offset)
    test                                     0x0800e8c0   Data          40  inv_mpu.o(.rodata.test)
    Region$$Table$$Base                      0x0800e8e8   Number         0  anon$$obj.o(Region$$Table)
    Region$$Table$$Limit                     0x0800e908   Number         0  anon$$obj.o(Region$$Table)
    __stdout                                 0x20000000   Data           4  stdout.o(.data)
    ADC_Sample_Avg                           0x20000040   Data           4  adc.o(.bss.ADC_Sample_Avg)
    Button                                   0x20000044   Data           8  button.o(.bss.Button)
    Cyberry_Potter                           0x2000004c   Data           8  cyberrypotter.o(.bss.Cyberry_Potter)
    IMU                                      0x20000058   Data        3612  imu.o(.bss.IMU)
    IMU_bias                                 0x20000e74   Data          12  imu.o(.bss.IMU_bias)
    IR_RF_Signal                             0x20000e80   Data        1032  module_ir_rf.o(.bss.IR_RF_Signal)
    LED                                      0x20001288   Data           4  led.o(.bss.LED)
    Module                                   0x2000128c   Data          12  cyberrypotter.o(.bss.Module)
    ROM_Address                              0x20001298   Data           4  main.o(.bss.ROM_Address)
    SIGNAL_Count                             0x2000129c   Data           2  module_ir_rf.o(.bss.SIGNAL_Count)
    W25Q64_Buffer                            0x2000129e   Data        4096  w25q64.o(.bss.W25Q64_Buffer)
    model                                    0x200022b0   Data           4  main.o(.bss.model)
    model_output                             0x200022b4   Data           1  main.o(.bss.model_output)
    nnom_memory_taken                        0x20002478   Data           4  nnom.o(.bss.nnom_memory_taken)
    static_buf                               0x20002521   Data        4096  main.o(.bss.static_buf)
    __initial_sp                             0x20003928   Data           0  startup_stm32f10x_md.o(STACK)



==============================================================================

Memory Map of the image

  Image Entry point : 0x080000ed

  Load Region LR_IROM1 (Base: 0x08000000, Size: 0x0000e948, Max: 0x00020000, ABSOLUTE)

    Execution Region ER_IROM1 (Exec base: 0x08000000, Load base: 0x08000000, Size: 0x0000e908, Max: 0x00020000, ABSOLUTE)

    Exec Addr    Load Addr    Size         Type   Attr      Idx    E Section Name        Object

    0x08000000   0x08000000   0x000000ec   Data   RO         2617    RESET               startup_stm32f10x_md.o
    0x080000ec   0x080000ec   0x00000000   Code   RO         2648  * .ARM.Collect$$$$00000000  mc_w.l(entry.o)
    0x080000ec   0x080000ec   0x00000004   Code   RO         2753    .ARM.Collect$$$$00000001  mc_w.l(entry2.o)
    0x080000f0   0x080000f0   0x00000004   Code   RO         2756    .ARM.Collect$$$$00000004  mc_w.l(entry5.o)
    0x080000f4   0x080000f4   0x00000000   Code   RO         2758    .ARM.Collect$$$$00000008  mc_w.l(entry7b.o)
    0x080000f4   0x080000f4   0x00000000   Code   RO         2760    .ARM.Collect$$$$0000000A  mc_w.l(entry8b.o)
    0x080000f4   0x080000f4   0x00000008   Code   RO         2761    .ARM.Collect$$$$0000000B  mc_w.l(entry9a.o)
    0x080000fc   0x080000fc   0x00000000   Code   RO         2763    .ARM.Collect$$$$0000000D  mc_w.l(entry10a.o)
    0x080000fc   0x080000fc   0x00000000   Code   RO         2765    .ARM.Collect$$$$0000000F  mc_w.l(entry11a.o)
    0x080000fc   0x080000fc   0x00000004   Code   RO         2754    .ARM.Collect$$$$00002712  mc_w.l(entry2.o)
    0x08000100   0x08000100   0x00000024   Code   RO         2618    .text               startup_stm32f10x_md.o
    0x08000124   0x08000124   0x00000062   Code   RO         2656    .text               mc_w.l(uldiv.o)
    0x08000186   0x08000186   0x00000062   Code   RO         2658    .text               mc_w.l(ldiv.o)
    0x080001e8   0x080001e8   0x00000024   Code   RO         2660    .text               mc_w.l(memcpya.o)
    0x0800020c   0x0800020c   0x00000024   Code   RO         2662    .text               mc_w.l(memseta.o)
    0x08000230   0x08000230   0x0000001a   Code   RO         2664    .text               mc_w.l(memcmp.o)
    0x0800024a   0x0800024a   0x000000b0   Code   RO         2696    .text               mf_w.l(fadd.o)
    0x080002fa   0x080002fa   0x00000064   Code   RO         2698    .text               mf_w.l(fmul.o)
    0x0800035e   0x0800035e   0x0000007c   Code   RO         2700    .text               mf_w.l(fdiv.o)
    0x080003da   0x080003da   0x000000e4   Code   RO         2702    .text               mf_w.l(dmul.o)
    0x080004be   0x080004be   0x000000de   Code   RO         2704    .text               mf_w.l(ddiv.o)
    0x0800059c   0x0800059c   0x0000001c   Code   RO         2706    .text               mf_w.l(fcmple.o)
    0x080005b8   0x080005b8   0x0000001c   Code   RO         2708    .text               mf_w.l(fcmplt.o)
    0x080005d4   0x080005d4   0x0000001c   Code   RO         2710    .text               mf_w.l(fcmpge.o)
    0x080005f0   0x080005f0   0x0000001c   Code   RO         2712    .text               mf_w.l(fcmpeq.o)
    0x0800060c   0x0800060c   0x00000036   Code   RO         2714    .text               mf_w.l(dcmple.o)
    0x08000642   0x08000642   0x00000012   Code   RO         2716    .text               mf_w.l(fflti.o)
    0x08000654   0x08000654   0x0000000a   Code   RO         2718    .text               mf_w.l(ffltui.o)
    0x0800065e   0x0800065e   0x00000022   Code   RO         2720    .text               mf_w.l(dflti.o)
    0x08000680   0x08000680   0x00000032   Code   RO         2722    .text               mf_w.l(ffixi.o)
    0x080006b2   0x080006b2   0x0000003e   Code   RO         2724    .text               mf_w.l(dfixi.o)
    0x080006f0   0x080006f0   0x00000026   Code   RO         2726    .text               mf_w.l(f2d.o)
    0x08000716   0x08000716   0x00000038   Code   RO         2728    .text               mf_w.l(d2f.o)
    0x0800074e   0x0800074e   0x0000002c   Code   RO         2777    .text               mc_w.l(uidiv.o)
    0x0800077a   0x0800077a   0x0000001e   Code   RO         2779    .text               mc_w.l(llshl.o)
    0x08000798   0x08000798   0x00000020   Code   RO         2781    .text               mc_w.l(llushr.o)
    0x080007b8   0x080007b8   0x00000000   Code   RO         2790    .text               mc_w.l(iusefp.o)
    0x080007b8   0x080007b8   0x0000006e   Code   RO         2791    .text               mf_w.l(fepilogue.o)
    0x08000826   0x08000826   0x000000ba   Code   RO         2793    .text               mf_w.l(depilogue.o)
    0x080008e0   0x080008e0   0x0000014e   Code   RO         2795    .text               mf_w.l(dadd.o)
    0x08000a2e   0x08000a2e   0x00000002   PAD
    0x08000a30   0x08000a30   0x00000088   Code   RO         2799    .text               mf_w.l(drnd.o)
    0x08000ab8   0x08000ab8   0x00000030   Code   RO         2801    .text               mf_w.l(dfixul.o)
    0x08000ae8   0x08000ae8   0x00000030   Code   RO         2803    .text               mf_w.l(cdcmple.o)
    0x08000b18   0x08000b18   0x00000030   Code   RO         2805    .text               mf_w.l(cdrcmple.o)
    0x08000b48   0x08000b48   0x00000030   Code   RO         2807    .text               mc_w.l(init.o)
    0x08000b78   0x08000b78   0x00000024   Code   RO         2809    .text               mc_w.l(llsshr.o)
    0x08000b9c   0x08000b9c   0x00000010   Code   RO         1313    .text.ADC1_Deinit   adc.o
    0x08000bac   0x08000bac   0x00000028   Code   RO         1532    .text.ADC_Cmd       stm32f10x_adc.o
    0x08000bd4   0x08000bd4   0x00000080   Code   RO         1526    .text.ADC_DeInit    stm32f10x_adc.o
    0x08000c54   0x08000c54   0x00000026   Code   RO         1544    .text.ADC_GetCalibrationStatus  stm32f10x_adc.o
    0x08000c7a   0x08000c7a   0x00000002   PAD
    0x08000c7c   0x08000c7c   0x0000000e   Code   RO         1558    .text.ADC_GetConversionValue  stm32f10x_adc.o
    0x08000c8a   0x08000c8a   0x00000002   PAD
    0x08000c8c   0x08000c8c   0x0000002c   Code   RO         1590    .text.ADC_GetFlagStatus  stm32f10x_adc.o
    0x08000cb8   0x08000cb8   0x00000026   Code   RO         1540    .text.ADC_GetResetCalibrationStatus  stm32f10x_adc.o
    0x08000cde   0x08000cde   0x00000002   PAD
    0x08000ce0   0x08000ce0   0x0000009a   Code   RO         1528    .text.ADC_Init      stm32f10x_adc.o
    0x08000d7a   0x08000d7a   0x00000002   PAD
    0x08000d7c   0x08000d7c   0x000001e0   Code   RO         1315    .text.ADC_PB1_GetAvg  adc.o
    0x08000f5c   0x08000f5c   0x00000034   Code   RO         1317    .text.ADC_PB1_GetValue  adc.o
    0x08000f90   0x08000f90   0x000000b2   Code   RO         1311    .text.ADC_PB1_Init  adc.o
    0x08001042   0x08001042   0x00000002   PAD
    0x08001044   0x08001044   0x0000017c   Code   RO         1554    .text.ADC_RegularChannelConfig  stm32f10x_adc.o
    0x080011c0   0x080011c0   0x00000012   Code   RO         1538    .text.ADC_ResetCalibration  stm32f10x_adc.o
    0x080011d2   0x080011d2   0x00000002   PAD
    0x080011d4   0x080011d4   0x00000028   Code   RO         1546    .text.ADC_SoftwareStartConvCmd  stm32f10x_adc.o
    0x080011fc   0x080011fc   0x00000012   Code   RO         1542    .text.ADC_StartCalibration  stm32f10x_adc.o
    0x0800120e   0x0800120e   0x00000002   PAD
    0x08001210   0x08001210   0x000000e8   Code   RO         1285    .text.Button_Init   button.o
    0x080012f8   0x080012f8   0x0000000e   Code   RO         1283    .text.Button_Status_Clear  button.o
    0x08001306   0x08001306   0x00000002   PAD
    0x08001308   0x08001308   0x00000054   Code   RO          820    .text.Cyberry_Potter_System_Status_Update  cyberrypotter.o
    0x0800135c   0x0800135c   0x00000020   Code   RO          837    .text.Delay_ms      delay.o
    0x0800137c   0x0800137c   0x00000054   Code   RO          835    .text.Delay_us      delay.o
    0x080013d0   0x080013d0   0x00000042   Code   RO         1279    .text.EXTI0_IRQHandler  button.o
    0x08001412   0x08001412   0x00000002   PAD
    0x08001414   0x08001414   0x000000ba   Code   RO          822    .text.EXTI9_5_IRQHandler  cyberrypotter.o
    0x080014ce   0x080014ce   0x00000002   PAD
    0x080014d0   0x080014d0   0x00000014   Code   RO         1834    .text.EXTI_ClearITPendingBit  stm32f10x_exti.o
    0x080014e4   0x080014e4   0x00000044   Code   RO         1832    .text.EXTI_GetITStatus  stm32f10x_exti.o
    0x08001528   0x08001528   0x000000ea   Code   RO         1822    .text.EXTI_Init     stm32f10x_exti.o
    0x08001612   0x08001612   0x00000002   PAD
    0x08001614   0x08001614   0x0000001a   Code   RO          850    .text.EXTI_Restore  hardware.o
    0x0800162e   0x0800162e   0x00000002   PAD
    0x08001630   0x08001630   0x00000076   Code   RO          560    .text.Flatten       nnom_flatten.o
    0x080016a6   0x080016a6   0x00000002   PAD
    0x080016a8   0x080016a8   0x00000054   Code   RO         1983    .text.GPIO_EXTILineConfig  stm32f10x_gpio.o
    0x080016fc   0x080016fc   0x00000186   Code   RO         1955    .text.GPIO_Init     stm32f10x_gpio.o
    0x08001882   0x08001882   0x00000002   PAD
    0x08001884   0x08001884   0x00000034   Code   RO         1959    .text.GPIO_ReadInputDataBit  stm32f10x_gpio.o
    0x080018b8   0x080018b8   0x00000028   Code   RO         1971    .text.GPIO_WriteBit  stm32f10x_gpio.o
    0x080018e0   0x080018e0   0x00000044   Code   RO          861    .text.IIC1_Init     iic.o
    0x08001924   0x08001924   0x00000024   Code   RO          901    .text.IIC1_R_SDA    iic.o
    0x08001948   0x08001948   0x00000028   Code   RO          871    .text.IIC1_Receive_Ack  iic.o
    0x08001970   0x08001970   0x0000006a   Code   RO          877    .text.IIC1_Receive_Byte  iic.o
    0x080019da   0x080019da   0x00000002   PAD
    0x080019dc   0x080019dc   0x00000020   Code   RO          879    .text.IIC1_Send_Ack  iic.o
    0x080019fc   0x080019fc   0x00000042   Code   RO          869    .text.IIC1_Send_Byte  iic.o
    0x08001a3e   0x08001a3e   0x00000002   PAD
    0x08001a40   0x08001a40   0x00000024   Code   RO          867    .text.IIC1_Start    iic.o
    0x08001a64   0x08001a64   0x0000001c   Code   RO          873    .text.IIC1_Stop     iic.o
    0x08001a80   0x08001a80   0x00000024   Code   RO          899    .text.IIC1_W_SCL    iic.o
    0x08001aa4   0x08001aa4   0x00000024   Code   RO          897    .text.IIC1_W_SDA    iic.o
    0x08001ac8   0x08001ac8   0x00000098   Code   RO          875    .text.IIC1_read     iic.o
    0x08001b60   0x08001b60   0x0000006c   Code   RO          865    .text.IIC1_write    iic.o
    0x08001bcc   0x08001bcc   0x000001b0   Code   RO          920    .text.IMU_Get_Data  imu.o
    0x08001d7c   0x08001d7c   0x00000024   Code   RO          922    .text.IMU_Init      imu.o
    0x08001da0   0x08001da0   0x0000001e   Code   RO          916    .text.IMU_Sample_Start  imu.o
    0x08001dbe   0x08001dbe   0x00000002   PAD
    0x08001dc0   0x08001dc0   0x0000001e   Code   RO          918    .text.IMU_Sample_Stop  imu.o
    0x08001dde   0x08001dde   0x00000002   PAD
    0x08001de0   0x08001de0   0x0000011a   Code   RO         1299    .text.LED_Blink     led.o
    0x08001efa   0x08001efa   0x00000002   PAD
    0x08001efc   0x08001efc   0x0000003c   Code   RO         1301    .text.LED_Init      led.o
    0x08001f38   0x08001f38   0x000001ac   Code   RO         1008    .text.MPU6050_Init  mpu6050.o
    0x080020e4   0x080020e4   0x00000036   Code   RO         1330    .text.Module0_IR_38Khz_Logic  module0_ir.o
    0x0800211a   0x0800211a   0x00000002   PAD
    0x0800211c   0x0800211c   0x00000128   Code   RO         1328    .text.Module0_IR_Init  module0_ir.o
    0x08002244   0x08002244   0x00000096   Code   RO         1332    .text.Module0_IR_Transmit  module0_ir.o
    0x080022da   0x080022da   0x00000002   PAD
    0x080022dc   0x080022dc   0x00000002   Code   RO         1478    .text.Module10_Init  module10.o
    0x080022de   0x080022de   0x00000002   PAD
    0x080022e0   0x080022e0   0x00000002   Code   RO         1480    .text.Module10_Mode0_Handler  module10.o
    0x080022e2   0x080022e2   0x00000002   PAD
    0x080022e4   0x080022e4   0x00000002   Code   RO         1482    .text.Module10_Mode1_Handler  module10.o
    0x080022e6   0x080022e6   0x00000002   PAD
    0x080022e8   0x080022e8   0x000000f4   Code   RO         1341    .text.Module1_RF433_Init  module1_rf433.o
    0x080023dc   0x080023dc   0x00000038   Code   RO         1343    .text.Module1_RF433_Logic  module1_rf433.o
    0x08002414   0x08002414   0x0000006c   Code   RO         1345    .text.Module1_RF433_Transmit  module1_rf433.o
    0x08002480   0x08002480   0x00000002   Code   RO         1387    .text.Module3_Init  module3.o
    0x08002482   0x08002482   0x00000002   PAD
    0x08002484   0x08002484   0x00000002   Code   RO         1389    .text.Module3_Mode0_Handler  module3.o
    0x08002486   0x08002486   0x00000002   PAD
    0x08002488   0x08002488   0x00000002   Code   RO         1391    .text.Module3_Mode1_Handler  module3.o
    0x0800248a   0x0800248a   0x00000002   PAD
    0x0800248c   0x0800248c   0x00000002   Code   RO         1400    .text.Module4_Init  module4.o
    0x0800248e   0x0800248e   0x00000002   PAD
    0x08002490   0x08002490   0x00000002   Code   RO         1402    .text.Module4_Mode0_Handler  module4.o
    0x08002492   0x08002492   0x00000002   PAD
    0x08002494   0x08002494   0x00000002   Code   RO         1404    .text.Module4_Mode1_Handler  module4.o
    0x08002496   0x08002496   0x00000002   PAD
    0x08002498   0x08002498   0x00000002   Code   RO         1413    .text.Module5_Init  module5.o
    0x0800249a   0x0800249a   0x00000002   PAD
    0x0800249c   0x0800249c   0x00000002   Code   RO         1415    .text.Module5_Mode0_Handler  module5.o
    0x0800249e   0x0800249e   0x00000002   PAD
    0x080024a0   0x080024a0   0x00000002   Code   RO         1417    .text.Module5_Mode1_Handler  module5.o
    0x080024a2   0x080024a2   0x00000002   PAD
    0x080024a4   0x080024a4   0x00000002   Code   RO         1426    .text.Module6_Init  module6.o
    0x080024a6   0x080024a6   0x00000002   PAD
    0x080024a8   0x080024a8   0x00000002   Code   RO         1428    .text.Module6_Mode0_Handler  module6.o
    0x080024aa   0x080024aa   0x00000002   PAD
    0x080024ac   0x080024ac   0x00000002   Code   RO         1430    .text.Module6_Mode1_Handler  module6.o
    0x080024ae   0x080024ae   0x00000002   PAD
    0x080024b0   0x080024b0   0x00000002   Code   RO         1439    .text.Module7_Init  module7.o
    0x080024b2   0x080024b2   0x00000002   PAD
    0x080024b4   0x080024b4   0x00000002   Code   RO         1441    .text.Module7_Mode0_Handler  module7.o
    0x080024b6   0x080024b6   0x00000002   PAD
    0x080024b8   0x080024b8   0x00000002   Code   RO         1443    .text.Module7_Mode1_Handler  module7.o
    0x080024ba   0x080024ba   0x00000002   PAD
    0x080024bc   0x080024bc   0x00000002   Code   RO         1452    .text.Module8_Init  module8.o
    0x080024be   0x080024be   0x00000002   PAD
    0x080024c0   0x080024c0   0x00000002   Code   RO         1454    .text.Module8_Mode0_Handler  module8.o
    0x080024c2   0x080024c2   0x00000002   PAD
    0x080024c4   0x080024c4   0x00000002   Code   RO         1456    .text.Module8_Mode1_Handler  module8.o
    0x080024c6   0x080024c6   0x00000002   PAD
    0x080024c8   0x080024c8   0x00000002   Code   RO         1465    .text.Module9_Init  module9.o
    0x080024ca   0x080024ca   0x00000002   PAD
    0x080024cc   0x080024cc   0x00000002   Code   RO         1467    .text.Module9_Mode0_Handler  module9.o
    0x080024ce   0x080024ce   0x00000002   PAD
    0x080024d0   0x080024d0   0x00000002   Code   RO         1469    .text.Module9_Mode1_Handler  module9.o
    0x080024d2   0x080024d2   0x00000002   PAD
    0x080024d4   0x080024d4   0x0000021e   Code   RO          814    .text.Module_Detect  cyberrypotter.o
    0x080026f2   0x080026f2   0x00000002   PAD
    0x080026f4   0x080026f4   0x000000a0   Code   RO         1359    .text.Module_IR_RF_Copy_From_Buffer  module_ir_rf.o
    0x08002794   0x08002794   0x000000a6   Code   RO         1367    .text.Module_IR_RF_Copy_To_Buffer  module_ir_rf.o
    0x0800283a   0x0800283a   0x00000002   PAD
    0x0800283c   0x0800283c   0x00000054   Code   RO         1355    .text.Module_IR_RF_Init  module_ir_rf.o
    0x08002890   0x08002890   0x000000ae   Code   RO         1361    .text.Module_IR_RF_Print  module_ir_rf.o
    0x0800293e   0x0800293e   0x00000002   PAD
    0x08002940   0x08002940   0x0000008e   Code   RO         1363    .text.Module_IR_RF_Receive  module_ir_rf.o
    0x080029ce   0x080029ce   0x00000002   PAD
    0x080029d0   0x080029d0   0x0000003c   Code   RO         1369    .text.Module_IR_RF_Record_Duration  module_ir_rf.o
    0x08002a0c   0x08002a0c   0x000000ec   Code   RO         1357    .text.Module_IR_RF_Transmit  module_ir_rf.o
    0x08002af8   0x08002af8   0x0000002c   Code   RO         1365    .text.Module_IR_RF_receiver_start  module_ir_rf.o
    0x08002b24   0x08002b24   0x0000003e   Code   RO         1371    .text.Module_IR_RF_receiver_stop  module_ir_rf.o
    0x08002b62   0x08002b62   0x00000002   PAD
    0x08002b64   0x08002b64   0x000001c6   Code   RO          816    .text.Module_Init   cyberrypotter.o
    0x08002d2a   0x08002d2a   0x00000002   PAD
    0x08002d2c   0x08002d2c   0x00000012   Code   RO          810    .text.Module_None_Mode0_Handler  cyberrypotter.o
    0x08002d3e   0x08002d3e   0x00000002   PAD
    0x08002d40   0x08002d40   0x00000012   Code   RO          812    .text.Module_None_Mode1_Handler  cyberrypotter.o
    0x08002d52   0x08002d52   0x00000002   PAD
    0x08002d54   0x08002d54   0x000000a6   Code   RO         1511    .text.NVIC_Init     misc.o
    0x08002dfa   0x08002dfa   0x00000002   PAD
    0x08002dfc   0x08002dfc   0x0000001c   Code   RO         1509    .text.NVIC_PriorityGroupConfig  misc.o
    0x08002e18   0x08002e18   0x0000002c   Code   RO         2141    .text.RCC_ADCCLKConfig  stm32f10x_rcc.o
    0x08002e44   0x08002e44   0x00000034   Code   RO         2157    .text.RCC_APB1PeriphClockCmd  stm32f10x_rcc.o
    0x08002e78   0x08002e78   0x00000034   Code   RO         2155    .text.RCC_APB2PeriphClockCmd  stm32f10x_rcc.o
    0x08002eac   0x08002eac   0x00000034   Code   RO         2159    .text.RCC_APB2PeriphResetCmd  stm32f10x_rcc.o
    0x08002ee0   0x08002ee0   0x00000172   Code   RO         2151    .text.RCC_GetClocksFreq  stm32f10x_rcc.o
    0x08003052   0x08003052   0x00000002   PAD
    0x08003054   0x08003054   0x000000ce   Code   RO         1248    .text.SPI2_Init     spi.o
    0x08003122   0x08003122   0x00000002   PAD
    0x08003124   0x08003124   0x00000016   Code   RO         1250    .text.SPI2_Start    spi.o
    0x0800313a   0x0800313a   0x00000002   PAD
    0x0800313c   0x0800313c   0x00000016   Code   RO         1252    .text.SPI2_Stop     spi.o
    0x08003152   0x08003152   0x00000002   PAD
    0x08003154   0x08003154   0x0000005a   Code   RO         1254    .text.SPI2_SwapByte  spi.o
    0x080031ae   0x080031ae   0x00000002   PAD
    0x080031b0   0x080031b0   0x00000028   Code   RO         2296    .text.SPI_Cmd       stm32f10x_spi.o
    0x080031d8   0x080031d8   0x0000002e   Code   RO         2324    .text.SPI_I2S_GetFlagStatus  stm32f10x_spi.o
    0x08003206   0x08003206   0x00000002   PAD
    0x08003208   0x08003208   0x0000000c   Code   RO         2306    .text.SPI_I2S_ReceiveData  stm32f10x_spi.o
    0x08003214   0x08003214   0x00000014   Code   RO         2304    .text.SPI_I2S_SendData  stm32f10x_spi.o
    0x08003228   0x08003228   0x00000068   Code   RO         2288    .text.SPI_Init      stm32f10x_spi.o
    0x08003290   0x08003290   0x00000008   Code   RO         2627    .text.SetSysClock   system_stm32f10x.o
    0x08003298   0x08003298   0x00000122   Code   RO         2631    .text.SetSysClockTo72  system_stm32f10x.o
    0x080033ba   0x080033ba   0x00000002   PAD
    0x080033bc   0x080033bc   0x00000074   Code   RO          752    .text.Softmax       nnom_softmax.o
    0x08003430   0x08003430   0x00000066   Code   RO         2625    .text.SystemInit    system_stm32f10x.o
    0x08003496   0x08003496   0x00000002   PAD
    0x08003498   0x08003498   0x00000086   Code   RO          818    .text.System_Init   cyberrypotter.o
    0x0800351e   0x0800351e   0x00000002   PAD
    0x08003520   0x08003520   0x00000042   Code   RO         1375    .text.TIM2_IRQHandler  module_ir_rf.o
    0x08003562   0x08003562   0x00000002   PAD
    0x08003564   0x08003564   0x0000013a   Code   RO         1281    .text.TIM4_IRQHandler  button.o
    0x0800369e   0x0800369e   0x00000002   PAD
    0x080036a0   0x080036a0   0x00000016   Code   RO         2515    .text.TIM_ClearFlag  stm32f10x_tim.o
    0x080036b6   0x080036b6   0x00000002   PAD
    0x080036b8   0x080036b8   0x00000016   Code   RO         2519    .text.TIM_ClearITPendingBit  stm32f10x_tim.o
    0x080036ce   0x080036ce   0x00000002   PAD
    0x080036d0   0x080036d0   0x00000028   Code   RO         2381    .text.TIM_Cmd       stm32f10x_tim.o
    0x080036f8   0x080036f8   0x0000000c   Code   RO         2509    .text.TIM_GetCounter  stm32f10x_tim.o
    0x08003704   0x08003704   0x00000052   Code   RO         2517    .text.TIM_GetITStatus  stm32f10x_tim.o
    0x08003756   0x08003756   0x00000002   PAD
    0x08003758   0x08003758   0x00000030   Code   RO         2385    .text.TIM_ITConfig  stm32f10x_tim.o
    0x08003788   0x08003788   0x00000162   Code   RO         2343    .text.TIM_OC1Init   stm32f10x_tim.o
    0x080038ea   0x080038ea   0x00000002   PAD
    0x080038ec   0x080038ec   0x0000002a   Code   RO         2375    .text.TIM_OCStructInit  stm32f10x_tim.o
    0x08003916   0x08003916   0x00000002   PAD
    0x08003918   0x08003918   0x00000014   Code   RO         2491    .text.TIM_SetCompare1  stm32f10x_tim.o
    0x0800392c   0x0800392c   0x00000014   Code   RO         2487    .text.TIM_SetCounter  stm32f10x_tim.o
    0x08003940   0x08003940   0x00000142   Code   RO         2341    .text.TIM_TimeBaseInit  stm32f10x_tim.o
    0x08003a82   0x08003a82   0x00000002   PAD
    0x08003a84   0x08003a84   0x000000be   Code   RO         1263    .text.USART1_Init   usart.o
    0x08003b42   0x08003b42   0x00000002   PAD
    0x08003b44   0x08003b44   0x00000028   Code   RO         2538    .text.USART_Cmd     stm32f10x_usart.o
    0x08003b6c   0x08003b6c   0x0000008e   Code   RO         2540    .text.USART_ITConfig  stm32f10x_usart.o
    0x08003bfa   0x08003bfa   0x00000002   PAD
    0x08003bfc   0x08003bfc   0x0000015c   Code   RO         2530    .text.USART_Init    stm32f10x_usart.o
    0x08003d58   0x08003d58   0x00000066   Code   RO         1039    .text.W25Q64_Read_Sector  w25q64.o
    0x08003dbe   0x08003dbe   0x00000002   PAD
    0x08003dc0   0x08003dc0   0x00000038   Code   RO         1033    .text.W25Q64_SectorErase  w25q64.o
    0x08003df8   0x08003df8   0x00000022   Code   RO         1031    .text.W25Q64_WaitBusy  w25q64.o
    0x08003e1a   0x08003e1a   0x00000002   PAD
    0x08003e1c   0x08003e1c   0x00000012   Code   RO         1029    .text.W25Q64_WriteEnable  w25q64.o
    0x08003e2e   0x08003e2e   0x00000002   PAD
    0x08003e30   0x08003e30   0x000000a8   Code   RO         1037    .text.W25Q64_Write_Sector  w25q64.o
    0x08003ed8   0x08003ed8   0x0000004a   Code   RO           20    .text.__NNOM_SSAT   nnom_local.o
    0x08003f22   0x08003f22   0x00000002   PAD
    0x08003f24   0x08003f24   0x0000004a   Code   RO          103    .text.__NNOM_SSAT   nnom_local_q15.o
    0x08003f6e   0x08003f6e   0x00000002   PAD
    0x08003f70   0x08003f70   0x0000003c   Code   RO           50    .text.__NNOM_USAT   nnom_local.o
    0x08003fac   0x08003fac   0x00000026   Code   RO         1010    .text.__NVIC_SystemReset  mpu6050.o
    0x08003fd2   0x08003fd2   0x00000002   PAD
    0x08003fd4   0x08003fd4   0x00000104   Code   RO         1134    .text.accel_self_test  inv_mpu.o
    0x080040d8   0x080040d8   0x0000002c   Code   RO          421    .text.act_get_dec_bit  nnom_activation.o
    0x08004104   0x08004104   0x00000036   Code   RO          381    .text.act_relu      nnom_activation.o
    0x0800413a   0x0800413a   0x00000002   PAD
    0x0800413c   0x0800413c   0x00000068   Code   RO          216    .text.allocate_block  nnom.o
    0x080041a4   0x080041a4   0x0000005c   Code   RO          256    .text.allocate_hook  nnom.o
    0x08004200   0x08004200   0x00000060   Code   RO          258    .text.allocate_io   nnom.o
    0x08004260   0x08004260   0x00000062   Code   RO          230    .text.block_mem_set  nnom.o
    0x080042c2   0x080042c2   0x00000002   PAD
    0x080042c4   0x080042c4   0x0000008e   Code   RO          254    .text.check_model_version  nnom.o
    0x08004352   0x08004352   0x00000002   PAD
    0x08004354   0x08004354   0x000003c0   Code   RO          214    .text.compile_layers  nnom.o
    0x08004714   0x08004714   0x0000015e   Code   RO          479    .text.conv2d_build  nnom_conv2d.o
    0x08004872   0x08004872   0x00000002   PAD
    0x08004874   0x08004874   0x0000002a   Code   RO          481    .text.conv2d_free   nnom_conv2d.o
    0x0800489e   0x0800489e   0x00000002   PAD
    0x080048a0   0x080048a0   0x000001d6   Code   RO          477    .text.conv2d_run    nnom_conv2d.o
    0x08004a76   0x08004a76   0x00000002   PAD
    0x08004a78   0x08004a78   0x000001e2   Code   RO          475    .text.conv2d_s      nnom_conv2d.o
    0x08004c5a   0x08004c5a   0x00000002   PAD
    0x08004c5c   0x08004c5c   0x00000056   Code   RO          485    .text.conv_output_length  nnom_conv2d.o
    0x08004cb2   0x08004cb2   0x00000002   PAD
    0x08004cb4   0x08004cb4   0x00000068   Code   RO          451    .text.default_build  nnom_baselayer.o
    0x08004d1c   0x08004d1c   0x00000018   Code   RO          315    .text.delete_tensor  nnom_tensor.o
    0x08004d34   0x08004d34   0x00000134   Code   RO          530    .text.dense_build   nnom_dense.o
    0x08004e68   0x08004e68   0x0000002a   Code   RO          532    .text.dense_free    nnom_dense.o
    0x08004e92   0x08004e92   0x00000002   PAD
    0x08004e94   0x08004e94   0x00000092   Code   RO          528    .text.dense_run     nnom_dense.o
    0x08004f26   0x08004f26   0x00000002   PAD
    0x08004f28   0x08004f28   0x000000c4   Code   RO          526    .text.dense_s       nnom_dense.o
    0x08004fec   0x08004fec   0x00000016   Code   RO          291    .text.dilation      nnom_layers.o
    0x08005002   0x08005002   0x00000002   PAD
    0x08005004   0x08005004   0x00000046   Code   RO         1208    .text.dmp_enable_6x_lp_quat  inv_mpu_dmp_motion_driver.o
    0x0800504a   0x0800504a   0x00000002   PAD
    0x0800504c   0x0800504c   0x000002aa   Code   RO         1202    .text.dmp_enable_feature  inv_mpu_dmp_motion_driver.o
    0x080052f6   0x080052f6   0x00000002   PAD
    0x080052f8   0x080052f8   0x0000006a   Code   RO         1204    .text.dmp_enable_gyro_cal  inv_mpu_dmp_motion_driver.o
    0x08005362   0x08005362   0x00000002   PAD
    0x08005364   0x08005364   0x00000046   Code   RO         1206    .text.dmp_enable_lp_quat  inv_mpu_dmp_motion_driver.o
    0x080053aa   0x080053aa   0x00000002   PAD
    0x080053ac   0x080053ac   0x0000001a   Code   RO         1166    .text.dmp_load_motion_driver_firmware  inv_mpu_dmp_motion_driver.o
    0x080053c6   0x080053c6   0x00000002   PAD
    0x080053c8   0x080053c8   0x00000156   Code   RO         1172    .text.dmp_set_accel_bias  inv_mpu_dmp_motion_driver.o
    0x0800551e   0x0800551e   0x00000002   PAD
    0x08005520   0x08005520   0x000000a4   Code   RO         1174    .text.dmp_set_fifo_rate  inv_mpu_dmp_motion_driver.o
    0x080055c4   0x080055c4   0x00000150   Code   RO         1170    .text.dmp_set_gyro_bias  inv_mpu_dmp_motion_driver.o
    0x08005714   0x08005714   0x000001b0   Code   RO         1168    .text.dmp_set_orientation  inv_mpu_dmp_motion_driver.o
    0x080058c4   0x080058c4   0x00000056   Code   RO         1188    .text.dmp_set_shake_reject_thresh  inv_mpu_dmp_motion_driver.o
    0x0800591a   0x0800591a   0x00000002   PAD
    0x0800591c   0x0800591c   0x0000003c   Code   RO         1190    .text.dmp_set_shake_reject_time  inv_mpu_dmp_motion_driver.o
    0x08005958   0x08005958   0x0000003c   Code   RO         1192    .text.dmp_set_shake_reject_timeout  inv_mpu_dmp_motion_driver.o
    0x08005994   0x08005994   0x0000006c   Code   RO         1180    .text.dmp_set_tap_axes  inv_mpu_dmp_motion_driver.o
    0x08005a00   0x08005a00   0x0000004a   Code   RO         1182    .text.dmp_set_tap_count  inv_mpu_dmp_motion_driver.o
    0x08005a4a   0x08005a4a   0x00000002   PAD
    0x08005a4c   0x08005a4c   0x000001fc   Code   RO         1178    .text.dmp_set_tap_thresh  inv_mpu_dmp_motion_driver.o
    0x08005c48   0x08005c48   0x0000003e   Code   RO         1184    .text.dmp_set_tap_time  inv_mpu_dmp_motion_driver.o
    0x08005c86   0x08005c86   0x00000002   PAD
    0x08005c88   0x08005c88   0x0000003e   Code   RO         1186    .text.dmp_set_tap_time_multi  inv_mpu_dmp_motion_driver.o
    0x08005cc6   0x08005cc6   0x00000002   PAD
    0x08005cc8   0x08005cc8   0x00000034   Code   RO          238    .text.find_last     nnom.o
    0x08005cfc   0x08005cfc   0x00000068   Code   RO          564    .text.flatten_build  nnom_flatten.o
    0x08005d64   0x08005d64   0x0000000a   Code   RO          562    .text.flatten_run   nnom_flatten.o
    0x08005d6e   0x08005d6e   0x00000002   PAD
    0x08005d70   0x08005d70   0x00000020   Code   RO          558    .text.flatten_s     nnom_flatten.o
    0x08005d90   0x08005d90   0x0000002e   Code   RO         1265    .text.fputc         usart.o
    0x08005dbe   0x08005dbe   0x00000002   PAD
    0x08005dc0   0x08005dc0   0x00000106   Code   RO         1152    .text.get_accel_prod_shift  inv_mpu.o
    0x08005ec6   0x08005ec6   0x00000002   PAD
    0x08005ec8   0x08005ec8   0x0000053c   Code   RO         1132    .text.get_st_biases  inv_mpu.o
    0x08006404   0x08006404   0x0000016e   Code   RO         1136    .text.gyro_self_test  inv_mpu.o
    0x08006572   0x08006572   0x00000002   PAD
    0x08006574   0x08006574   0x0000003a   Code   RO          613    .text.input_build   nnom_input.o
    0x080065ae   0x080065ae   0x00000002   PAD
    0x080065b0   0x080065b0   0x0000002e   Code   RO          611    .text.input_run     nnom_input.o
    0x080065de   0x080065de   0x00000002   PAD
    0x080065e0   0x080065e0   0x0000016c   Code   RO          609    .text.input_s       nnom_input.o
    0x0800674c   0x0800674c   0x00000044   Code   RO         1012    .text.inv_orientation_matrix_to_scalar  mpu6050.o
    0x08006790   0x08006790   0x0000009c   Code   RO         1016    .text.inv_row_2_scale  mpu6050.o
    0x0800682c   0x0800682c   0x00000012   Code   RO          295    .text.io_init       nnom_layers.o
    0x0800683e   0x0800683e   0x00000002   PAD
    0x08006840   0x08006840   0x00000038   Code   RO          264    .text.io_mem_size   nnom.o
    0x08006878   0x08006878   0x00000016   Code   RO          287    .text.kernel        nnom_layers.o
    0x0800688e   0x0800688e   0x00000002   PAD
    0x08006890   0x08006890   0x00000050   Code   RO          218    .text.layer_shortcut_add  nnom.o
    0x080068e0   0x080068e0   0x0000036e   Code   RO          111    .text.local_convolve_HWC_q15_nonsquare  nnom_local_q15.o
    0x08006c4e   0x08006c4e   0x00000002   PAD
    0x08006c50   0x08006c50   0x00000340   Code   RO           18    .text.local_convolve_HWC_q7_nonsquare  nnom_local.o
    0x08006f90   0x08006f90   0x000004b8   Code   RO           44    .text.local_fully_connected_q7_opt  nnom_local.o
    0x08007448   0x08007448   0x00000040   Code   RO          147    .text.local_relu_q15  nnom_local_q15.o
    0x08007488   0x08007488   0x0000003c   Code   RO           60    .text.local_relu_q7  nnom_local.o
    0x080074c4   0x080074c4   0x00000118   Code   RO           48    .text.local_softmax_q7  nnom_local.o
    0x080075dc   0x080075dc   0x000000f0   Code   RO          937    .text.main          main.o
    0x080076cc   0x080076cc   0x00000072   Code   RO          228    .text.mem_analysis_result  nnom.o
    0x0800773e   0x0800773e   0x00000002   PAD
    0x08007740   0x08007740   0x00000012   Code   RO          204    .text.model_active  nnom.o
    0x08007752   0x08007752   0x00000002   PAD
    0x08007754   0x08007754   0x00000066   Code   RO          196    .text.model_add     nnom.o
    0x080077ba   0x080077ba   0x00000002   PAD
    0x080077bc   0x080077bc   0x00000172   Code   RO          236    .text.model_compile  nnom.o
    0x0800792e   0x0800792e   0x00000002   PAD
    0x08007930   0x08007930   0x00000048   Code   RO          198    .text.model_hook    nnom.o
    0x08007978   0x08007978   0x0000001a   Code   RO          200    .text.model_merge   nnom.o
    0x08007992   0x08007992   0x00000002   PAD
    0x08007994   0x08007994   0x0000005c   Code   RO          202    .text.model_mergex  nnom.o
    0x080079f0   0x080079f0   0x0000004c   Code   RO          240    .text.model_set_ops  nnom.o
    0x08007a3c   0x08007a3c   0x000000d2   Code   RO         1068    .text.mpu_configure_fifo  inv_mpu.o
    0x08007b0e   0x08007b0e   0x00000002   PAD
    0x08007b10   0x08007b10   0x0000006c   Code   RO         1100    .text.mpu_get_accel_fsr  inv_mpu.o
    0x08007b7c   0x08007b7c   0x00000074   Code   RO         1112    .text.mpu_get_accel_sens  inv_mpu.o
    0x08007bf0   0x08007bf0   0x00000018   Code   RO         1114    .text.mpu_get_fifo_config  inv_mpu.o
    0x08007c08   0x08007c08   0x00000054   Code   RO         1098    .text.mpu_get_gyro_fsr  inv_mpu.o
    0x08007c5c   0x08007c5c   0x00000068   Code   RO         1110    .text.mpu_get_gyro_sens  inv_mpu.o
    0x08007cc4   0x08007cc4   0x00000064   Code   RO         1102    .text.mpu_get_lpf   inv_mpu.o
    0x08007d28   0x08007d28   0x00000038   Code   RO         1104    .text.mpu_get_sample_rate  inv_mpu.o
    0x08007d60   0x08007d60   0x00000130   Code   RO         1058    .text.mpu_init      inv_mpu.o
    0x08007e90   0x08007e90   0x00000134   Code   RO         1142    .text.mpu_load_firmware  inv_mpu.o
    0x08007fc4   0x08007fc4   0x00000126   Code   RO         1074    .text.mpu_lp_accel_mode  inv_mpu.o
    0x080080ea   0x080080ea   0x00000002   PAD
    0x080080ec   0x080080ec   0x000000be   Code   RO         1140    .text.mpu_read_mem  inv_mpu.o
    0x080081aa   0x080081aa   0x00000002   PAD
    0x080081ac   0x080081ac   0x00000290   Code   RO         1096    .text.mpu_reset_fifo  inv_mpu.o
    0x0800843c   0x0800843c   0x00000182   Code   RO         1128    .text.mpu_run_self_test  inv_mpu.o
    0x080085be   0x080085be   0x00000002   PAD
    0x080085c0   0x080085c0   0x000000c8   Code   RO         1062    .text.mpu_set_accel_fsr  inv_mpu.o
    0x08008688   0x08008688   0x000001f2   Code   RO         1070    .text.mpu_set_bypass  inv_mpu.o
    0x0800887a   0x0800887a   0x00000002   PAD
    0x0800887c   0x0800887c   0x000000d0   Code   RO         1130    .text.mpu_set_dmp_state  inv_mpu.o
    0x0800894c   0x0800894c   0x000000d0   Code   RO         1060    .text.mpu_set_gyro_fsr  inv_mpu.o
    0x08008a1c   0x08008a1c   0x000000b8   Code   RO         1076    .text.mpu_set_int_latched  inv_mpu.o
    0x08008ad4   0x08008ad4   0x000000e2   Code   RO         1064    .text.mpu_set_lpf   inv_mpu.o
    0x08008bb6   0x08008bb6   0x00000002   PAD
    0x08008bb8   0x08008bb8   0x000000fa   Code   RO         1066    .text.mpu_set_sample_rate  inv_mpu.o
    0x08008cb2   0x08008cb2   0x00000002   PAD
    0x08008cb4   0x08008cb4   0x0000015a   Code   RO         1072    .text.mpu_set_sensors  inv_mpu.o
    0x08008e0e   0x08008e0e   0x00000002   PAD
    0x08008e10   0x08008e10   0x000000be   Code   RO         1138    .text.mpu_write_mem  inv_mpu.o
    0x08008ece   0x08008ece   0x00000002   PAD
    0x08008ed0   0x08008ed0   0x00000076   Code   RO          194    .text.new_model     nnom.o
    0x08008f46   0x08008f46   0x00000002   PAD
    0x08008f48   0x08008f48   0x000000b6   Code   RO          313    .text.new_tensor    nnom_tensor.o
    0x08008ffe   0x08008ffe   0x00000002   PAD
    0x08009000   0x08009000   0x0000003a   Code   RO          186    .text.nnom_alignto  nnom.o
    0x0800903a   0x0800903a   0x00000002   PAD
    0x0800903c   0x0800903c   0x00000008   Code   RO          188    .text.nnom_free     nnom.o
    0x08009044   0x08009044   0x00000036   Code   RO          212    .text.nnom_hook_length  nnom.o
    0x0800907a   0x0800907a   0x00000002   PAD
    0x0800907c   0x0800907c   0x00000094   Code   RO          184    .text.nnom_malloc   nnom.o
    0x08009110   0x08009110   0x0000003e   Code   RO          190    .text.nnom_mem      nnom.o
    0x0800914e   0x0800914e   0x00000002   PAD
    0x08009150   0x08009150   0x0000010a   Code   RO          939    .text.nnom_model_create  main.o
    0x0800925a   0x0800925a   0x00000002   PAD
    0x0800925c   0x0800925c   0x0000002e   Code   RO          182    .text.nnom_set_static_buf  nnom.o
    0x0800928a   0x0800928a   0x00000002   PAD
    0x0800928c   0x0800928c   0x00000032   Code   RO          696    .text.output_run    nnom_output.o
    0x080092be   0x080092be   0x00000002   PAD
    0x080092c0   0x080092c0   0x0000004a   Code   RO          694    .text.output_s      nnom_output.o
    0x0800930a   0x0800930a   0x00000002   PAD
    0x0800930c   0x0800930c   0x00000242   Code   RO          220    .text.print_layer_info  nnom.o
    0x0800954e   0x0800954e   0x00000002   PAD
    0x08009550   0x08009550   0x00000096   Code   RO          222    .text.print_memory_block_info  nnom.o
    0x080095e6   0x080095e6   0x00000002   PAD
    0x080095e8   0x080095e8   0x0000002c   Code   RO          266    .text.release_block  nnom.o
    0x08009614   0x08009614   0x0000001e   Code   RO          224    .text.release_comp_mem  nnom.o
    0x08009632   0x08009632   0x00000002   PAD
    0x08009634   0x08009634   0x00000028   Code   RO          226    .text.release_input_mem  nnom.o
    0x0800965c   0x0800965c   0x00000044   Code   RO          403    .text.relu_run      nnom_activation.o
    0x080096a0   0x080096a0   0x0000008a   Code   RO         1014    .text.run_self_test  mpu6050.o
    0x0800972a   0x0800972a   0x00000002   PAD
    0x0800972c   0x0800972c   0x000000f2   Code   RO         1116    .text.set_int_enable  inv_mpu.o
    0x0800981e   0x0800981e   0x00000002   PAD
    0x08009820   0x08009820   0x0000007c   Code   RO          234    .text.set_tailed_activation  nnom.o
    0x0800989c   0x0800989c   0x0000001e   Code   RO          285    .text.shape         nnom_layers.o
    0x080098ba   0x080098ba   0x00000002   PAD
    0x080098bc   0x080098bc   0x00000050   Code   RO          756    .text.softmax_build  nnom_softmax.o
    0x0800990c   0x0800990c   0x0000002e   Code   RO          754    .text.softmax_run   nnom_softmax.o
    0x0800993a   0x0800993a   0x00000002   PAD
    0x0800993c   0x0800993c   0x00000020   Code   RO          750    .text.softmax_s     nnom_softmax.o
    0x0800995c   0x0800995c   0x00000016   Code   RO          289    .text.stride        nnom_layers.o
    0x08009972   0x08009972   0x00000002   PAD
    0x08009974   0x08009974   0x0000008e   Code   RO          321    .text.tensor_cpy_attr  nnom_tensor.o
    0x08009a02   0x08009a02   0x00000002   PAD
    0x08009a04   0x08009a04   0x00000016   Code   RO          311    .text.tensor_get_num_channel  nnom_tensor.o
    0x08009a1a   0x08009a1a   0x00000002   PAD
    0x08009a1c   0x08009a1c   0x00000060   Code   RO          232    .text.tensor_mem_set  nnom.o
    0x08009a7c   0x08009a7c   0x00000070   Code   RO          319    .text.tensor_set_attr  nnom_tensor.o
    0x08009aec   0x08009aec   0x0000004c   Code   RO          317    .text.tensor_set_attr_v  nnom_tensor.o
    0x08009b38   0x08009b38   0x0000004a   Code   RO          307    .text.tensor_size   nnom_tensor.o
    0x08009b82   0x08009b82   0x00000002   PAD
    0x08009b84   0x08009b84   0x00000020   Code   RO         2669    i.__0printf         mc_w.l(printfa.o)
    0x08009ba4   0x08009ba4   0x0000000e   Code   RO         2815    i.__scatterload_copy  mc_w.l(handlers.o)
    0x08009bb2   0x08009bb2   0x00000002   Code   RO         2816    i.__scatterload_null  mc_w.l(handlers.o)
    0x08009bb4   0x08009bb4   0x0000000e   Code   RO         2817    i.__scatterload_zeroinit  mc_w.l(handlers.o)
    0x08009bc2   0x08009bc2   0x00000002   PAD
    0x08009bc4   0x08009bc4   0x00000184   Code   RO         2676    i._fp_digits        mc_w.l(printfa.o)
    0x08009d48   0x08009d48   0x000006dc   Code   RO         2677    i._printf_core      mc_w.l(printfa.o)
    0x0800a424   0x0800a424   0x00000024   Code   RO         2678    i._printf_post_padding  mc_w.l(printfa.o)
    0x0800a448   0x0800a448   0x0000002e   Code   RO         2679    i._printf_pre_padding  mc_w.l(printfa.o)
    0x0800a476   0x0800a476   0x00000002   PAD
    0x0800a478   0x0800a478   0x00000094   Code   RO         2646    i.round             m_ws.l(round.o)
    0x0800a50c   0x0800a50c   0x00000004   Data   RO         2176    .rodata.ADCPrescTable  stm32f10x_rcc.o
    0x0800a510   0x0800a510   0x00000010   Data   RO         2175    .rodata.APBAHBPrescTable  stm32f10x_rcc.o
    0x0800a520   0x0800a520   0x00000004   Data   RO          972    .rodata.conv1d_1_bias_shift  main.o
    0x0800a524   0x0800a524   0x00000028   Data   RO          973    .rodata.conv1d_1_config  main.o
    0x0800a54c   0x0800a54c   0x00000004   Data   RO          971    .rodata.conv1d_1_output_shift  main.o
    0x0800a550   0x0800a550   0x00000004   Data   RO          959    .rodata.conv1d_bias_shift  main.o
    0x0800a554   0x0800a554   0x00000028   Data   RO          960    .rodata.conv1d_config  main.o
    0x0800a57c   0x0800a57c   0x00000004   Data   RO          958    .rodata.conv1d_output_shift  main.o
    0x0800a580   0x0800a580   0x00000040   Data   RO          269    .rodata.default_activation_names  nnom.o
    0x0800a5c0   0x0800a5c0   0x00000020   Data   RO          270    .rodata.default_cell_names  nnom.o
    0x0800a5e0   0x0800a5e0   0x0000018c   Data   RO          268    .rodata.default_layer_names  nnom.o
    0x0800a76c   0x0800a76c   0x00000004   Data   RO          986    .rodata.dense_bias_shift  main.o
    0x0800a770   0x0800a770   0x00000018   Data   RO          987    .rodata.dense_config  main.o
    0x0800a788   0x0800a788   0x00000004   Data   RO          985    .rodata.dense_output_shift  main.o
    0x0800a78c   0x0800a78c   0x00000bf6   Data   RO         1222    .rodata.dmp_memory  inv_mpu_dmp_motion_driver.o
    0x0800b382   0x0800b382   0x00000002   PAD
    0x0800b384   0x0800b384   0x00000004   Data   RO          974    .rodata.flatten_config  main.o
    0x0800b388   0x0800b388   0x0000000c   Data   RO         1155    .rodata.hw          inv_mpu.o
    0x0800b394   0x0800b394   0x00000008   Data   RO          947    .rodata.input_1_config  main.o
    0x0800b39c   0x0800b39c   0x00000008   Data   RO          994    .rodata.output0_config  main.o
    0x0800b3a4   0x0800b3a4   0x0000001e   Data   RO         1154    .rodata.reg         inv_mpu.o
    0x0800b3c2   0x0800b3c2   0x00000002   PAD
    0x0800b3c4   0x0800b3c4   0x00000004   Data   RO          988    .rodata.softmax_config  main.o
    0x0800b3c8   0x0800b3c8   0x00000524   Data   RO          275    .rodata.str1.1      nnom.o
    0x0800b8ec   0x0800b8ec   0x00000022   Data   RO          331    .rodata.str1.1      nnom_tensor.o
    0x0800b90e   0x0800b90e   0x00000059   Data   RO          825    .rodata.str1.1      cyberrypotter.o
    0x0800b967   0x0800b967   0x000000f0   Data   RO          946    .rodata.str1.1      main.o
    0x0800ba57   0x0800ba57   0x00000160   Data   RO         1018    .rodata.str1.1      mpu6050.o
    0x0800bbb7   0x0800bbb7   0x0000000b   Data   RO         1271    .rodata.str1.1      usart.o
    0x0800bbc2   0x0800bbc2   0x0000001a   Data   RO         1288    .rodata.str1.1      button.o
    0x0800bbdc   0x0800bbdc   0x0000002b   Data   RO         1320    .rodata.str1.1      adc.o
    0x0800bc07   0x0800bc07   0x00000067   Data   RO         1378    .rodata.str1.1      module_ir_rf.o
    0x0800bc6e   0x0800bc6e   0x00000002   PAD
    0x0800bc70   0x0800bc70   0x00000018   Data   RO          970    .rodata.tensor_conv1d_1_bias_0  main.o
    0x0800bc88   0x0800bc88   0x0000000f   Data   RO          966    .rodata.tensor_conv1d_1_bias_0_data  main.o
    0x0800bc97   0x0800bc97   0x00000001   PAD
    0x0800bc98   0x0800bc98   0x00000004   Data   RO          968    .rodata.tensor_conv1d_1_bias_0_dec  main.o
    0x0800bc9c   0x0800bc9c   0x00000002   Data   RO          967    .rodata.tensor_conv1d_1_bias_0_dim  main.o
    0x0800bc9e   0x0800bc9e   0x00000002   PAD
    0x0800bca0   0x0800bca0   0x00000004   Data   RO          969    .rodata.tensor_conv1d_1_bias_0_offset  main.o
    0x0800bca4   0x0800bca4   0x00000018   Data   RO          965    .rodata.tensor_conv1d_1_kernel_0  main.o
    0x0800bcbc   0x0800bcbc   0x00000546   Data   RO          961    .rodata.tensor_conv1d_1_kernel_0_data  main.o
    0x0800c202   0x0800c202   0x00000002   PAD
    0x0800c204   0x0800c204   0x00000004   Data   RO          963    .rodata.tensor_conv1d_1_kernel_0_dec  main.o
    0x0800c208   0x0800c208   0x00000006   Data   RO          962    .rodata.tensor_conv1d_1_kernel_0_dim  main.o
    0x0800c20e   0x0800c20e   0x00000002   PAD
    0x0800c210   0x0800c210   0x00000004   Data   RO          964    .rodata.tensor_conv1d_1_kernel_0_offset  main.o
    0x0800c214   0x0800c214   0x00000018   Data   RO          957    .rodata.tensor_conv1d_bias_0  main.o
    0x0800c22c   0x0800c22c   0x0000001e   Data   RO          953    .rodata.tensor_conv1d_bias_0_data  main.o
    0x0800c24a   0x0800c24a   0x00000002   PAD
    0x0800c24c   0x0800c24c   0x00000004   Data   RO          955    .rodata.tensor_conv1d_bias_0_dec  main.o
    0x0800c250   0x0800c250   0x00000002   Data   RO          954    .rodata.tensor_conv1d_bias_0_dim  main.o
    0x0800c252   0x0800c252   0x00000002   PAD
    0x0800c254   0x0800c254   0x00000004   Data   RO          956    .rodata.tensor_conv1d_bias_0_offset  main.o
    0x0800c258   0x0800c258   0x00000018   Data   RO          952    .rodata.tensor_conv1d_kernel_0  main.o
    0x0800c270   0x0800c270   0x0000010e   Data   RO          948    .rodata.tensor_conv1d_kernel_0_data  main.o
    0x0800c37e   0x0800c37e   0x00000002   PAD
    0x0800c380   0x0800c380   0x00000004   Data   RO          950    .rodata.tensor_conv1d_kernel_0_dec  main.o
    0x0800c384   0x0800c384   0x00000006   Data   RO          949    .rodata.tensor_conv1d_kernel_0_dim  main.o
    0x0800c38a   0x0800c38a   0x00000002   PAD
    0x0800c38c   0x0800c38c   0x00000004   Data   RO          951    .rodata.tensor_conv1d_kernel_0_offset  main.o
    0x0800c390   0x0800c390   0x00000018   Data   RO          984    .rodata.tensor_dense_bias_0  main.o
    0x0800c3a8   0x0800c3a8   0x0000000d   Data   RO          980    .rodata.tensor_dense_bias_0_data  main.o
    0x0800c3b5   0x0800c3b5   0x00000003   PAD
    0x0800c3b8   0x0800c3b8   0x00000004   Data   RO          982    .rodata.tensor_dense_bias_0_dec  main.o
    0x0800c3bc   0x0800c3bc   0x00000002   Data   RO          981    .rodata.tensor_dense_bias_0_dim  main.o
    0x0800c3be   0x0800c3be   0x00000002   PAD
    0x0800c3c0   0x0800c3c0   0x00000004   Data   RO          983    .rodata.tensor_dense_bias_0_offset  main.o
    0x0800c3c4   0x0800c3c4   0x00000018   Data   RO          979    .rodata.tensor_dense_kernel_0  main.o
    0x0800c3dc   0x0800c3dc   0x00002490   Data   RO          975    .rodata.tensor_dense_kernel_0_data  main.o
    0x0800e86c   0x0800e86c   0x00000004   Data   RO          977    .rodata.tensor_dense_kernel_0_dec  main.o
    0x0800e870   0x0800e870   0x00000004   Data   RO          976    .rodata.tensor_dense_kernel_0_dim  main.o
    0x0800e874   0x0800e874   0x00000004   Data   RO          978    .rodata.tensor_dense_kernel_0_offset  main.o
    0x0800e878   0x0800e878   0x00000018   Data   RO          945    .rodata.tensor_input_1  main.o
    0x0800e890   0x0800e890   0x00000004   Data   RO          942    .rodata.tensor_input_1_dec  main.o
    0x0800e894   0x0800e894   0x00000004   Data   RO          941    .rodata.tensor_input_1_dim  main.o
    0x0800e898   0x0800e898   0x00000004   Data   RO          943    .rodata.tensor_input_1_offset  main.o
    0x0800e89c   0x0800e89c   0x00000018   Data   RO          993    .rodata.tensor_output0  main.o
    0x0800e8b4   0x0800e8b4   0x00000004   Data   RO          990    .rodata.tensor_output0_dec  main.o
    0x0800e8b8   0x0800e8b8   0x00000002   Data   RO          989    .rodata.tensor_output0_dim  main.o
    0x0800e8ba   0x0800e8ba   0x00000002   PAD
    0x0800e8bc   0x0800e8bc   0x00000004   Data   RO          991    .rodata.tensor_output0_offset  main.o
    0x0800e8c0   0x0800e8c0   0x00000028   Data   RO         1156    .rodata.test        inv_mpu.o
    0x0800e8e8   0x0800e8e8   0x00000020   Data   RO         2814    Region$$Table       anon$$obj.o


    Execution Region RW_IRAM1 (Exec base: 0x20000000, Load base: 0x0800e908, Size: 0x00003928, Max: 0x00005000, ABSOLUTE)

    Exec Addr    Load Addr    Size         Type   Attr      Idx    E Section Name        Object

    0x20000000   0x0800e908   0x00000004   Data   RW         2767    .data               mc_w.l(stdout.o)
    0x20000004   0x0800e90c   0x00000009   Data   RW         1019    .data.gyro_orientation  mpu6050.o
    0x2000000d   0x0800e915   0x00000003   PAD
    0x20000010   0x0800e918   0x0000002c   Data   RW         1157    .data.st            inv_mpu.o
    0x2000003c   0x0800e944   0x00000004   PAD
    0x20000040        -       0x00000004   Zero   RW         1319    .bss.ADC_Sample_Avg  adc.o
    0x20000044        -       0x00000008   Zero   RW         1287    .bss.Button         button.o
    0x2000004c        -       0x00000008   Zero   RW          826    .bss.Cyberry_Potter  cyberrypotter.o
    0x20000054        -       0x00000001   Zero   RW          827    .bss.EXTI9_5_IRQHandler.i  cyberrypotter.o
    0x20000055   0x0800e944   0x00000003   PAD
    0x20000058        -       0x00000e1c   Zero   RW          925    .bss.IMU            imu.o
    0x20000e74        -       0x0000000c   Zero   RW          924    .bss.IMU_bias       imu.o
    0x20000e80        -       0x00000408   Zero   RW         1377    .bss.IR_RF_Signal   module_ir_rf.o
    0x20001288        -       0x00000004   Zero   RW         1303    .bss.LED            led.o
    0x2000128c        -       0x0000000c   Zero   RW          824    .bss.Module         cyberrypotter.o
    0x20001298        -       0x00000004   Zero   RW          998    .bss.ROM_Address    main.o
    0x2000129c        -       0x00000002   Zero   RW         1379    .bss.SIGNAL_Count   module_ir_rf.o
    0x2000129e        -       0x00001000   Zero   RW         1043    .bss.W25Q64_Buffer  w25q64.o
    0x2000229e   0x0800e944   0x00000002   PAD
    0x200022a0        -       0x00000010   Zero   RW         1227    .bss.dmp            inv_mpu_dmp_motion_driver.o
    0x200022b0        -       0x00000004   Zero   RW          996    .bss.model          main.o
    0x200022b4        -       0x00000001   Zero   RW          995    .bss.model_output   main.o
    0x200022b5        -       0x000001c2   Zero   RW          944    .bss.nnom_input_data  main.o
    0x20002477   0x0800e944   0x00000001   PAD
    0x20002478        -       0x00000004   Zero   RW          271    .bss.nnom_memory_taken  nnom.o
    0x2000247c        -       0x00000088   Zero   RW          999    .bss.nnom_model_create.model  main.o
    0x20002504        -       0x0000000d   Zero   RW          992    .bss.nnom_output_data  main.o
    0x20002511   0x0800e944   0x00000003   PAD
    0x20002514        -       0x00000004   Zero   RW          272    .bss.nnom_static_buf  nnom.o
    0x20002518        -       0x00000004   Zero   RW          274    .bss.nnom_static_buf_curr  nnom.o
    0x2000251c        -       0x00000004   Zero   RW          273    .bss.nnom_static_buf_size  nnom.o
    0x20002520        -       0x00000001   Zero   RW         1289    .bss.previous_status  button.o
    0x20002521        -       0x00001000   Zero   RW          997    .bss.static_buf     main.o
    0x20003521   0x0800e944   0x00000001   PAD
    0x20003522        -       0x00000002   Zero   RW         1290    .bss.time_hold_count_ms  button.o
    0x20003524        -       0x00000002   Zero   RW         1291    .bss.time_release_count_ms  button.o
    0x20003526   0x0800e944   0x00000002   PAD
    0x20003528        -       0x00000400   Zero   RW         2615    STACK               startup_stm32f10x_md.o


==============================================================================

Image component sizes


      Code (inc. data)   RO Data    RW Data    ZI Data      Debug   Object Name

       726          0         43          0          4       3459   adc.o
       626          0         26          0         13       5608   button.o
      1436         12         89          0         21       3218   cyberrypotter.o
       116          0          0          0          0       1157   delay.o
        26          0          0          0          0       1649   hardware.o
       744          0          0          0          0       5374   iic.o
       528          0          0          0       3624       2193   imu.o
      7720         40         82         44          0      19956   inv_mpu.o
      3248         16       3062          0         16       8727   inv_mpu_dmp_motion_driver.o
       342          6          0          0          4       2173   led.o
       506          0      11714          0       4704       9542   main.o
       194          0          0          0          0       3427   misc.o
       500          0          0          0          0       5230   module0_ir.o
         6          0          0          0          0        603   module10.o
       408          0          0          0          0       5249   module1_rf433.o
         6          0          0          0          0        598   module3.o
         6          0          0          0          0        598   module4.o
         6          0          0          0          0        598   module5.o
         6          0          0          0          0        598   module6.o
         6          0          0          0          0        598   module7.o
         6          0          0          0          0        598   module8.o
         6          0          0          0          0        598   module9.o
      1194          0        103          0       1034       4671   module_ir_rf.o
       828          0        352          9          0       5950   mpu6050.o
      4106          0       1808          0         16      16765   nnom.o
       166          0          0          0          0       9173   nnom_activation.o
       104          0          0          0          0       4442   nnom_baselayer.o
      1430          0          0          0          0       7286   nnom_conv2d.o
       692          0          0          0          0       6111   nnom_dense.o
       264          0          0          0          0       4299   nnom_flatten.o
       468          0          0          0          0       4960   nnom_input.o
       114          0          0          0          0       4887   nnom_layers.o
      2514          0          0          0          0      27993   nnom_local.o
      1016          0          0          0          0      27470   nnom_local_q15.o
       124          0          0          0          0       4230   nnom_output.o
       274          0          0          0          0       4255   nnom_softmax.o
       632          0         34          0          0       4696   nnom_tensor.o
       340          0          0          0          0       3423   spi.o
        36          8        236          0       1024        912   startup_stm32f10x_md.o
       912          0          0          0          0       8870   stm32f10x_adc.o
       322          0          0          0          0       2952   stm32f10x_exti.o
       566          0          0          0          0       5793   stm32f10x_gpio.o
       570          0         20          0          0       7124   stm32f10x_rcc.o
       222          0          0          0          0       6708   stm32f10x_spi.o
       984          0          0          0          0      20499   stm32f10x_tim.o
       530          0          0          0          0       7597   stm32f10x_usart.o
       400          0          0          0          0       3054   system_stm32f10x.o
       236          0         11          0          0       4385   usart.o
       378          0          0          0       4096       2160   w25q64.o

    ----------------------------------------------------------------------
     36876         82      17640         56      14572     292416   Object Totals
         0          0         32          0          0          0   (incl. Generated)
       286          0         28          3         16          0   (incl. Padding)

    ----------------------------------------------------------------------

      Code (inc. data)   RO Data    RW Data    ZI Data      Debug   Library Member Name

       148         12          0          0          0         88   round.o
         0          0          0          0          0          0   entry.o
         0          0          0          0          0          0   entry10a.o
         0          0          0          0          0          0   entry11a.o
         8          4          0          0          0          0   entry2.o
         4          0          0          0          0          0   entry5.o
         0          0          0          0          0          0   entry7b.o
         0          0          0          0          0          0   entry8b.o
         8          4          0          0          0          0   entry9a.o
        30          0          0          0          0          0   handlers.o
        48         10          0          0          0         68   init.o
         0          0          0          0          0          0   iusefp.o
        98          0          0          0          0         84   ldiv.o
        30          0          0          0          0         68   llshl.o
        36          0          0          0          0         68   llsshr.o
        32          0          0          0          0         68   llushr.o
        26          0          0          0          0         80   memcmp.o
        36          0          0          0          0         68   memcpya.o
        36          0          0          0          0        108   memseta.o
      2258         90          0          0          0        452   printfa.o
         0          0          0          4          0          0   stdout.o
        44          0          0          0          0         80   uidiv.o
        98          0          0          0          0         92   uldiv.o
        48          0          0          0          0         68   cdcmple.o
        48          0          0          0          0         68   cdrcmple.o
        56          0          0          0          0         88   d2f.o
       334          0          0          0          0        148   dadd.o
        54          0          0          0          0         80   dcmple.o
       222          0          0          0          0        100   ddiv.o
       186          0          0          0          0        176   depilogue.o
        62          0          0          0          0         80   dfixi.o
        48          0          0          0          0         68   dfixul.o
        34          0          0          0          0         76   dflti.o
       228          0          0          0          0         96   dmul.o
       136          4          0          0          0         92   drnd.o
        38          0          0          0          0         68   f2d.o
       176          0          0          0          0        140   fadd.o
        28          0          0          0          0         68   fcmpeq.o
        28          0          0          0          0         68   fcmpge.o
        28          0          0          0          0         68   fcmple.o
        28          0          0          0          0         68   fcmplt.o
       124          0          0          0          0         88   fdiv.o
       110          0          0          0          0        168   fepilogue.o
        50          0          0          0          0         68   ffixi.o
        18          0          0          0          0         68   fflti.o
        10          0          0          0          0         68   ffltui.o
       100          0          0          0          0         76   fmul.o

    ----------------------------------------------------------------------
      5140        124          0          4          0       3480   Library Totals
         6          0          0          0          0          0   (incl. Padding)

    ----------------------------------------------------------------------

      Code (inc. data)   RO Data    RW Data    ZI Data      Debug   Library Name

       148         12          0          0          0         88   m_ws.l
      2792        108          0          4          0       1236   mc_w.l
      2194          4          0          0          0       2156   mf_w.l

    ----------------------------------------------------------------------
      5140        124          0          4          0       3480   Library Totals

    ----------------------------------------------------------------------

==============================================================================


      Code (inc. data)   RO Data    RW Data    ZI Data      Debug   

     42016        206      17640         60      14572     293184   Grand Totals
     42016        206      17640         60      14572     293184   ELF Image Totals
     42016        206      17640         60          0          0   ROM Totals

==============================================================================

    Total RO  Size (Code + RO Data)                59656 (  58.26kB)
    Total RW  Size (RW Data + ZI Data)             14632 (  14.29kB)
    Total ROM Size (Code + RO Data + RW Data)      59716 (  58.32kB)

==============================================================================

