Component: Arm Compiler for Embedded 6.22 Tool: armlink [5ee90200]

==============================================================================

Section Cross References

    nnom_local.o(.text) refers to memcpya.o(.text) for __aeabi_memcpy
    nnom_local.o(.text) refers to memseta.o(.text) for __aeabi_memclr
    nnom_local.o(.text) refers to fflti.o(.text) for __aeabi_i2f
    nnom_local.o(.text) refers to fmul.o(.text) for __aeabi_fmul
    nnom_local.o(.text) refers to fadd.o(.text) for __aeabi_fadd
    nnom_local.o(.text) refers to ffixi.o(.text) for __aeabi_f2iz
    nnom_local.o(.text) refers to nnom_local.o(.rodata.nnom_sigmoid_table_q7) for nnom_sigmoid_table_q7
    nnom_local.o(.text) refers to nnom_local.o(.rodata.nnom_tanh_table_q7) for nnom_tanh_table_q7
    nnom_local.o(.ARM.exidx) refers to nnom_local.o(.text) for [Anonymous Symbol]
    nnom_local_q15.o(.text) refers to memcpya.o(.text) for __aeabi_memcpy
    nnom_local_q15.o(.text) refers to memseta.o(.text) for __aeabi_memclr
    nnom_local_q15.o(.text) refers to ldiv.o(.text) for __aeabi_ldivmod
    nnom_local_q15.o(.text) refers to fflti.o(.text) for __aeabi_i2f
    nnom_local_q15.o(.text) refers to fmul.o(.text) for __aeabi_fmul
    nnom_local_q15.o(.text) refers to fadd.o(.text) for __aeabi_fadd
    nnom_local_q15.o(.text) refers to ffixi.o(.text) for __aeabi_f2iz
    nnom_local_q15.o(.text) refers to nnom_local_q15.o(.rodata.nnom_sigmoid_table_q15) for nnom_sigmoid_table_q15
    nnom_local_q15.o(.text) refers to nnom_local_q15.o(.rodata.nnom_tanh_table_q15) for nnom_tanh_table_q15
    nnom_local_q15.o(.ARM.exidx) refers to nnom_local_q15.o(.text) for [Anonymous Symbol]
    nnom.o(.text) refers to nnom.o(.bss.nnom_static_buf) for nnom_static_buf
    nnom.o(.text) refers to nnom.o(.bss.nnom_static_buf_size) for nnom_static_buf_size
    nnom.o(.text) refers to nnom.o(.bss.nnom_static_buf_curr) for nnom_static_buf_curr
    nnom.o(.text) refers to nnom.o(.rodata.str1.1) for .L.str
    nnom.o(.text) refers to printfa.o(i.__0printf) for printf
    nnom.o(.text) refers to nnom.o(.bss.nnom_memory_taken) for nnom_memory_taken
    nnom.o(.text) refers to memseta.o(.text) for __aeabi_memclr
    nnom.o(.text) refers to nnom_tensor.o(.text) for tensor_size
    nnom.o(.text) refers to nnom.o(.rodata.default_layer_names) for default_layer_names
    nnom.o(.text) refers to nnom.o(.rodata.default_cell_names) for default_cell_names
    nnom.o(.text) refers to nnom.o(.rodata.default_activation_names) for default_activation_names
    nnom.o(.ARM.exidx) refers to nnom.o(.text) for [Anonymous Symbol]
    nnom_layers.o(.text) refers to nnom.o(.text) for nnom_mem
    nnom_layers.o(.ARM.exidx) refers to nnom_layers.o(.text) for [Anonymous Symbol]
    nnom_tensor.o(.text) refers to nnom_tensor.o(.rodata.str1.1) for .L.str
    nnom_tensor.o(.text) refers to printfa.o(i.__0printf) for printf
    nnom_tensor.o(.text) refers to nnom.o(.text) for nnom_alignto
    nnom_tensor.o(.text) refers to memcpya.o(.text) for __aeabi_memcpy
    nnom_tensor.o(.ARM.exidx) refers to nnom_tensor.o(.text) for [Anonymous Symbol]
    nnom_utils.o(.text) refers to nnom.o(.text) for nnom_malloc
    nnom_utils.o(.text) refers to memseta.o(.text) for __aeabi_memclr4
    nnom_utils.o(.text) refers to fflti.o(.text) for __aeabi_i2f
    nnom_utils.o(.text) refers to fdiv.o(.text) for __aeabi_fdiv
    nnom_utils.o(.text) refers to fcmplt.o(.text) for __aeabi_fcmplt
    nnom_utils.o(.text) refers to nnom_utils.o(.rodata.str1.1) for .L.str
    nnom_utils.o(.text) refers to printfa.o(i.__0printf) for printf
    nnom_utils.o(.text) refers to uldiv.o(.text) for __aeabi_uldivmod
    nnom_utils.o(.text) refers to nnom_tensor.o(.text) for tensor_size
    nnom_utils.o(.text) refers to nnom.o(.rodata.default_layer_names) for default_layer_names
    nnom_utils.o(.text) refers to nnom.o(.rodata.default_cell_names) for default_cell_names
    nnom_utils.o(.ARM.exidx) refers to nnom_utils.o(.text) for [Anonymous Symbol]
    nnom_activation.o(.text) refers to nnom.o(.text) for nnom_mem
    nnom_activation.o(.text) refers to nnom_baselayer.o(.text) for default_build
    nnom_activation.o(.text) refers to nnom_layers.o(.text) for io_init
    nnom_activation.o(.text) refers to fmul.o(.text) for __aeabi_fmul
    nnom_activation.o(.text) refers to ffixi.o(.text) for __aeabi_f2iz
    nnom_activation.o(.text) refers to nnom_tensor.o(.text) for tensor_size
    nnom_activation.o(.text) refers to nnom_local_q15.o(.text) for local_relu_q15
    nnom_activation.o(.text) refers to nnom_local.o(.text) for local_relu_q7
    nnom_activation.o(.text) refers to fflti.o(.text) for __aeabi_i2f
    nnom_activation.o(.text) refers to fcmpge.o(.text) for __aeabi_fcmpge
    nnom_activation.o(.text) refers to fcmpeq.o(.text) for __aeabi_fcmpeq
    nnom_activation.o(.ARM.exidx) refers to nnom_activation.o(.text) for [Anonymous Symbol]
    nnom_avgpool.o(.text) refers to nnom_layers.o(.text) for kernel
[...]
    mpu_reg_dump                             0x0800bee5   Thumb Code   164  inv_mpu.o(.text)
    mpu_read_reg                             0x0800bf89   Thumb Code   126  inv_mpu.o(.text)
    mpu_init                                 0x0800c009   Thumb Code   304  inv_mpu.o(.text)
    mpu_set_gyro_fsr                         0x0800c139   Thumb Code   208  inv_mpu.o(.text)
    mpu_set_accel_fsr                        0x0800c209   Thumb Code   250  inv_mpu.o(.text)
    mpu_set_lpf                              0x0800c305   Thumb Code   226  inv_mpu.o(.text)
    mpu_set_sample_rate                      0x0800c3e9   Thumb Code   250  inv_mpu.o(.text)
    mpu_configure_fifo                       0x0800c4e5   Thumb Code   210  inv_mpu.o(.text)
    mpu_set_bypass                           0x0800c5b9   Thumb Code   498  inv_mpu.o(.text)
    mpu_set_sensors                          0x0800c7ad   Thumb Code   346  inv_mpu.o(.text)
    mpu_lp_accel_mode                        0x0800c909   Thumb Code   294  inv_mpu.o(.text)
    mpu_set_int_latched                      0x0800ca31   Thumb Code   184  inv_mpu.o(.text)
    mpu_get_gyro_reg                         0x0800cae9   Thumb Code   146  inv_mpu.o(.text)
    mpu_get_accel_reg                        0x0800cb7d   Thumb Code   146  inv_mpu.o(.text)
    mpu_get_temperature                      0x0800cc11   Thumb Code   194  inv_mpu.o(.text)
    mpu_read_6500_accel_bias                 0x0800ccd5   Thumb Code   160  inv_mpu.o(.text)
    mpu_read_6050_accel_bias                 0x0800cd75   Thumb Code   160  inv_mpu.o(.text)
    mpu_read_6500_gyro_bias                  0x0800ce15   Thumb Code   160  inv_mpu.o(.text)
    mpu_set_gyro_bias_reg                    0x0800ceb5   Thumb Code   224  inv_mpu.o(.text)
    mpu_set_accel_bias_6050_reg              0x0800cf95   Thumb Code   240  inv_mpu.o(.text)
    mpu_set_accel_bias_6500_reg              0x0800d085   Thumb Code   240  inv_mpu.o(.text)
    mpu_reset_fifo                           0x0800d175   Thumb Code   656  inv_mpu.o(.text)
    mpu_get_gyro_fsr                         0x0800d405   Thumb Code   104  inv_mpu.o(.text)
    mpu_get_accel_fsr                        0x0800d46d   Thumb Code   128  inv_mpu.o(.text)
    mpu_get_lpf                              0x0800d4ed   Thumb Code   132  inv_mpu.o(.text)
    mpu_get_sample_rate                      0x0800d571   Thumb Code    56  inv_mpu.o(.text)
    mpu_get_compass_sample_rate              0x0800d5a9   Thumb Code    18  inv_mpu.o(.text)
    mpu_set_compass_sample_rate              0x0800d5bd   Thumb Code    14  inv_mpu.o(.text)
    mpu_get_gyro_sens                        0x0800d5cd   Thumb Code   124  inv_mpu.o(.text)
    mpu_get_accel_sens                       0x0800d649   Thumb Code   136  inv_mpu.o(.text)
    mpu_get_fifo_config                      0x0800d6d1   Thumb Code    24  inv_mpu.o(.text)
    mpu_get_power_state                      0x0800d7dd   Thumb Code    40  inv_mpu.o(.text)
    mpu_get_int_status                       0x0800d805   Thumb Code    94  inv_mpu.o(.text)
    mpu_read_fifo                            0x0800d865   Thumb Code   790  inv_mpu.o(.text)
    mpu_read_fifo_stream                     0x0800db7d   Thumb Code   296  inv_mpu.o(.text)
    mpu_set_int_level                        0x0800dca5   Thumb Code    28  inv_mpu.o(.text)
    mpu_run_self_test                        0x0800dcc1   Thumb Code   386  inv_mpu.o(.text)
    mpu_set_dmp_state                        0x0800de45   Thumb Code   208  inv_mpu.o(.text)
    mpu_write_mem                            0x0800e6c5   Thumb Code   190  inv_mpu.o(.text)
    mpu_read_mem                             0x0800e785   Thumb Code   190  inv_mpu.o(.text)
    mpu_load_firmware                        0x0800e845   Thumb Code   308  inv_mpu.o(.text)
    mpu_get_dmp_state                        0x0800e979   Thumb Code    26  inv_mpu.o(.text)
    mpu_get_compass_reg                      0x0800e995   Thumb Code    14  inv_mpu.o(.text)
    mpu_get_compass_fsr                      0x0800e9a5   Thumb Code    12  inv_mpu.o(.text)
    mpu_lp_motion_interrupt                  0x0800e9b1   Thumb Code   342  inv_mpu.o(.text)
    dmp_load_motion_driver_firmware          0x0800ec11   Thumb Code    26  inv_mpu_dmp_motion_driver.o(.text)
    dmp_set_orientation                      0x0800ec2d   Thumb Code   432  inv_mpu_dmp_motion_driver.o(.text)
    dmp_set_gyro_bias                        0x0800eddd   Thumb Code   336  inv_mpu_dmp_motion_driver.o(.text)
    dmp_set_accel_bias                       0x0800ef2d   Thumb Code   342  inv_mpu_dmp_motion_driver.o(.text)
    dmp_set_fifo_rate                        0x0800f085   Thumb Code   164  inv_mpu_dmp_motion_driver.o(.text)
    dmp_get_fifo_rate                        0x0800f129   Thumb Code    24  inv_mpu_dmp_motion_driver.o(.text)
    dmp_set_tap_thresh                       0x0800f141   Thumb Code   558  inv_mpu_dmp_motion_driver.o(.text)
    dmp_set_tap_axes                         0x0800f371   Thumb Code   108  inv_mpu_dmp_motion_driver.o(.text)
    dmp_set_tap_count                        0x0800f3dd   Thumb Code    74  inv_mpu_dmp_motion_driver.o(.text)
    dmp_set_tap_time                         0x0800f429   Thumb Code    62  inv_mpu_dmp_motion_driver.o(.text)
    dmp_set_tap_time_multi                   0x0800f469   Thumb Code    62  inv_mpu_dmp_motion_driver.o(.text)
    dmp_set_shake_reject_thresh              0x0800f4a9   Thumb Code    86  inv_mpu_dmp_motion_driver.o(.text)
    dmp_set_shake_reject_time                0x0800f501   Thumb Code    60  inv_mpu_dmp_motion_driver.o(.text)
    dmp_set_shake_reject_timeout             0x0800f53d   Thumb Code    60  inv_mpu_dmp_motion_driver.o(.text)
    dmp_get_pedometer_step_count             0x0800f579   Thumb Code    64  inv_mpu_dmp_motion_driver.o(.text)
    dmp_set_pedometer_step_count             0x0800f5b9   Thumb Code    52  inv_mpu_dmp_motion_driver.o(.text)
    dmp_get_pedometer_walk_time              0x0800f5ed   Thumb Code    70  inv_mpu_dmp_motion_driver.o(.text)
    dmp_set_pedometer_walk_time              0x0800f635   Thumb Code    70  inv_mpu_dmp_motion_driver.o(.text)
    dmp_enable_feature                       0x0800f67d   Thumb Code   682  inv_mpu_dmp_motion_driver.o(.text)
    dmp_enable_gyro_cal                      0x0800f929   Thumb Code   106  inv_mpu_dmp_motion_driver.o(.text)
    dmp_enable_lp_quat                       0x0800f995   Thumb Code    70  inv_mpu_dmp_motion_driver.o(.text)
    dmp_enable_6x_lp_quat                    0x0800f9dd   Thumb Code    70  inv_mpu_dmp_motion_driver.o(.text)
    dmp_get_enabled_features                 0x0800fa25   Thumb Code    24  inv_mpu_dmp_motion_driver.o(.text)
    dmp_set_interrupt_mode                   0x0800fa3d   Thumb Code   132  inv_mpu_dmp_motion_driver.o(.text)
    dmp_read_fifo                            0x0800fac1   Thumb Code   466  inv_mpu_dmp_motion_driver.o(.text)
    dmp_register_tap_cb                      0x0800fd31   Thumb Code    22  inv_mpu_dmp_motion_driver.o(.text)
    dmp_register_android_orient_cb           0x0800fd49   Thumb Code    22  inv_mpu_dmp_motion_driver.o(.text)
    SPI1_Init                                0x0800fd61   Thumb Code   194  spi.o(.text)
    SPI1_Start                               0x0800fe25   Thumb Code    20  spi.o(.text)
    SPI1_Stop                                0x0800fe39   Thumb Code    20  spi.o(.text)
    SPI1_SwapByte                            0x0800fe4d   Thumb Code    90  spi.o(.text)
    SPI2_Init                                0x0800fea9   Thumb Code   206  spi.o(.text)
    SPI2_Start                               0x0800ff79   Thumb Code    22  spi.o(.text)
    SPI2_Stop                                0x0800ff91   Thumb Code    22  spi.o(.text)
    SPI2_SwapByte                            0x0800ffa9   Thumb Code    90  spi.o(.text)
    USART1_Init                              0x08010005   Thumb Code   190  usart.o(.text)
    fputc                                    0x080100c5   Thumb Code    46  usart.o(.text)
    USART3_Init                              0x080100f5   Thumb Code   188  usart.o(.text)
    USART3_WriteByte                         0x080101b1   Thumb Code    46  usart.o(.text)
    EXTI0_IRQHandler                         0x080101e1   Thumb Code    54  button.o(.text)
    TIM4_IRQHandler                          0x08010219   Thumb Code   314  button.o(.text)
    Button_Status_Clear                      0x08010355   Thumb Code    16  button.o(.text)
    Button_Init                              0x08010365   Thumb Code   232  button.o(.text)
    LED_Blink                                0x0801044d   Thumb Code   302  led.o(.text)
    LED_Init                                 0x0801057d   Thumb Code    72  led.o(.text)
    ADC_PB1_Init                             0x080105c5   Thumb Code   178  adc.o(.text)
    ADC1_Deinit                              0x08010679   Thumb Code    16  adc.o(.text)
    ADC_PB1_GetAvg                           0x08010689   Thumb Code   382  adc.o(.text)
    Module0_IR_Init                          0x0801083d   Thumb Code   328  module0_ir.o(.text)
    Module0_IR_38Khz_Logic                   0x08010985   Thumb Code    52  module0_ir.o(.text)
    Module0_IR_Transmit                      0x080109b9   Thumb Code   154  module0_ir.o(.text)
    Module1_RF433_Init                       0x08010a55   Thumb Code   246  module1_rf433.o(.text)
    Module1_RF433_Logic                      0x08010b4d   Thumb Code    56  module1_rf433.o(.text)
    Module1_RF433_Transmit                   0x08010b85   Thumb Code   112  module1_rf433.o(.text)
    Module_IR_RF_Init                        0x08010bf5   Thumb Code    84  module_ir_rf.o(.text)
    Module_IR_RF_receiver_start              0x08010c49   Thumb Code    44  module_ir_rf.o(.text)
    Module_IR_RF_Record_Duration             0x08010c75   Thumb Code    60  module_ir_rf.o(.text)
    Module_IR_RF_receiver_stop               0x08010cb1   Thumb Code    60  module_ir_rf.o(.text)
    Module_IR_RF_Copy_From_Buffer            0x08010ced   Thumb Code   192  module_ir_rf.o(.text)
    Module_IR_RF_Copy_To_Buffer              0x08010dad   Thumb Code   190  module_ir_rf.o(.text)
    Module_IR_RF_Data_Reset                  0x08010e6d   Thumb Code    90  module_ir_rf.o(.text)
    Module_IR_RF_Print                       0x08010ec9   Thumb Code   174  module_ir_rf.o(.text)
    Module_IR_RF_Transmit                    0x08010f79   Thumb Code   226  module_ir_rf.o(.text)
    Module_IR_RF_Receive                     0x0801105d   Thumb Code   288  module_ir_rf.o(.text)
    TIM2_IRQHandler                          0x0801117d   Thumb Code    54  module_ir_rf.o(.text)
    Module3_Init                             0x080111b5   Thumb Code   148  module3.o(.text)
    Module3_Mode0_Handler                    0x08011249   Thumb Code    70  module3.o(.text)
    Module3_Mode1_Handler                    0x08011291   Thumb Code    66  module3.o(.text)
    Module4_Init                             0x080112d5   Thumb Code     2  module4.o(.text)
    Module4_Mode0_Handler                    0x080112d9   Thumb Code     2  module4.o(.text)
    Module4_Mode1_Handler                    0x080112dd   Thumb Code     2  module4.o(.text)
    Module5_Init                             0x080112e1   Thumb Code     2  module5.o(.text)
    Module5_Mode0_Handler                    0x080112e5   Thumb Code     2  module5.o(.text)
    Module5_Mode1_Handler                    0x080112e9   Thumb Code     2  module5.o(.text)
    Module6_Init                             0x080112ed   Thumb Code     2  module6.o(.text)
    Module6_Mode0_Handler                    0x080112f1   Thumb Code     2  module6.o(.text)
    Module6_Mode1_Handler                    0x080112f5   Thumb Code     2  module6.o(.text)
    Module7_Init                             0x080112f9   Thumb Code     2  module7.o(.text)
    Module7_Mode0_Handler                    0x080112fd   Thumb Code     2  module7.o(.text)
    Module7_Mode1_Handler                    0x08011301   Thumb Code     2  module7.o(.text)
    Module8_Init                             0x08011305   Thumb Code     2  module8.o(.text)
    Module8_Mode0_Handler                    0x08011309   Thumb Code     2  module8.o(.text)
    Module8_Mode1_Handler                    0x0801130d   Thumb Code     2  module8.o(.text)
    Module9_Init                             0x08011311   Thumb Code     2  module9.o(.text)
    Module9_Mode0_Handler                    0x08011315   Thumb Code     2  module9.o(.text)
    Module9_Mode1_Handler                    0x08011319   Thumb Code     2  module9.o(.text)
    Module10_Init                            0x0801131d   Thumb Code     2  module10.o(.text)
    Module10_Mode0_Handler                   0x08011321   Thumb Code     2  module10.o(.text)
    Module10_Mode1_Handler                   0x08011325   Thumb Code     2  module10.o(.text)
    NVIC_PriorityGroupConfig                 0x08011329   Thumb Code    28  misc.o(.text)
    NVIC_Init                                0x08011345   Thumb Code   166  misc.o(.text)
    NVIC_SetVectorTable                      0x080113ed   Thumb Code    36  misc.o(.text)
    NVIC_SystemLPConfig                      0x08011411   Thumb Code    58  misc.o(.text)
    SysTick_CLKSourceConfig                  0x0801144d   Thumb Code    52  misc.o(.text)
    ADC_DeInit                               0x08011481   Thumb Code   128  stm32f10x_adc.o(.text)
    ADC_Init                                 0x08011501   Thumb Code   154  stm32f10x_adc.o(.text)
    ADC_StructInit                           0x0801159d   Thumb Code    36  stm32f10x_adc.o(.text)
    ADC_Cmd                                  0x080115c1   Thumb Code    40  stm32f10x_adc.o(.text)
    ADC_DMACmd                               0x080115e9   Thumb Code    40  stm32f10x_adc.o(.text)
    ADC_ITConfig                             0x08011611   Thumb Code    62  stm32f10x_adc.o(.text)
    ADC_ResetCalibration                     0x08011651   Thumb Code    18  stm32f10x_adc.o(.text)
    ADC_GetResetCalibrationStatus            0x08011665   Thumb Code    38  stm32f10x_adc.o(.text)
    ADC_StartCalibration                     0x0801168d   Thumb Code    18  stm32f10x_adc.o(.text)
    ADC_GetCalibrationStatus                 0x080116a1   Thumb Code    38  stm32f10x_adc.o(.text)
    ADC_SoftwareStartConvCmd                 0x080116c9   Thumb Code    40  stm32f10x_adc.o(.text)
    ADC_GetSoftwareStartConvStatus           0x080116f1   Thumb Code    38  stm32f10x_adc.o(.text)
    ADC_DiscModeChannelCountConfig           0x08011719   Thumb Code    56  stm32f10x_adc.o(.text)
    ADC_DiscModeCmd                          0x08011751   Thumb Code    40  stm32f10x_adc.o(.text)
    ADC_RegularChannelConfig                 0x08011779   Thumb Code   380  stm32f10x_adc.o(.text)
    ADC_ExternalTrigConvCmd                  0x080118f5   Thumb Code    40  stm32f10x_adc.o(.text)
    ADC_GetConversionValue                   0x0801191d   Thumb Code    14  stm32f10x_adc.o(.text)
    ADC_GetDualModeConversionValue           0x0801192d   Thumb Code    12  stm32f10x_adc.o(.text)
    ADC_AutoInjectedConvCmd                  0x08011939   Thumb Code    40  stm32f10x_adc.o(.text)
    ADC_InjectedDiscModeCmd                  0x08011961   Thumb Code    40  stm32f10x_adc.o(.text)
    ADC_ExternalTrigInjectedConvConfig       0x08011989   Thumb Code    42  stm32f10x_adc.o(.text)
    ADC_ExternalTrigInjectedConvCmd          0x080119b5   Thumb Code    40  stm32f10x_adc.o(.text)
    ADC_SoftwareStartInjectedConvCmd         0x080119dd   Thumb Code    40  stm32f10x_adc.o(.text)
    ADC_GetSoftwareStartInjectedConvCmdStatus 0x08011a05   Thumb Code    38  stm32f10x_adc.o(.text)
    ADC_InjectedChannelConfig                0x08011a2d   Thumb Code   250  stm32f10x_adc.o(.text)
    ADC_InjectedSequencerLengthConfig        0x08011b29   Thumb Code    56  stm32f10x_adc.o(.text)
    ADC_SetInjectedOffset                    0x08011b61   Thumb Code    42  stm32f10x_adc.o(.text)
    ADC_GetInjectedConversionValue           0x08011b8d   Thumb Code    38  stm32f10x_adc.o(.text)
    ADC_AnalogWatchdogCmd                    0x08011bb5   Thumb Code    48  stm32f10x_adc.o(.text)
    ADC_AnalogWatchdogThresholdsConfig       0x08011be5   Thumb Code    32  stm32f10x_adc.o(.text)
    ADC_AnalogWatchdogSingleChannelConfig    0x08011c05   Thumb Code    46  stm32f10x_adc.o(.text)
    ADC_TempSensorVrefintCmd                 0x08011c35   Thumb Code    50  stm32f10x_adc.o(.text)
    ADC_GetFlagStatus                        0x08011c69   Thumb Code    44  stm32f10x_adc.o(.text)
    ADC_ClearFlag                            0x08011c95   Thumb Code    22  stm32f10x_adc.o(.text)
    ADC_GetITStatus                          0x08011cad   Thumb Code    70  stm32f10x_adc.o(.text)
    ADC_ClearITPendingBit                    0x08011cf5   Thumb Code    36  stm32f10x_adc.o(.text)
    EXTI_DeInit                              0x08011d19   Thumb Code    62  stm32f10x_exti.o(.text)
    EXTI_Init                                0x08011d59   Thumb Code   234  stm32f10x_exti.o(.text)
    EXTI_StructInit                          0x08011e45   Thumb Code    28  stm32f10x_exti.o(.text)
    EXTI_GenerateSWInterrupt                 0x08011e61   Thumb Code    24  stm32f10x_exti.o(.text)
    EXTI_GetFlagStatus                       0x08011e79   Thumb Code    44  stm32f10x_exti.o(.text)
    EXTI_ClearFlag                           0x08011ea5   Thumb Code    20  stm32f10x_exti.o(.text)
    EXTI_GetITStatus                         0x08011eb9   Thumb Code    68  stm32f10x_exti.o(.text)
    EXTI_ClearITPendingBit                   0x08011efd   Thumb Code    20  stm32f10x_exti.o(.text)
    GPIO_DeInit                              0x08011f11   Thumb Code   276  stm32f10x_gpio.o(.text)
    GPIO_AFIODeInit                          0x08012025   Thumb Code    26  stm32f10x_gpio.o(.text)
    GPIO_Init                                0x08012041   Thumb Code   390  stm32f10x_gpio.o(.text)
    GPIO_StructInit                          0x080121c9   Thumb Code    28  stm32f10x_gpio.o(.text)
    GPIO_ReadInputDataBit                    0x080121e5   Thumb Code    52  stm32f10x_gpio.o(.text)
    GPIO_ReadInputData                       0x08012219   Thumb Code    14  stm32f10x_gpio.o(.text)
    GPIO_ReadOutputDataBit                   0x08012229   Thumb Code    52  stm32f10x_gpio.o(.text)
    GPIO_ReadOutputData                      0x0801225d   Thumb Code    14  stm32f10x_gpio.o(.text)
    GPIO_SetBits                             0x0801226d   Thumb Code    20  stm32f10x_gpio.o(.text)
    GPIO_ResetBits                           0x08012281   Thumb Code    20  stm32f10x_gpio.o(.text)
    GPIO_WriteBit                            0x08012295   Thumb Code    40  stm32f10x_gpio.o(.text)
    GPIO_Write                               0x080122bd   Thumb Code    20  stm32f10x_gpio.o(.text)
    GPIO_PinLockConfig                       0x080122d1   Thumb Code    60  stm32f10x_gpio.o(.text)
    GPIO_EventOutputConfig                   0x0801230d   Thumb Code    64  stm32f10x_gpio.o(.text)
    GPIO_EventOutputCmd                      0x0801234d   Thumb Code    18  stm32f10x_gpio.o(.text)
    GPIO_PinRemapConfig                      0x08012361   Thumb Code   246  stm32f10x_gpio.o(.text)
    GPIO_EXTILineConfig                      0x08012459   Thumb Code    84  stm32f10x_gpio.o(.text)
    GPIO_ETH_MediaInterfaceConfig            0x080124ad   Thumb Code    18  stm32f10x_gpio.o(.text)
    RCC_DeInit                               0x080124c1   Thumb Code    82  stm32f10x_rcc.o(.text)
    RCC_HSEConfig                            0x08012515   Thumb Code    92  stm32f10x_rcc.o(.text)
    RCC_WaitForHSEStartUp                    0x08012571   Thumb Code    94  stm32f10x_rcc.o(.text)
    RCC_GetFlagStatus                        0x080125d1   Thumb Code   122  stm32f10x_rcc.o(.text)
    RCC_AdjustHSICalibrationValue            0x0801264d   Thumb Code    50  stm32f10x_rcc.o(.text)
    RCC_HSICmd                               0x08012681   Thumb Code    18  stm32f10x_rcc.o(.text)
    RCC_PLLConfig                            0x08012695   Thumb Code    50  stm32f10x_rcc.o(.text)
    RCC_PLLCmd                               0x080126c9   Thumb Code    18  stm32f10x_rcc.o(.text)
    RCC_SYSCLKConfig                         0x080126dd   Thumb Code    44  stm32f10x_rcc.o(.text)
    RCC_GetSYSCLKSource                      0x08012709   Thumb Code    16  stm32f10x_rcc.o(.text)
    RCC_HCLKConfig                           0x08012719   Thumb Code    44  stm32f10x_rcc.o(.text)
    RCC_PCLK1Config                          0x08012745   Thumb Code    44  stm32f10x_rcc.o(.text)
    RCC_PCLK2Config                          0x08012771   Thumb Code    46  stm32f10x_rcc.o(.text)
    RCC_ITConfig                             0x080127a1   Thumb Code    58  stm32f10x_rcc.o(.text)
    RCC_USBCLKConfig                         0x080127dd   Thumb Code    18  stm32f10x_rcc.o(.text)
    RCC_ADCCLKConfig                         0x080127f1   Thumb Code    44  stm32f10x_rcc.o(.text)
    RCC_LSEConfig                            0x0801281d   Thumb Code    76  stm32f10x_rcc.o(.text)
    RCC_LSICmd                               0x08012869   Thumb Code    20  stm32f10x_rcc.o(.text)
    RCC_RTCCLKConfig                         0x0801287d   Thumb Code    24  stm32f10x_rcc.o(.text)
    RCC_RTCCLKCmd                            0x08012895   Thumb Code    20  stm32f10x_rcc.o(.text)
    RCC_GetClocksFreq                        0x080128a9   Thumb Code   370  stm32f10x_rcc.o(.text)
    RCC_AHBPeriphClockCmd                    0x08012a1d   Thumb Code    52  stm32f10x_rcc.o(.text)
    RCC_APB2PeriphClockCmd                   0x08012a51   Thumb Code    52  stm32f10x_rcc.o(.text)
    RCC_APB1PeriphClockCmd                   0x08012a85   Thumb Code    52  stm32f10x_rcc.o(.text)
    RCC_APB2PeriphResetCmd                   0x08012ab9   Thumb Code    52  stm32f10x_rcc.o(.text)
    RCC_APB1PeriphResetCmd                   0x08012aed   Thumb Code    52  stm32f10x_rcc.o(.text)
    RCC_BackupResetCmd                       0x08012b21   Thumb Code    20  stm32f10x_rcc.o(.text)
    RCC_ClockSecuritySystemCmd               0x08012b35   Thumb Code    18  stm32f10x_rcc.o(.text)
    RCC_MCOConfig                            0x08012b49   Thumb Code    24  stm32f10x_rcc.o(.text)
    RCC_ClearFlag                            0x08012b61   Thumb Code    18  stm32f10x_rcc.o(.text)
    RCC_GetITStatus                          0x08012b75   Thumb Code    48  stm32f10x_rcc.o(.text)
    RCC_ClearITPendingBit                    0x08012ba5   Thumb Code    24  stm32f10x_rcc.o(.text)
    SPI_I2S_DeInit                           0x08012bbd   Thumb Code   128  stm32f10x_spi.o(.text)
    SPI_Init                                 0x08012c3d   Thumb Code   104  stm32f10x_spi.o(.text)
    I2S_Init                                 0x08012ca5   Thumb Code   372  stm32f10x_spi.o(.text)
    SPI_StructInit                           0x08012e19   Thumb Code    48  stm32f10x_spi.o(.text)
    I2S_StructInit                           0x08012e49   Thumb Code    36  stm32f10x_spi.o(.text)
    SPI_Cmd                                  0x08012e6d   Thumb Code    40  stm32f10x_spi.o(.text)
    I2S_Cmd                                  0x08012e95   Thumb Code    40  stm32f10x_spi.o(.text)
    SPI_I2S_ITConfig                         0x08012ebd   Thumb Code    80  stm32f10x_spi.o(.text)
    SPI_I2S_DMACmd                           0x08012f0d   Thumb Code    48  stm32f10x_spi.o(.text)
    SPI_I2S_SendData                         0x08012f3d   Thumb Code    20  stm32f10x_spi.o(.text)
    SPI_I2S_ReceiveData                      0x08012f51   Thumb Code    12  stm32f10x_spi.o(.text)
    SPI_NSSInternalSoftwareConfig            0x08012f5d   Thumb Code    50  stm32f10x_spi.o(.text)
    SPI_SSOutputCmd                          0x08012f91   Thumb Code    40  stm32f10x_spi.o(.text)
    SPI_DataSizeConfig                       0x08012fb9   Thumb Code    34  stm32f10x_spi.o(.text)
    SPI_TransmitCRC                          0x08012fdd   Thumb Code    18  stm32f10x_spi.o(.text)
    SPI_CalculateCRC                         0x08012ff1   Thumb Code    40  stm32f10x_spi.o(.text)
    SPI_GetCRC                               0x08013019   Thumb Code    52  stm32f10x_spi.o(.text)
    SPI_GetCRCPolynomial                     0x0801304d   Thumb Code    12  stm32f10x_spi.o(.text)
    SPI_BiDirectionalLineConfig              0x08013059   Thumb Code    48  stm32f10x_spi.o(.text)
    SPI_I2S_GetFlagStatus                    0x08013089   Thumb Code    46  stm32f10x_spi.o(.text)
    SPI_I2S_ClearFlag                        0x080130b9   Thumb Code    22  stm32f10x_spi.o(.text)
    SPI_I2S_GetITStatus                      0x080130d1   Thumb Code   118  stm32f10x_spi.o(.text)
    SPI_I2S_ClearITPendingBit                0x08013149   Thumb Code    44  stm32f10x_spi.o(.text)
    TIM_DeInit                               0x08013175   Thumb Code   666  stm32f10x_tim.o(.text)
    TIM_TimeBaseInit                         0x08013411   Thumb Code   322  stm32f10x_tim.o(.text)
    TIM_OC1Init                              0x08013555   Thumb Code   354  stm32f10x_tim.o(.text)
    TIM_OC2Init                              0x080136b9   Thumb Code   320  stm32f10x_tim.o(.text)
    TIM_OC3Init                              0x080137f9   Thumb Code   318  stm32f10x_tim.o(.text)
    TIM_OC4Init                              0x08013939   Thumb Code   238  stm32f10x_tim.o(.text)
    TIM_ICInit                               0x08013a29   Thumb Code   242  stm32f10x_tim.o(.text)
    TIM_SetIC1Prescaler                      0x08013c21   Thumb Code    34  stm32f10x_tim.o(.text)
    TIM_SetIC2Prescaler                      0x08013d65   Thumb Code    36  stm32f10x_tim.o(.text)
    TIM_SetIC3Prescaler                      0x08013e9d   Thumb Code    34  stm32f10x_tim.o(.text)
    TIM_SetIC4Prescaler                      0x08013fe1   Thumb Code    36  stm32f10x_tim.o(.text)
    TIM_PWMIConfig                           0x08014005   Thumb Code   190  stm32f10x_tim.o(.text)
    TIM_BDTRConfig                           0x080140c5   Thumb Code    44  stm32f10x_tim.o(.text)
    TIM_TimeBaseStructInit                   0x080140f1   Thumb Code    34  stm32f10x_tim.o(.text)
    TIM_OCStructInit                         0x08014115   Thumb Code    42  stm32f10x_tim.o(.text)
    TIM_ICStructInit                         0x08014141   Thumb Code    32  stm32f10x_tim.o(.text)
    TIM_BDTRStructInit                       0x08014161   Thumb Code    38  stm32f10x_tim.o(.text)
    TIM_Cmd                                  0x08014189   Thumb Code    40  stm32f10x_tim.o(.text)
    TIM_CtrlPWMOutputs                       0x080141b1   Thumb Code    48  stm32f10x_tim.o(.text)
    TIM_ITConfig                             0x080141e1   Thumb Code    48  stm32f10x_tim.o(.text)
    TIM_GenerateEvent                        0x08014211   Thumb Code    20  stm32f10x_tim.o(.text)
    TIM_DMAConfig                            0x08014225   Thumb Code    32  stm32f10x_tim.o(.text)
    TIM_DMACmd                               0x08014245   Thumb Code    48  stm32f10x_tim.o(.text)
    TIM_InternalClockConfig                  0x08014275   Thumb Code    18  stm32f10x_tim.o(.text)
    TIM_ITRxExternalClockConfig              0x08014289   Thumb Code    34  stm32f10x_tim.o(.text)
    TIM_SelectInputTrigger                   0x080142ad   Thumb Code    60  stm32f10x_tim.o(.text)
    TIM_TIxExternalClockConfig               0x080142e9   Thumb Code    88  stm32f10x_tim.o(.text)
    TIM_ETRClockMode1Config                  0x08014341   Thumb Code   110  stm32f10x_tim.o(.text)
    TIM_ETRConfig                            0x080143b1   Thumb Code    78  stm32f10x_tim.o(.text)
    TIM_ETRClockMode2Config                  0x08014401   Thumb Code    50  stm32f10x_tim.o(.text)
    TIM_PrescalerConfig                      0x08014435   Thumb Code    32  stm32f10x_tim.o(.text)
    TIM_CounterModeConfig                    0x08014455   Thumb Code    60  stm32f10x_tim.o(.text)
    TIM_EncoderInterfaceConfig               0x08014491   Thumb Code   170  stm32f10x_tim.o(.text)
    TIM_ForcedOC1Config                      0x0801453d   Thumb Code    60  stm32f10x_tim.o(.text)
    TIM_ForcedOC2Config                      0x08014579   Thumb Code    62  stm32f10x_tim.o(.text)
    TIM_ForcedOC3Config                      0x080145b9   Thumb Code    60  stm32f10x_tim.o(.text)
    TIM_ForcedOC4Config                      0x080145f5   Thumb Code    62  stm32f10x_tim.o(.text)
    TIM_ARRPreloadConfig                     0x08014635   Thumb Code    40  stm32f10x_tim.o(.text)
    TIM_SelectCOM                            0x0801465d   Thumb Code    40  stm32f10x_tim.o(.text)
    TIM_SelectCCDMA                          0x08014685   Thumb Code    40  stm32f10x_tim.o(.text)
    TIM_CCPreloadControl                     0x080146ad   Thumb Code    40  stm32f10x_tim.o(.text)
    TIM_OC1PreloadConfig                     0x080146d5   Thumb Code    60  stm32f10x_tim.o(.text)
    TIM_OC2PreloadConfig                     0x08014711   Thumb Code    62  stm32f10x_tim.o(.text)
    TIM_OC3PreloadConfig                     0x08014751   Thumb Code    60  stm32f10x_tim.o(.text)
    TIM_OC4PreloadConfig                     0x0801478d   Thumb Code    62  stm32f10x_tim.o(.text)
    TIM_OC1FastConfig                        0x080147cd   Thumb Code    60  stm32f10x_tim.o(.text)
    TIM_OC2FastConfig                        0x08014809   Thumb Code    62  stm32f10x_tim.o(.text)
    TIM_OC3FastConfig                        0x08014849   Thumb Code    60  stm32f10x_tim.o(.text)
    TIM_OC4FastConfig                        0x08014885   Thumb Code    62  stm32f10x_tim.o(.text)
    TIM_ClearOC1Ref                          0x080148c5   Thumb Code    60  stm32f10x_tim.o(.text)
    TIM_ClearOC2Ref                          0x08014901   Thumb Code    62  stm32f10x_tim.o(.text)
    TIM_ClearOC3Ref                          0x08014941   Thumb Code    60  stm32f10x_tim.o(.text)
    TIM_ClearOC4Ref                          0x0801497d   Thumb Code    62  stm32f10x_tim.o(.text)
    TIM_OC1PolarityConfig                    0x080149bd   Thumb Code    60  stm32f10x_tim.o(.text)
    TIM_OC1NPolarityConfig                   0x080149f9   Thumb Code    60  stm32f10x_tim.o(.text)
    TIM_OC2PolarityConfig                    0x08014a35   Thumb Code    62  stm32f10x_tim.o(.text)
    TIM_OC2NPolarityConfig                   0x08014a75   Thumb Code    62  stm32f10x_tim.o(.text)
    TIM_OC3PolarityConfig                    0x08014ab5   Thumb Code    62  stm32f10x_tim.o(.text)
    TIM_OC3NPolarityConfig                   0x08014af5   Thumb Code    62  stm32f10x_tim.o(.text)
    TIM_OC4PolarityConfig                    0x08014b35   Thumb Code    62  stm32f10x_tim.o(.text)
    TIM_CCxCmd                               0x08014b75   Thumb Code    66  stm32f10x_tim.o(.text)
    TIM_CCxNCmd                              0x08014bb9   Thumb Code    66  stm32f10x_tim.o(.text)
    TIM_SelectOCxM                           0x08014bfd   Thumb Code   156  stm32f10x_tim.o(.text)
    TIM_UpdateDisableConfig                  0x08014c99   Thumb Code    40  stm32f10x_tim.o(.text)
    TIM_UpdateRequestConfig                  0x08014cc1   Thumb Code    44  stm32f10x_tim.o(.text)
    TIM_SelectHallSensor                     0x08014ced   Thumb Code    40  stm32f10x_tim.o(.text)
    TIM_SelectOnePulseMode                   0x08014d15   Thumb Code    34  stm32f10x_tim.o(.text)
    TIM_SelectOutputTrigger                  0x08014d39   Thumb Code    34  stm32f10x_tim.o(.text)
    TIM_SelectSlaveMode                      0x08014d5d   Thumb Code    34  stm32f10x_tim.o(.text)
    TIM_SelectMasterSlaveMode                0x08014d81   Thumb Code    34  stm32f10x_tim.o(.text)
    TIM_SetCounter                           0x08014da5   Thumb Code    20  stm32f10x_tim.o(.text)
    TIM_SetAutoreload                        0x08014db9   Thumb Code    20  stm32f10x_tim.o(.text)
    TIM_SetCompare1                          0x08014dcd   Thumb Code    20  stm32f10x_tim.o(.text)
    TIM_SetCompare2                          0x08014de1   Thumb Code    20  stm32f10x_tim.o(.text)
    TIM_SetCompare3                          0x08014df5   Thumb Code    20  stm32f10x_tim.o(.text)
    TIM_SetCompare4                          0x08014e09   Thumb Code    22  stm32f10x_tim.o(.text)
    TIM_SetClockDivision                     0x08014e21   Thumb Code    34  stm32f10x_tim.o(.text)
    TIM_GetCapture1                          0x08014e45   Thumb Code    12  stm32f10x_tim.o(.text)
    TIM_GetCapture2                          0x08014e51   Thumb Code    12  stm32f10x_tim.o(.text)
    TIM_GetCapture3                          0x08014e5d   Thumb Code    12  stm32f10x_tim.o(.text)
    TIM_GetCapture4                          0x08014e69   Thumb Code    14  stm32f10x_tim.o(.text)
    TIM_GetCounter                           0x08014e79   Thumb Code    12  stm32f10x_tim.o(.text)
    TIM_GetPrescaler                         0x08014e85   Thumb Code    12  stm32f10x_tim.o(.text)
    TIM_GetFlagStatus                        0x08014e91   Thumb Code    46  stm32f10x_tim.o(.text)
    TIM_ClearFlag                            0x08014ec1   Thumb Code    22  stm32f10x_tim.o(.text)
    TIM_GetITStatus                          0x08014ed9   Thumb Code    82  stm32f10x_tim.o(.text)
    TIM_ClearITPendingBit                    0x08014f2d   Thumb Code    22  stm32f10x_tim.o(.text)
    USART_DeInit                             0x08014f45   Thumb Code   208  stm32f10x_usart.o(.text)
    USART_Init                               0x08015015   Thumb Code   348  stm32f10x_usart.o(.text)
    USART_StructInit                         0x08015171   Thumb Code    40  stm32f10x_usart.o(.text)
    USART_ClockInit                          0x08015199   Thumb Code    58  stm32f10x_usart.o(.text)
    USART_ClockStructInit                    0x080151d5   Thumb Code    26  stm32f10x_usart.o(.text)
    USART_Cmd                                0x080151f1   Thumb Code    40  stm32f10x_usart.o(.text)
    USART_ITConfig                           0x08015219   Thumb Code   142  stm32f10x_usart.o(.text)
    USART_DMACmd                             0x080152a9   Thumb Code    48  stm32f10x_usart.o(.text)
    USART_SetAddress                         0x080152d9   Thumb Code    34  stm32f10x_usart.o(.text)
    USART_WakeUpConfig                       0x080152fd   Thumb Code    34  stm32f10x_usart.o(.text)
    USART_ReceiverWakeUpCmd                  0x08015321   Thumb Code    40  stm32f10x_usart.o(.text)
    USART_LINBreakDetectLengthConfig         0x08015349   Thumb Code    34  stm32f10x_usart.o(.text)
    USART_LINCmd                             0x0801536d   Thumb Code    40  stm32f10x_usart.o(.text)
    USART_SendData                           0x08015395   Thumb Code    24  stm32f10x_usart.o(.text)
    USART_ReceiveData                        0x080153ad   Thumb Code    16  stm32f10x_usart.o(.text)
    USART_SendBreak                          0x080153bd   Thumb Code    18  stm32f10x_usart.o(.text)
    USART_SetGuardTime                       0x080153d1   Thumb Code    34  stm32f10x_usart.o(.text)
    USART_SetPrescaler                       0x080153f5   Thumb Code    34  stm32f10x_usart.o(.text)
    USART_SmartCardCmd                       0x08015419   Thumb Code    40  stm32f10x_usart.o(.text)
    USART_SmartCardNACKCmd                   0x08015441   Thumb Code    40  stm32f10x_usart.o(.text)
    USART_HalfDuplexCmd                      0x08015469   Thumb Code    40  stm32f10x_usart.o(.text)
    USART_OverSampling8Cmd                   0x08015491   Thumb Code    40  stm32f10x_usart.o(.text)
    USART_OneBitMethodCmd                    0x080154b9   Thumb Code    40  stm32f10x_usart.o(.text)
    USART_IrDAConfig                         0x080154e1   Thumb Code    34  stm32f10x_usart.o(.text)
    USART_IrDACmd                            0x08015505   Thumb Code    40  stm32f10x_usart.o(.text)
    USART_GetFlagStatus                      0x0801552d   Thumb Code    60  stm32f10x_usart.o(.text)
    USART_ClearFlag                          0x08015569   Thumb Code    36  stm32f10x_usart.o(.text)
    USART_GetITStatus                        0x0801558d   Thumb Code   168  stm32f10x_usart.o(.text)
    USART_ClearITPendingBit                  0x08015635   Thumb Code    68  stm32f10x_usart.o(.text)
    Reset_Handler                            0x08015679   Thumb Code     8  startup_stm32f10x_md.o(.text)
    NMI_Handler                              0x08015681   Thumb Code     2  startup_stm32f10x_md.o(.text)
    HardFault_Handler                        0x08015683   Thumb Code     2  startup_stm32f10x_md.o(.text)
    MemManage_Handler                        0x08015685   Thumb Code     2  startup_stm32f10x_md.o(.text)
    BusFault_Handler                         0x08015687   Thumb Code     2  startup_stm32f10x_md.o(.text)
    UsageFault_Handler                       0x08015689   Thumb Code     2  startup_stm32f10x_md.o(.text)
    SVC_Handler                              0x0801568b   Thumb Code     2  startup_stm32f10x_md.o(.text)
    DebugMon_Handler                         0x0801568d   Thumb Code     2  startup_stm32f10x_md.o(.text)
    PendSV_Handler                           0x0801568f   Thumb Code     2  startup_stm32f10x_md.o(.text)
    SysTick_Handler                          0x08015691   Thumb Code     2  startup_stm32f10x_md.o(.text)
    ADC1_2_IRQHandler                        0x08015693   Thumb Code     0  startup_stm32f10x_md.o(.text)
    CAN1_RX1_IRQHandler                      0x08015693   Thumb Code     0  startup_stm32f10x_md.o(.text)
    CAN1_SCE_IRQHandler                      0x08015693   Thumb Code     0  startup_stm32f10x_md.o(.text)
    DMA1_Channel1_IRQHandler                 0x08015693   Thumb Code     0  startup_stm32f10x_md.o(.text)
    DMA1_Channel2_IRQHandler                 0x08015693   Thumb Code     0  startup_stm32f10x_md.o(.text)
    DMA1_Channel3_IRQHandler                 0x08015693   Thumb Code     0  startup_stm32f10x_md.o(.text)
    DMA1_Channel4_IRQHandler                 0x08015693   Thumb Code     0  startup_stm32f10x_md.o(.text)
    DMA1_Channel5_IRQHandler                 0x08015693   Thumb Code     0  startup_stm32f10x_md.o(.text)
    DMA1_Channel6_IRQHandler                 0x08015693   Thumb Code     0  startup_stm32f10x_md.o(.text)
    DMA1_Channel7_IRQHandler                 0x08015693   Thumb Code     0  startup_stm32f10x_md.o(.text)
    EXTI15_10_IRQHandler                     0x08015693   Thumb Code     0  startup_stm32f10x_md.o(.text)
    EXTI1_IRQHandler                         0x08015693   Thumb Code     0  startup_stm32f10x_md.o(.text)
    EXTI2_IRQHandler                         0x08015693   Thumb Code     0  startup_stm32f10x_md.o(.text)
    EXTI3_IRQHandler                         0x08015693   Thumb Code     0  startup_stm32f10x_md.o(.text)
    EXTI4_IRQHandler                         0x08015693   Thumb Code     0  startup_stm32f10x_md.o(.text)
    FLASH_IRQHandler                         0x08015693   Thumb Code     0  startup_stm32f10x_md.o(.text)
    I2C1_ER_IRQHandler                       0x08015693   Thumb Code     0  startup_stm32f10x_md.o(.text)
    I2C1_EV_IRQHandler                       0x08015693   Thumb Code     0  startup_stm32f10x_md.o(.text)
    I2C2_ER_IRQHandler                       0x08015693   Thumb Code     0  startup_stm32f10x_md.o(.text)
    I2C2_EV_IRQHandler                       0x08015693   Thumb Code     0  startup_stm32f10x_md.o(.text)
    PVD_IRQHandler                           0x08015693   Thumb Code     0  startup_stm32f10x_md.o(.text)
    RCC_IRQHandler                           0x08015693   Thumb Code     0  startup_stm32f10x_md.o(.text)
    RTCAlarm_IRQHandler                      0x08015693   Thumb Code     0  startup_stm32f10x_md.o(.text)
    RTC_IRQHandler                           0x08015693   Thumb Code     0  startup_stm32f10x_md.o(.text)
    SPI1_IRQHandler                          0x08015693   Thumb Code     0  startup_stm32f10x_md.o(.text)
    SPI2_IRQHandler                          0x08015693   Thumb Code     0  startup_stm32f10x_md.o(.text)
    TAMPER_IRQHandler                        0x08015693   Thumb Code     0  startup_stm32f10x_md.o(.text)
    TIM1_BRK_IRQHandler                      0x08015693   Thumb Code     0  startup_stm32f10x_md.o(.text)
    TIM1_CC_IRQHandler                       0x08015693   Thumb Code     0  startup_stm32f10x_md.o(.text)
    TIM1_TRG_COM_IRQHandler                  0x08015693   Thumb Code     0  startup_stm32f10x_md.o(.text)
    TIM1_UP_IRQHandler                       0x08015693   Thumb Code     0  startup_stm32f10x_md.o(.text)
    TIM3_IRQHandler                          0x08015693   Thumb Code     0  startup_stm32f10x_md.o(.text)
    USART1_IRQHandler                        0x08015693   Thumb Code     0  startup_stm32f10x_md.o(.text)
    USART2_IRQHandler                        0x08015693   Thumb Code     0  startup_stm32f10x_md.o(.text)
    USART3_IRQHandler                        0x08015693   Thumb Code     0  startup_stm32f10x_md.o(.text)
    USBWakeUp_IRQHandler                     0x08015693   Thumb Code     0  startup_stm32f10x_md.o(.text)
    USB_HP_CAN1_TX_IRQHandler                0x08015693   Thumb Code     0  startup_stm32f10x_md.o(.text)
    USB_LP_CAN1_RX0_IRQHandler               0x08015693   Thumb Code     0  startup_stm32f10x_md.o(.text)
    WWDG_IRQHandler                          0x08015693   Thumb Code     0  startup_stm32f10x_md.o(.text)
    SystemInit                               0x0801569d   Thumb Code   102  system_stm32f10x.o(.text)
    SystemCoreClockUpdate                    0x0801570d   Thumb Code   290  system_stm32f10x.o(.text)
    __aeabi_uldivmod                         0x08015953   Thumb Code    98  uldiv.o(.text)
    __aeabi_ldivmod                          0x080159b5   Thumb Code    98  ldiv.o(.text)
    __aeabi_memcpy                           0x08015a17   Thumb Code    36  memcpya.o(.text)
    __aeabi_memcpy4                          0x08015a17   Thumb Code     0  memcpya.o(.text)
    __aeabi_memcpy8                          0x08015a17   Thumb Code     0  memcpya.o(.text)
    __aeabi_memset                           0x08015a3b   Thumb Code    14  memseta.o(.text)
    __aeabi_memset4                          0x08015a3b   Thumb Code     0  memseta.o(.text)
    __aeabi_memset8                          0x08015a3b   Thumb Code     0  memseta.o(.text)
    __aeabi_memclr                           0x08015a49   Thumb Code     4  memseta.o(.text)
    __aeabi_memclr4                          0x08015a49   Thumb Code     0  memseta.o(.text)
    __aeabi_memclr8                          0x08015a49   Thumb Code     0  memseta.o(.text)
    _memset$wrapper                          0x08015a4d   Thumb Code    18  memseta.o(.text)
    memcmp                                   0x08015a5f   Thumb Code    26  memcmp.o(.text)
    __aeabi_fadd                             0x08015a79   Thumb Code   164  fadd.o(.text)
    __aeabi_fsub                             0x08015b1d   Thumb Code     6  fadd.o(.text)
    __aeabi_frsub                            0x08015b23   Thumb Code     6  fadd.o(.text)
    __aeabi_fmul                             0x08015b29   Thumb Code   100  fmul.o(.text)
    __aeabi_fdiv                             0x08015b8d   Thumb Code   124  fdiv.o(.text)
    __aeabi_dmul                             0x08015c09   Thumb Code   228  dmul.o(.text)
    __aeabi_ddiv                             0x08015ced   Thumb Code   222  ddiv.o(.text)
    __aeabi_fcmple                           0x08015dcb   Thumb Code    28  fcmple.o(.text)
    __aeabi_fcmplt                           0x08015de7   Thumb Code    28  fcmplt.o(.text)
    __aeabi_fcmpge                           0x08015e03   Thumb Code    28  fcmpge.o(.text)
    __aeabi_fcmpeq                           0x08015e1f   Thumb Code    28  fcmpeq.o(.text)
    __aeabi_dcmple                           0x08015e3b   Thumb Code    54  dcmple.o(.text)
    __aeabi_i2f                              0x08015e71   Thumb Code    18  fflti.o(.text)
    __aeabi_ui2f                             0x08015e83   Thumb Code    10  ffltui.o(.text)
    __aeabi_i2d                              0x08015e8d   Thumb Code    34  dflti.o(.text)
    __aeabi_f2iz                             0x08015eaf   Thumb Code    50  ffixi.o(.text)
    __aeabi_d2iz                             0x08015ee1   Thumb Code    62  dfixi.o(.text)
    __aeabi_f2d                              0x08015f1f   Thumb Code    38  f2d.o(.text)
    __aeabi_d2f                              0x08015f45   Thumb Code    56  d2f.o(.text)
    __aeabi_uidiv                            0x08015f7d   Thumb Code     0  uidiv.o(.text)
    __aeabi_uidivmod                         0x08015f7d   Thumb Code    44  uidiv.o(.text)
    __aeabi_llsl                             0x08015fa9   Thumb Code    30  llshl.o(.text)
    _ll_shift_l                              0x08015fa9   Thumb Code     0  llshl.o(.text)
    __aeabi_llsr                             0x08015fc7   Thumb Code    32  llushr.o(.text)
    _ll_ushift_r                             0x08015fc7   Thumb Code     0  llushr.o(.text)
    __I$use$fp                               0x08015fe7   Thumb Code     0  iusefp.o(.text)
    _float_round                             0x08015fe7   Thumb Code    18  fepilogue.o(.text)
    _float_epilogue                          0x08015ff9   Thumb Code    92  fepilogue.o(.text)
    _double_round                            0x08016055   Thumb Code    30  depilogue.o(.text)
    _double_epilogue                         0x08016073   Thumb Code   156  depilogue.o(.text)
    __aeabi_dadd                             0x0801610f   Thumb Code   322  dadd.o(.text)
    __aeabi_dsub                             0x08016251   Thumb Code     6  dadd.o(.text)
    __aeabi_drsub                            0x08016257   Thumb Code     6  dadd.o(.text)
    __ARM_scalbn                             0x0801625d   Thumb Code    46  dscalb.o(.text)
    scalbn                                   0x0801625d   Thumb Code     0  dscalb.o(.text)
    _drnd                                    0x0801628d   Thumb Code   132  drnd.o(.text)
    __aeabi_d2ulz                            0x08016315   Thumb Code    48  dfixul.o(.text)
    __aeabi_cdcmpeq                          0x08016345   Thumb Code     0  cdcmple.o(.text)
    __aeabi_cdcmple                          0x08016345   Thumb Code    48  cdcmple.o(.text)
    __aeabi_cdrcmple                         0x08016375   Thumb Code    48  cdrcmple.o(.text)
    __scatterload                            0x080163a5   Thumb Code    38  init.o(.text)
    __scatterload_rt2                        0x080163a5   Thumb Code     0  init.o(.text)
    __aeabi_lasr                             0x080163d5   Thumb Code    36  llsshr.o(.text)
    _ll_sshift_r                             0x080163d5   Thumb Code     0  llsshr.o(.text)
    _dsqrt                                   0x080163f9   Thumb Code   162  dsqrt.o(.text)
    __0printf                                0x0801649d   Thumb Code    22  printfa.o(i.__0printf)
    __1printf                                0x0801649d   Thumb Code     0  printfa.o(i.__0printf)
    __2printf                                0x0801649d   Thumb Code     0  printfa.o(i.__0printf)
    __c89printf                              0x0801649d   Thumb Code     0  printfa.o(i.__0printf)
    printf                                   0x0801649d   Thumb Code     0  printfa.o(i.__0printf)
    __ARM_fpclassify                         0x080164bd   Thumb Code    40  fpclassify.o(i.__ARM_fpclassify)
    __kernel_poly                            0x080164e5   Thumb Code   170  poly.o(i.__kernel_poly)
    __mathlib_dbl_divzero                    0x08016591   Thumb Code    12  dunder.o(i.__mathlib_dbl_divzero)
    __mathlib_dbl_infnan2                    0x080165a1   Thumb Code     4  dunder.o(i.__mathlib_dbl_infnan2)
    __mathlib_dbl_invalid                    0x080165a5   Thumb Code    12  dunder.o(i.__mathlib_dbl_invalid)
    __mathlib_dbl_overflow                   0x080165b1   Thumb Code    14  dunder.o(i.__mathlib_dbl_overflow)
    __mathlib_dbl_underflow                  0x080165c1   Thumb Code    10  dunder.o(i.__mathlib_dbl_underflow)
    __scatterload_copy                       0x080165d1   Thumb Code    14  handlers.o(i.__scatterload_copy)
    __scatterload_null                       0x080165df   Thumb Code     2  handlers.o(i.__scatterload_null)
    __scatterload_zeroinit                   0x080165e1   Thumb Code    14  handlers.o(i.__scatterload_zeroinit)
    __set_errno                              0x080165f1   Thumb Code     6  errno.o(i.__set_errno)
    pow                                      0x08016eb1   Thumb Code  2532  pow.o(i.pow)
    round                                    0x0801789d   Thumb Code   136  round.o(i.round)
    sqrt                                     0x08017931   Thumb Code    76  sqrt.o(i.sqrt)
    __mathlib_zero                           0x08017a08   Data           8  qnan.o(.constdata)
    AHBPrescTable                            0x08017a14   Data          16  system_stm32f10x.o(.rodata.AHBPrescTable)
    conv1d_1_bias_shift                      0x08017a34   Data           4  main.o(.rodata.conv1d_1_bias_shift)
    conv1d_1_config                          0x08017a38   Data          40  main.o(.rodata.conv1d_1_config)
    conv1d_1_output_shift                    0x08017a60   Data           4  main.o(.rodata.conv1d_1_output_shift)
    conv1d_bias_shift                        0x08017a64   Data           4  main.o(.rodata.conv1d_bias_shift)
    conv1d_config                            0x08017a68   Data          40  main.o(.rodata.conv1d_config)
    conv1d_output_shift                      0x08017a90   Data           4  main.o(.rodata.conv1d_output_shift)
    default_activation_names                 0x08017a94   Data          64  nnom.o(.rodata.default_activation_names)
    default_cell_names                       0x08017ad4   Data          32  nnom.o(.rodata.default_cell_names)
    default_layer_names                      0x08017af4   Data         396  nnom.o(.rodata.default_layer_names)
    dense_bias_shift                         0x08017c80   Data           4  main.o(.rodata.dense_bias_shift)
    dense_config                             0x08017c84   Data          24  main.o(.rodata.dense_config)
    dense_output_shift                       0x08017c9c   Data           4  main.o(.rodata.dense_output_shift)
    flatten_config                           0x08018898   Data           4  main.o(.rodata.flatten_config)
    hw                                       0x0801889c   Data          12  inv_mpu.o(.rodata.hw)
    input_1_config                           0x080188a8   Data           8  main.o(.rodata.input_1_config)
    output0_config                           0x08018eb0   Data           8  main.o(.rodata.output0_config)
    reg                                      0x08018eb8   Data          30  inv_mpu.o(.rodata.reg)
    softmax_config                           0x08018ed8   Data           4  main.o(.rodata.softmax_config)
    tensor_conv1d_1_bias_0                   0x0801960c   Data          24  main.o(.rodata.tensor_conv1d_1_bias_0)
    tensor_conv1d_1_bias_0_data              0x08019624   Data          15  main.o(.rodata.tensor_conv1d_1_bias_0_data)
    tensor_conv1d_1_bias_0_dec               0x08019634   Data           4  main.o(.rodata.tensor_conv1d_1_bias_0_dec)
    tensor_conv1d_1_bias_0_dim               0x08019638   Data           2  main.o(.rodata.tensor_conv1d_1_bias_0_dim)
    tensor_conv1d_1_bias_0_offset            0x0801963c   Data           4  main.o(.rodata.tensor_conv1d_1_bias_0_offset)
    tensor_conv1d_1_kernel_0                 0x08019640   Data          24  main.o(.rodata.tensor_conv1d_1_kernel_0)
    tensor_conv1d_1_kernel_0_data            0x08019658   Data        1350  main.o(.rodata.tensor_conv1d_1_kernel_0_data)
    tensor_conv1d_1_kernel_0_dec             0x08019ba0   Data           4  main.o(.rodata.tensor_conv1d_1_kernel_0_dec)
    tensor_conv1d_1_kernel_0_dim             0x08019ba4   Data           6  main.o(.rodata.tensor_conv1d_1_kernel_0_dim)
    tensor_conv1d_1_kernel_0_offset          0x08019bac   Data           4  main.o(.rodata.tensor_conv1d_1_kernel_0_offset)
    tensor_conv1d_bias_0                     0x08019bb0   Data          24  main.o(.rodata.tensor_conv1d_bias_0)
    tensor_conv1d_bias_0_data                0x08019bc8   Data          30  main.o(.rodata.tensor_conv1d_bias_0_data)
    tensor_conv1d_bias_0_dec                 0x08019be8   Data           4  main.o(.rodata.tensor_conv1d_bias_0_dec)
    tensor_conv1d_bias_0_dim                 0x08019bec   Data           2  main.o(.rodata.tensor_conv1d_bias_0_dim)
    tensor_conv1d_bias_0_offset              0x08019bf0   Data           4  main.o(.rodata.tensor_conv1d_bias_0_offset)
    tensor_conv1d_kernel_0                   0x08019bf4   Data          24  main.o(.rodata.tensor_conv1d_kernel_0)
    tensor_conv1d_kernel_0_data              0x08019c0c   Data         270  main.o(.rodata.tensor_conv1d_kernel_0_data)
    tensor_conv1d_kernel_0_dec               0x08019d1c   Data           4  main.o(.rodata.tensor_conv1d_kernel_0_dec)
    tensor_conv1d_kernel_0_dim               0x08019d20   Data           6  main.o(.rodata.tensor_conv1d_kernel_0_dim)
    tensor_conv1d_kernel_0_offset            0x08019d28   Data           4  main.o(.rodata.tensor_conv1d_kernel_0_offset)
    tensor_dense_bias_0                      0x08019d2c   Data          24  main.o(.rodata.tensor_dense_bias_0)
    tensor_dense_bias_0_data                 0x08019d44   Data          13  main.o(.rodata.tensor_dense_bias_0_data)
    tensor_dense_bias_0_dec                  0x08019d54   Data           4  main.o(.rodata.tensor_dense_bias_0_dec)
    tensor_dense_bias_0_dim                  0x08019d58   Data           2  main.o(.rodata.tensor_dense_bias_0_dim)
    tensor_dense_bias_0_offset               0x08019d5c   Data           4  main.o(.rodata.tensor_dense_bias_0_offset)
    tensor_dense_kernel_0                    0x08019d60   Data          24  main.o(.rodata.tensor_dense_kernel_0)
    tensor_dense_kernel_0_data               0x08019d78   Data        3315  main.o(.rodata.tensor_dense_kernel_0_data)
    tensor_dense_kernel_0_dec                0x0801aa6c   Data           4  main.o(.rodata.tensor_dense_kernel_0_dec)
    tensor_dense_kernel_0_dim                0x0801aa70   Data           4  main.o(.rodata.tensor_dense_kernel_0_dim)
    tensor_dense_kernel_0_offset             0x0801aa74   Data           4  main.o(.rodata.tensor_dense_kernel_0_offset)
    tensor_input_1                           0x0801aa78   Data          24  main.o(.rodata.tensor_input_1)
    tensor_input_1_dec                       0x0801aa90   Data           4  main.o(.rodata.tensor_input_1_dec)
    tensor_input_1_dim                       0x0801aa94   Data           4  main.o(.rodata.tensor_input_1_dim)
    tensor_input_1_offset                    0x0801aa98   Data           4  main.o(.rodata.tensor_input_1_offset)
    tensor_output0                           0x0801aa9c   Data          24  main.o(.rodata.tensor_output0)
    tensor_output0_dec                       0x0801aab4   Data           4  main.o(.rodata.tensor_output0_dec)
    tensor_output0_dim                       0x0801aab8   Data           2  main.o(.rodata.tensor_output0_dim)
    tensor_output0_offset                    0x0801aabc   Data           4  main.o(.rodata.tensor_output0_offset)
    test                                     0x0801aac0   Data          40  inv_mpu.o(.rodata.test)
    Region$$Table$$Base                      0x0801aae8   Number         0  anon$$obj.o(Region$$Table)
    Region$$Table$$Limit                     0x0801ab08   Number         0  anon$$obj.o(Region$$Table)
    __stdout                                 0x20000000   Data           4  stdout.o(.data)
    SystemCoreClock                          0x20000008   Data           4  system_stm32f10x.o(.data.SystemCoreClock)
    model_output                             0x20000015   Data           1  main.o(.data.model_output)
    ADC_Sample_Avg                           0x20000048   Data           4  adc.o(.bss.ADC_Sample_Avg)
    Button                                   0x2000004c   Data          12  button.o(.bss.Button)
    Cyberry_Potter                           0x20000058   Data           8  cyberrypotter.o(.bss.Cyberry_Potter)
    IMU                                      0x20000064   Data        1812  imu.o(.bss.IMU)
    IR_RF_Signal                             0x20000778   Data        2056  module_ir_rf.o(.bss.IR_RF_Signal)
    LED                                      0x20000f80   Data           8  led.o(.bss.LED)
    Module                                   0x20000f88   Data          12  cyberrypotter.o(.bss.Module)
    ROM_Address                              0x20000f94   Data           4  main.o(.bss.ROM_Address)
    SIGNAL_Count                             0x20000f98   Data           2  module_ir_rf.o(.bss.SIGNAL_Count)
    W25Q64_Buffer                            0x20000f9a   Data        4096  w25q64.o(.bss.W25Q64_Buffer)
    model                                    0x20001fac   Data           4  main.o(.bss.model)
    nnom_memory_taken                        0x20002174   Data           4  nnom.o(.bss.nnom_memory_taken)
    static_buf                               0x2000221d   Data        8192  main.o(.bss.static_buf)
    __initial_sp                             0x20004628   Data           0  startup_stm32f10x_md.o(STACK)



==============================================================================

Memory Map of the image

  Image Entry point : 0x080000ed

  Load Region LR_IROM1 (Base: 0x08000000, Size: 0x0001ab50, Max: 0x00020000, ABSOLUTE)

    Execution Region ER_IROM1 (Exec base: 0x08000000, Load base: 0x08000000, Size: 0x0001ab08, Max: 0x00020000, ABSOLUTE)

    Exec Addr    Load Addr    Size         Type   Attr      Idx    E Section Name        Object

    0x08000000   0x08000000   0x000000ec   Data   RO          683    RESET               startup_stm32f10x_md.o
    0x080000ec   0x080000ec   0x00000000   Code   RO          706  * .ARM.Collect$$$$00000000  mc_w.l(entry.o)
    0x080000ec   0x080000ec   0x00000004   Code   RO          811    .ARM.Collect$$$$00000001  mc_w.l(entry2.o)
    0x080000f0   0x080000f0   0x00000004   Code   RO          814    .ARM.Collect$$$$00000004  mc_w.l(entry5.o)
    0x080000f4   0x080000f4   0x00000000   Code   RO          816    .ARM.Collect$$$$00000008  mc_w.l(entry7b.o)
    0x080000f4   0x080000f4   0x00000000   Code   RO          818    .ARM.Collect$$$$0000000A  mc_w.l(entry8b.o)
    0x080000f4   0x080000f4   0x00000008   Code   RO          819    .ARM.Collect$$$$0000000B  mc_w.l(entry9a.o)
    0x080000fc   0x080000fc   0x00000000   Code   RO          821    .ARM.Collect$$$$0000000D  mc_w.l(entry10a.o)
    0x080000fc   0x080000fc   0x00000000   Code   RO          823    .ARM.Collect$$$$0000000F  mc_w.l(entry11a.o)
    0x080000fc   0x080000fc   0x00000004   Code   RO          812    .ARM.Collect$$$$00002712  mc_w.l(entry2.o)
    0x08000100   0x08000100   0x0000375a   Code   RO            1    .text               nnom_local.o
    0x0800385a   0x0800385a   0x00000002   PAD
    0x0800385c   0x0800385c   0x00003866   Code   RO           10    .text               nnom_local_q15.o
    0x080070c2   0x080070c2   0x00000002   PAD
    0x080070c4   0x080070c4   0x00001384   Code   RO           19    .text               nnom.o
    0x08008448   0x08008448   0x0000011c   Code   RO           34    .text               nnom_layers.o
    0x08008564   0x08008564   0x00000508   Code   RO           42    .text               nnom_tensor.o
    0x08008a6c   0x08008a6c   0x00000880   Code   RO           58    .text               nnom_activation.o
    0x080092ec   0x080092ec   0x00000134   Code   RO           72    .text               nnom_baselayer.o
    0x08009420   0x08009420   0x00000776   Code   RO           86    .text               nnom_conv2d.o
    0x08009b96   0x08009b96   0x00000002   PAD
    0x08009b98   0x08009b98   0x0000040a   Code   RO          107    .text               nnom_dense.o
    0x08009fa2   0x08009fa2   0x00000002   PAD
    0x08009fa4   0x08009fa4   0x0000010c   Code   RO          121    .text               nnom_flatten.o
    0x0800a0b0   0x0800a0b0   0x000002c6   Code   RO          142    .text               nnom_input.o
    0x0800a376   0x0800a376   0x00000002   PAD
    0x0800a378   0x0800a378   0x000000e4   Code   RO          177    .text               nnom_output.o
    0x0800a45c   0x0800a45c   0x00000114   Code   RO          205    .text               nnom_softmax.o
    0x0800a570   0x0800a570   0x000006d0   Code   RO          233    .text               cyberrypotter.o
    0x0800ac40   0x0800ac40   0x00000094   Code   RO          244    .text               delay.o
    0x0800acd4   0x0800acd4   0x000005ea   Code   RO          251    .text               iic.o
    0x0800b2be   0x0800b2be   0x00000002   PAD
    0x0800b2c0   0x0800b2c0   0x00000184   Code   RO          258    .text               imu.o
    0x0800b444   0x0800b444   0x0000055e   Code   RO          266    .text               main.o
    0x0800b9a2   0x0800b9a2   0x00000002   PAD
    0x0800b9a4   0x0800b9a4   0x000002d0   Code   RO          333    .text               mpu6050.o
    0x0800bc74   0x0800bc74   0x00000266   Code   RO          341    .text               w25q64.o
    0x0800beda   0x0800beda   0x00000002   PAD
    0x0800bedc   0x0800bedc   0x00002d32   Code   RO          350    .text               inv_mpu.o
    0x0800ec0e   0x0800ec0e   0x00000002   PAD
    0x0800ec10   0x0800ec10   0x0000114e   Code   RO          362    .text               inv_mpu_dmp_motion_driver.o
    0x0800fd5e   0x0800fd5e   0x00000002   PAD
    0x0800fd60   0x0800fd60   0x000002a2   Code   RO          380    .text               spi.o
    0x08010002   0x08010002   0x00000002   PAD
    0x08010004   0x08010004   0x000001da   Code   RO          387    .text               usart.o
    0x080101de   0x080101de   0x00000002   PAD
    0x080101e0   0x080101e0   0x0000026c   Code   RO          395    .text               button.o
    0x0801044c   0x0801044c   0x00000178   Code   RO          407    .text               led.o
    0x080105c4   0x080105c4   0x00000278   Code   RO          415    .text               adc.o
    0x0801083c   0x0801083c   0x00000216   Code   RO          423    .text               module0_ir.o
    0x08010a52   0x08010a52   0x00000002   PAD
    0x08010a54   0x08010a54   0x000001a0   Code   RO          430    .text               module1_rf433.o
    0x08010bf4   0x08010bf4   0x000005be   Code   RO          444    .text               module_ir_rf.o
    0x080111b2   0x080111b2   0x00000002   PAD
    0x080111b4   0x080111b4   0x0000011e   Code   RO          454    .text               module3.o
    0x080112d2   0x080112d2   0x00000002   PAD
    0x080112d4   0x080112d4   0x0000000a   Code   RO          461    .text               module4.o
    0x080112de   0x080112de   0x00000002   PAD
    0x080112e0   0x080112e0   0x0000000a   Code   RO          468    .text               module5.o
    0x080112ea   0x080112ea   0x00000002   PAD
    0x080112ec   0x080112ec   0x0000000a   Code   RO          475    .text               module6.o
    0x080112f6   0x080112f6   0x00000002   PAD
    0x080112f8   0x080112f8   0x0000000a   Code   RO          482    .text               module7.o
    0x08011302   0x08011302   0x00000002   PAD
    0x08011304   0x08011304   0x0000000a   Code   RO          489    .text               module8.o
    0x0801130e   0x0801130e   0x00000002   PAD
    0x08011310   0x08011310   0x0000000a   Code   RO          496    .text               module9.o
    0x0801131a   0x0801131a   0x00000002   PAD
    0x0801131c   0x0801131c   0x0000000a   Code   RO          503    .text               module10.o
    0x08011326   0x08011326   0x00000002   PAD
    0x08011328   0x08011328   0x00000158   Code   RO          518    .text               misc.o
    0x08011480   0x08011480   0x00000898   Code   RO          525    .text               stm32f10x_adc.o
    0x08011d18   0x08011d18   0x000001f8   Code   RO          581    .text               stm32f10x_exti.o
    0x08011f10   0x08011f10   0x000005ae   Code   RO          602    .text               stm32f10x_gpio.o
    0x080124be   0x080124be   0x00000002   PAD
    0x080124c0   0x080124c0   0x000006fc   Code   RO          630    .text               stm32f10x_rcc.o
    0x08012bbc   0x08012bbc   0x000005b8   Code   RO          653    .text               stm32f10x_spi.o
    0x08013174   0x08013174   0x00001dce   Code   RO          660    .text               stm32f10x_tim.o
    0x08014f42   0x08014f42   0x00000002   PAD
    0x08014f44   0x08014f44   0x00000734   Code   RO          667    .text               stm32f10x_usart.o
    0x08015678   0x08015678   0x00000024   Code   RO          684    .text               startup_stm32f10x_md.o
    0x0801569c   0x0801569c   0x000002b6   Code   RO          690    .text               system_stm32f10x.o
    0x08015952   0x08015952   0x00000062   Code   RO          714    .text               mc_w.l(uldiv.o)
    0x080159b4   0x080159b4   0x00000062   Code   RO          716    .text               mc_w.l(ldiv.o)
    0x08015a16   0x08015a16   0x00000024   Code   RO          718    .text               mc_w.l(memcpya.o)
    0x08015a3a   0x08015a3a   0x00000024   Code   RO          720    .text               mc_w.l(memseta.o)
    0x08015a5e   0x08015a5e   0x0000001a   Code   RO          722    .text               mc_w.l(memcmp.o)
    0x08015a78   0x08015a78   0x000000b0   Code   RO          754    .text               mf_w.l(fadd.o)
    0x08015b28   0x08015b28   0x00000064   Code   RO          756    .text               mf_w.l(fmul.o)
    0x08015b8c   0x08015b8c   0x0000007c   Code   RO          758    .text               mf_w.l(fdiv.o)
    0x08015c08   0x08015c08   0x000000e4   Code   RO          760    .text               mf_w.l(dmul.o)
    0x08015cec   0x08015cec   0x000000de   Code   RO          762    .text               mf_w.l(ddiv.o)
    0x08015dca   0x08015dca   0x0000001c   Code   RO          764    .text               mf_w.l(fcmple.o)
    0x08015de6   0x08015de6   0x0000001c   Code   RO          766    .text               mf_w.l(fcmplt.o)
    0x08015e02   0x08015e02   0x0000001c   Code   RO          768    .text               mf_w.l(fcmpge.o)
    0x08015e1e   0x08015e1e   0x0000001c   Code   RO          770    .text               mf_w.l(fcmpeq.o)
    0x08015e3a   0x08015e3a   0x00000036   Code   RO          772    .text               mf_w.l(dcmple.o)
    0x08015e70   0x08015e70   0x00000012   Code   RO          774    .text               mf_w.l(fflti.o)
    0x08015e82   0x08015e82   0x0000000a   Code   RO          776    .text               mf_w.l(ffltui.o)
    0x08015e8c   0x08015e8c   0x00000022   Code   RO          778    .text               mf_w.l(dflti.o)
    0x08015eae   0x08015eae   0x00000032   Code   RO          780    .text               mf_w.l(ffixi.o)
    0x08015ee0   0x08015ee0   0x0000003e   Code   RO          782    .text               mf_w.l(dfixi.o)
    0x08015f1e   0x08015f1e   0x00000026   Code   RO          784    .text               mf_w.l(f2d.o)
    0x08015f44   0x08015f44   0x00000038   Code   RO          786    .text               mf_w.l(d2f.o)
    0x08015f7c   0x08015f7c   0x0000002c   Code   RO          835    .text               mc_w.l(uidiv.o)
    0x08015fa8   0x08015fa8   0x0000001e   Code   RO          837    .text               mc_w.l(llshl.o)
    0x08015fc6   0x08015fc6   0x00000020   Code   RO          839    .text               mc_w.l(llushr.o)
    0x08015fe6   0x08015fe6   0x00000000   Code   RO          848    .text               mc_w.l(iusefp.o)
    0x08015fe6   0x08015fe6   0x0000006e   Code   RO          849    .text               mf_w.l(fepilogue.o)
    0x08016054   0x08016054   0x000000ba   Code   RO          851    .text               mf_w.l(depilogue.o)
    0x0801610e   0x0801610e   0x0000014e   Code   RO          853    .text               mf_w.l(dadd.o)
    0x0801625c   0x0801625c   0x0000002e   Code   RO          855    .text               mf_w.l(dscalb.o)
    0x0801628a   0x0801628a   0x00000002   PAD
    0x0801628c   0x0801628c   0x00000088   Code   RO          857    .text               mf_w.l(drnd.o)
    0x08016314   0x08016314   0x00000030   Code   RO          859    .text               mf_w.l(dfixul.o)
    0x08016344   0x08016344   0x00000030   Code   RO          861    .text               mf_w.l(cdcmple.o)
    0x08016374   0x08016374   0x00000030   Code   RO          863    .text               mf_w.l(cdrcmple.o)
    0x080163a4   0x080163a4   0x00000030   Code   RO          865    .text               mc_w.l(init.o)
    0x080163d4   0x080163d4   0x00000024   Code   RO          867    .text               mc_w.l(llsshr.o)
    0x080163f8   0x080163f8   0x000000a2   Code   RO          869    .text               mf_w.l(dsqrt.o)
    0x0801649a   0x0801649a   0x00000002   PAD
    0x0801649c   0x0801649c   0x00000020   Code   RO          727    i.__0printf         mc_w.l(printfa.o)
    0x080164bc   0x080164bc   0x00000028   Code   RO          802    i.__ARM_fpclassify  m_ws.l(fpclassify.o)
    0x080164e4   0x080164e4   0x000000aa   Code   RO          804    i.__kernel_poly     m_ws.l(poly.o)
    0x0801658e   0x0801658e   0x00000002   PAD
    0x08016590   0x08016590   0x00000010   Code   RO          788    i.__mathlib_dbl_divzero  m_ws.l(dunder.o)
    0x080165a0   0x080165a0   0x00000004   Code   RO          790    i.__mathlib_dbl_infnan2  m_ws.l(dunder.o)
    0x080165a4   0x080165a4   0x0000000c   Code   RO          791    i.__mathlib_dbl_invalid  m_ws.l(dunder.o)
    0x080165b0   0x080165b0   0x0000000e   Code   RO          792    i.__mathlib_dbl_overflow  m_ws.l(dunder.o)
    0x080165be   0x080165be   0x00000002   PAD
    0x080165c0   0x080165c0   0x00000010   Code   RO          794    i.__mathlib_dbl_underflow  m_ws.l(dunder.o)
    0x080165d0   0x080165d0   0x0000000e   Code   RO          873    i.__scatterload_copy  mc_w.l(handlers.o)
    0x080165de   0x080165de   0x00000002   Code   RO          874    i.__scatterload_null  mc_w.l(handlers.o)
    0x080165e0   0x080165e0   0x0000000e   Code   RO          875    i.__scatterload_zeroinit  mc_w.l(handlers.o)
    0x080165ee   0x080165ee   0x00000002   PAD
    0x080165f0   0x080165f0   0x0000000c   Code   RO          843    i.__set_errno       mc_w.l(errno.o)
    0x080165fc   0x080165fc   0x00000184   Code   RO          734    i._fp_digits        mc_w.l(printfa.o)
    0x08016780   0x08016780   0x000006dc   Code   RO          735    i._printf_core      mc_w.l(printfa.o)
    0x08016e5c   0x08016e5c   0x00000024   Code   RO          736    i._printf_post_padding  mc_w.l(printfa.o)
    0x08016e80   0x08016e80   0x0000002e   Code   RO          737    i._printf_pre_padding  mc_w.l(printfa.o)
    0x08016eae   0x08016eae   0x00000002   PAD
    0x08016eb0   0x08016eb0   0x000009ec   Code   RO          700    i.pow               m_ws.l(pow.o)
    0x0801789c   0x0801789c   0x00000094   Code   RO          704    i.round             m_ws.l(round.o)
    0x08017930   0x08017930   0x0000004c   Code   RO          808    i.sqrt              m_ws.l(sqrt.o)
    0x0801797c   0x0801797c   0x00000004   PAD
    0x08017980   0x08017980   0x00000088   Data   RO          701    .constdata          m_ws.l(pow.o)
    0x08017a08   0x08017a08   0x00000008   Data   RO          806    .constdata          m_ws.l(qnan.o)
    0x08017a10   0x08017a10   0x00000004   Data   RO          633    .rodata.ADCPrescTable  stm32f10x_rcc.o
    0x08017a14   0x08017a14   0x00000010   Data   RO          693    .rodata.AHBPrescTable  system_stm32f10x.o
    0x08017a24   0x08017a24   0x00000010   Data   RO          632    .rodata.APBAHBPrescTable  stm32f10x_rcc.o
    0x08017a34   0x08017a34   0x00000004   Data   RO          299    .rodata.conv1d_1_bias_shift  main.o
    0x08017a38   0x08017a38   0x00000028   Data   RO          300    .rodata.conv1d_1_config  main.o
    0x08017a60   0x08017a60   0x00000004   Data   RO          298    .rodata.conv1d_1_output_shift  main.o
    0x08017a64   0x08017a64   0x00000004   Data   RO          286    .rodata.conv1d_bias_shift  main.o
    0x08017a68   0x08017a68   0x00000028   Data   RO          287    .rodata.conv1d_config  main.o
    0x08017a90   0x08017a90   0x00000004   Data   RO          285    .rodata.conv1d_output_shift  main.o
    0x08017a94   0x08017a94   0x00000040   Data   RO           22    .rodata.default_activation_names  nnom.o
    0x08017ad4   0x08017ad4   0x00000020   Data   RO           23    .rodata.default_cell_names  nnom.o
    0x08017af4   0x08017af4   0x0000018c   Data   RO           21    .rodata.default_layer_names  nnom.o
    0x08017c80   0x08017c80   0x00000004   Data   RO          313    .rodata.dense_bias_shift  main.o
    0x08017c84   0x08017c84   0x00000018   Data   RO          314    .rodata.dense_config  main.o
    0x08017c9c   0x08017c9c   0x00000004   Data   RO          312    .rodata.dense_output_shift  main.o
    0x08017ca0   0x08017ca0   0x00000bf6   Data   RO          364    .rodata.dmp_memory  inv_mpu_dmp_motion_driver.o
    0x08018896   0x08018896   0x00000002   PAD
    0x08018898   0x08018898   0x00000004   Data   RO          301    .rodata.flatten_config  main.o
    0x0801889c   0x0801889c   0x0000000c   Data   RO          353    .rodata.hw          inv_mpu.o
    0x080188a8   0x080188a8   0x00000008   Data   RO          274    .rodata.input_1_config  main.o
    0x080188b0   0x080188b0   0x00000200   Data   RO           12    .rodata.nnom_sigmoid_table_q15  nnom_local_q15.o
    0x08018ab0   0x08018ab0   0x00000100   Data   RO            3    .rodata.nnom_sigmoid_table_q7  nnom_local.o
    0x08018bb0   0x08018bb0   0x00000200   Data   RO           13    .rodata.nnom_tanh_table_q15  nnom_local_q15.o
    0x08018db0   0x08018db0   0x00000100   Data   RO            4    .rodata.nnom_tanh_table_q7  nnom_local.o
    0x08018eb0   0x08018eb0   0x00000008   Data   RO          321    .rodata.output0_config  main.o
    0x08018eb8   0x08018eb8   0x0000001e   Data   RO          352    .rodata.reg         inv_mpu.o
    0x08018ed6   0x08018ed6   0x00000002   PAD
    0x08018ed8   0x08018ed8   0x00000004   Data   RO          315    .rodata.softmax_config  main.o
    0x08018edc   0x08018edc   0x00000524   Data   RO           28    .rodata.str1.1      nnom.o
    0x08019400   0x08019400   0x00000022   Data   RO           44    .rodata.str1.1      nnom_tensor.o
    0x08019422   0x08019422   0x00000058   Data   RO          236    .rodata.str1.1      cyberrypotter.o
    0x0801947a   0x0801947a   0x000000db   Data   RO          273    .rodata.str1.1      main.o
    0x08019555   0x08019555   0x0000000b   Data   RO          344    .rodata.str1.1      w25q64.o
    0x08019560   0x08019560   0x0000000d   Data   RO          356    .rodata.str1.1      inv_mpu.o
    0x0801956d   0x0801956d   0x0000000b   Data   RO          389    .rodata.str1.1      usart.o
    0x08019578   0x08019578   0x0000000d   Data   RO          401    .rodata.str1.1      button.o
    0x08019585   0x08019585   0x00000085   Data   RO          448    .rodata.str1.1      module_ir_rf.o
    0x0801960a   0x0801960a   0x00000002   PAD
    0x0801960c   0x0801960c   0x00000018   Data   RO          297    .rodata.tensor_conv1d_1_bias_0  main.o
    0x08019624   0x08019624   0x0000000f   Data   RO          293    .rodata.tensor_conv1d_1_bias_0_data  main.o
    0x08019633   0x08019633   0x00000001   PAD
    0x08019634   0x08019634   0x00000004   Data   RO          295    .rodata.tensor_conv1d_1_bias_0_dec  main.o
    0x08019638   0x08019638   0x00000002   Data   RO          294    .rodata.tensor_conv1d_1_bias_0_dim  main.o
    0x0801963a   0x0801963a   0x00000002   PAD
    0x0801963c   0x0801963c   0x00000004   Data   RO          296    .rodata.tensor_conv1d_1_bias_0_offset  main.o
    0x08019640   0x08019640   0x00000018   Data   RO          292    .rodata.tensor_conv1d_1_kernel_0  main.o
    0x08019658   0x08019658   0x00000546   Data   RO          288    .rodata.tensor_conv1d_1_kernel_0_data  main.o
    0x08019b9e   0x08019b9e   0x00000002   PAD
    0x08019ba0   0x08019ba0   0x00000004   Data   RO          290    .rodata.tensor_conv1d_1_kernel_0_dec  main.o
    0x08019ba4   0x08019ba4   0x00000006   Data   RO          289    .rodata.tensor_conv1d_1_kernel_0_dim  main.o
    0x08019baa   0x08019baa   0x00000002   PAD
    0x08019bac   0x08019bac   0x00000004   Data   RO          291    .rodata.tensor_conv1d_1_kernel_0_offset  main.o
    0x08019bb0   0x08019bb0   0x00000018   Data   RO          284    .rodata.tensor_conv1d_bias_0  main.o
    0x08019bc8   0x08019bc8   0x0000001e   Data   RO          280    .rodata.tensor_conv1d_bias_0_data  main.o
    0x08019be6   0x08019be6   0x00000002   PAD
    0x08019be8   0x08019be8   0x00000004   Data   RO          282    .rodata.tensor_conv1d_bias_0_dec  main.o
    0x08019bec   0x08019bec   0x00000002   Data   RO          281    .rodata.tensor_conv1d_bias_0_dim  main.o
    0x08019bee   0x08019bee   0x00000002   PAD
    0x08019bf0   0x08019bf0   0x00000004   Data   RO          283    .rodata.tensor_conv1d_bias_0_offset  main.o
    0x08019bf4   0x08019bf4   0x00000018   Data   RO          279    .rodata.tensor_conv1d_kernel_0  main.o
    0x08019c0c   0x08019c0c   0x0000010e   Data   RO          275    .rodata.tensor_conv1d_kernel_0_data  main.o
    0x08019d1a   0x08019d1a   0x00000002   PAD
    0x08019d1c   0x08019d1c   0x00000004   Data   RO          277    .rodata.tensor_conv1d_kernel_0_dec  main.o
    0x08019d20   0x08019d20   0x00000006   Data   RO          276    .rodata.tensor_conv1d_kernel_0_dim  main.o
    0x08019d26   0x08019d26   0x00000002   PAD
    0x08019d28   0x08019d28   0x00000004   Data   RO          278    .rodata.tensor_conv1d_kernel_0_offset  main.o
    0x08019d2c   0x08019d2c   0x00000018   Data   RO          311    .rodata.tensor_dense_bias_0  main.o
    0x08019d44   0x08019d44   0x0000000d   Data   RO          307    .rodata.tensor_dense_bias_0_data  main.o
    0x08019d51   0x08019d51   0x00000003   PAD
    0x08019d54   0x08019d54   0x00000004   Data   RO          309    .rodata.tensor_dense_bias_0_dec  main.o
    0x08019d58   0x08019d58   0x00000002   Data   RO          308    .rodata.tensor_dense_bias_0_dim  main.o
    0x08019d5a   0x08019d5a   0x00000002   PAD
    0x08019d5c   0x08019d5c   0x00000004   Data   RO          310    .rodata.tensor_dense_bias_0_offset  main.o
    0x08019d60   0x08019d60   0x00000018   Data   RO          306    .rodata.tensor_dense_kernel_0  main.o
    0x08019d78   0x08019d78   0x00000cf3   Data   RO          302    .rodata.tensor_dense_kernel_0_data  main.o
    0x0801aa6b   0x0801aa6b   0x00000001   PAD
    0x0801aa6c   0x0801aa6c   0x00000004   Data   RO          304    .rodata.tensor_dense_kernel_0_dec  main.o
    0x0801aa70   0x0801aa70   0x00000004   Data   RO          303    .rodata.tensor_dense_kernel_0_dim  main.o
    0x0801aa74   0x0801aa74   0x00000004   Data   RO          305    .rodata.tensor_dense_kernel_0_offset  main.o
    0x0801aa78   0x0801aa78   0x00000018   Data   RO          272    .rodata.tensor_input_1  main.o
    0x0801aa90   0x0801aa90   0x00000004   Data   RO          269    .rodata.tensor_input_1_dec  main.o
    0x0801aa94   0x0801aa94   0x00000004   Data   RO          268    .rodata.tensor_input_1_dim  main.o
    0x0801aa98   0x0801aa98   0x00000004   Data   RO          270    .rodata.tensor_input_1_offset  main.o
    0x0801aa9c   0x0801aa9c   0x00000018   Data   RO          320    .rodata.tensor_output0  main.o
    0x0801aab4   0x0801aab4   0x00000004   Data   RO          317    .rodata.tensor_output0_dec  main.o
    0x0801aab8   0x0801aab8   0x00000002   Data   RO          316    .rodata.tensor_output0_dim  main.o
    0x0801aaba   0x0801aaba   0x00000002   PAD
    0x0801aabc   0x0801aabc   0x00000004   Data   RO          318    .rodata.tensor_output0_offset  main.o
    0x0801aac0   0x0801aac0   0x00000028   Data   RO          354    .rodata.test        inv_mpu.o
    0x0801aae8   0x0801aae8   0x00000020   Data   RO          872    Region$$Table       anon$$obj.o


    Execution Region RW_IRAM1 (Exec base: 0x20000000, Load base: 0x0801ab08, Size: 0x00004628, Max: 0x00005000, ABSOLUTE)

    Exec Addr    Load Addr    Size         Type   Attr      Idx    E Section Name        Object

    0x20000000   0x0801ab08   0x00000004   Data   RW          825    .data               mc_w.l(stdout.o)
    0x20000004   0x0801ab0c   0x00000004   Data   RW          844    .data               mc_w.l(errno.o)
    0x20000008   0x0801ab10   0x00000004   Data   RW          692    .data.SystemCoreClock  system_stm32f10x.o
    0x2000000c   0x0801ab14   0x00000009   Data   RW          335    .data.gyro_orientation  mpu6050.o
    0x20000015   0x0801ab1d   0x00000001   Data   RW          322    .data.model_output  main.o
    0x20000016   0x0801ab1e   0x00000002   PAD
    0x20000018   0x0801ab20   0x0000002c   Data   RW          355    .data.st            inv_mpu.o
    0x20000044   0x0801ab4c   0x00000004   PAD
    0x20000048        -       0x00000004   Zero   RW          417    .bss.ADC_Sample_Avg  adc.o
    0x2000004c        -       0x0000000c   Zero   RW          397    .bss.Button         button.o
    0x20000058        -       0x00000008   Zero   RW          237    .bss.Cyberry_Potter  cyberrypotter.o
    0x20000060        -       0x00000001   Zero   RW          238    .bss.EXTI9_5_IRQHandler.i  cyberrypotter.o
    0x20000061   0x0801ab4c   0x00000003   PAD
    0x20000064        -       0x00000714   Zero   RW          260    .bss.IMU            imu.o
    0x20000778        -       0x00000808   Zero   RW          446    .bss.IR_RF_Signal   module_ir_rf.o
    0x20000f80        -       0x00000008   Zero   RW          409    .bss.LED            led.o
    0x20000f88        -       0x0000000c   Zero   RW          235    .bss.Module         cyberrypotter.o
    0x20000f94        -       0x00000004   Zero   RW          325    .bss.ROM_Address    main.o
    0x20000f98        -       0x00000002   Zero   RW          447    .bss.SIGNAL_Count   module_ir_rf.o
    0x20000f9a        -       0x00001000   Zero   RW          343    .bss.W25Q64_Buffer  w25q64.o
    0x20001f9a   0x0801ab4c   0x00000002   PAD
    0x20001f9c        -       0x00000010   Zero   RW          369    .bss.dmp            inv_mpu_dmp_motion_driver.o
    0x20001fac        -       0x00000004   Zero   RW          323    .bss.model          main.o
    0x20001fb0        -       0x000001c2   Zero   RW          271    .bss.nnom_input_data  main.o
    0x20002172   0x0801ab4c   0x00000002   PAD
    0x20002174        -       0x00000004   Zero   RW           24    .bss.nnom_memory_taken  nnom.o
    0x20002178        -       0x00000088   Zero   RW          326    .bss.nnom_model_create.model  main.o
    0x20002200        -       0x0000000d   Zero   RW          319    .bss.nnom_output_data  main.o
    0x2000220d   0x0801ab4c   0x00000003   PAD
    0x20002210        -       0x00000004   Zero   RW           25    .bss.nnom_static_buf  nnom.o
    0x20002214        -       0x00000004   Zero   RW           27    .bss.nnom_static_buf_curr  nnom.o
    0x20002218        -       0x00000004   Zero   RW           26    .bss.nnom_static_buf_size  nnom.o
    0x2000221c        -       0x00000001   Zero   RW          398    .bss.previous_status  button.o
    0x2000221d        -       0x00002000   Zero   RW          324    .bss.static_buf     main.o
    0x2000421d   0x0801ab4c   0x00000001   PAD
    0x2000421e        -       0x00000002   Zero   RW          399    .bss.time_hold_count_ms  button.o
    0x20004220        -       0x00000002   Zero   RW          400    .bss.time_release_count_ms  button.o
    0x20004222   0x0801ab4c   0x00000006   PAD
    0x20004228        -       0x00000400   Zero   RW          681    STACK               startup_stm32f10x_md.o


==============================================================================

Image component sizes


      Code (inc. data)   RO Data    RW Data    ZI Data      Debug   Object Name

       632          0          0          0          4       3236   adc.o
       620          0         13          0         17       5571   button.o
      1744          0         88          0         21       3961   cyberrypotter.o
       148          0          0          0          0       1097   delay.o
      1514          0          0          0          0       4879   iic.o
       388          0          0          0       1812       1960   imu.o
     11570          0         95         44          0      19045   inv_mpu.o
      4430          0       3062          0         16       8223   inv_mpu_dmp_motion_driver.o
       376          0          0          0          8       2210   led.o
      1374          0       5648          1       8799       9611   main.o
       344          0          0          0          0       3327   misc.o
       534          0          0          0          0       5186   module0_ir.o
        10          0          0          0          0        539   module10.o
       416          0          0          0          0       4905   module1_rf433.o
       286          0          0          0          0       3245   module3.o
        10          0          0          0          0        534   module4.o
        10          0          0          0          0        534   module5.o
        10          0          0          0          0        534   module6.o
        10          0          0          0          0        534   module7.o
        10          0          0          0          0        534   module8.o
        10          0          0          0          0        534   module9.o
      1470          0        133          0       2058       4842   module_ir_rf.o
       720          0          0          9          0       5600   mpu6050.o
      4996          0       1808          0         16      15963   nnom.o
      2176          0          0          0          0       8678   nnom_activation.o
       308          0          0          0          0       4364   nnom_baselayer.o
      1910          0          0          0          0       7166   nnom_conv2d.o
      1034          0          0          0          0       6014   nnom_dense.o
       268          0          0          0          0       4222   nnom_flatten.o
       710          0          0          0          0       4883   nnom_input.o
       284          0          0          0          0       4705   nnom_layers.o
     14170          0        512          0          0      27125   nnom_local.o
     14438          0       1024          0          0      26627   nnom_local_q15.o
       228          0          0          0          0       4175   nnom_output.o
       276          0          0          0          0       4177   nnom_softmax.o
      1288          0         34          0          0       4459   nnom_tensor.o
       674          0          0          0          0       3248   spi.o
        36          8        236          0       1024        912   startup_stm32f10x_md.o
      2200          0          0          0          0       8112   stm32f10x_adc.o
       504          0          0          0          0       2791   stm32f10x_exti.o
      1454          0          0          0          0       5424   stm32f10x_gpio.o
      1788          0         20          0          0       6465   stm32f10x_rcc.o
      1464          0          0          0          0       6229   stm32f10x_spi.o
      7630          0          0          0          0      18611   stm32f10x_tim.o
      1844          0          0          0          0       6996   stm32f10x_usart.o
       694          0         16          4          0       2978   system_stm32f10x.o
       474          0         11          0          0       4308   usart.o
       614          0         11          0       4096       1989   w25q64.o

    ----------------------------------------------------------------------
     88146          8      12772         60      17892     281262   Object Totals
         0          0         32          0          0          0   (incl. Generated)
        48          0         29          2         21          0   (incl. Padding)

    ----------------------------------------------------------------------

      Code (inc. data)   RO Data    RW Data    ZI Data      Debug   Library Member Name

        62         10          0          0          0        340   dunder.o
        40          0          0          0          0         68   fpclassify.o
       170          0          0          0          0         96   poly.o
      2540        188        136          0          0        332   pow.o
         0          0          8          0          0          0   qnan.o
       148         12          0          0          0         88   round.o
        76          0          0          0          0         84   sqrt.o
         0          0          0          0          0          0   entry.o
         0          0          0          0          0          0   entry10a.o
         0          0          0          0          0          0   entry11a.o
         8          4          0          0          0          0   entry2.o
         4          0          0          0          0          0   entry5.o
         0          0          0          0          0          0   entry7b.o
         0          0          0          0          0          0   entry8b.o
         8          4          0          0          0          0   entry9a.o
        12          6          0          4          0         68   errno.o
        30          0          0          0          0          0   handlers.o
        48         10          0          0          0         68   init.o
         0          0          0          0          0          0   iusefp.o
        98          0          0          0          0         84   ldiv.o
        30          0          0          0          0         68   llshl.o
        36          0          0          0          0         68   llsshr.o
        32          0          0          0          0         68   llushr.o
        26          0          0          0          0         80   memcmp.o
        36          0          0          0          0         68   memcpya.o
        36          0          0          0          0        108   memseta.o
      2258         90          0          0          0        452   printfa.o
         0          0          0          4          0          0   stdout.o
        44          0          0          0          0         80   uidiv.o
        98          0          0          0          0         92   uldiv.o
        48          0          0          0          0         68   cdcmple.o
        48          0          0          0          0         68   cdrcmple.o
        56          0          0          0          0         88   d2f.o
       334          0          0          0          0        148   dadd.o
        54          0          0          0          0         80   dcmple.o
       222          0          0          0          0        100   ddiv.o
       186          0          0          0          0        176   depilogue.o
        62          0          0          0          0         80   dfixi.o
        48          0          0          0          0         68   dfixul.o
        34          0          0          0          0         76   dflti.o
       228          0          0          0          0         96   dmul.o
       136          4          0          0          0         92   drnd.o
        46          0          0          0          0         80   dscalb.o
       162          0          0          0          0        100   dsqrt.o
        38          0          0          0          0         68   f2d.o
       176          0          0          0          0        140   fadd.o
        28          0          0          0          0         68   fcmpeq.o
        28          0          0          0          0         68   fcmpge.o
        28          0          0          0          0         68   fcmple.o
        28          0          0          0          0         68   fcmplt.o
       124          0          0          0          0         88   fdiv.o
       110          0          0          0          0        168   fepilogue.o
        50          0          0          0          0         68   ffixi.o
        18          0          0          0          0         68   fflti.o
        10          0          0          0          0         68   ffltui.o
       100          0          0          0          0         76   fmul.o

    ----------------------------------------------------------------------
      8258        328        144          8          0       4648   Library Totals
        16          0          0          0          0          0   (incl. Padding)

    ----------------------------------------------------------------------

      Code (inc. data)   RO Data    RW Data    ZI Data      Debug   Library Name

      3036        210        144          0          0       1008   m_ws.l
      2804        114          0          8          0       1304   mc_w.l
      2402          4          0          0          0       2336   mf_w.l

    ----------------------------------------------------------------------
      8258        328        144          8          0       4648   Library Totals

    ----------------------------------------------------------------------

==============================================================================


      Code (inc. data)   RO Data    RW Data    ZI Data      Debug   

     96404        336      12916         68      17892     282594   Grand Totals
     96404        336      12916         68      17892     282594   ELF Image Totals
     96404        336      12916         68          0          0   ROM Totals

==============================================================================

    Total RO  Size (Code + RO Data)               109320 ( 106.76kB)
    Total RW  Size (RW Data + ZI Data)             17960 (  17.54kB)
    Total ROM Size (Code + RO Data + RW Data)     109388 ( 106.82kB)

==============================================================================

