Component: Arm Compiler for Embedded 6.22 Tool: armlink [5ee90200]

==============================================================================

Section Cross References

    nnom_local.o(.ARM.exidx.text.local_avepool_q7_HWC) refers to nnom_local.o(.text.local_avepool_q7_HWC) for [Anonymous Symbol]
    nnom_local.o(.ARM.exidx.text.local_avepool_q7_CHW) refers to nnom_local.o(.text.local_avepool_q7_CHW) for [Anonymous Symbol]
    nnom_local.o(.ARM.exidx.text.local_maxpool_q7_HWC) refers to nnom_local.o(.text.local_maxpool_q7_HWC) for [Anonymous Symbol]
    nnom_local.o(.ARM.exidx.text.local_maxpool_q7_CHW) refers to nnom_local.o(.text.local_maxpool_q7_CHW) for [Anonymous Symbol]
    nnom_local.o(.ARM.exidx.text.local_sumpool_q7_HWC) refers to nnom_local.o(.text.local_sumpool_q7_HWC) for [Anonymous Symbol]
    nnom_local.o(.ARM.exidx.text.local_sumpool_q7_CHW) refers to nnom_local.o(.text.local_sumpool_q7_CHW) for [Anonymous Symbol]
    nnom_local.o(.text.local_up_sampling_q7_HWC) refers to memcpya.o(.text) for __aeabi_memcpy
    nnom_local.o(.ARM.exidx.text.local_up_sampling_q7_HWC) refers to nnom_local.o(.text.local_up_sampling_q7_HWC) for [Anonymous Symbol]
    nnom_local.o(.text.local_up_sampling_q7_CHW) refers to memcpya.o(.text) for __aeabi_memcpy
    nnom_local.o(.ARM.exidx.text.local_up_sampling_q7_CHW) refers to nnom_local.o(.text.local_up_sampling_q7_CHW) for [Anonymous Symbol]
    nnom_local.o(.text.local_convolve_HWC_q7_nonsquare) refers to nnom_local.o(.text.__NNOM_SSAT) for __NNOM_SSAT
    nnom_local.o(.ARM.exidx.text.local_convolve_HWC_q7_nonsquare) refers to nnom_local.o(.text.local_convolve_HWC_q7_nonsquare) for [Anonymous Symbol]
    nnom_local.o(.ARM.exidx.text.__NNOM_SSAT) refers to nnom_local.o(.text.__NNOM_SSAT) for [Anonymous Symbol]
    nnom_local.o(.text.local_convolve_CHW_q7_nonsquare) refers to nnom_local.o(.text.__NNOM_SSAT) for __NNOM_SSAT
    nnom_local.o(.ARM.exidx.text.local_convolve_CHW_q7_nonsquare) refers to nnom_local.o(.text.local_convolve_CHW_q7_nonsquare) for [Anonymous Symbol]
    nnom_local.o(.text.local_conv_trans_HWC_q7_nonsquare) refers to nnom_local.o(.text.alg_deconv2d_calculate_position) for alg_deconv2d_calculate_position
    nnom_local.o(.text.local_conv_trans_HWC_q7_nonsquare) refers to nnom_local.o(.text.__NNOM_SSAT) for __NNOM_SSAT
    nnom_local.o(.ARM.exidx.text.local_conv_trans_HWC_q7_nonsquare) refers to nnom_local.o(.text.local_conv_trans_HWC_q7_nonsquare) for [Anonymous Symbol]
    nnom_local.o(.ARM.exidx.text.alg_deconv2d_calculate_position) refers to nnom_local.o(.text.alg_deconv2d_calculate_position) for [Anonymous Symbol]
    nnom_local.o(.text.local_depthwise_separable_conv_HWC_q7_nonsquare) refers to nnom_local.o(.text.__NNOM_SSAT) for __NNOM_SSAT
    nnom_local.o(.ARM.exidx.text.local_depthwise_separable_conv_HWC_q7_nonsquare) refers to nnom_local.o(.text.local_depthwise_separable_conv_HWC_q7_nonsquare) for [Anonymous Symbol]
    nnom_local.o(.text.local_depthwise_separable_conv_CHW_q7_nonsquare) refers to nnom_local.o(.text.__NNOM_SSAT) for __NNOM_SSAT
    nnom_local.o(.ARM.exidx.text.local_depthwise_separable_conv_CHW_q7_nonsquare) refers to nnom_local.o(.text.local_depthwise_separable_conv_CHW_q7_nonsquare) for [Anonymous Symbol]
    nnom_local.o(.text.local_zero_padding_HWC_q7) refers to memseta.o(.text) for __aeabi_memclr
    nnom_local.o(.text.local_zero_padding_HWC_q7) refers to memcpya.o(.text) for __aeabi_memcpy
    nnom_local.o(.ARM.exidx.text.local_zero_padding_HWC_q7) refers to nnom_local.o(.text.local_zero_padding_HWC_q7) for [Anonymous Symbol]
    nnom_local.o(.text.local_zero_padding_CHW_q7) refers to memseta.o(.text) for __aeabi_memclr
    nnom_local.o(.text.local_zero_padding_CHW_q7) refers to memcpya.o(.text) for __aeabi_memcpy
    nnom_local.o(.ARM.exidx.text.local_zero_padding_CHW_q7) refers to nnom_local.o(.text.local_zero_padding_CHW_q7) for [Anonymous Symbol]
    nnom_local.o(.text.local_cropping_HWC_q7) refers to memcpya.o(.text) for __aeabi_memcpy
    nnom_local.o(.ARM.exidx.text.local_cropping_HWC_q7) refers to nnom_local.o(.text.local_cropping_HWC_q7) for [Anonymous Symbol]
    nnom_local.o(.text.local_cropping_CHW_q7) refers to memcpya.o(.text) for __aeabi_memcpy
    nnom_local.o(.ARM.exidx.text.local_cropping_CHW_q7) refers to nnom_local.o(.text.local_cropping_CHW_q7) for [Anonymous Symbol]
    nnom_local.o(.text.local_dot_q7_opt) refers to nnom_local.o(.text.__NNOM_SSAT) for __NNOM_SSAT
    nnom_local.o(.ARM.exidx.text.local_dot_q7_opt) refers to nnom_local.o(.text.local_dot_q7_opt) for [Anonymous Symbol]
    nnom_local.o(.text.local_dot_q7) refers to nnom_local.o(.text.__NNOM_SSAT) for __NNOM_SSAT
    nnom_local.o(.ARM.exidx.text.local_dot_q7) refers to nnom_local.o(.text.local_dot_q7) for [Anonymous Symbol]
    nnom_local.o(.text.local_fully_connected_q7_opt) refers to nnom_local.o(.text.__NNOM_SSAT) for __NNOM_SSAT
[...]
    Module8_Init                             0x080025b1   Thumb Code     2  module8.o(.text.Module8_Init)
    Module8_Mode0_Handler                    0x080025b5   Thumb Code     2  module8.o(.text.Module8_Mode0_Handler)
    Module8_Mode1_Handler                    0x080025b9   Thumb Code     2  module8.o(.text.Module8_Mode1_Handler)
    Module9_Init                             0x080025bd   Thumb Code     2  module9.o(.text.Module9_Init)
    Module9_Mode0_Handler                    0x080025c1   Thumb Code     2  module9.o(.text.Module9_Mode0_Handler)
    Module9_Mode1_Handler                    0x080025c5   Thumb Code     2  module9.o(.text.Module9_Mode1_Handler)
    Module_Detect                            0x080025c9   Thumb Code   542  cyberrypotter.o(.text.Module_Detect)
    Module_IR_RF_Copy_From_Buffer            0x080027e9   Thumb Code   192  module_ir_rf.o(.text.Module_IR_RF_Copy_From_Buffer)
    Module_IR_RF_Copy_To_Buffer              0x080028a9   Thumb Code   190  module_ir_rf.o(.text.Module_IR_RF_Copy_To_Buffer)
    Module_IR_RF_Data_Reset                  0x08002969   Thumb Code    90  module_ir_rf.o(.text.Module_IR_RF_Data_Reset)
    Module_IR_RF_Init                        0x080029c5   Thumb Code    84  module_ir_rf.o(.text.Module_IR_RF_Init)
    Module_IR_RF_Print                       0x08002a19   Thumb Code   174  module_ir_rf.o(.text.Module_IR_RF_Print)
    Module_IR_RF_Receive                     0x08002ac9   Thumb Code   216  module_ir_rf.o(.text.Module_IR_RF_Receive)
    Module_IR_RF_Record_Duration             0x08002ba1   Thumb Code    60  module_ir_rf.o(.text.Module_IR_RF_Record_Duration)
    Module_IR_RF_Transmit                    0x08002bdd   Thumb Code   226  module_ir_rf.o(.text.Module_IR_RF_Transmit)
    Module_IR_RF_receiver_start              0x08002cc1   Thumb Code    44  module_ir_rf.o(.text.Module_IR_RF_receiver_start)
    Module_IR_RF_receiver_stop               0x08002ced   Thumb Code    60  module_ir_rf.o(.text.Module_IR_RF_receiver_stop)
    Module_Init                              0x08002d29   Thumb Code   664  cyberrypotter.o(.text.Module_Init)
    Module_None_Mode0_Handler                0x08002fc1   Thumb Code    18  cyberrypotter.o(.text.Module_None_Mode0_Handler)
    Module_None_Mode1_Handler                0x08002fd5   Thumb Code    18  cyberrypotter.o(.text.Module_None_Mode1_Handler)
    NVIC_Init                                0x08002fe9   Thumb Code   166  misc.o(.text.NVIC_Init)
    NVIC_PriorityGroupConfig                 0x08003091   Thumb Code    28  misc.o(.text.NVIC_PriorityGroupConfig)
    RCC_ADCCLKConfig                         0x080030ad   Thumb Code    44  stm32f10x_rcc.o(.text.RCC_ADCCLKConfig)
    RCC_APB1PeriphClockCmd                   0x080030d9   Thumb Code    52  stm32f10x_rcc.o(.text.RCC_APB1PeriphClockCmd)
    RCC_APB2PeriphClockCmd                   0x0800310d   Thumb Code    52  stm32f10x_rcc.o(.text.RCC_APB2PeriphClockCmd)
    RCC_APB2PeriphResetCmd                   0x08003141   Thumb Code    52  stm32f10x_rcc.o(.text.RCC_APB2PeriphResetCmd)
    RCC_GetClocksFreq                        0x08003175   Thumb Code   370  stm32f10x_rcc.o(.text.RCC_GetClocksFreq)
    SPI2_Init                                0x080032e9   Thumb Code   206  spi.o(.text.SPI2_Init)
    SPI2_Start                               0x080033b9   Thumb Code    22  spi.o(.text.SPI2_Start)
    SPI2_Stop                                0x080033d1   Thumb Code    22  spi.o(.text.SPI2_Stop)
    SPI2_SwapByte                            0x080033e9   Thumb Code    90  spi.o(.text.SPI2_SwapByte)
    SPI_Cmd                                  0x08003445   Thumb Code    40  stm32f10x_spi.o(.text.SPI_Cmd)
    SPI_I2S_GetFlagStatus                    0x0800346d   Thumb Code    46  stm32f10x_spi.o(.text.SPI_I2S_GetFlagStatus)
    SPI_I2S_ReceiveData                      0x0800349d   Thumb Code    12  stm32f10x_spi.o(.text.SPI_I2S_ReceiveData)
    SPI_I2S_SendData                         0x080034a9   Thumb Code    20  stm32f10x_spi.o(.text.SPI_I2S_SendData)
    SPI_Init                                 0x080034bd   Thumb Code   104  stm32f10x_spi.o(.text.SPI_Init)
    Softmax                                  0x08003651   Thumb Code   116  nnom_softmax.o(.text.Softmax)
    SystemInit                               0x080036c5   Thumb Code   102  system_stm32f10x.o(.text.SystemInit)
    System_Init                              0x0800372d   Thumb Code   134  cyberrypotter.o(.text.System_Init)
    TIM2_IRQHandler                          0x080037b5   Thumb Code    54  module_ir_rf.o(.text.TIM2_IRQHandler)
    TIM4_IRQHandler                          0x080037ed   Thumb Code   314  button.o(.text.TIM4_IRQHandler)
    TIM_ClearFlag                            0x08003929   Thumb Code    22  stm32f10x_tim.o(.text.TIM_ClearFlag)
    TIM_ClearITPendingBit                    0x08003941   Thumb Code    22  stm32f10x_tim.o(.text.TIM_ClearITPendingBit)
    TIM_Cmd                                  0x08003959   Thumb Code    40  stm32f10x_tim.o(.text.TIM_Cmd)
    TIM_GetCounter                           0x08003981   Thumb Code    12  stm32f10x_tim.o(.text.TIM_GetCounter)
    TIM_GetITStatus                          0x0800398d   Thumb Code    82  stm32f10x_tim.o(.text.TIM_GetITStatus)
    TIM_ITConfig                             0x080039e1   Thumb Code    48  stm32f10x_tim.o(.text.TIM_ITConfig)
    TIM_OC1Init                              0x08003a11   Thumb Code   354  stm32f10x_tim.o(.text.TIM_OC1Init)
    TIM_OCStructInit                         0x08003b75   Thumb Code    42  stm32f10x_tim.o(.text.TIM_OCStructInit)
    TIM_SetCompare1                          0x08003ba1   Thumb Code    20  stm32f10x_tim.o(.text.TIM_SetCompare1)
    TIM_SetCounter                           0x08003bb5   Thumb Code    20  stm32f10x_tim.o(.text.TIM_SetCounter)
    TIM_TimeBaseInit                         0x08003bc9   Thumb Code   322  stm32f10x_tim.o(.text.TIM_TimeBaseInit)
    USART1_Init                              0x08003d0d   Thumb Code   190  usart.o(.text.USART1_Init)
    USART_Cmd                                0x08003dcd   Thumb Code    40  stm32f10x_usart.o(.text.USART_Cmd)
    USART_ITConfig                           0x08003df5   Thumb Code   142  stm32f10x_usart.o(.text.USART_ITConfig)
    USART_Init                               0x08003e85   Thumb Code   348  stm32f10x_usart.o(.text.USART_Init)
    W25Q64_Read_Sector                       0x08003fe1   Thumb Code   102  w25q64.o(.text.W25Q64_Read_Sector)
    W25Q64_SectorErase                       0x08004049   Thumb Code    56  w25q64.o(.text.W25Q64_SectorErase)
    W25Q64_WaitBusy                          0x08004081   Thumb Code    34  w25q64.o(.text.W25Q64_WaitBusy)
    W25Q64_WriteEnable                       0x080040a5   Thumb Code    18  w25q64.o(.text.W25Q64_WriteEnable)
    W25Q64_Write_Sector                      0x080040b9   Thumb Code   168  w25q64.o(.text.W25Q64_Write_Sector)
    act_get_dec_bit                          0x08004361   Thumb Code    44  nnom_activation.o(.text.act_get_dec_bit)
    act_relu                                 0x0800438d   Thumb Code    54  nnom_activation.o(.text.act_relu)
    block_mem_set                            0x080044e9   Thumb Code    98  nnom.o(.text.block_mem_set)
    check_model_version                      0x0800454d   Thumb Code   142  nnom.o(.text.check_model_version)
    compile_layers                           0x080045dd   Thumb Code   960  nnom.o(.text.compile_layers)
    conv2d_build                             0x0800499d   Thumb Code   350  nnom_conv2d.o(.text.conv2d_build)
    conv2d_free                              0x08004afd   Thumb Code    42  nnom_conv2d.o(.text.conv2d_free)
    conv2d_run                               0x08004b29   Thumb Code   470  nnom_conv2d.o(.text.conv2d_run)
    conv2d_s                                 0x08004d01   Thumb Code   482  nnom_conv2d.o(.text.conv2d_s)
    conv_output_length                       0x08004ee5   Thumb Code    86  nnom_conv2d.o(.text.conv_output_length)
    default_build                            0x08004f3d   Thumb Code   104  nnom_baselayer.o(.text.default_build)
    delete_tensor                            0x08004fa5   Thumb Code    24  nnom_tensor.o(.text.delete_tensor)
    dense_build                              0x08004fbd   Thumb Code   308  nnom_dense.o(.text.dense_build)
    dense_free                               0x080050f1   Thumb Code    42  nnom_dense.o(.text.dense_free)
    dense_run                                0x0800511d   Thumb Code   146  nnom_dense.o(.text.dense_run)
    dense_s                                  0x080051b1   Thumb Code   196  nnom_dense.o(.text.dense_s)
    dilation                                 0x08005275   Thumb Code    22  nnom_layers.o(.text.dilation)
    dmp_enable_6x_lp_quat                    0x0800528d   Thumb Code    70  inv_mpu_dmp_motion_driver.o(.text.dmp_enable_6x_lp_quat)
    dmp_enable_feature                       0x080052d5   Thumb Code   682  inv_mpu_dmp_motion_driver.o(.text.dmp_enable_feature)
    dmp_enable_gyro_cal                      0x08005581   Thumb Code   106  inv_mpu_dmp_motion_driver.o(.text.dmp_enable_gyro_cal)
    dmp_enable_lp_quat                       0x080055ed   Thumb Code    70  inv_mpu_dmp_motion_driver.o(.text.dmp_enable_lp_quat)
    dmp_load_motion_driver_firmware          0x08005635   Thumb Code    26  inv_mpu_dmp_motion_driver.o(.text.dmp_load_motion_driver_firmware)
    dmp_set_accel_bias                       0x08005651   Thumb Code   342  inv_mpu_dmp_motion_driver.o(.text.dmp_set_accel_bias)
    dmp_set_fifo_rate                        0x080057a9   Thumb Code   164  inv_mpu_dmp_motion_driver.o(.text.dmp_set_fifo_rate)
    dmp_set_gyro_bias                        0x0800584d   Thumb Code   336  inv_mpu_dmp_motion_driver.o(.text.dmp_set_gyro_bias)
    dmp_set_orientation                      0x0800599d   Thumb Code   432  inv_mpu_dmp_motion_driver.o(.text.dmp_set_orientation)
    dmp_set_shake_reject_thresh              0x08005b4d   Thumb Code    86  inv_mpu_dmp_motion_driver.o(.text.dmp_set_shake_reject_thresh)
    dmp_set_shake_reject_time                0x08005ba5   Thumb Code    60  inv_mpu_dmp_motion_driver.o(.text.dmp_set_shake_reject_time)
    dmp_set_shake_reject_timeout             0x08005be1   Thumb Code    60  inv_mpu_dmp_motion_driver.o(.text.dmp_set_shake_reject_timeout)
    dmp_set_tap_axes                         0x08005c1d   Thumb Code   108  inv_mpu_dmp_motion_driver.o(.text.dmp_set_tap_axes)
    dmp_set_tap_count                        0x08005c89   Thumb Code    74  inv_mpu_dmp_motion_driver.o(.text.dmp_set_tap_count)
    dmp_set_tap_thresh                       0x08005cd5   Thumb Code   508  inv_mpu_dmp_motion_driver.o(.text.dmp_set_tap_thresh)
    dmp_set_tap_time                         0x08005ed1   Thumb Code    62  inv_mpu_dmp_motion_driver.o(.text.dmp_set_tap_time)
    dmp_set_tap_time_multi                   0x08005f11   Thumb Code    62  inv_mpu_dmp_motion_driver.o(.text.dmp_set_tap_time_multi)
    flatten_build                            0x08005f85   Thumb Code   104  nnom_flatten.o(.text.flatten_build)
    flatten_run                              0x08005fed   Thumb Code    10  nnom_flatten.o(.text.flatten_run)
    flatten_s                                0x08005ff9   Thumb Code    32  nnom_flatten.o(.text.flatten_s)
    fputc                                    0x08006019   Thumb Code    46  usart.o(.text.fputc)
    input_build                              0x080067fd   Thumb Code    58  nnom_input.o(.text.input_build)
    input_run                                0x08006839   Thumb Code    46  nnom_input.o(.text.input_run)
    input_s                                  0x08006869   Thumb Code   364  nnom_input.o(.text.input_s)
    io_init                                  0x08006ab5   Thumb Code    18  nnom_layers.o(.text.io_init)
    kernel                                   0x08006b01   Thumb Code    22  nnom_layers.o(.text.kernel)
    layer_run                                0x08006b19   Thumb Code    82  nnom.o(.text.layer_run)
    local_convolve_HWC_q15_nonsquare         0x08006bbd   Thumb Code   878  nnom_local_q15.o(.text.local_convolve_HWC_q15_nonsquare)
    local_convolve_HWC_q7_nonsquare          0x08006f2d   Thumb Code   832  nnom_local.o(.text.local_convolve_HWC_q7_nonsquare)
    local_fully_connected_q7_opt             0x0800726d   Thumb Code  1208  nnom_local.o(.text.local_fully_connected_q7_opt)
    local_relu_q15                           0x08007725   Thumb Code    64  nnom_local_q15.o(.text.local_relu_q15)
    local_relu_q7                            0x08007765   Thumb Code    60  nnom_local.o(.text.local_relu_q7)
    local_softmax_q7                         0x080077a1   Thumb Code   280  nnom_local.o(.text.local_softmax_q7)
    main                                     0x080078b9   Thumb Code   342  main.o(.text.main)
    mem_analysis_result                      0x08007a11   Thumb Code   114  nnom.o(.text.mem_analysis_result)
    model_compile                            0x08007b01   Thumb Code   370  nnom.o(.text.model_compile)
    model_feed_data                          0x08007c75   Thumb Code   234  main.o(.text.model_feed_data)
    model_get_output                         0x08007d61   Thumb Code   470  main.o(.text.model_get_output)
    model_run                                0x08007ff9   Thumb Code    18  nnom.o(.text.model_run)
    model_run_to                             0x0800800d   Thumb Code   252  nnom.o(.text.model_run_to)
    mpu_configure_fifo                       0x08008155   Thumb Code   210  inv_mpu.o(.text.mpu_configure_fifo)
    mpu_get_accel_fsr                        0x08008229   Thumb Code   108  inv_mpu.o(.text.mpu_get_accel_fsr)
    mpu_get_accel_sens                       0x08008295   Thumb Code   116  inv_mpu.o(.text.mpu_get_accel_sens)
    mpu_get_fifo_config                      0x08008309   Thumb Code    24  inv_mpu.o(.text.mpu_get_fifo_config)
    mpu_get_gyro_fsr                         0x08008321   Thumb Code    84  inv_mpu.o(.text.mpu_get_gyro_fsr)
    mpu_get_gyro_sens                        0x08008375   Thumb Code   104  inv_mpu.o(.text.mpu_get_gyro_sens)
    mpu_get_lpf                              0x080083dd   Thumb Code   100  inv_mpu.o(.text.mpu_get_lpf)
    mpu_get_sample_rate                      0x08008441   Thumb Code    56  inv_mpu.o(.text.mpu_get_sample_rate)
    mpu_init                                 0x08008479   Thumb Code   304  inv_mpu.o(.text.mpu_init)
    mpu_load_firmware                        0x080085a9   Thumb Code   308  inv_mpu.o(.text.mpu_load_firmware)
    mpu_lp_accel_mode                        0x080086dd   Thumb Code   294  inv_mpu.o(.text.mpu_lp_accel_mode)
    mpu_read_mem                             0x08008805   Thumb Code   190  inv_mpu.o(.text.mpu_read_mem)
    mpu_reset_fifo                           0x080088c5   Thumb Code   656  inv_mpu.o(.text.mpu_reset_fifo)
    mpu_run_self_test                        0x08008b55   Thumb Code   386  inv_mpu.o(.text.mpu_run_self_test)
    mpu_set_accel_fsr                        0x08008cd9   Thumb Code   200  inv_mpu.o(.text.mpu_set_accel_fsr)
    mpu_set_bypass                           0x08008da1   Thumb Code   498  inv_mpu.o(.text.mpu_set_bypass)
    mpu_set_dmp_state                        0x08008f95   Thumb Code   208  inv_mpu.o(.text.mpu_set_dmp_state)
    mpu_set_gyro_fsr                         0x08009065   Thumb Code   208  inv_mpu.o(.text.mpu_set_gyro_fsr)
    mpu_set_int_latched                      0x08009135   Thumb Code   184  inv_mpu.o(.text.mpu_set_int_latched)
    mpu_set_lpf                              0x080091ed   Thumb Code   226  inv_mpu.o(.text.mpu_set_lpf)
    mpu_set_sample_rate                      0x080092d1   Thumb Code   250  inv_mpu.o(.text.mpu_set_sample_rate)
    mpu_set_sensors                          0x080093cd   Thumb Code   346  inv_mpu.o(.text.mpu_set_sensors)
    mpu_write_mem                            0x08009529   Thumb Code   190  inv_mpu.o(.text.mpu_write_mem)
    new_model                                0x080095e9   Thumb Code   118  nnom.o(.text.new_model)
    new_tensor                               0x08009661   Thumb Code   182  nnom_tensor.o(.text.new_tensor)
    nnom_alignto                             0x08009719   Thumb Code    58  nnom.o(.text.nnom_alignto)
    nnom_free                                0x08009755   Thumb Code     8  nnom.o(.text.nnom_free)
    nnom_hook_length                         0x0800975d   Thumb Code    54  nnom.o(.text.nnom_hook_length)
    nnom_malloc                              0x08009795   Thumb Code   148  nnom.o(.text.nnom_malloc)
    nnom_mem                                 0x08009829   Thumb Code    62  nnom.o(.text.nnom_mem)
    nnom_set_static_buf                      0x08009975   Thumb Code    46  nnom.o(.text.nnom_set_static_buf)
    output_run                               0x080099a5   Thumb Code    50  nnom_output.o(.text.output_run)
    output_s                                 0x080099d9   Thumb Code    74  nnom_output.o(.text.output_s)
    set_tailed_activation                    0x08009f39   Thumb Code   124  nnom.o(.text.set_tailed_activation)
    shape                                    0x08009fb5   Thumb Code    30  nnom_layers.o(.text.shape)
    softmax_build                            0x08009fd5   Thumb Code    80  nnom_softmax.o(.text.softmax_build)
    softmax_run                              0x0800a025   Thumb Code    46  nnom_softmax.o(.text.softmax_run)
    softmax_s                                0x0800a055   Thumb Code    32  nnom_softmax.o(.text.softmax_s)
    stride                                   0x0800a075   Thumb Code    22  nnom_layers.o(.text.stride)
    tensor_cpy_attr                          0x0800a08d   Thumb Code   142  nnom_tensor.o(.text.tensor_cpy_attr)
    tensor_get_num_channel                   0x0800a11d   Thumb Code    22  nnom_tensor.o(.text.tensor_get_num_channel)
    tensor_mem_set                           0x0800a135   Thumb Code    96  nnom.o(.text.tensor_mem_set)
    tensor_set_attr                          0x0800a195   Thumb Code   112  nnom_tensor.o(.text.tensor_set_attr)
    tensor_set_attr_v                        0x0800a205   Thumb Code    76  nnom_tensor.o(.text.tensor_set_attr_v)
    tensor_size                              0x0800a251   Thumb Code    74  nnom_tensor.o(.text.tensor_size)
    __0printf                                0x0800a29d   Thumb Code    22  printfa.o(i.__0printf)
    __1printf                                0x0800a29d   Thumb Code     0  printfa.o(i.__0printf)
    __2printf                                0x0800a29d   Thumb Code     0  printfa.o(i.__0printf)
    __c89printf                              0x0800a29d   Thumb Code     0  printfa.o(i.__0printf)
    printf                                   0x0800a29d   Thumb Code     0  printfa.o(i.__0printf)
    __ARM_fpclassify                         0x0800a2bd   Thumb Code    40  fpclassify.o(i.__ARM_fpclassify)
    __kernel_poly                            0x0800a2e5   Thumb Code   170  poly.o(i.__kernel_poly)
    __mathlib_dbl_divzero                    0x0800a391   Thumb Code    12  dunder.o(i.__mathlib_dbl_divzero)
    __mathlib_dbl_infnan2                    0x0800a3a1   Thumb Code     4  dunder.o(i.__mathlib_dbl_infnan2)
    __mathlib_dbl_invalid                    0x0800a3a5   Thumb Code    12  dunder.o(i.__mathlib_dbl_invalid)
    __mathlib_dbl_overflow                   0x0800a3b1   Thumb Code    14  dunder.o(i.__mathlib_dbl_overflow)
    __mathlib_dbl_underflow                  0x0800a3c1   Thumb Code    10  dunder.o(i.__mathlib_dbl_underflow)
    __scatterload_copy                       0x0800a3d1   Thumb Code    14  handlers.o(i.__scatterload_copy)
    __scatterload_null                       0x0800a3df   Thumb Code     2  handlers.o(i.__scatterload_null)
    __scatterload_zeroinit                   0x0800a3e1   Thumb Code    14  handlers.o(i.__scatterload_zeroinit)
    __set_errno                              0x0800a3f1   Thumb Code     6  errno.o(i.__set_errno)
    pow                                      0x0800acb1   Thumb Code  2532  pow.o(i.pow)
    round                                    0x0800b69d   Thumb Code   136  round.o(i.round)
    sqrt                                     0x0800b731   Thumb Code    76  sqrt.o(i.sqrt)
    __mathlib_zero                           0x0800b808   Data           8  qnan.o(.constdata)
    conv1d_1_bias_shift                      0x0800b824   Data           4  main.o(.rodata.conv1d_1_bias_shift)
    conv1d_1_config                          0x0800b828   Data          40  main.o(.rodata.conv1d_1_config)
    conv1d_1_output_shift                    0x0800b850   Data           4  main.o(.rodata.conv1d_1_output_shift)
    conv1d_bias_shift                        0x0800b854   Data           4  main.o(.rodata.conv1d_bias_shift)
    conv1d_config                            0x0800b858   Data          40  main.o(.rodata.conv1d_config)
    conv1d_output_shift                      0x0800b880   Data           4  main.o(.rodata.conv1d_output_shift)
    default_activation_names                 0x0800b884   Data          64  nnom.o(.rodata.default_activation_names)
    default_cell_names                       0x0800b8c4   Data          32  nnom.o(.rodata.default_cell_names)
    default_layer_names                      0x0800b8e4   Data         396  nnom.o(.rodata.default_layer_names)
    dense_bias_shift                         0x0800ba70   Data           4  main.o(.rodata.dense_bias_shift)
    dense_config                             0x0800ba74   Data          24  main.o(.rodata.dense_config)
    dense_output_shift                       0x0800ba8c   Data           4  main.o(.rodata.dense_output_shift)
    flatten_config                           0x0800c688   Data           4  main.o(.rodata.flatten_config)
    hw                                       0x0800c68c   Data          12  inv_mpu.o(.rodata.hw)
    input_1_config                           0x0800c698   Data           8  main.o(.rodata.input_1_config)
    output0_config                           0x0800c6a0   Data           8  main.o(.rodata.output0_config)
    reg                                      0x0800c6a8   Data          30  inv_mpu.o(.rodata.reg)
    softmax_config                           0x0800c6c8   Data           4  main.o(.rodata.softmax_config)
    tensor_conv1d_1_bias_0                   0x0800cf6c   Data          24  main.o(.rodata.tensor_conv1d_1_bias_0)
    tensor_conv1d_1_bias_0_data              0x0800cf84   Data          15  main.o(.rodata.tensor_conv1d_1_bias_0_data)
    tensor_conv1d_1_bias_0_dec               0x0800cf94   Data           4  main.o(.rodata.tensor_conv1d_1_bias_0_dec)
    tensor_conv1d_1_bias_0_dim               0x0800cf98   Data           2  main.o(.rodata.tensor_conv1d_1_bias_0_dim)
    tensor_conv1d_1_bias_0_offset            0x0800cf9c   Data           4  main.o(.rodata.tensor_conv1d_1_bias_0_offset)
    tensor_conv1d_1_kernel_0                 0x0800cfa0   Data          24  main.o(.rodata.tensor_conv1d_1_kernel_0)
    tensor_conv1d_1_kernel_0_data            0x0800cfb8   Data        1350  main.o(.rodata.tensor_conv1d_1_kernel_0_data)
    tensor_conv1d_1_kernel_0_dec             0x0800d500   Data           4  main.o(.rodata.tensor_conv1d_1_kernel_0_dec)
    tensor_conv1d_1_kernel_0_dim             0x0800d504   Data           6  main.o(.rodata.tensor_conv1d_1_kernel_0_dim)
    tensor_conv1d_1_kernel_0_offset          0x0800d50c   Data           4  main.o(.rodata.tensor_conv1d_1_kernel_0_offset)
    tensor_conv1d_bias_0                     0x0800d510   Data          24  main.o(.rodata.tensor_conv1d_bias_0)
    tensor_conv1d_bias_0_data                0x0800d528   Data          30  main.o(.rodata.tensor_conv1d_bias_0_data)
    tensor_conv1d_bias_0_dec                 0x0800d548   Data           4  main.o(.rodata.tensor_conv1d_bias_0_dec)
    tensor_conv1d_bias_0_dim                 0x0800d54c   Data           2  main.o(.rodata.tensor_conv1d_bias_0_dim)
    tensor_conv1d_bias_0_offset              0x0800d550   Data           4  main.o(.rodata.tensor_conv1d_bias_0_offset)
    tensor_conv1d_kernel_0                   0x0800d554   Data          24  main.o(.rodata.tensor_conv1d_kernel_0)
    tensor_conv1d_kernel_0_data              0x0800d56c   Data         270  main.o(.rodata.tensor_conv1d_kernel_0_data)
    tensor_conv1d_kernel_0_dec               0x0800d67c   Data           4  main.o(.rodata.tensor_conv1d_kernel_0_dec)
    tensor_conv1d_kernel_0_dim               0x0800d680   Data           6  main.o(.rodata.tensor_conv1d_kernel_0_dim)
    tensor_conv1d_kernel_0_offset            0x0800d688   Data           4  main.o(.rodata.tensor_conv1d_kernel_0_offset)
    tensor_dense_bias_0                      0x0800d68c   Data          24  main.o(.rodata.tensor_dense_bias_0)
    tensor_dense_bias_0_data                 0x0800d6a4   Data          13  main.o(.rodata.tensor_dense_bias_0_data)
    tensor_dense_bias_0_dec                  0x0800d6b4   Data           4  main.o(.rodata.tensor_dense_bias_0_dec)
    tensor_dense_bias_0_dim                  0x0800d6b8   Data           2  main.o(.rodata.tensor_dense_bias_0_dim)
    tensor_dense_bias_0_offset               0x0800d6bc   Data           4  main.o(.rodata.tensor_dense_bias_0_offset)
    tensor_dense_kernel_0                    0x0800d6c0   Data          24  main.o(.rodata.tensor_dense_kernel_0)
    tensor_dense_kernel_0_data               0x0800d6d8   Data        9360  main.o(.rodata.tensor_dense_kernel_0_data)
    tensor_dense_kernel_0_dec                0x0800fb68   Data           4  main.o(.rodata.tensor_dense_kernel_0_dec)
    tensor_dense_kernel_0_dim                0x0800fb6c   Data           4  main.o(.rodata.tensor_dense_kernel_0_dim)
    tensor_dense_kernel_0_offset             0x0800fb70   Data           4  main.o(.rodata.tensor_dense_kernel_0_offset)
    tensor_input_1                           0x0800fb74   Data          24  main.o(.rodata.tensor_input_1)
    tensor_input_1_dec                       0x0800fb8c   Data           4  main.o(.rodata.tensor_input_1_dec)
    tensor_input_1_dim                       0x0800fb90   Data           4  main.o(.rodata.tensor_input_1_dim)
    tensor_input_1_offset                    0x0800fb94   Data           4  main.o(.rodata.tensor_input_1_offset)
    tensor_output0                           0x0800fb98   Data          24  main.o(.rodata.tensor_output0)
    tensor_output0_dec                       0x0800fbb0   Data           4  main.o(.rodata.tensor_output0_dec)
    tensor_output0_dim                       0x0800fbb4   Data           2  main.o(.rodata.tensor_output0_dim)
    tensor_output0_offset                    0x0800fbb8   Data           4  main.o(.rodata.tensor_output0_offset)
    test                                     0x0800fbbc   Data          40  inv_mpu.o(.rodata.test)
    Region$$Table$$Base                      0x0800fbe4   Number         0  anon$$obj.o(Region$$Table)
    Region$$Table$$Limit                     0x0800fc04   Number         0  anon$$obj.o(Region$$Table)
    __stdout                                 0x20000000   Data           4  stdout.o(.data)
    model_output                             0x20000011   Data           1  main.o(.data.model_output)
    ADC_Sample_Avg                           0x20000040   Data           4  adc.o(.bss.ADC_Sample_Avg)
    Button                                   0x20000044   Data           8  button.o(.bss.Button)
    Cyberry_Potter                           0x2000004c   Data           8  cyberrypotter.o(.bss.Cyberry_Potter)
    IMU                                      0x20000058   Data        3612  imu.o(.bss.IMU)
    IMU_bias                                 0x20000e74   Data          12  imu.o(.bss.IMU_bias)
    IR_RF_Signal                             0x20000e80   Data        2056  module_ir_rf.o(.bss.IR_RF_Signal)
    LED                                      0x20001688   Data           4  led.o(.bss.LED)
    Module                                   0x2000168c   Data          12  cyberrypotter.o(.bss.Module)
    ROM_Address                              0x20001698   Data           4  main.o(.bss.ROM_Address)
    SIGNAL_Count                             0x2000169c   Data           2  module_ir_rf.o(.bss.SIGNAL_Count)
    W25Q64_Buffer                            0x2000169e   Data        4096  w25q64.o(.bss.W25Q64_Buffer)
    model                                    0x200026b0   Data           4  main.o(.bss.model)
    nnom_memory_taken                        0x20002878   Data           4  nnom.o(.bss.nnom_memory_taken)
    static_buf                               0x20002921   Data        8192  main.o(.bss.static_buf)
    __initial_sp                             0x20004d28   Data           0  startup_stm32f10x_md.o(STACK)



==============================================================================

Memory Map of the image

  Image Entry point : 0x080000ed

  Load Region LR_IROM1 (Base: 0x08000000, Size: 0x0000fc48, Max: 0x00020000, ABSOLUTE)

    Execution Region ER_IROM1 (Exec base: 0x08000000, Load base: 0x08000000, Size: 0x0000fc04, Max: 0x00020000, ABSOLUTE)

    Exec Addr    Load Addr    Size         Type   Attr      Idx    E Section Name        Object

    0x08000000   0x08000000   0x000000ec   Data   RO         2622    RESET               startup_stm32f10x_md.o
    0x080000ec   0x080000ec   0x00000000   Code   RO         2653  * .ARM.Collect$$$$00000000  mc_w.l(entry.o)
    0x080000ec   0x080000ec   0x00000004   Code   RO         2758    .ARM.Collect$$$$00000001  mc_w.l(entry2.o)
    0x080000f0   0x080000f0   0x00000004   Code   RO         2761    .ARM.Collect$$$$00000004  mc_w.l(entry5.o)
    0x080000f4   0x080000f4   0x00000000   Code   RO         2763    .ARM.Collect$$$$00000008  mc_w.l(entry7b.o)
    0x080000f4   0x080000f4   0x00000000   Code   RO         2765    .ARM.Collect$$$$0000000A  mc_w.l(entry8b.o)
    0x080000f4   0x080000f4   0x00000008   Code   RO         2766    .ARM.Collect$$$$0000000B  mc_w.l(entry9a.o)
    0x080000fc   0x080000fc   0x00000000   Code   RO         2768    .ARM.Collect$$$$0000000D  mc_w.l(entry10a.o)
    0x080000fc   0x080000fc   0x00000000   Code   RO         2770    .ARM.Collect$$$$0000000F  mc_w.l(entry11a.o)
    0x080000fc   0x080000fc   0x00000004   Code   RO         2759    .ARM.Collect$$$$00002712  mc_w.l(entry2.o)
    0x08000100   0x08000100   0x00000024   Code   RO         2623    .text               startup_stm32f10x_md.o
    0x08000124   0x08000124   0x00000062   Code   RO         2661    .text               mc_w.l(uldiv.o)
    0x08000186   0x08000186   0x00000062   Code   RO         2663    .text               mc_w.l(ldiv.o)
    0x080001e8   0x080001e8   0x00000024   Code   RO         2665    .text               mc_w.l(memcpya.o)
    0x0800020c   0x0800020c   0x00000024   Code   RO         2667    .text               mc_w.l(memseta.o)
    0x08000230   0x08000230   0x0000001a   Code   RO         2669    .text               mc_w.l(memcmp.o)
    0x0800024a   0x0800024a   0x000000b0   Code   RO         2701    .text               mf_w.l(fadd.o)
    0x080002fa   0x080002fa   0x00000064   Code   RO         2703    .text               mf_w.l(fmul.o)
    0x0800035e   0x0800035e   0x0000007c   Code   RO         2705    .text               mf_w.l(fdiv.o)
    0x080003da   0x080003da   0x000000e4   Code   RO         2707    .text               mf_w.l(dmul.o)
    0x080004be   0x080004be   0x000000de   Code   RO         2709    .text               mf_w.l(ddiv.o)
    0x0800059c   0x0800059c   0x0000001c   Code   RO         2711    .text               mf_w.l(fcmple.o)
    0x080005b8   0x080005b8   0x0000001c   Code   RO         2713    .text               mf_w.l(fcmplt.o)
    0x080005d4   0x080005d4   0x0000001c   Code   RO         2715    .text               mf_w.l(fcmpge.o)
    0x080005f0   0x080005f0   0x0000001c   Code   RO         2717    .text               mf_w.l(fcmpeq.o)
    0x0800060c   0x0800060c   0x00000036   Code   RO         2719    .text               mf_w.l(dcmple.o)
    0x08000642   0x08000642   0x00000012   Code   RO         2721    .text               mf_w.l(fflti.o)
    0x08000654   0x08000654   0x0000000a   Code   RO         2723    .text               mf_w.l(ffltui.o)
    0x0800065e   0x0800065e   0x00000022   Code   RO         2725    .text               mf_w.l(dflti.o)
    0x08000680   0x08000680   0x00000032   Code   RO         2727    .text               mf_w.l(ffixi.o)
    0x080006b2   0x080006b2   0x0000003e   Code   RO         2729    .text               mf_w.l(dfixi.o)
    0x080006f0   0x080006f0   0x00000026   Code   RO         2731    .text               mf_w.l(f2d.o)
    0x08000716   0x08000716   0x00000038   Code   RO         2733    .text               mf_w.l(d2f.o)
    0x0800074e   0x0800074e   0x0000002c   Code   RO         2782    .text               mc_w.l(uidiv.o)
    0x0800077a   0x0800077a   0x0000001e   Code   RO         2784    .text               mc_w.l(llshl.o)
    0x08000798   0x08000798   0x00000020   Code   RO         2786    .text               mc_w.l(llushr.o)
    0x080007b8   0x080007b8   0x00000000   Code   RO         2795    .text               mc_w.l(iusefp.o)
    0x080007b8   0x080007b8   0x0000006e   Code   RO         2796    .text               mf_w.l(fepilogue.o)
    0x08000826   0x08000826   0x000000ba   Code   RO         2798    .text               mf_w.l(depilogue.o)
    0x080008e0   0x080008e0   0x0000014e   Code   RO         2800    .text               mf_w.l(dadd.o)
    0x08000a2e   0x08000a2e   0x0000002e   Code   RO         2802    .text               mf_w.l(dscalb.o)
    0x08000a5c   0x08000a5c   0x00000088   Code   RO         2804    .text               mf_w.l(drnd.o)
    0x08000ae4   0x08000ae4   0x00000030   Code   RO         2806    .text               mf_w.l(dfixul.o)
    0x08000b14   0x08000b14   0x00000030   Code   RO         2808    .text               mf_w.l(cdcmple.o)
    0x08000b44   0x08000b44   0x00000030   Code   RO         2810    .text               mf_w.l(cdrcmple.o)
    0x08000b74   0x08000b74   0x00000030   Code   RO         2812    .text               mc_w.l(init.o)
    0x08000ba4   0x08000ba4   0x00000024   Code   RO         2814    .text               mc_w.l(llsshr.o)
    0x08000bc8   0x08000bc8   0x000000a2   Code   RO         2816    .text               mf_w.l(dsqrt.o)
    0x08000c6a   0x08000c6a   0x00000002   PAD
    0x08000c6c   0x08000c6c   0x00000010   Code   RO         1306    .text.ADC1_Deinit   adc.o
    0x08000c7c   0x08000c7c   0x00000028   Code   RO         1537    .text.ADC_Cmd       stm32f10x_adc.o
    0x08000ca4   0x08000ca4   0x00000080   Code   RO         1531    .text.ADC_DeInit    stm32f10x_adc.o
    0x08000d24   0x08000d24   0x00000026   Code   RO         1549    .text.ADC_GetCalibrationStatus  stm32f10x_adc.o
    0x08000d4a   0x08000d4a   0x00000002   PAD
    0x08000d4c   0x08000d4c   0x0000000e   Code   RO         1563    .text.ADC_GetConversionValue  stm32f10x_adc.o
    0x08000d5a   0x08000d5a   0x00000002   PAD
    0x08000d5c   0x08000d5c   0x0000002c   Code   RO         1595    .text.ADC_GetFlagStatus  stm32f10x_adc.o
    0x08000d88   0x08000d88   0x00000026   Code   RO         1545    .text.ADC_GetResetCalibrationStatus  stm32f10x_adc.o
    0x08000dae   0x08000dae   0x00000002   PAD
    0x08000db0   0x08000db0   0x0000009a   Code   RO         1533    .text.ADC_Init      stm32f10x_adc.o
    0x08000e4a   0x08000e4a   0x00000002   PAD
    0x08000e4c   0x08000e4c   0x000001e4   Code   RO         1308    .text.ADC_PB1_GetAvg  adc.o
    0x08001030   0x08001030   0x00000034   Code   RO         1310    .text.ADC_PB1_GetValue  adc.o
    0x08001064   0x08001064   0x000000b2   Code   RO         1304    .text.ADC_PB1_Init  adc.o
    0x08001116   0x08001116   0x00000002   PAD
    0x08001118   0x08001118   0x0000017c   Code   RO         1559    .text.ADC_RegularChannelConfig  stm32f10x_adc.o
    0x08001294   0x08001294   0x00000012   Code   RO         1543    .text.ADC_ResetCalibration  stm32f10x_adc.o
    0x080012a6   0x080012a6   0x00000002   PAD
    0x080012a8   0x080012a8   0x00000028   Code   RO         1551    .text.ADC_SoftwareStartConvCmd  stm32f10x_adc.o
    0x080012d0   0x080012d0   0x00000012   Code   RO         1547    .text.ADC_StartCalibration  stm32f10x_adc.o
    0x080012e2   0x080012e2   0x00000002   PAD
    0x080012e4   0x080012e4   0x000000e8   Code   RO         1278    .text.Button_Init   button.o
    0x080013cc   0x080013cc   0x0000000e   Code   RO         1276    .text.Button_Status_Clear  button.o
    0x080013da   0x080013da   0x00000002   PAD
    0x080013dc   0x080013dc   0x00000054   Code   RO          820    .text.Cyberry_Potter_System_Status_Update  cyberrypotter.o
    0x08001430   0x08001430   0x00000020   Code   RO          843    .text.Delay_ms      delay.o
    0x08001450   0x08001450   0x00000054   Code   RO          841    .text.Delay_us      delay.o
    0x080014a4   0x080014a4   0x00000036   Code   RO         1272    .text.EXTI0_IRQHandler  button.o
    0x080014da   0x080014da   0x00000002   PAD
    0x080014dc   0x080014dc   0x000000a2   Code   RO          822    .text.EXTI9_5_IRQHandler  cyberrypotter.o
    0x0800157e   0x0800157e   0x00000002   PAD
    0x08001580   0x08001580   0x00000014   Code   RO         1839    .text.EXTI_ClearITPendingBit  stm32f10x_exti.o
    0x08001594   0x08001594   0x00000044   Code   RO         1837    .text.EXTI_GetITStatus  stm32f10x_exti.o
    0x080015d8   0x080015d8   0x000000ea   Code   RO         1827    .text.EXTI_Init     stm32f10x_exti.o
    0x080016c2   0x080016c2   0x00000002   PAD
    0x080016c4   0x080016c4   0x00000012   Code   RO          826    .text.EXTI_Restore  cyberrypotter.o
    0x080016d6   0x080016d6   0x00000002   PAD
    0x080016d8   0x080016d8   0x00000012   Code   RO          824    .text.EXTI_Stop     cyberrypotter.o
    0x080016ea   0x080016ea   0x00000002   PAD
    0x080016ec   0x080016ec   0x00000076   Code   RO          560    .text.Flatten       nnom_flatten.o
    0x08001762   0x08001762   0x00000002   PAD
    0x08001764   0x08001764   0x00000054   Code   RO         1988    .text.GPIO_EXTILineConfig  stm32f10x_gpio.o
    0x080017b8   0x080017b8   0x00000186   Code   RO         1960    .text.GPIO_Init     stm32f10x_gpio.o
    0x0800193e   0x0800193e   0x00000002   PAD
    0x08001940   0x08001940   0x00000034   Code   RO         1964    .text.GPIO_ReadInputDataBit  stm32f10x_gpio.o
    0x08001974   0x08001974   0x00000028   Code   RO         1976    .text.GPIO_WriteBit  stm32f10x_gpio.o
    0x0800199c   0x0800199c   0x00000044   Code   RO          854    .text.IIC1_Init     iic.o
    0x080019e0   0x080019e0   0x00000024   Code   RO          894    .text.IIC1_R_SDA    iic.o
    0x08001a04   0x08001a04   0x00000028   Code   RO          864    .text.IIC1_Receive_Ack  iic.o
    0x08001a2c   0x08001a2c   0x0000006a   Code   RO          870    .text.IIC1_Receive_Byte  iic.o
    0x08001a96   0x08001a96   0x00000002   PAD
    0x08001a98   0x08001a98   0x00000020   Code   RO          872    .text.IIC1_Send_Ack  iic.o
    0x08001ab8   0x08001ab8   0x00000042   Code   RO          862    .text.IIC1_Send_Byte  iic.o
    0x08001afa   0x08001afa   0x00000002   PAD
    0x08001afc   0x08001afc   0x00000024   Code   RO          860    .text.IIC1_Start    iic.o
    0x08001b20   0x08001b20   0x0000001c   Code   RO          866    .text.IIC1_Stop     iic.o
    0x08001b3c   0x08001b3c   0x00000024   Code   RO          892    .text.IIC1_W_SCL    iic.o
    0x08001b60   0x08001b60   0x00000024   Code   RO          890    .text.IIC1_W_SDA    iic.o
    0x08001b84   0x08001b84   0x00000098   Code   RO          868    .text.IIC1_read     iic.o
    0x08001c1c   0x08001c1c   0x0000006c   Code   RO          858    .text.IIC1_write    iic.o
    0x08001c88   0x08001c88   0x000001b0   Code   RO          913    .text.IMU_Get_Data  imu.o
    0x08001e38   0x08001e38   0x00000024   Code   RO          915    .text.IMU_Init      imu.o
    0x08001e5c   0x08001e5c   0x00000026   Code   RO          909    .text.IMU_Sample_Start  imu.o
    0x08001e82   0x08001e82   0x00000002   PAD
    0x08001e84   0x08001e84   0x00000026   Code   RO          911    .text.IMU_Sample_Stop  imu.o
    0x08001eaa   0x08001eaa   0x00000002   PAD
    0x08001eac   0x08001eac   0x0000011a   Code   RO         1292    .text.LED_Blink     led.o
    0x08001fc6   0x08001fc6   0x00000002   PAD
    0x08001fc8   0x08001fc8   0x0000003c   Code   RO         1294    .text.LED_Init      led.o
    0x08002004   0x08002004   0x000001b4   Code   RO         1001    .text.MPU6050_Init  mpu6050.o
    0x080021b8   0x080021b8   0x00000036   Code   RO         1323    .text.Module0_IR_38Khz_Logic  module0_ir.o
    0x080021ee   0x080021ee   0x00000002   PAD
    0x080021f0   0x080021f0   0x00000146   Code   RO         1321    .text.Module0_IR_Init  module0_ir.o
    0x08002336   0x08002336   0x00000002   PAD
    0x08002338   0x08002338   0x00000096   Code   RO         1325    .text.Module0_IR_Transmit  module0_ir.o
    0x080023ce   0x080023ce   0x00000002   PAD
    0x080023d0   0x080023d0   0x00000002   Code   RO         1483    .text.Module10_Init  module10.o
    0x080023d2   0x080023d2   0x00000002   PAD
    0x080023d4   0x080023d4   0x00000002   Code   RO         1485    .text.Module10_Mode0_Handler  module10.o
    0x080023d6   0x080023d6   0x00000002   PAD
    0x080023d8   0x080023d8   0x00000002   Code   RO         1487    .text.Module10_Mode1_Handler  module10.o
    0x080023da   0x080023da   0x00000002   PAD
    0x080023dc   0x080023dc   0x000000f4   Code   RO         1334    .text.Module1_RF433_Init  module1_rf433.o
    0x080024d0   0x080024d0   0x00000038   Code   RO         1336    .text.Module1_RF433_Logic  module1_rf433.o
    0x08002508   0x08002508   0x0000006c   Code   RO         1338    .text.Module1_RF433_Transmit  module1_rf433.o
    0x08002574   0x08002574   0x00000002   Code   RO         1392    .text.Module3_Init  module3.o
    0x08002576   0x08002576   0x00000002   PAD
    0x08002578   0x08002578   0x00000002   Code   RO         1394    .text.Module3_Mode0_Handler  module3.o
    0x0800257a   0x0800257a   0x00000002   PAD
    0x0800257c   0x0800257c   0x00000002   Code   RO         1396    .text.Module3_Mode1_Handler  module3.o
    0x0800257e   0x0800257e   0x00000002   PAD
    0x08002580   0x08002580   0x00000002   Code   RO         1405    .text.Module4_Init  module4.o
    0x08002582   0x08002582   0x00000002   PAD
    0x08002584   0x08002584   0x00000002   Code   RO         1407    .text.Module4_Mode0_Handler  module4.o
    0x08002586   0x08002586   0x00000002   PAD
    0x08002588   0x08002588   0x00000002   Code   RO         1409    .text.Module4_Mode1_Handler  module4.o
    0x0800258a   0x0800258a   0x00000002   PAD
    0x0800258c   0x0800258c   0x00000002   Code   RO         1418    .text.Module5_Init  module5.o
    0x0800258e   0x0800258e   0x00000002   PAD
    0x08002590   0x08002590   0x00000002   Code   RO         1420    .text.Module5_Mode0_Handler  module5.o
    0x08002592   0x08002592   0x00000002   PAD
    0x08002594   0x08002594   0x00000002   Code   RO         1422    .text.Module5_Mode1_Handler  module5.o
    0x08002596   0x08002596   0x00000002   PAD
    0x08002598   0x08002598   0x00000002   Code   RO         1431    .text.Module6_Init  module6.o
    0x0800259a   0x0800259a   0x00000002   PAD
    0x0800259c   0x0800259c   0x00000002   Code   RO         1433    .text.Module6_Mode0_Handler  module6.o
    0x0800259e   0x0800259e   0x00000002   PAD
    0x080025a0   0x080025a0   0x00000002   Code   RO         1435    .text.Module6_Mode1_Handler  module6.o
    0x080025a2   0x080025a2   0x00000002   PAD
    0x080025a4   0x080025a4   0x00000002   Code   RO         1444    .text.Module7_Init  module7.o
    0x080025a6   0x080025a6   0x00000002   PAD
    0x080025a8   0x080025a8   0x00000002   Code   RO         1446    .text.Module7_Mode0_Handler  module7.o
    0x080025aa   0x080025aa   0x00000002   PAD
    0x080025ac   0x080025ac   0x00000002   Code   RO         1448    .text.Module7_Mode1_Handler  module7.o
    0x080025ae   0x080025ae   0x00000002   PAD
    0x080025b0   0x080025b0   0x00000002   Code   RO         1457    .text.Module8_Init  module8.o
    0x080025b2   0x080025b2   0x00000002   PAD
    0x080025b4   0x080025b4   0x00000002   Code   RO         1459    .text.Module8_Mode0_Handler  module8.o
    0x080025b6   0x080025b6   0x00000002   PAD
    0x080025b8   0x080025b8   0x00000002   Code   RO         1461    .text.Module8_Mode1_Handler  module8.o
    0x080025ba   0x080025ba   0x00000002   PAD
    0x080025bc   0x080025bc   0x00000002   Code   RO         1470    .text.Module9_Init  module9.o
    0x080025be   0x080025be   0x00000002   PAD
    0x080025c0   0x080025c0   0x00000002   Code   RO         1472    .text.Module9_Mode0_Handler  module9.o
    0x080025c2   0x080025c2   0x00000002   PAD
    0x080025c4   0x080025c4   0x00000002   Code   RO         1474    .text.Module9_Mode1_Handler  module9.o
    0x080025c6   0x080025c6   0x00000002   PAD
    0x080025c8   0x080025c8   0x0000021e   Code   RO          814    .text.Module_Detect  cyberrypotter.o
    0x080027e6   0x080027e6   0x00000002   PAD
    0x080027e8   0x080027e8   0x000000c0   Code   RO         1368    .text.Module_IR_RF_Copy_From_Buffer  module_ir_rf.o
    0x080028a8   0x080028a8   0x000000be   Code   RO         1370    .text.Module_IR_RF_Copy_To_Buffer  module_ir_rf.o
    0x08002966   0x08002966   0x00000002   PAD
    0x08002968   0x08002968   0x0000005a   Code   RO         1372    .text.Module_IR_RF_Data_Reset  module_ir_rf.o
    0x080029c2   0x080029c2   0x00000002   PAD
    0x080029c4   0x080029c4   0x00000054   Code   RO         1360    .text.Module_IR_RF_Init  module_ir_rf.o
    0x08002a18   0x08002a18   0x000000ae   Code   RO         1374    .text.Module_IR_RF_Print  module_ir_rf.o
    0x08002ac6   0x08002ac6   0x00000002   PAD
    0x08002ac8   0x08002ac8   0x000000d8   Code   RO         1378    .text.Module_IR_RF_Receive  module_ir_rf.o
    0x08002ba0   0x08002ba0   0x0000003c   Code   RO         1364    .text.Module_IR_RF_Record_Duration  module_ir_rf.o
    0x08002bdc   0x08002bdc   0x000000e2   Code   RO         1376    .text.Module_IR_RF_Transmit  module_ir_rf.o
    0x08002cbe   0x08002cbe   0x00000002   PAD
    0x08002cc0   0x08002cc0   0x0000002c   Code   RO         1362    .text.Module_IR_RF_receiver_start  module_ir_rf.o
    0x08002cec   0x08002cec   0x0000003c   Code   RO         1366    .text.Module_IR_RF_receiver_stop  module_ir_rf.o
    0x08002d28   0x08002d28   0x00000298   Code   RO          816    .text.Module_Init   cyberrypotter.o
    0x08002fc0   0x08002fc0   0x00000012   Code   RO          810    .text.Module_None_Mode0_Handler  cyberrypotter.o
    0x08002fd2   0x08002fd2   0x00000002   PAD
    0x08002fd4   0x08002fd4   0x00000012   Code   RO          812    .text.Module_None_Mode1_Handler  cyberrypotter.o
    0x08002fe6   0x08002fe6   0x00000002   PAD
    0x08002fe8   0x08002fe8   0x000000a6   Code   RO         1516    .text.NVIC_Init     misc.o
    0x0800308e   0x0800308e   0x00000002   PAD
    0x08003090   0x08003090   0x0000001c   Code   RO         1514    .text.NVIC_PriorityGroupConfig  misc.o
    0x080030ac   0x080030ac   0x0000002c   Code   RO         2146    .text.RCC_ADCCLKConfig  stm32f10x_rcc.o
    0x080030d8   0x080030d8   0x00000034   Code   RO         2162    .text.RCC_APB1PeriphClockCmd  stm32f10x_rcc.o
    0x0800310c   0x0800310c   0x00000034   Code   RO         2160    .text.RCC_APB2PeriphClockCmd  stm32f10x_rcc.o
    0x08003140   0x08003140   0x00000034   Code   RO         2164    .text.RCC_APB2PeriphResetCmd  stm32f10x_rcc.o
    0x08003174   0x08003174   0x00000172   Code   RO         2156    .text.RCC_GetClocksFreq  stm32f10x_rcc.o
    0x080032e6   0x080032e6   0x00000002   PAD
    0x080032e8   0x080032e8   0x000000ce   Code   RO         1241    .text.SPI2_Init     spi.o
    0x080033b6   0x080033b6   0x00000002   PAD
    0x080033b8   0x080033b8   0x00000016   Code   RO         1243    .text.SPI2_Start    spi.o
    0x080033ce   0x080033ce   0x00000002   PAD
    0x080033d0   0x080033d0   0x00000016   Code   RO         1245    .text.SPI2_Stop     spi.o
    0x080033e6   0x080033e6   0x00000002   PAD
    0x080033e8   0x080033e8   0x0000005a   Code   RO         1247    .text.SPI2_SwapByte  spi.o
    0x08003442   0x08003442   0x00000002   PAD
    0x08003444   0x08003444   0x00000028   Code   RO         2301    .text.SPI_Cmd       stm32f10x_spi.o
    0x0800346c   0x0800346c   0x0000002e   Code   RO         2329    .text.SPI_I2S_GetFlagStatus  stm32f10x_spi.o
    0x0800349a   0x0800349a   0x00000002   PAD
    0x0800349c   0x0800349c   0x0000000c   Code   RO         2311    .text.SPI_I2S_ReceiveData  stm32f10x_spi.o
    0x080034a8   0x080034a8   0x00000014   Code   RO         2309    .text.SPI_I2S_SendData  stm32f10x_spi.o
    0x080034bc   0x080034bc   0x00000068   Code   RO         2293    .text.SPI_Init      stm32f10x_spi.o
    0x08003524   0x08003524   0x00000008   Code   RO         2632    .text.SetSysClock   system_stm32f10x.o
    0x0800352c   0x0800352c   0x00000122   Code   RO         2636    .text.SetSysClockTo72  system_stm32f10x.o
    0x0800364e   0x0800364e   0x00000002   PAD
    0x08003650   0x08003650   0x00000074   Code   RO          752    .text.Softmax       nnom_softmax.o
    0x080036c4   0x080036c4   0x00000066   Code   RO         2630    .text.SystemInit    system_stm32f10x.o
    0x0800372a   0x0800372a   0x00000002   PAD
    0x0800372c   0x0800372c   0x00000086   Code   RO          818    .text.System_Init   cyberrypotter.o
    0x080037b2   0x080037b2   0x00000002   PAD
    0x080037b4   0x080037b4   0x00000036   Code   RO         1380    .text.TIM2_IRQHandler  module_ir_rf.o
    0x080037ea   0x080037ea   0x00000002   PAD
    0x080037ec   0x080037ec   0x0000013a   Code   RO         1274    .text.TIM4_IRQHandler  button.o
    0x08003926   0x08003926   0x00000002   PAD
    0x08003928   0x08003928   0x00000016   Code   RO         2520    .text.TIM_ClearFlag  stm32f10x_tim.o
    0x0800393e   0x0800393e   0x00000002   PAD
    0x08003940   0x08003940   0x00000016   Code   RO         2524    .text.TIM_ClearITPendingBit  stm32f10x_tim.o
    0x08003956   0x08003956   0x00000002   PAD
    0x08003958   0x08003958   0x00000028   Code   RO         2386    .text.TIM_Cmd       stm32f10x_tim.o
    0x08003980   0x08003980   0x0000000c   Code   RO         2514    .text.TIM_GetCounter  stm32f10x_tim.o
    0x0800398c   0x0800398c   0x00000052   Code   RO         2522    .text.TIM_GetITStatus  stm32f10x_tim.o
    0x080039de   0x080039de   0x00000002   PAD
    0x080039e0   0x080039e0   0x00000030   Code   RO         2390    .text.TIM_ITConfig  stm32f10x_tim.o
    0x08003a10   0x08003a10   0x00000162   Code   RO         2348    .text.TIM_OC1Init   stm32f10x_tim.o
    0x08003b72   0x08003b72   0x00000002   PAD
    0x08003b74   0x08003b74   0x0000002a   Code   RO         2380    .text.TIM_OCStructInit  stm32f10x_tim.o
    0x08003b9e   0x08003b9e   0x00000002   PAD
    0x08003ba0   0x08003ba0   0x00000014   Code   RO         2496    .text.TIM_SetCompare1  stm32f10x_tim.o
    0x08003bb4   0x08003bb4   0x00000014   Code   RO         2492    .text.TIM_SetCounter  stm32f10x_tim.o
    0x08003bc8   0x08003bc8   0x00000142   Code   RO         2346    .text.TIM_TimeBaseInit  stm32f10x_tim.o
    0x08003d0a   0x08003d0a   0x00000002   PAD
    0x08003d0c   0x08003d0c   0x000000be   Code   RO         1256    .text.USART1_Init   usart.o
    0x08003dca   0x08003dca   0x00000002   PAD
    0x08003dcc   0x08003dcc   0x00000028   Code   RO         2543    .text.USART_Cmd     stm32f10x_usart.o
    0x08003df4   0x08003df4   0x0000008e   Code   RO         2545    .text.USART_ITConfig  stm32f10x_usart.o
    0x08003e82   0x08003e82   0x00000002   PAD
    0x08003e84   0x08003e84   0x0000015c   Code   RO         2535    .text.USART_Init    stm32f10x_usart.o
    0x08003fe0   0x08003fe0   0x00000066   Code   RO         1032    .text.W25Q64_Read_Sector  w25q64.o
    0x08004046   0x08004046   0x00000002   PAD
    0x08004048   0x08004048   0x00000038   Code   RO         1026    .text.W25Q64_SectorErase  w25q64.o
    0x08004080   0x08004080   0x00000022   Code   RO         1024    .text.W25Q64_WaitBusy  w25q64.o
    0x080040a2   0x080040a2   0x00000002   PAD
    0x080040a4   0x080040a4   0x00000012   Code   RO         1022    .text.W25Q64_WriteEnable  w25q64.o
    0x080040b6   0x080040b6   0x00000002   PAD
    0x080040b8   0x080040b8   0x000000a8   Code   RO         1030    .text.W25Q64_Write_Sector  w25q64.o
    0x08004160   0x08004160   0x0000004a   Code   RO           20    .text.__NNOM_SSAT   nnom_local.o
    0x080041aa   0x080041aa   0x00000002   PAD
    0x080041ac   0x080041ac   0x0000004a   Code   RO          103    .text.__NNOM_SSAT   nnom_local_q15.o
    0x080041f6   0x080041f6   0x00000002   PAD
    0x080041f8   0x080041f8   0x0000003c   Code   RO           50    .text.__NNOM_USAT   nnom_local.o
    0x08004234   0x08004234   0x00000026   Code   RO         1003    .text.__NVIC_SystemReset  mpu6050.o
    0x0800425a   0x0800425a   0x00000002   PAD
    0x0800425c   0x0800425c   0x00000104   Code   RO         1127    .text.accel_self_test  inv_mpu.o
    0x08004360   0x08004360   0x0000002c   Code   RO          421    .text.act_get_dec_bit  nnom_activation.o
    0x0800438c   0x0800438c   0x00000036   Code   RO          381    .text.act_relu      nnom_activation.o
    0x080043c2   0x080043c2   0x00000002   PAD
    0x080043c4   0x080043c4   0x00000068   Code   RO          216    .text.allocate_block  nnom.o
    0x0800442c   0x0800442c   0x0000005c   Code   RO          256    .text.allocate_hook  nnom.o
    0x08004488   0x08004488   0x00000060   Code   RO          258    .text.allocate_io   nnom.o
    0x080044e8   0x080044e8   0x00000062   Code   RO          230    .text.block_mem_set  nnom.o
    0x0800454a   0x0800454a   0x00000002   PAD
    0x0800454c   0x0800454c   0x0000008e   Code   RO          254    .text.check_model_version  nnom.o
    0x080045da   0x080045da   0x00000002   PAD
    0x080045dc   0x080045dc   0x000003c0   Code   RO          214    .text.compile_layers  nnom.o
    0x0800499c   0x0800499c   0x0000015e   Code   RO          479    .text.conv2d_build  nnom_conv2d.o
    0x08004afa   0x08004afa   0x00000002   PAD
    0x08004afc   0x08004afc   0x0000002a   Code   RO          481    .text.conv2d_free   nnom_conv2d.o
    0x08004b26   0x08004b26   0x00000002   PAD
    0x08004b28   0x08004b28   0x000001d6   Code   RO          477    .text.conv2d_run    nnom_conv2d.o
    0x08004cfe   0x08004cfe   0x00000002   PAD
    0x08004d00   0x08004d00   0x000001e2   Code   RO          475    .text.conv2d_s      nnom_conv2d.o
    0x08004ee2   0x08004ee2   0x00000002   PAD
    0x08004ee4   0x08004ee4   0x00000056   Code   RO          485    .text.conv_output_length  nnom_conv2d.o
    0x08004f3a   0x08004f3a   0x00000002   PAD
    0x08004f3c   0x08004f3c   0x00000068   Code   RO          451    .text.default_build  nnom_baselayer.o
    0x08004fa4   0x08004fa4   0x00000018   Code   RO          315    .text.delete_tensor  nnom_tensor.o
    0x08004fbc   0x08004fbc   0x00000134   Code   RO          530    .text.dense_build   nnom_dense.o
    0x080050f0   0x080050f0   0x0000002a   Code   RO          532    .text.dense_free    nnom_dense.o
    0x0800511a   0x0800511a   0x00000002   PAD
    0x0800511c   0x0800511c   0x00000092   Code   RO          528    .text.dense_run     nnom_dense.o
    0x080051ae   0x080051ae   0x00000002   PAD
    0x080051b0   0x080051b0   0x000000c4   Code   RO          526    .text.dense_s       nnom_dense.o
    0x08005274   0x08005274   0x00000016   Code   RO          291    .text.dilation      nnom_layers.o
    0x0800528a   0x0800528a   0x00000002   PAD
    0x0800528c   0x0800528c   0x00000046   Code   RO         1201    .text.dmp_enable_6x_lp_quat  inv_mpu_dmp_motion_driver.o
    0x080052d2   0x080052d2   0x00000002   PAD
    0x080052d4   0x080052d4   0x000002aa   Code   RO         1195    .text.dmp_enable_feature  inv_mpu_dmp_motion_driver.o
    0x0800557e   0x0800557e   0x00000002   PAD
    0x08005580   0x08005580   0x0000006a   Code   RO         1197    .text.dmp_enable_gyro_cal  inv_mpu_dmp_motion_driver.o
    0x080055ea   0x080055ea   0x00000002   PAD
    0x080055ec   0x080055ec   0x00000046   Code   RO         1199    .text.dmp_enable_lp_quat  inv_mpu_dmp_motion_driver.o
    0x08005632   0x08005632   0x00000002   PAD
    0x08005634   0x08005634   0x0000001a   Code   RO         1159    .text.dmp_load_motion_driver_firmware  inv_mpu_dmp_motion_driver.o
    0x0800564e   0x0800564e   0x00000002   PAD
    0x08005650   0x08005650   0x00000156   Code   RO         1165    .text.dmp_set_accel_bias  inv_mpu_dmp_motion_driver.o
    0x080057a6   0x080057a6   0x00000002   PAD
    0x080057a8   0x080057a8   0x000000a4   Code   RO         1167    .text.dmp_set_fifo_rate  inv_mpu_dmp_motion_driver.o
    0x0800584c   0x0800584c   0x00000150   Code   RO         1163    .text.dmp_set_gyro_bias  inv_mpu_dmp_motion_driver.o
    0x0800599c   0x0800599c   0x000001b0   Code   RO         1161    .text.dmp_set_orientation  inv_mpu_dmp_motion_driver.o
    0x08005b4c   0x08005b4c   0x00000056   Code   RO         1181    .text.dmp_set_shake_reject_thresh  inv_mpu_dmp_motion_driver.o
    0x08005ba2   0x08005ba2   0x00000002   PAD
    0x08005ba4   0x08005ba4   0x0000003c   Code   RO         1183    .text.dmp_set_shake_reject_time  inv_mpu_dmp_motion_driver.o
    0x08005be0   0x08005be0   0x0000003c   Code   RO         1185    .text.dmp_set_shake_reject_timeout  inv_mpu_dmp_motion_driver.o
    0x08005c1c   0x08005c1c   0x0000006c   Code   RO         1173    .text.dmp_set_tap_axes  inv_mpu_dmp_motion_driver.o
    0x08005c88   0x08005c88   0x0000004a   Code   RO         1175    .text.dmp_set_tap_count  inv_mpu_dmp_motion_driver.o
    0x08005cd2   0x08005cd2   0x00000002   PAD
    0x08005cd4   0x08005cd4   0x000001fc   Code   RO         1171    .text.dmp_set_tap_thresh  inv_mpu_dmp_motion_driver.o
    0x08005ed0   0x08005ed0   0x0000003e   Code   RO         1177    .text.dmp_set_tap_time  inv_mpu_dmp_motion_driver.o
    0x08005f0e   0x08005f0e   0x00000002   PAD
    0x08005f10   0x08005f10   0x0000003e   Code   RO         1179    .text.dmp_set_tap_time_multi  inv_mpu_dmp_motion_driver.o
    0x08005f4e   0x08005f4e   0x00000002   PAD
    0x08005f50   0x08005f50   0x00000034   Code   RO          238    .text.find_last     nnom.o
    0x08005f84   0x08005f84   0x00000068   Code   RO          564    .text.flatten_build  nnom_flatten.o
    0x08005fec   0x08005fec   0x0000000a   Code   RO          562    .text.flatten_run   nnom_flatten.o
    0x08005ff6   0x08005ff6   0x00000002   PAD
    0x08005ff8   0x08005ff8   0x00000020   Code   RO          558    .text.flatten_s     nnom_flatten.o
    0x08006018   0x08006018   0x0000002e   Code   RO         1258    .text.fputc         usart.o
    0x08006046   0x08006046   0x00000002   PAD
    0x08006048   0x08006048   0x00000106   Code   RO         1145    .text.get_accel_prod_shift  inv_mpu.o
    0x0800614e   0x0800614e   0x00000002   PAD
    0x08006150   0x08006150   0x0000053c   Code   RO         1125    .text.get_st_biases  inv_mpu.o
    0x0800668c   0x0800668c   0x0000016e   Code   RO         1129    .text.gyro_self_test  inv_mpu.o
    0x080067fa   0x080067fa   0x00000002   PAD
    0x080067fc   0x080067fc   0x0000003a   Code   RO          613    .text.input_build   nnom_input.o
    0x08006836   0x08006836   0x00000002   PAD
    0x08006838   0x08006838   0x0000002e   Code   RO          611    .text.input_run     nnom_input.o
    0x08006866   0x08006866   0x00000002   PAD
    0x08006868   0x08006868   0x0000016c   Code   RO          609    .text.input_s       nnom_input.o
    0x080069d4   0x080069d4   0x00000044   Code   RO         1005    .text.inv_orientation_matrix_to_scalar  mpu6050.o
    0x08006a18   0x08006a18   0x0000009c   Code   RO         1009    .text.inv_row_2_scale  mpu6050.o
    0x08006ab4   0x08006ab4   0x00000012   Code   RO          295    .text.io_init       nnom_layers.o
    0x08006ac6   0x08006ac6   0x00000002   PAD
    0x08006ac8   0x08006ac8   0x00000038   Code   RO          264    .text.io_mem_size   nnom.o
    0x08006b00   0x08006b00   0x00000016   Code   RO          287    .text.kernel        nnom_layers.o
    0x08006b16   0x08006b16   0x00000002   PAD
    0x08006b18   0x08006b18   0x00000052   Code   RO          244    .text.layer_run     nnom.o
    0x08006b6a   0x08006b6a   0x00000002   PAD
    0x08006b6c   0x08006b6c   0x00000050   Code   RO          218    .text.layer_shortcut_add  nnom.o
    0x08006bbc   0x08006bbc   0x0000036e   Code   RO          111    .text.local_convolve_HWC_q15_nonsquare  nnom_local_q15.o
    0x08006f2a   0x08006f2a   0x00000002   PAD
    0x08006f2c   0x08006f2c   0x00000340   Code   RO           18    .text.local_convolve_HWC_q7_nonsquare  nnom_local.o
    0x0800726c   0x0800726c   0x000004b8   Code   RO           44    .text.local_fully_connected_q7_opt  nnom_local.o
    0x08007724   0x08007724   0x00000040   Code   RO          147    .text.local_relu_q15  nnom_local_q15.o
    0x08007764   0x08007764   0x0000003c   Code   RO           60    .text.local_relu_q7  nnom_local.o
    0x080077a0   0x080077a0   0x00000118   Code   RO           48    .text.local_softmax_q7  nnom_local.o
    0x080078b8   0x080078b8   0x00000156   Code   RO          930    .text.main          main.o
    0x08007a0e   0x08007a0e   0x00000002   PAD
    0x08007a10   0x08007a10   0x00000072   Code   RO          228    .text.mem_analysis_result  nnom.o
    0x08007a82   0x08007a82   0x00000002   PAD
    0x08007a84   0x08007a84   0x00000012   Code   RO          204    .text.model_active  nnom.o
    0x08007a96   0x08007a96   0x00000002   PAD
    0x08007a98   0x08007a98   0x00000066   Code   RO          196    .text.model_add     nnom.o
    0x08007afe   0x08007afe   0x00000002   PAD
    0x08007b00   0x08007b00   0x00000172   Code   RO          236    .text.model_compile  nnom.o
    0x08007c72   0x08007c72   0x00000002   PAD
    0x08007c74   0x08007c74   0x000000ea   Code   RO          926    .text.model_feed_data  main.o
    0x08007d5e   0x08007d5e   0x00000002   PAD
    0x08007d60   0x08007d60   0x000001d6   Code   RO          928    .text.model_get_output  main.o
    0x08007f36   0x08007f36   0x00000002   PAD
    0x08007f38   0x08007f38   0x00000048   Code   RO          198    .text.model_hook    nnom.o
    0x08007f80   0x08007f80   0x0000001a   Code   RO          200    .text.model_merge   nnom.o
    0x08007f9a   0x08007f9a   0x00000002   PAD
    0x08007f9c   0x08007f9c   0x0000005c   Code   RO          202    .text.model_mergex  nnom.o
    0x08007ff8   0x08007ff8   0x00000012   Code   RO          248    .text.model_run     nnom.o
    0x0800800a   0x0800800a   0x00000002   PAD
    0x0800800c   0x0800800c   0x000000fc   Code   RO          246    .text.model_run_to  nnom.o
    0x08008108   0x08008108   0x0000004c   Code   RO          240    .text.model_set_ops  nnom.o
    0x08008154   0x08008154   0x000000d2   Code   RO         1061    .text.mpu_configure_fifo  inv_mpu.o
    0x08008226   0x08008226   0x00000002   PAD
    0x08008228   0x08008228   0x0000006c   Code   RO         1093    .text.mpu_get_accel_fsr  inv_mpu.o
    0x08008294   0x08008294   0x00000074   Code   RO         1105    .text.mpu_get_accel_sens  inv_mpu.o
    0x08008308   0x08008308   0x00000018   Code   RO         1107    .text.mpu_get_fifo_config  inv_mpu.o
    0x08008320   0x08008320   0x00000054   Code   RO         1091    .text.mpu_get_gyro_fsr  inv_mpu.o
    0x08008374   0x08008374   0x00000068   Code   RO         1103    .text.mpu_get_gyro_sens  inv_mpu.o
    0x080083dc   0x080083dc   0x00000064   Code   RO         1095    .text.mpu_get_lpf   inv_mpu.o
    0x08008440   0x08008440   0x00000038   Code   RO         1097    .text.mpu_get_sample_rate  inv_mpu.o
    0x08008478   0x08008478   0x00000130   Code   RO         1051    .text.mpu_init      inv_mpu.o
    0x080085a8   0x080085a8   0x00000134   Code   RO         1135    .text.mpu_load_firmware  inv_mpu.o
    0x080086dc   0x080086dc   0x00000126   Code   RO         1067    .text.mpu_lp_accel_mode  inv_mpu.o
    0x08008802   0x08008802   0x00000002   PAD
    0x08008804   0x08008804   0x000000be   Code   RO         1133    .text.mpu_read_mem  inv_mpu.o
    0x080088c2   0x080088c2   0x00000002   PAD
    0x080088c4   0x080088c4   0x00000290   Code   RO         1089    .text.mpu_reset_fifo  inv_mpu.o
    0x08008b54   0x08008b54   0x00000182   Code   RO         1121    .text.mpu_run_self_test  inv_mpu.o
    0x08008cd6   0x08008cd6   0x00000002   PAD
    0x08008cd8   0x08008cd8   0x000000c8   Code   RO         1055    .text.mpu_set_accel_fsr  inv_mpu.o
    0x08008da0   0x08008da0   0x000001f2   Code   RO         1063    .text.mpu_set_bypass  inv_mpu.o
    0x08008f92   0x08008f92   0x00000002   PAD
    0x08008f94   0x08008f94   0x000000d0   Code   RO         1123    .text.mpu_set_dmp_state  inv_mpu.o
    0x08009064   0x08009064   0x000000d0   Code   RO         1053    .text.mpu_set_gyro_fsr  inv_mpu.o
    0x08009134   0x08009134   0x000000b8   Code   RO         1069    .text.mpu_set_int_latched  inv_mpu.o
    0x080091ec   0x080091ec   0x000000e2   Code   RO         1057    .text.mpu_set_lpf   inv_mpu.o
    0x080092ce   0x080092ce   0x00000002   PAD
    0x080092d0   0x080092d0   0x000000fa   Code   RO         1059    .text.mpu_set_sample_rate  inv_mpu.o
    0x080093ca   0x080093ca   0x00000002   PAD
    0x080093cc   0x080093cc   0x0000015a   Code   RO         1065    .text.mpu_set_sensors  inv_mpu.o
    0x08009526   0x08009526   0x00000002   PAD
    0x08009528   0x08009528   0x000000be   Code   RO         1131    .text.mpu_write_mem  inv_mpu.o
    0x080095e6   0x080095e6   0x00000002   PAD
    0x080095e8   0x080095e8   0x00000076   Code   RO          194    .text.new_model     nnom.o
    0x0800965e   0x0800965e   0x00000002   PAD
    0x08009660   0x08009660   0x000000b6   Code   RO          313    .text.new_tensor    nnom_tensor.o
    0x08009716   0x08009716   0x00000002   PAD
    0x08009718   0x08009718   0x0000003a   Code   RO          186    .text.nnom_alignto  nnom.o
    0x08009752   0x08009752   0x00000002   PAD
    0x08009754   0x08009754   0x00000008   Code   RO          188    .text.nnom_free     nnom.o
    0x0800975c   0x0800975c   0x00000036   Code   RO          212    .text.nnom_hook_length  nnom.o
    0x08009792   0x08009792   0x00000002   PAD
    0x08009794   0x08009794   0x00000094   Code   RO          184    .text.nnom_malloc   nnom.o
    0x08009828   0x08009828   0x0000003e   Code   RO          190    .text.nnom_mem      nnom.o
    0x08009866   0x08009866   0x00000002   PAD
    0x08009868   0x08009868   0x0000010a   Code   RO          932    .text.nnom_model_create  main.o
    0x08009972   0x08009972   0x00000002   PAD
    0x08009974   0x08009974   0x0000002e   Code   RO          182    .text.nnom_set_static_buf  nnom.o
    0x080099a2   0x080099a2   0x00000002   PAD
    0x080099a4   0x080099a4   0x00000032   Code   RO          696    .text.output_run    nnom_output.o
    0x080099d6   0x080099d6   0x00000002   PAD
    0x080099d8   0x080099d8   0x0000004a   Code   RO          694    .text.output_s      nnom_output.o
    0x08009a22   0x08009a22   0x00000002   PAD
    0x08009a24   0x08009a24   0x00000242   Code   RO          220    .text.print_layer_info  nnom.o
    0x08009c66   0x08009c66   0x00000002   PAD
    0x08009c68   0x08009c68   0x00000096   Code   RO          222    .text.print_memory_block_info  nnom.o
    0x08009cfe   0x08009cfe   0x00000002   PAD
    0x08009d00   0x08009d00   0x0000002c   Code   RO          266    .text.release_block  nnom.o
    0x08009d2c   0x08009d2c   0x0000001e   Code   RO          224    .text.release_comp_mem  nnom.o
    0x08009d4a   0x08009d4a   0x00000002   PAD
    0x08009d4c   0x08009d4c   0x00000028   Code   RO          226    .text.release_input_mem  nnom.o
    0x08009d74   0x08009d74   0x00000044   Code   RO          403    .text.relu_run      nnom_activation.o
    0x08009db8   0x08009db8   0x0000008a   Code   RO         1007    .text.run_self_test  mpu6050.o
    0x08009e42   0x08009e42   0x00000002   PAD
    0x08009e44   0x08009e44   0x000000f2   Code   RO         1109    .text.set_int_enable  inv_mpu.o
    0x08009f36   0x08009f36   0x00000002   PAD
    0x08009f38   0x08009f38   0x0000007c   Code   RO          234    .text.set_tailed_activation  nnom.o
    0x08009fb4   0x08009fb4   0x0000001e   Code   RO          285    .text.shape         nnom_layers.o
    0x08009fd2   0x08009fd2   0x00000002   PAD
    0x08009fd4   0x08009fd4   0x00000050   Code   RO          756    .text.softmax_build  nnom_softmax.o
    0x0800a024   0x0800a024   0x0000002e   Code   RO          754    .text.softmax_run   nnom_softmax.o
    0x0800a052   0x0800a052   0x00000002   PAD
    0x0800a054   0x0800a054   0x00000020   Code   RO          750    .text.softmax_s     nnom_softmax.o
    0x0800a074   0x0800a074   0x00000016   Code   RO          289    .text.stride        nnom_layers.o
    0x0800a08a   0x0800a08a   0x00000002   PAD
    0x0800a08c   0x0800a08c   0x0000008e   Code   RO          321    .text.tensor_cpy_attr  nnom_tensor.o
    0x0800a11a   0x0800a11a   0x00000002   PAD
    0x0800a11c   0x0800a11c   0x00000016   Code   RO          311    .text.tensor_get_num_channel  nnom_tensor.o
    0x0800a132   0x0800a132   0x00000002   PAD
    0x0800a134   0x0800a134   0x00000060   Code   RO          232    .text.tensor_mem_set  nnom.o
    0x0800a194   0x0800a194   0x00000070   Code   RO          319    .text.tensor_set_attr  nnom_tensor.o
    0x0800a204   0x0800a204   0x0000004c   Code   RO          317    .text.tensor_set_attr_v  nnom_tensor.o
    0x0800a250   0x0800a250   0x0000004a   Code   RO          307    .text.tensor_size   nnom_tensor.o
    0x0800a29a   0x0800a29a   0x00000002   PAD
    0x0800a29c   0x0800a29c   0x00000020   Code   RO         2674    i.__0printf         mc_w.l(printfa.o)
    0x0800a2bc   0x0800a2bc   0x00000028   Code   RO         2749    i.__ARM_fpclassify  m_ws.l(fpclassify.o)
    0x0800a2e4   0x0800a2e4   0x000000aa   Code   RO         2751    i.__kernel_poly     m_ws.l(poly.o)
    0x0800a38e   0x0800a38e   0x00000002   PAD
    0x0800a390   0x0800a390   0x00000010   Code   RO         2735    i.__mathlib_dbl_divzero  m_ws.l(dunder.o)
    0x0800a3a0   0x0800a3a0   0x00000004   Code   RO         2737    i.__mathlib_dbl_infnan2  m_ws.l(dunder.o)
    0x0800a3a4   0x0800a3a4   0x0000000c   Code   RO         2738    i.__mathlib_dbl_invalid  m_ws.l(dunder.o)
    0x0800a3b0   0x0800a3b0   0x0000000e   Code   RO         2739    i.__mathlib_dbl_overflow  m_ws.l(dunder.o)
    0x0800a3be   0x0800a3be   0x00000002   PAD
    0x0800a3c0   0x0800a3c0   0x00000010   Code   RO         2741    i.__mathlib_dbl_underflow  m_ws.l(dunder.o)
    0x0800a3d0   0x0800a3d0   0x0000000e   Code   RO         2820    i.__scatterload_copy  mc_w.l(handlers.o)
    0x0800a3de   0x0800a3de   0x00000002   Code   RO         2821    i.__scatterload_null  mc_w.l(handlers.o)
    0x0800a3e0   0x0800a3e0   0x0000000e   Code   RO         2822    i.__scatterload_zeroinit  mc_w.l(handlers.o)
    0x0800a3ee   0x0800a3ee   0x00000002   PAD
    0x0800a3f0   0x0800a3f0   0x0000000c   Code   RO         2790    i.__set_errno       mc_w.l(errno.o)
    0x0800a3fc   0x0800a3fc   0x00000184   Code   RO         2681    i._fp_digits        mc_w.l(printfa.o)
    0x0800a580   0x0800a580   0x000006dc   Code   RO         2682    i._printf_core      mc_w.l(printfa.o)
    0x0800ac5c   0x0800ac5c   0x00000024   Code   RO         2683    i._printf_post_padding  mc_w.l(printfa.o)
    0x0800ac80   0x0800ac80   0x0000002e   Code   RO         2684    i._printf_pre_padding  mc_w.l(printfa.o)
    0x0800acae   0x0800acae   0x00000002   PAD
    0x0800acb0   0x0800acb0   0x000009ec   Code   RO         2647    i.pow               m_ws.l(pow.o)
    0x0800b69c   0x0800b69c   0x00000094   Code   RO         2651    i.round             m_ws.l(round.o)
    0x0800b730   0x0800b730   0x0000004c   Code   RO         2755    i.sqrt              m_ws.l(sqrt.o)
    0x0800b77c   0x0800b77c   0x00000004   PAD
    0x0800b780   0x0800b780   0x00000088   Data   RO         2648    .constdata          m_ws.l(pow.o)
    0x0800b808   0x0800b808   0x00000008   Data   RO         2753    .constdata          m_ws.l(qnan.o)
    0x0800b810   0x0800b810   0x00000004   Data   RO         2181    .rodata.ADCPrescTable  stm32f10x_rcc.o
    0x0800b814   0x0800b814   0x00000010   Data   RO         2180    .rodata.APBAHBPrescTable  stm32f10x_rcc.o
    0x0800b824   0x0800b824   0x00000004   Data   RO          965    .rodata.conv1d_1_bias_shift  main.o
    0x0800b828   0x0800b828   0x00000028   Data   RO          966    .rodata.conv1d_1_config  main.o
    0x0800b850   0x0800b850   0x00000004   Data   RO          964    .rodata.conv1d_1_output_shift  main.o
    0x0800b854   0x0800b854   0x00000004   Data   RO          952    .rodata.conv1d_bias_shift  main.o
    0x0800b858   0x0800b858   0x00000028   Data   RO          953    .rodata.conv1d_config  main.o
    0x0800b880   0x0800b880   0x00000004   Data   RO          951    .rodata.conv1d_output_shift  main.o
    0x0800b884   0x0800b884   0x00000040   Data   RO          269    .rodata.default_activation_names  nnom.o
    0x0800b8c4   0x0800b8c4   0x00000020   Data   RO          270    .rodata.default_cell_names  nnom.o
    0x0800b8e4   0x0800b8e4   0x0000018c   Data   RO          268    .rodata.default_layer_names  nnom.o
    0x0800ba70   0x0800ba70   0x00000004   Data   RO          979    .rodata.dense_bias_shift  main.o
    0x0800ba74   0x0800ba74   0x00000018   Data   RO          980    .rodata.dense_config  main.o
    0x0800ba8c   0x0800ba8c   0x00000004   Data   RO          978    .rodata.dense_output_shift  main.o
    0x0800ba90   0x0800ba90   0x00000bf6   Data   RO         1215    .rodata.dmp_memory  inv_mpu_dmp_motion_driver.o
    0x0800c686   0x0800c686   0x00000002   PAD
    0x0800c688   0x0800c688   0x00000004   Data   RO          967    .rodata.flatten_config  main.o
    0x0800c68c   0x0800c68c   0x0000000c   Data   RO         1148    .rodata.hw          inv_mpu.o
    0x0800c698   0x0800c698   0x00000008   Data   RO          940    .rodata.input_1_config  main.o
    0x0800c6a0   0x0800c6a0   0x00000008   Data   RO          987    .rodata.output0_config  main.o
    0x0800c6a8   0x0800c6a8   0x0000001e   Data   RO         1147    .rodata.reg         inv_mpu.o
    0x0800c6c6   0x0800c6c6   0x00000002   PAD
    0x0800c6c8   0x0800c6c8   0x00000004   Data   RO          981    .rodata.softmax_config  main.o
    0x0800c6cc   0x0800c6cc   0x00000524   Data   RO          275    .rodata.str1.1      nnom.o
    0x0800cbf0   0x0800cbf0   0x00000022   Data   RO          331    .rodata.str1.1      nnom_tensor.o
    0x0800cc12   0x0800cc12   0x0000005e   Data   RO          831    .rodata.str1.1      cyberrypotter.o
    0x0800cc70   0x0800cc70   0x000000db   Data   RO          939    .rodata.str1.1      main.o
    0x0800cd4b   0x0800cd4b   0x00000160   Data   RO         1011    .rodata.str1.1      mpu6050.o
    0x0800ceab   0x0800ceab   0x0000000b   Data   RO         1264    .rodata.str1.1      usart.o
    0x0800ceb6   0x0800ceb6   0x0000000d   Data   RO         1284    .rodata.str1.1      button.o
    0x0800cec3   0x0800cec3   0x0000002b   Data   RO         1313    .rodata.str1.1      adc.o
    0x0800ceee   0x0800ceee   0x0000007e   Data   RO         1384    .rodata.str1.1      module_ir_rf.o
    0x0800cf6c   0x0800cf6c   0x00000018   Data   RO          963    .rodata.tensor_conv1d_1_bias_0  main.o
    0x0800cf84   0x0800cf84   0x0000000f   Data   RO          959    .rodata.tensor_conv1d_1_bias_0_data  main.o
    0x0800cf93   0x0800cf93   0x00000001   PAD
    0x0800cf94   0x0800cf94   0x00000004   Data   RO          961    .rodata.tensor_conv1d_1_bias_0_dec  main.o
    0x0800cf98   0x0800cf98   0x00000002   Data   RO          960    .rodata.tensor_conv1d_1_bias_0_dim  main.o
    0x0800cf9a   0x0800cf9a   0x00000002   PAD
    0x0800cf9c   0x0800cf9c   0x00000004   Data   RO          962    .rodata.tensor_conv1d_1_bias_0_offset  main.o
    0x0800cfa0   0x0800cfa0   0x00000018   Data   RO          958    .rodata.tensor_conv1d_1_kernel_0  main.o
    0x0800cfb8   0x0800cfb8   0x00000546   Data   RO          954    .rodata.tensor_conv1d_1_kernel_0_data  main.o
    0x0800d4fe   0x0800d4fe   0x00000002   PAD
    0x0800d500   0x0800d500   0x00000004   Data   RO          956    .rodata.tensor_conv1d_1_kernel_0_dec  main.o
    0x0800d504   0x0800d504   0x00000006   Data   RO          955    .rodata.tensor_conv1d_1_kernel_0_dim  main.o
    0x0800d50a   0x0800d50a   0x00000002   PAD
    0x0800d50c   0x0800d50c   0x00000004   Data   RO          957    .rodata.tensor_conv1d_1_kernel_0_offset  main.o
    0x0800d510   0x0800d510   0x00000018   Data   RO          950    .rodata.tensor_conv1d_bias_0  main.o
    0x0800d528   0x0800d528   0x0000001e   Data   RO          946    .rodata.tensor_conv1d_bias_0_data  main.o
    0x0800d546   0x0800d546   0x00000002   PAD
    0x0800d548   0x0800d548   0x00000004   Data   RO          948    .rodata.tensor_conv1d_bias_0_dec  main.o
    0x0800d54c   0x0800d54c   0x00000002   Data   RO          947    .rodata.tensor_conv1d_bias_0_dim  main.o
    0x0800d54e   0x0800d54e   0x00000002   PAD
    0x0800d550   0x0800d550   0x00000004   Data   RO          949    .rodata.tensor_conv1d_bias_0_offset  main.o
    0x0800d554   0x0800d554   0x00000018   Data   RO          945    .rodata.tensor_conv1d_kernel_0  main.o
    0x0800d56c   0x0800d56c   0x0000010e   Data   RO          941    .rodata.tensor_conv1d_kernel_0_data  main.o
    0x0800d67a   0x0800d67a   0x00000002   PAD
    0x0800d67c   0x0800d67c   0x00000004   Data   RO          943    .rodata.tensor_conv1d_kernel_0_dec  main.o
    0x0800d680   0x0800d680   0x00000006   Data   RO          942    .rodata.tensor_conv1d_kernel_0_dim  main.o
    0x0800d686   0x0800d686   0x00000002   PAD
    0x0800d688   0x0800d688   0x00000004   Data   RO          944    .rodata.tensor_conv1d_kernel_0_offset  main.o
    0x0800d68c   0x0800d68c   0x00000018   Data   RO          977    .rodata.tensor_dense_bias_0  main.o
    0x0800d6a4   0x0800d6a4   0x0000000d   Data   RO          973    .rodata.tensor_dense_bias_0_data  main.o
    0x0800d6b1   0x0800d6b1   0x00000003   PAD
    0x0800d6b4   0x0800d6b4   0x00000004   Data   RO          975    .rodata.tensor_dense_bias_0_dec  main.o
    0x0800d6b8   0x0800d6b8   0x00000002   Data   RO          974    .rodata.tensor_dense_bias_0_dim  main.o
    0x0800d6ba   0x0800d6ba   0x00000002   PAD
    0x0800d6bc   0x0800d6bc   0x00000004   Data   RO          976    .rodata.tensor_dense_bias_0_offset  main.o
    0x0800d6c0   0x0800d6c0   0x00000018   Data   RO          972    .rodata.tensor_dense_kernel_0  main.o
    0x0800d6d8   0x0800d6d8   0x00002490   Data   RO          968    .rodata.tensor_dense_kernel_0_data  main.o
    0x0800fb68   0x0800fb68   0x00000004   Data   RO          970    .rodata.tensor_dense_kernel_0_dec  main.o
    0x0800fb6c   0x0800fb6c   0x00000004   Data   RO          969    .rodata.tensor_dense_kernel_0_dim  main.o
    0x0800fb70   0x0800fb70   0x00000004   Data   RO          971    .rodata.tensor_dense_kernel_0_offset  main.o
    0x0800fb74   0x0800fb74   0x00000018   Data   RO          938    .rodata.tensor_input_1  main.o
    0x0800fb8c   0x0800fb8c   0x00000004   Data   RO          935    .rodata.tensor_input_1_dec  main.o
    0x0800fb90   0x0800fb90   0x00000004   Data   RO          934    .rodata.tensor_input_1_dim  main.o
    0x0800fb94   0x0800fb94   0x00000004   Data   RO          936    .rodata.tensor_input_1_offset  main.o
    0x0800fb98   0x0800fb98   0x00000018   Data   RO          986    .rodata.tensor_output0  main.o
    0x0800fbb0   0x0800fbb0   0x00000004   Data   RO          983    .rodata.tensor_output0_dec  main.o
    0x0800fbb4   0x0800fbb4   0x00000002   Data   RO          982    .rodata.tensor_output0_dim  main.o
    0x0800fbb6   0x0800fbb6   0x00000002   PAD
    0x0800fbb8   0x0800fbb8   0x00000004   Data   RO          984    .rodata.tensor_output0_offset  main.o
    0x0800fbbc   0x0800fbbc   0x00000028   Data   RO         1149    .rodata.test        inv_mpu.o
    0x0800fbe4   0x0800fbe4   0x00000020   Data   RO         2819    Region$$Table       anon$$obj.o


    Execution Region RW_IRAM1 (Exec base: 0x20000000, Load base: 0x0800fc08, Size: 0x00004d28, Max: 0x00005000, ABSOLUTE)

    Exec Addr    Load Addr    Size         Type   Attr      Idx    E Section Name        Object

    0x20000000   0x0800fc08   0x00000004   Data   RW         2772    .data               mc_w.l(stdout.o)
    0x20000004   0x0800fc0c   0x00000004   Data   RW         2791    .data               mc_w.l(errno.o)
    0x20000008   0x0800fc10   0x00000009   Data   RW         1012    .data.gyro_orientation  mpu6050.o
    0x20000011   0x0800fc19   0x00000001   Data   RW          988    .data.model_output  main.o
    0x20000012   0x0800fc1a   0x00000002   PAD
    0x20000014   0x0800fc1c   0x0000002c   Data   RW         1150    .data.st            inv_mpu.o
    0x20000040        -       0x00000004   Zero   RW         1312    .bss.ADC_Sample_Avg  adc.o
    0x20000044        -       0x00000008   Zero   RW         1280    .bss.Button         button.o
    0x2000004c        -       0x00000008   Zero   RW          832    .bss.Cyberry_Potter  cyberrypotter.o
    0x20000054        -       0x00000001   Zero   RW          833    .bss.EXTI9_5_IRQHandler.i  cyberrypotter.o
    0x20000055   0x0800fc48   0x00000003   PAD
    0x20000058        -       0x00000e1c   Zero   RW          918    .bss.IMU            imu.o
    0x20000e74        -       0x0000000c   Zero   RW          917    .bss.IMU_bias       imu.o
    0x20000e80        -       0x00000808   Zero   RW         1382    .bss.IR_RF_Signal   module_ir_rf.o
    0x20001688        -       0x00000004   Zero   RW         1296    .bss.LED            led.o
    0x2000168c        -       0x0000000c   Zero   RW          830    .bss.Module         cyberrypotter.o
    0x20001698        -       0x00000004   Zero   RW          991    .bss.ROM_Address    main.o
    0x2000169c        -       0x00000002   Zero   RW         1383    .bss.SIGNAL_Count   module_ir_rf.o
    0x2000169e        -       0x00001000   Zero   RW         1036    .bss.W25Q64_Buffer  w25q64.o
    0x2000269e   0x0800fc48   0x00000002   PAD
    0x200026a0        -       0x00000010   Zero   RW         1220    .bss.dmp            inv_mpu_dmp_motion_driver.o
    0x200026b0        -       0x00000004   Zero   RW          989    .bss.model          main.o
    0x200026b4        -       0x000001c2   Zero   RW          937    .bss.nnom_input_data  main.o
    0x20002876   0x0800fc48   0x00000002   PAD
    0x20002878        -       0x00000004   Zero   RW          271    .bss.nnom_memory_taken  nnom.o
    0x2000287c        -       0x00000088   Zero   RW          992    .bss.nnom_model_create.model  main.o
    0x20002904        -       0x0000000d   Zero   RW          985    .bss.nnom_output_data  main.o
    0x20002911   0x0800fc48   0x00000003   PAD
    0x20002914        -       0x00000004   Zero   RW          272    .bss.nnom_static_buf  nnom.o
    0x20002918        -       0x00000004   Zero   RW          274    .bss.nnom_static_buf_curr  nnom.o
    0x2000291c        -       0x00000004   Zero   RW          273    .bss.nnom_static_buf_size  nnom.o
    0x20002920        -       0x00000001   Zero   RW         1281    .bss.previous_status  button.o
    0x20002921        -       0x00002000   Zero   RW          990    .bss.static_buf     main.o
    0x20004921   0x0800fc48   0x00000001   PAD
    0x20004922        -       0x00000002   Zero   RW         1282    .bss.time_hold_count_ms  button.o
    0x20004924        -       0x00000002   Zero   RW         1283    .bss.time_release_count_ms  button.o
    0x20004926   0x0800fc48   0x00000002   PAD
    0x20004928        -       0x00000400   Zero   RW         2620    STACK               startup_stm32f10x_md.o


==============================================================================

Image component sizes


      Code (inc. data)   RO Data    RW Data    ZI Data      Debug   Object Name

       730          0         43          0          4       3460   adc.o
       614          0         13          0         13       5598   button.o
      1658         24         94          0         21       4188   cyberrypotter.o
       116          0          0          0          0       1157   delay.o
       744          0          0          0          0       5374   iic.o
       544          0          0          0       3624       2199   imu.o
      7720         40         82         44          0      19956   inv_mpu.o
      3248         16       3062          0         16       8727   inv_mpu_dmp_motion_driver.o
       342          6          0          0          4       2173   led.o
      1312         14      11693          1       8799       9656   main.o
       194          0          0          0          0       3427   misc.o
       530          0          0          0          0       5246   module0_ir.o
         6          0          0          0          0        603   module10.o
       408          0          0          0          0       4966   module1_rf433.o
         6          0          0          0          0        598   module3.o
         6          0          0          0          0        598   module4.o
         6          0          0          0          0        598   module5.o
         6          0          0          0          0        598   module6.o
         6          0          0          0          0        598   module7.o
         6          0          0          0          0        598   module8.o
         6          0          0          0          0        598   module9.o
      1390          0        126          0       2058       4862   module_ir_rf.o
       836          0        352          9          0       5953   mpu6050.o
      4458          0       1808          0         16      16765   nnom.o
       166          0          0          0          0       9173   nnom_activation.o
       104          0          0          0          0       4442   nnom_baselayer.o
      1430          0          0          0          0       7286   nnom_conv2d.o
       692          0          0          0          0       6111   nnom_dense.o
       264          0          0          0          0       4299   nnom_flatten.o
       468          0          0          0          0       4960   nnom_input.o
       114          0          0          0          0       4887   nnom_layers.o
      2514          0          0          0          0      27993   nnom_local.o
      1016          0          0          0          0      27470   nnom_local_q15.o
       124          0          0          0          0       4230   nnom_output.o
       274          0          0          0          0       4255   nnom_softmax.o
       632          0         34          0          0       4696   nnom_tensor.o
       340          0          0          0          0       3423   spi.o
        36          8        236          0       1024        912   startup_stm32f10x_md.o
       912          0          0          0          0       8870   stm32f10x_adc.o
       322          0          0          0          0       2952   stm32f10x_exti.o
       566          0          0          0          0       5793   stm32f10x_gpio.o
       570          0         20          0          0       7124   stm32f10x_rcc.o
       222          0          0          0          0       6708   stm32f10x_spi.o
       984          0          0          0          0      20499   stm32f10x_tim.o
       530          0          0          0          0       7597   stm32f10x_usart.o
       400          0          0          0          0       3054   system_stm32f10x.o
       236          0         11          0          0       4385   usart.o
       378          0          0          0       4096       2160   w25q64.o

    ----------------------------------------------------------------------
     38484        108      17632         56      19688     291775   Object Totals
         0          0         32          0          0          0   (incl. Generated)
       298          0         26          2         13          0   (incl. Padding)

    ----------------------------------------------------------------------

      Code (inc. data)   RO Data    RW Data    ZI Data      Debug   Library Member Name

        62         10          0          0          0        340   dunder.o
        40          0          0          0          0         68   fpclassify.o
       170          0          0          0          0         96   poly.o
      2540        188        136          0          0        332   pow.o
         0          0          8          0          0          0   qnan.o
       148         12          0          0          0         88   round.o
        76          0          0          0          0         84   sqrt.o
         0          0          0          0          0          0   entry.o
         0          0          0          0          0          0   entry10a.o
         0          0          0          0          0          0   entry11a.o
         8          4          0          0          0          0   entry2.o
         4          0          0          0          0          0   entry5.o
         0          0          0          0          0          0   entry7b.o
         0          0          0          0          0          0   entry8b.o
         8          4          0          0          0          0   entry9a.o
        12          6          0          4          0         68   errno.o
        30          0          0          0          0          0   handlers.o
        48         10          0          0          0         68   init.o
         0          0          0          0          0          0   iusefp.o
        98          0          0          0          0         84   ldiv.o
        30          0          0          0          0         68   llshl.o
        36          0          0          0          0         68   llsshr.o
        32          0          0          0          0         68   llushr.o
        26          0          0          0          0         80   memcmp.o
        36          0          0          0          0         68   memcpya.o
        36          0          0          0          0        108   memseta.o
      2258         90          0          0          0        452   printfa.o
         0          0          0          4          0          0   stdout.o
        44          0          0          0          0         80   uidiv.o
        98          0          0          0          0         92   uldiv.o
        48          0          0          0          0         68   cdcmple.o
        48          0          0          0          0         68   cdrcmple.o
        56          0          0          0          0         88   d2f.o
       334          0          0          0          0        148   dadd.o
        54          0          0          0          0         80   dcmple.o
       222          0          0          0          0        100   ddiv.o
       186          0          0          0          0        176   depilogue.o
        62          0          0          0          0         80   dfixi.o
        48          0          0          0          0         68   dfixul.o
        34          0          0          0          0         76   dflti.o
       228          0          0          0          0         96   dmul.o
       136          4          0          0          0         92   drnd.o
        46          0          0          0          0         80   dscalb.o
       162          0          0          0          0        100   dsqrt.o
        38          0          0          0          0         68   f2d.o
       176          0          0          0          0        140   fadd.o
        28          0          0          0          0         68   fcmpeq.o
        28          0          0          0          0         68   fcmpge.o
        28          0          0          0          0         68   fcmple.o
        28          0          0          0          0         68   fcmplt.o
       124          0          0          0          0         88   fdiv.o
       110          0          0          0          0        168   fepilogue.o
        50          0          0          0          0         68   ffixi.o
        18          0          0          0          0         68   fflti.o
        10          0          0          0          0         68   ffltui.o
       100          0          0          0          0         76   fmul.o

    ----------------------------------------------------------------------
      8256        328        144          8          0       4648   Library Totals
        14          0          0          0          0          0   (incl. Padding)

    ----------------------------------------------------------------------

      Code (inc. data)   RO Data    RW Data    ZI Data      Debug   Library Name

      3036        210        144          0          0       1008   m_ws.l
      2804        114          0          8          0       1304   mc_w.l
      2402          4          0          0          0       2336   mf_w.l

    ----------------------------------------------------------------------
      8256        328        144          8          0       4648   Library Totals

    ----------------------------------------------------------------------

==============================================================================


      Code (inc. data)   RO Data    RW Data    ZI Data      Debug   

     46740        436      17776         64      19688     293107   Grand Totals
     46740        436      17776         64      19688     293107   ELF Image Totals
     46740        436      17776         64          0          0   ROM Totals

==============================================================================

    Total RO  Size (Code + RO Data)                64516 (  63.00kB)
    Total RW  Size (RW Data + ZI Data)             19752 (  19.29kB)
    Total ROM Size (Code + RO Data + RW Data)      64580 (  63.07kB)

==============================================================================

