Component: Arm Compiler for Embedded 6.22 Tool: armlink [5ee90200]

==============================================================================

Section Cross References

    nnom_local.o(.text) refers to memcpya.o(.text) for __aeabi_memcpy
    nnom_local.o(.text) refers to memseta.o(.text) for __aeabi_memclr
    nnom_local.o(.text) refers to fflti.o(.text) for __aeabi_i2f
    nnom_local.o(.text) refers to fmul.o(.text) for __aeabi_fmul
    nnom_local.o(.text) refers to fadd.o(.text) for __aeabi_fadd
    nnom_local.o(.text) refers to ffixi.o(.text) for __aeabi_f2iz
    nnom_local.o(.text) refers to nnom_local.o(.rodata.nnom_sigmoid_table_q7) for nnom_sigmoid_table_q7
    nnom_local.o(.text) refers to nnom_local.o(.rodata.nnom_tanh_table_q7) for nnom_tanh_table_q7
    nnom_local.o(.ARM.exidx) refers to nnom_local.o(.text) for [Anonymous Symbol]
    nnom_local_q15.o(.text) refers to memcpya.o(.text) for __aeabi_memcpy
    nnom_local_q15.o(.text) refers to memseta.o(.text) for __aeabi_memclr
    nnom_local_q15.o(.text) refers to ldiv.o(.text) for __aeabi_ldivmod
    nnom_local_q15.o(.text) refers to fflti.o(.text) for __aeabi_i2f
    nnom_local_q15.o(.text) refers to fmul.o(.text) for __aeabi_fmul
    nnom_local_q15.o(.text) refers to fadd.o(.text) for __aeabi_fadd
    nnom_local_q15.o(.text) refers to ffixi.o(.text) for __aeabi_f2iz
    nnom_local_q15.o(.text) refers to nnom_local_q15.o(.rodata.nnom_sigmoid_table_q15) for nnom_sigmoid_table_q15
    nnom_local_q15.o(.text) refers to nnom_local_q15.o(.rodata.nnom_tanh_table_q15) for nnom_tanh_table_q15
    nnom_local_q15.o(.ARM.exidx) refers to nnom_local_q15.o(.text) for [Anonymous Symbol]
    nnom.o(.text) refers to nnom.o(.bss.nnom_static_buf) for nnom_static_buf
    nnom.o(.text) refers to nnom.o(.bss.nnom_static_buf_size) for nnom_static_buf_size
    nnom.o(.text) refers to nnom.o(.bss.nnom_static_buf_curr) for nnom_static_buf_curr
    nnom.o(.text) refers to nnom.o(.rodata.str1.1) for .L.str
    nnom.o(.text) refers to printfa.o(i.__0printf) for printf
    nnom.o(.text) refers to nnom.o(.bss.nnom_memory_taken) for nnom_memory_taken
    nnom.o(.text) refers to memseta.o(.text) for __aeabi_memclr
    nnom.o(.text) refers to nnom_tensor.o(.text) for tensor_size
    nnom.o(.text) refers to nnom.o(.rodata.default_layer_names) for default_layer_names
    nnom.o(.text) refers to nnom.o(.rodata.default_cell_names) for default_cell_names
    nnom.o(.text) refers to nnom.o(.rodata.default_activation_names) for default_activation_names
    nnom.o(.ARM.exidx) refers to nnom.o(.text) for [Anonymous Symbol]
    nnom_layers.o(.text) refers to nnom.o(.text) for nnom_mem
    nnom_layers.o(.ARM.exidx) refers to nnom_layers.o(.text) for [Anonymous Symbol]
    nnom_tensor.o(.text) refers to nnom_tensor.o(.rodata.str1.1) for .L.str
    nnom_tensor.o(.text) refers to printfa.o(i.__0printf) for printf
    nnom_tensor.o(.text) refers to nnom.o(.text) for nnom_alignto
    nnom_tensor.o(.text) refers to memcpya.o(.text) for __aeabi_memcpy
    nnom_tensor.o(.ARM.exidx) refers to nnom_tensor.o(.text) for [Anonymous Symbol]
    nnom_utils.o(.text) refers to nnom.o(.text) for nnom_malloc
    nnom_utils.o(.text) refers to memseta.o(.text) for __aeabi_memclr4
    nnom_utils.o(.text) refers to fflti.o(.text) for __aeabi_i2f
    nnom_utils.o(.text) refers to fdiv.o(.text) for __aeabi_fdiv
    nnom_utils.o(.text) refers to fcmplt.o(.text) for __aeabi_fcmplt
    nnom_utils.o(.text) refers to nnom_utils.o(.rodata.str1.1) for .L.str
    nnom_utils.o(.text) refers to printfa.o(i.__0printf) for printf
    nnom_utils.o(.text) refers to uldiv.o(.text) for __aeabi_uldivmod
    nnom_utils.o(.text) refers to nnom_tensor.o(.text) for tensor_size
    nnom_utils.o(.text) refers to nnom.o(.rodata.default_layer_names) for default_layer_names
    nnom_utils.o(.text) refers to nnom.o(.rodata.default_cell_names) for default_cell_names
    nnom_utils.o(.ARM.exidx) refers to nnom_utils.o(.text) for [Anonymous Symbol]
    nnom_activation.o(.text) refers to nnom.o(.text) for nnom_mem
    nnom_activation.o(.text) refers to nnom_baselayer.o(.text) for default_build
    nnom_activation.o(.text) refers to nnom_layers.o(.text) for io_init
    nnom_activation.o(.text) refers to fmul.o(.text) for __aeabi_fmul
    nnom_activation.o(.text) refers to ffixi.o(.text) for __aeabi_f2iz
    nnom_activation.o(.text) refers to nnom_tensor.o(.text) for tensor_size
    nnom_activation.o(.text) refers to nnom_local_q15.o(.text) for local_relu_q15
    nnom_activation.o(.text) refers to nnom_local.o(.text) for local_relu_q7
    nnom_activation.o(.text) refers to fflti.o(.text) for __aeabi_i2f
    nnom_activation.o(.text) refers to fcmpge.o(.text) for __aeabi_fcmpge
    nnom_activation.o(.text) refers to fcmpeq.o(.text) for __aeabi_fcmpeq
    nnom_activation.o(.ARM.exidx) refers to nnom_activation.o(.text) for [Anonymous Symbol]
    nnom_avgpool.o(.text) refers to nnom_layers.o(.text) for kernel
[...]
    Module4_Init                             0x08011ec5   Thumb Code     2  module4.o(.text)
    Module4_Mode0_Handler                    0x08011ec9   Thumb Code     2  module4.o(.text)
    Module4_Mode1_Handler                    0x08011ecd   Thumb Code     2  module4.o(.text)
    Module5_Init                             0x08011ed1   Thumb Code     2  module5.o(.text)
    Module5_Mode0_Handler                    0x08011ed5   Thumb Code     2  module5.o(.text)
    Module5_Mode1_Handler                    0x08011ed9   Thumb Code     2  module5.o(.text)
    Module6_Init                             0x08011edd   Thumb Code     2  module6.o(.text)
    Module6_Mode0_Handler                    0x08011ee1   Thumb Code     2  module6.o(.text)
    Module6_Mode1_Handler                    0x08011ee5   Thumb Code     2  module6.o(.text)
    Module7_Init                             0x08011ee9   Thumb Code     2  module7.o(.text)
    Module7_Mode0_Handler                    0x08011eed   Thumb Code     2  module7.o(.text)
    Module7_Mode1_Handler                    0x08011ef1   Thumb Code     2  module7.o(.text)
    Module8_Init                             0x08011ef5   Thumb Code     2  module8.o(.text)
    Module8_Mode0_Handler                    0x08011ef9   Thumb Code     2  module8.o(.text)
    Module8_Mode1_Handler                    0x08011efd   Thumb Code     2  module8.o(.text)
    Module9_Init                             0x08011f01   Thumb Code     2  module9.o(.text)
    Module9_Mode0_Handler                    0x08011f05   Thumb Code     2  module9.o(.text)
    Module9_Mode1_Handler                    0x08011f09   Thumb Code     2  module9.o(.text)
    Module10_Init                            0x08011f0d   Thumb Code     2  module10.o(.text)
    Module10_Mode0_Handler                   0x08011f11   Thumb Code     2  module10.o(.text)
    Module10_Mode1_Handler                   0x08011f15   Thumb Code     2  module10.o(.text)
    Reset_Handler                            0x08011f19   Thumb Code     8  startup_stm32f10x_md.o(.text)
    NMI_Handler                              0x08011f21   Thumb Code     2  startup_stm32f10x_md.o(.text)
    HardFault_Handler                        0x08011f23   Thumb Code     2  startup_stm32f10x_md.o(.text)
    MemManage_Handler                        0x08011f25   Thumb Code     2  startup_stm32f10x_md.o(.text)
    BusFault_Handler                         0x08011f27   Thumb Code     2  startup_stm32f10x_md.o(.text)
    UsageFault_Handler                       0x08011f29   Thumb Code     2  startup_stm32f10x_md.o(.text)
    SVC_Handler                              0x08011f2b   Thumb Code     2  startup_stm32f10x_md.o(.text)
    DebugMon_Handler                         0x08011f2d   Thumb Code     2  startup_stm32f10x_md.o(.text)
    PendSV_Handler                           0x08011f2f   Thumb Code     2  startup_stm32f10x_md.o(.text)
    SysTick_Handler                          0x08011f31   Thumb Code     2  startup_stm32f10x_md.o(.text)
    ADC1_2_IRQHandler                        0x08011f33   Thumb Code     0  startup_stm32f10x_md.o(.text)
    CAN1_RX1_IRQHandler                      0x08011f33   Thumb Code     0  startup_stm32f10x_md.o(.text)
    CAN1_SCE_IRQHandler                      0x08011f33   Thumb Code     0  startup_stm32f10x_md.o(.text)
    DMA1_Channel1_IRQHandler                 0x08011f33   Thumb Code     0  startup_stm32f10x_md.o(.text)
    DMA1_Channel2_IRQHandler                 0x08011f33   Thumb Code     0  startup_stm32f10x_md.o(.text)
    DMA1_Channel3_IRQHandler                 0x08011f33   Thumb Code     0  startup_stm32f10x_md.o(.text)
    DMA1_Channel4_IRQHandler                 0x08011f33   Thumb Code     0  startup_stm32f10x_md.o(.text)
    DMA1_Channel5_IRQHandler                 0x08011f33   Thumb Code     0  startup_stm32f10x_md.o(.text)
    DMA1_Channel6_IRQHandler                 0x08011f33   Thumb Code     0  startup_stm32f10x_md.o(.text)
    DMA1_Channel7_IRQHandler                 0x08011f33   Thumb Code     0  startup_stm32f10x_md.o(.text)
    EXTI15_10_IRQHandler                     0x08011f33   Thumb Code     0  startup_stm32f10x_md.o(.text)
    EXTI1_IRQHandler                         0x08011f33   Thumb Code     0  startup_stm32f10x_md.o(.text)
    EXTI2_IRQHandler                         0x08011f33   Thumb Code     0  startup_stm32f10x_md.o(.text)
    EXTI3_IRQHandler                         0x08011f33   Thumb Code     0  startup_stm32f10x_md.o(.text)
    EXTI4_IRQHandler                         0x08011f33   Thumb Code     0  startup_stm32f10x_md.o(.text)
    FLASH_IRQHandler                         0x08011f33   Thumb Code     0  startup_stm32f10x_md.o(.text)
    I2C1_ER_IRQHandler                       0x08011f33   Thumb Code     0  startup_stm32f10x_md.o(.text)
    I2C1_EV_IRQHandler                       0x08011f33   Thumb Code     0  startup_stm32f10x_md.o(.text)
    I2C2_ER_IRQHandler                       0x08011f33   Thumb Code     0  startup_stm32f10x_md.o(.text)
    I2C2_EV_IRQHandler                       0x08011f33   Thumb Code     0  startup_stm32f10x_md.o(.text)
    PVD_IRQHandler                           0x08011f33   Thumb Code     0  startup_stm32f10x_md.o(.text)
    RCC_IRQHandler                           0x08011f33   Thumb Code     0  startup_stm32f10x_md.o(.text)
    RTCAlarm_IRQHandler                      0x08011f33   Thumb Code     0  startup_stm32f10x_md.o(.text)
    RTC_IRQHandler                           0x08011f33   Thumb Code     0  startup_stm32f10x_md.o(.text)
    SPI1_IRQHandler                          0x08011f33   Thumb Code     0  startup_stm32f10x_md.o(.text)
    SPI2_IRQHandler                          0x08011f33   Thumb Code     0  startup_stm32f10x_md.o(.text)
    TAMPER_IRQHandler                        0x08011f33   Thumb Code     0  startup_stm32f10x_md.o(.text)
    TIM1_BRK_IRQHandler                      0x08011f33   Thumb Code     0  startup_stm32f10x_md.o(.text)
    TIM1_CC_IRQHandler                       0x08011f33   Thumb Code     0  startup_stm32f10x_md.o(.text)
    TIM1_TRG_COM_IRQHandler                  0x08011f33   Thumb Code     0  startup_stm32f10x_md.o(.text)
    TIM1_UP_IRQHandler                       0x08011f33   Thumb Code     0  startup_stm32f10x_md.o(.text)
    TIM3_IRQHandler                          0x08011f33   Thumb Code     0  startup_stm32f10x_md.o(.text)
    USART1_IRQHandler                        0x08011f33   Thumb Code     0  startup_stm32f10x_md.o(.text)
    USART2_IRQHandler                        0x08011f33   Thumb Code     0  startup_stm32f10x_md.o(.text)
    USART3_IRQHandler                        0x08011f33   Thumb Code     0  startup_stm32f10x_md.o(.text)
    USBWakeUp_IRQHandler                     0x08011f33   Thumb Code     0  startup_stm32f10x_md.o(.text)
    USB_HP_CAN1_TX_IRQHandler                0x08011f33   Thumb Code     0  startup_stm32f10x_md.o(.text)
    USB_LP_CAN1_RX0_IRQHandler               0x08011f33   Thumb Code     0  startup_stm32f10x_md.o(.text)
    WWDG_IRQHandler                          0x08011f33   Thumb Code     0  startup_stm32f10x_md.o(.text)
    SystemInit                               0x08011f3d   Thumb Code   102  system_stm32f10x.o(.text)
    SystemCoreClockUpdate                    0x08011fad   Thumb Code   290  system_stm32f10x.o(.text)
    ADC_DeInit                               0x080121f5   Thumb Code   128  stm32f10x_adc.o(.text)
    ADC_Init                                 0x08012275   Thumb Code   154  stm32f10x_adc.o(.text)
    ADC_StructInit                           0x08012311   Thumb Code    36  stm32f10x_adc.o(.text)
    ADC_Cmd                                  0x08012335   Thumb Code    40  stm32f10x_adc.o(.text)
    ADC_DMACmd                               0x0801235d   Thumb Code    40  stm32f10x_adc.o(.text)
    ADC_ITConfig                             0x08012385   Thumb Code    62  stm32f10x_adc.o(.text)
    ADC_ResetCalibration                     0x080123c5   Thumb Code    18  stm32f10x_adc.o(.text)
    ADC_GetResetCalibrationStatus            0x080123d9   Thumb Code    38  stm32f10x_adc.o(.text)
    ADC_StartCalibration                     0x08012401   Thumb Code    18  stm32f10x_adc.o(.text)
    ADC_GetCalibrationStatus                 0x08012415   Thumb Code    38  stm32f10x_adc.o(.text)
    ADC_SoftwareStartConvCmd                 0x0801243d   Thumb Code    40  stm32f10x_adc.o(.text)
    ADC_GetSoftwareStartConvStatus           0x08012465   Thumb Code    38  stm32f10x_adc.o(.text)
    ADC_DiscModeChannelCountConfig           0x0801248d   Thumb Code    56  stm32f10x_adc.o(.text)
    ADC_DiscModeCmd                          0x080124c5   Thumb Code    40  stm32f10x_adc.o(.text)
    ADC_RegularChannelConfig                 0x080124ed   Thumb Code   380  stm32f10x_adc.o(.text)
    ADC_ExternalTrigConvCmd                  0x08012669   Thumb Code    40  stm32f10x_adc.o(.text)
    ADC_GetConversionValue                   0x08012691   Thumb Code    14  stm32f10x_adc.o(.text)
    ADC_GetDualModeConversionValue           0x080126a1   Thumb Code    12  stm32f10x_adc.o(.text)
    ADC_AutoInjectedConvCmd                  0x080126ad   Thumb Code    40  stm32f10x_adc.o(.text)
    ADC_InjectedDiscModeCmd                  0x080126d5   Thumb Code    40  stm32f10x_adc.o(.text)
    ADC_ExternalTrigInjectedConvConfig       0x080126fd   Thumb Code    42  stm32f10x_adc.o(.text)
    ADC_ExternalTrigInjectedConvCmd          0x08012729   Thumb Code    40  stm32f10x_adc.o(.text)
    ADC_SoftwareStartInjectedConvCmd         0x08012751   Thumb Code    40  stm32f10x_adc.o(.text)
    ADC_GetSoftwareStartInjectedConvCmdStatus 0x08012779   Thumb Code    38  stm32f10x_adc.o(.text)
    ADC_InjectedChannelConfig                0x080127a1   Thumb Code   250  stm32f10x_adc.o(.text)
    ADC_InjectedSequencerLengthConfig        0x0801289d   Thumb Code    56  stm32f10x_adc.o(.text)
    ADC_SetInjectedOffset                    0x080128d5   Thumb Code    42  stm32f10x_adc.o(.text)
    ADC_GetInjectedConversionValue           0x08012901   Thumb Code    38  stm32f10x_adc.o(.text)
    ADC_AnalogWatchdogCmd                    0x08012929   Thumb Code    48  stm32f10x_adc.o(.text)
    ADC_AnalogWatchdogThresholdsConfig       0x08012959   Thumb Code    32  stm32f10x_adc.o(.text)
    ADC_AnalogWatchdogSingleChannelConfig    0x08012979   Thumb Code    46  stm32f10x_adc.o(.text)
    ADC_TempSensorVrefintCmd                 0x080129a9   Thumb Code    50  stm32f10x_adc.o(.text)
    ADC_GetFlagStatus                        0x080129dd   Thumb Code    44  stm32f10x_adc.o(.text)
    ADC_ClearFlag                            0x08012a09   Thumb Code    22  stm32f10x_adc.o(.text)
    ADC_GetITStatus                          0x08012a21   Thumb Code    70  stm32f10x_adc.o(.text)
    ADC_ClearITPendingBit                    0x08012a69   Thumb Code    36  stm32f10x_adc.o(.text)
    EXTI_DeInit                              0x08012a8d   Thumb Code    62  stm32f10x_exti.o(.text)
    EXTI_Init                                0x08012acd   Thumb Code   234  stm32f10x_exti.o(.text)
    EXTI_StructInit                          0x08012bb9   Thumb Code    28  stm32f10x_exti.o(.text)
    EXTI_GenerateSWInterrupt                 0x08012bd5   Thumb Code    24  stm32f10x_exti.o(.text)
    EXTI_GetFlagStatus                       0x08012bed   Thumb Code    44  stm32f10x_exti.o(.text)
    EXTI_ClearFlag                           0x08012c19   Thumb Code    20  stm32f10x_exti.o(.text)
    EXTI_GetITStatus                         0x08012c2d   Thumb Code    68  stm32f10x_exti.o(.text)
    EXTI_ClearITPendingBit                   0x08012c71   Thumb Code    20  stm32f10x_exti.o(.text)
    NVIC_PriorityGroupConfig                 0x08012c85   Thumb Code    28  misc.o(.text)
    NVIC_Init                                0x08012ca1   Thumb Code   166  misc.o(.text)
    NVIC_SetVectorTable                      0x08012d49   Thumb Code    36  misc.o(.text)
    NVIC_SystemLPConfig                      0x08012d6d   Thumb Code    58  misc.o(.text)
    SysTick_CLKSourceConfig                  0x08012da9   Thumb Code    52  misc.o(.text)
    GPIO_DeInit                              0x08012ddd   Thumb Code   276  stm32f10x_gpio.o(.text)
    GPIO_AFIODeInit                          0x08012ef1   Thumb Code    26  stm32f10x_gpio.o(.text)
    GPIO_Init                                0x08012f0d   Thumb Code   390  stm32f10x_gpio.o(.text)
    GPIO_StructInit                          0x08013095   Thumb Code    28  stm32f10x_gpio.o(.text)
    GPIO_ReadInputDataBit                    0x080130b1   Thumb Code    52  stm32f10x_gpio.o(.text)
    GPIO_ReadInputData                       0x080130e5   Thumb Code    14  stm32f10x_gpio.o(.text)
    GPIO_ReadOutputDataBit                   0x080130f5   Thumb Code    52  stm32f10x_gpio.o(.text)
    GPIO_ReadOutputData                      0x08013129   Thumb Code    14  stm32f10x_gpio.o(.text)
    GPIO_SetBits                             0x08013139   Thumb Code    20  stm32f10x_gpio.o(.text)
    GPIO_ResetBits                           0x0801314d   Thumb Code    20  stm32f10x_gpio.o(.text)
    GPIO_WriteBit                            0x08013161   Thumb Code    40  stm32f10x_gpio.o(.text)
    GPIO_Write                               0x08013189   Thumb Code    20  stm32f10x_gpio.o(.text)
    GPIO_PinLockConfig                       0x0801319d   Thumb Code    60  stm32f10x_gpio.o(.text)
    GPIO_EventOutputConfig                   0x080131d9   Thumb Code    64  stm32f10x_gpio.o(.text)
    GPIO_EventOutputCmd                      0x08013219   Thumb Code    18  stm32f10x_gpio.o(.text)
    GPIO_PinRemapConfig                      0x0801322d   Thumb Code   246  stm32f10x_gpio.o(.text)
    GPIO_EXTILineConfig                      0x08013325   Thumb Code    84  stm32f10x_gpio.o(.text)
    GPIO_ETH_MediaInterfaceConfig            0x08013379   Thumb Code    18  stm32f10x_gpio.o(.text)
    RCC_DeInit                               0x0801338d   Thumb Code    82  stm32f10x_rcc.o(.text)
    RCC_HSEConfig                            0x080133e1   Thumb Code    92  stm32f10x_rcc.o(.text)
    RCC_WaitForHSEStartUp                    0x0801343d   Thumb Code    94  stm32f10x_rcc.o(.text)
    RCC_GetFlagStatus                        0x0801349d   Thumb Code   122  stm32f10x_rcc.o(.text)
    RCC_AdjustHSICalibrationValue            0x08013519   Thumb Code    50  stm32f10x_rcc.o(.text)
    RCC_HSICmd                               0x0801354d   Thumb Code    18  stm32f10x_rcc.o(.text)
    RCC_PLLConfig                            0x08013561   Thumb Code    50  stm32f10x_rcc.o(.text)
    RCC_PLLCmd                               0x08013595   Thumb Code    18  stm32f10x_rcc.o(.text)
    RCC_SYSCLKConfig                         0x080135a9   Thumb Code    44  stm32f10x_rcc.o(.text)
    RCC_GetSYSCLKSource                      0x080135d5   Thumb Code    16  stm32f10x_rcc.o(.text)
    RCC_HCLKConfig                           0x080135e5   Thumb Code    44  stm32f10x_rcc.o(.text)
    RCC_PCLK1Config                          0x08013611   Thumb Code    44  stm32f10x_rcc.o(.text)
    RCC_PCLK2Config                          0x0801363d   Thumb Code    46  stm32f10x_rcc.o(.text)
    RCC_ITConfig                             0x0801366d   Thumb Code    58  stm32f10x_rcc.o(.text)
    RCC_USBCLKConfig                         0x080136a9   Thumb Code    18  stm32f10x_rcc.o(.text)
    RCC_ADCCLKConfig                         0x080136bd   Thumb Code    44  stm32f10x_rcc.o(.text)
    RCC_LSEConfig                            0x080136e9   Thumb Code    76  stm32f10x_rcc.o(.text)
    RCC_LSICmd                               0x08013735   Thumb Code    20  stm32f10x_rcc.o(.text)
    RCC_RTCCLKConfig                         0x08013749   Thumb Code    24  stm32f10x_rcc.o(.text)
    RCC_RTCCLKCmd                            0x08013761   Thumb Code    20  stm32f10x_rcc.o(.text)
    RCC_GetClocksFreq                        0x08013775   Thumb Code   370  stm32f10x_rcc.o(.text)
    RCC_AHBPeriphClockCmd                    0x080138e9   Thumb Code    52  stm32f10x_rcc.o(.text)
    RCC_APB2PeriphClockCmd                   0x0801391d   Thumb Code    52  stm32f10x_rcc.o(.text)
    RCC_APB1PeriphClockCmd                   0x08013951   Thumb Code    52  stm32f10x_rcc.o(.text)
    RCC_APB2PeriphResetCmd                   0x08013985   Thumb Code    52  stm32f10x_rcc.o(.text)
    RCC_APB1PeriphResetCmd                   0x080139b9   Thumb Code    52  stm32f10x_rcc.o(.text)
    RCC_BackupResetCmd                       0x080139ed   Thumb Code    20  stm32f10x_rcc.o(.text)
    RCC_ClockSecuritySystemCmd               0x08013a01   Thumb Code    18  stm32f10x_rcc.o(.text)
    RCC_MCOConfig                            0x08013a15   Thumb Code    24  stm32f10x_rcc.o(.text)
    RCC_ClearFlag                            0x08013a2d   Thumb Code    18  stm32f10x_rcc.o(.text)
    RCC_GetITStatus                          0x08013a41   Thumb Code    48  stm32f10x_rcc.o(.text)
    RCC_ClearITPendingBit                    0x08013a71   Thumb Code    24  stm32f10x_rcc.o(.text)
    SPI_I2S_DeInit                           0x08013a89   Thumb Code   128  stm32f10x_spi.o(.text)
    SPI_Init                                 0x08013b09   Thumb Code   104  stm32f10x_spi.o(.text)
    I2S_Init                                 0x08013b71   Thumb Code   372  stm32f10x_spi.o(.text)
    SPI_StructInit                           0x08013ce5   Thumb Code    48  stm32f10x_spi.o(.text)
    I2S_StructInit                           0x08013d15   Thumb Code    36  stm32f10x_spi.o(.text)
    SPI_Cmd                                  0x08013d39   Thumb Code    40  stm32f10x_spi.o(.text)
    I2S_Cmd                                  0x08013d61   Thumb Code    40  stm32f10x_spi.o(.text)
    SPI_I2S_ITConfig                         0x08013d89   Thumb Code    80  stm32f10x_spi.o(.text)
    SPI_I2S_DMACmd                           0x08013dd9   Thumb Code    48  stm32f10x_spi.o(.text)
    SPI_I2S_SendData                         0x08013e09   Thumb Code    20  stm32f10x_spi.o(.text)
    SPI_I2S_ReceiveData                      0x08013e1d   Thumb Code    12  stm32f10x_spi.o(.text)
    SPI_NSSInternalSoftwareConfig            0x08013e29   Thumb Code    50  stm32f10x_spi.o(.text)
    SPI_SSOutputCmd                          0x08013e5d   Thumb Code    40  stm32f10x_spi.o(.text)
    SPI_DataSizeConfig                       0x08013e85   Thumb Code    34  stm32f10x_spi.o(.text)
    SPI_TransmitCRC                          0x08013ea9   Thumb Code    18  stm32f10x_spi.o(.text)
    SPI_CalculateCRC                         0x08013ebd   Thumb Code    40  stm32f10x_spi.o(.text)
    SPI_GetCRC                               0x08013ee5   Thumb Code    52  stm32f10x_spi.o(.text)
    SPI_GetCRCPolynomial                     0x08013f19   Thumb Code    12  stm32f10x_spi.o(.text)
    SPI_BiDirectionalLineConfig              0x08013f25   Thumb Code    48  stm32f10x_spi.o(.text)
    SPI_I2S_GetFlagStatus                    0x08013f55   Thumb Code    46  stm32f10x_spi.o(.text)
    SPI_I2S_ClearFlag                        0x08013f85   Thumb Code    22  stm32f10x_spi.o(.text)
    SPI_I2S_GetITStatus                      0x08013f9d   Thumb Code   118  stm32f10x_spi.o(.text)
    SPI_I2S_ClearITPendingBit                0x08014015   Thumb Code    44  stm32f10x_spi.o(.text)
    TIM_DeInit                               0x08014041   Thumb Code   666  stm32f10x_tim.o(.text)
    TIM_TimeBaseInit                         0x080142dd   Thumb Code   322  stm32f10x_tim.o(.text)
    TIM_OC1Init                              0x08014421   Thumb Code   354  stm32f10x_tim.o(.text)
    TIM_OC2Init                              0x08014585   Thumb Code   320  stm32f10x_tim.o(.text)
    TIM_OC3Init                              0x080146c5   Thumb Code   318  stm32f10x_tim.o(.text)
    TIM_OC4Init                              0x08014805   Thumb Code   238  stm32f10x_tim.o(.text)
    TIM_ICInit                               0x080148f5   Thumb Code   242  stm32f10x_tim.o(.text)
    TIM_SetIC1Prescaler                      0x08014aed   Thumb Code    34  stm32f10x_tim.o(.text)
    TIM_SetIC2Prescaler                      0x08014c31   Thumb Code    36  stm32f10x_tim.o(.text)
    TIM_SetIC3Prescaler                      0x08014d69   Thumb Code    34  stm32f10x_tim.o(.text)
    TIM_SetIC4Prescaler                      0x08014ead   Thumb Code    36  stm32f10x_tim.o(.text)
    TIM_PWMIConfig                           0x08014ed1   Thumb Code   190  stm32f10x_tim.o(.text)
    TIM_BDTRConfig                           0x08014f91   Thumb Code    44  stm32f10x_tim.o(.text)
    TIM_TimeBaseStructInit                   0x08014fbd   Thumb Code    34  stm32f10x_tim.o(.text)
    TIM_OCStructInit                         0x08014fe1   Thumb Code    42  stm32f10x_tim.o(.text)
    TIM_ICStructInit                         0x0801500d   Thumb Code    32  stm32f10x_tim.o(.text)
    TIM_BDTRStructInit                       0x0801502d   Thumb Code    38  stm32f10x_tim.o(.text)
    TIM_Cmd                                  0x08015055   Thumb Code    40  stm32f10x_tim.o(.text)
    TIM_CtrlPWMOutputs                       0x0801507d   Thumb Code    48  stm32f10x_tim.o(.text)
    TIM_ITConfig                             0x080150ad   Thumb Code    48  stm32f10x_tim.o(.text)
    TIM_GenerateEvent                        0x080150dd   Thumb Code    20  stm32f10x_tim.o(.text)
    TIM_DMAConfig                            0x080150f1   Thumb Code    32  stm32f10x_tim.o(.text)
    TIM_DMACmd                               0x08015111   Thumb Code    48  stm32f10x_tim.o(.text)
    TIM_InternalClockConfig                  0x08015141   Thumb Code    18  stm32f10x_tim.o(.text)
    TIM_ITRxExternalClockConfig              0x08015155   Thumb Code    34  stm32f10x_tim.o(.text)
    TIM_SelectInputTrigger                   0x08015179   Thumb Code    60  stm32f10x_tim.o(.text)
    TIM_TIxExternalClockConfig               0x080151b5   Thumb Code    88  stm32f10x_tim.o(.text)
    TIM_ETRClockMode1Config                  0x0801520d   Thumb Code   110  stm32f10x_tim.o(.text)
    TIM_ETRConfig                            0x0801527d   Thumb Code    78  stm32f10x_tim.o(.text)
    TIM_ETRClockMode2Config                  0x080152cd   Thumb Code    50  stm32f10x_tim.o(.text)
    TIM_PrescalerConfig                      0x08015301   Thumb Code    32  stm32f10x_tim.o(.text)
    TIM_CounterModeConfig                    0x08015321   Thumb Code    60  stm32f10x_tim.o(.text)
    TIM_EncoderInterfaceConfig               0x0801535d   Thumb Code   170  stm32f10x_tim.o(.text)
    TIM_ForcedOC1Config                      0x08015409   Thumb Code    60  stm32f10x_tim.o(.text)
    TIM_ForcedOC2Config                      0x08015445   Thumb Code    62  stm32f10x_tim.o(.text)
    TIM_ForcedOC3Config                      0x08015485   Thumb Code    60  stm32f10x_tim.o(.text)
    TIM_ForcedOC4Config                      0x080154c1   Thumb Code    62  stm32f10x_tim.o(.text)
    TIM_ARRPreloadConfig                     0x08015501   Thumb Code    40  stm32f10x_tim.o(.text)
    TIM_SelectCOM                            0x08015529   Thumb Code    40  stm32f10x_tim.o(.text)
    TIM_SelectCCDMA                          0x08015551   Thumb Code    40  stm32f10x_tim.o(.text)
    TIM_CCPreloadControl                     0x08015579   Thumb Code    40  stm32f10x_tim.o(.text)
    TIM_OC1PreloadConfig                     0x080155a1   Thumb Code    60  stm32f10x_tim.o(.text)
    TIM_OC2PreloadConfig                     0x080155dd   Thumb Code    62  stm32f10x_tim.o(.text)
    TIM_OC3PreloadConfig                     0x0801561d   Thumb Code    60  stm32f10x_tim.o(.text)
    TIM_OC4PreloadConfig                     0x08015659   Thumb Code    62  stm32f10x_tim.o(.text)
    TIM_OC1FastConfig                        0x08015699   Thumb Code    60  stm32f10x_tim.o(.text)
    TIM_OC2FastConfig                        0x080156d5   Thumb Code    62  stm32f10x_tim.o(.text)
    TIM_OC3FastConfig                        0x08015715   Thumb Code    60  stm32f10x_tim.o(.text)
    TIM_OC4FastConfig                        0x08015751   Thumb Code    62  stm32f10x_tim.o(.text)
    TIM_ClearOC1Ref                          0x08015791   Thumb Code    60  stm32f10x_tim.o(.text)
    TIM_ClearOC2Ref                          0x080157cd   Thumb Code    62  stm32f10x_tim.o(.text)
    TIM_ClearOC3Ref                          0x0801580d   Thumb Code    60  stm32f10x_tim.o(.text)
    TIM_ClearOC4Ref                          0x08015849   Thumb Code    62  stm32f10x_tim.o(.text)
    TIM_OC1PolarityConfig                    0x08015889   Thumb Code    60  stm32f10x_tim.o(.text)
    TIM_OC1NPolarityConfig                   0x080158c5   Thumb Code    60  stm32f10x_tim.o(.text)
    TIM_OC2PolarityConfig                    0x08015901   Thumb Code    62  stm32f10x_tim.o(.text)
    TIM_OC2NPolarityConfig                   0x08015941   Thumb Code    62  stm32f10x_tim.o(.text)
    TIM_OC3PolarityConfig                    0x08015981   Thumb Code    62  stm32f10x_tim.o(.text)
    TIM_OC3NPolarityConfig                   0x080159c1   Thumb Code    62  stm32f10x_tim.o(.text)
    TIM_OC4PolarityConfig                    0x08015a01   Thumb Code    62  stm32f10x_tim.o(.text)
    TIM_CCxCmd                               0x08015a41   Thumb Code    66  stm32f10x_tim.o(.text)
    TIM_CCxNCmd                              0x08015a85   Thumb Code    66  stm32f10x_tim.o(.text)
    TIM_SelectOCxM                           0x08015ac9   Thumb Code   156  stm32f10x_tim.o(.text)
    TIM_UpdateDisableConfig                  0x08015b65   Thumb Code    40  stm32f10x_tim.o(.text)
    TIM_UpdateRequestConfig                  0x08015b8d   Thumb Code    44  stm32f10x_tim.o(.text)
    TIM_SelectHallSensor                     0x08015bb9   Thumb Code    40  stm32f10x_tim.o(.text)
    TIM_SelectOnePulseMode                   0x08015be1   Thumb Code    34  stm32f10x_tim.o(.text)
    TIM_SelectOutputTrigger                  0x08015c05   Thumb Code    34  stm32f10x_tim.o(.text)
    TIM_SelectSlaveMode                      0x08015c29   Thumb Code    34  stm32f10x_tim.o(.text)
    TIM_SelectMasterSlaveMode                0x08015c4d   Thumb Code    34  stm32f10x_tim.o(.text)
    TIM_SetCounter                           0x08015c71   Thumb Code    20  stm32f10x_tim.o(.text)
    TIM_SetAutoreload                        0x08015c85   Thumb Code    20  stm32f10x_tim.o(.text)
    TIM_SetCompare1                          0x08015c99   Thumb Code    20  stm32f10x_tim.o(.text)
    TIM_SetCompare2                          0x08015cad   Thumb Code    20  stm32f10x_tim.o(.text)
    TIM_SetCompare3                          0x08015cc1   Thumb Code    20  stm32f10x_tim.o(.text)
    TIM_SetCompare4                          0x08015cd5   Thumb Code    22  stm32f10x_tim.o(.text)
    TIM_SetClockDivision                     0x08015ced   Thumb Code    34  stm32f10x_tim.o(.text)
    TIM_GetCapture1                          0x08015d11   Thumb Code    12  stm32f10x_tim.o(.text)
    TIM_GetCapture2                          0x08015d1d   Thumb Code    12  stm32f10x_tim.o(.text)
    TIM_GetCapture3                          0x08015d29   Thumb Code    12  stm32f10x_tim.o(.text)
    TIM_GetCapture4                          0x08015d35   Thumb Code    14  stm32f10x_tim.o(.text)
    TIM_GetCounter                           0x08015d45   Thumb Code    12  stm32f10x_tim.o(.text)
    TIM_GetPrescaler                         0x08015d51   Thumb Code    12  stm32f10x_tim.o(.text)
    TIM_GetFlagStatus                        0x08015d5d   Thumb Code    46  stm32f10x_tim.o(.text)
    TIM_ClearFlag                            0x08015d8d   Thumb Code    22  stm32f10x_tim.o(.text)
    TIM_GetITStatus                          0x08015da5   Thumb Code    82  stm32f10x_tim.o(.text)
    TIM_ClearITPendingBit                    0x08015df9   Thumb Code    22  stm32f10x_tim.o(.text)
    USART_DeInit                             0x08015e11   Thumb Code   208  stm32f10x_usart.o(.text)
    USART_Init                               0x08015ee1   Thumb Code   348  stm32f10x_usart.o(.text)
    USART_StructInit                         0x0801603d   Thumb Code    40  stm32f10x_usart.o(.text)
    USART_ClockInit                          0x08016065   Thumb Code    58  stm32f10x_usart.o(.text)
    USART_ClockStructInit                    0x080160a1   Thumb Code    26  stm32f10x_usart.o(.text)
    USART_Cmd                                0x080160bd   Thumb Code    40  stm32f10x_usart.o(.text)
    USART_ITConfig                           0x080160e5   Thumb Code   142  stm32f10x_usart.o(.text)
    USART_DMACmd                             0x08016175   Thumb Code    48  stm32f10x_usart.o(.text)
    USART_SetAddress                         0x080161a5   Thumb Code    34  stm32f10x_usart.o(.text)
    USART_WakeUpConfig                       0x080161c9   Thumb Code    34  stm32f10x_usart.o(.text)
    USART_ReceiverWakeUpCmd                  0x080161ed   Thumb Code    40  stm32f10x_usart.o(.text)
    USART_LINBreakDetectLengthConfig         0x08016215   Thumb Code    34  stm32f10x_usart.o(.text)
    USART_LINCmd                             0x08016239   Thumb Code    40  stm32f10x_usart.o(.text)
    USART_SendData                           0x08016261   Thumb Code    24  stm32f10x_usart.o(.text)
    USART_ReceiveData                        0x08016279   Thumb Code    16  stm32f10x_usart.o(.text)
    USART_SendBreak                          0x08016289   Thumb Code    18  stm32f10x_usart.o(.text)
    USART_SetGuardTime                       0x0801629d   Thumb Code    34  stm32f10x_usart.o(.text)
    USART_SetPrescaler                       0x080162c1   Thumb Code    34  stm32f10x_usart.o(.text)
    USART_SmartCardCmd                       0x080162e5   Thumb Code    40  stm32f10x_usart.o(.text)
    USART_SmartCardNACKCmd                   0x0801630d   Thumb Code    40  stm32f10x_usart.o(.text)
    USART_HalfDuplexCmd                      0x08016335   Thumb Code    40  stm32f10x_usart.o(.text)
    USART_OverSampling8Cmd                   0x0801635d   Thumb Code    40  stm32f10x_usart.o(.text)
    USART_OneBitMethodCmd                    0x08016385   Thumb Code    40  stm32f10x_usart.o(.text)
    USART_IrDAConfig                         0x080163ad   Thumb Code    34  stm32f10x_usart.o(.text)
    USART_IrDACmd                            0x080163d1   Thumb Code    40  stm32f10x_usart.o(.text)
    USART_GetFlagStatus                      0x080163f9   Thumb Code    60  stm32f10x_usart.o(.text)
    USART_ClearFlag                          0x08016435   Thumb Code    36  stm32f10x_usart.o(.text)
    USART_GetITStatus                        0x08016459   Thumb Code   168  stm32f10x_usart.o(.text)
    USART_ClearITPendingBit                  0x08016501   Thumb Code    68  stm32f10x_usart.o(.text)
    __aeabi_uldivmod                         0x08016545   Thumb Code    98  uldiv.o(.text)
    __aeabi_ldivmod                          0x080165a7   Thumb Code    98  ldiv.o(.text)
    __aeabi_memcpy                           0x08016609   Thumb Code    36  memcpya.o(.text)
    __aeabi_memcpy4                          0x08016609   Thumb Code     0  memcpya.o(.text)
    __aeabi_memcpy8                          0x08016609   Thumb Code     0  memcpya.o(.text)
    __aeabi_memset                           0x0801662d   Thumb Code    14  memseta.o(.text)
    __aeabi_memset4                          0x0801662d   Thumb Code     0  memseta.o(.text)
    __aeabi_memset8                          0x0801662d   Thumb Code     0  memseta.o(.text)
    __aeabi_memclr                           0x0801663b   Thumb Code     4  memseta.o(.text)
    __aeabi_memclr4                          0x0801663b   Thumb Code     0  memseta.o(.text)
    __aeabi_memclr8                          0x0801663b   Thumb Code     0  memseta.o(.text)
    _memset$wrapper                          0x0801663f   Thumb Code    18  memseta.o(.text)
    memcmp                                   0x08016651   Thumb Code    26  memcmp.o(.text)
    strcpy                                   0x0801666b   Thumb Code    18  strcpy.o(.text)
    __aeabi_fadd                             0x0801667d   Thumb Code   164  fadd.o(.text)
    __aeabi_fsub                             0x08016721   Thumb Code     6  fadd.o(.text)
    __aeabi_frsub                            0x08016727   Thumb Code     6  fadd.o(.text)
    __aeabi_fmul                             0x0801672d   Thumb Code   100  fmul.o(.text)
    __aeabi_fdiv                             0x08016791   Thumb Code   124  fdiv.o(.text)
    __aeabi_dmul                             0x0801680d   Thumb Code   228  dmul.o(.text)
    __aeabi_ddiv                             0x080168f1   Thumb Code   222  ddiv.o(.text)
    __aeabi_fcmple                           0x080169cf   Thumb Code    28  fcmple.o(.text)
    __aeabi_fcmplt                           0x080169eb   Thumb Code    28  fcmplt.o(.text)
    __aeabi_fcmpge                           0x08016a07   Thumb Code    28  fcmpge.o(.text)
    __aeabi_fcmpeq                           0x08016a23   Thumb Code    28  fcmpeq.o(.text)
    __aeabi_dcmple                           0x08016a3f   Thumb Code    54  dcmple.o(.text)
    __aeabi_i2f                              0x08016a75   Thumb Code    18  fflti.o(.text)
    __aeabi_ui2f                             0x08016a87   Thumb Code    10  ffltui.o(.text)
    __aeabi_i2d                              0x08016a91   Thumb Code    34  dflti.o(.text)
    __aeabi_f2iz                             0x08016ab3   Thumb Code    50  ffixi.o(.text)
    __aeabi_d2iz                             0x08016ae5   Thumb Code    62  dfixi.o(.text)
    __aeabi_f2d                              0x08016b23   Thumb Code    38  f2d.o(.text)
    __aeabi_d2f                              0x08016b49   Thumb Code    56  d2f.o(.text)
    __aeabi_uidiv                            0x08016b81   Thumb Code     0  uidiv.o(.text)
    __aeabi_uidivmod                         0x08016b81   Thumb Code    44  uidiv.o(.text)
    __aeabi_llsl                             0x08016bad   Thumb Code    30  llshl.o(.text)
    _ll_shift_l                              0x08016bad   Thumb Code     0  llshl.o(.text)
    __aeabi_llsr                             0x08016bcb   Thumb Code    32  llushr.o(.text)
    _ll_ushift_r                             0x08016bcb   Thumb Code     0  llushr.o(.text)
    __I$use$fp                               0x08016beb   Thumb Code     0  iusefp.o(.text)
    _float_round                             0x08016beb   Thumb Code    18  fepilogue.o(.text)
    _float_epilogue                          0x08016bfd   Thumb Code    92  fepilogue.o(.text)
    _double_round                            0x08016c59   Thumb Code    30  depilogue.o(.text)
    _double_epilogue                         0x08016c77   Thumb Code   156  depilogue.o(.text)
    __aeabi_dadd                             0x08016d13   Thumb Code   322  dadd.o(.text)
    __aeabi_dsub                             0x08016e55   Thumb Code     6  dadd.o(.text)
    __aeabi_drsub                            0x08016e5b   Thumb Code     6  dadd.o(.text)
    __ARM_scalbn                             0x08016e61   Thumb Code    46  dscalb.o(.text)
    scalbn                                   0x08016e61   Thumb Code     0  dscalb.o(.text)
    _drnd                                    0x08016e91   Thumb Code   132  drnd.o(.text)
    __aeabi_d2ulz                            0x08016f19   Thumb Code    48  dfixul.o(.text)
    __aeabi_cdcmpeq                          0x08016f49   Thumb Code     0  cdcmple.o(.text)
    __aeabi_cdcmple                          0x08016f49   Thumb Code    48  cdcmple.o(.text)
    __aeabi_cdrcmple                         0x08016f79   Thumb Code    48  cdrcmple.o(.text)
    __scatterload                            0x08016fa9   Thumb Code    38  init.o(.text)
    __scatterload_rt2                        0x08016fa9   Thumb Code     0  init.o(.text)
    __aeabi_lasr                             0x08016fd9   Thumb Code    36  llsshr.o(.text)
    _ll_sshift_r                             0x08016fd9   Thumb Code     0  llsshr.o(.text)
    _dsqrt                                   0x08016ffd   Thumb Code   162  dsqrt.o(.text)
    __0printf                                0x080170a1   Thumb Code    22  printfa.o(i.__0printf)
    __1printf                                0x080170a1   Thumb Code     0  printfa.o(i.__0printf)
    __2printf                                0x080170a1   Thumb Code     0  printfa.o(i.__0printf)
    __c89printf                              0x080170a1   Thumb Code     0  printfa.o(i.__0printf)
    printf                                   0x080170a1   Thumb Code     0  printfa.o(i.__0printf)
    __ARM_fpclassify                         0x080170c1   Thumb Code    40  fpclassify.o(i.__ARM_fpclassify)
    __kernel_poly                            0x080170e9   Thumb Code   170  poly.o(i.__kernel_poly)
    __mathlib_dbl_divzero                    0x08017195   Thumb Code    12  dunder.o(i.__mathlib_dbl_divzero)
    __mathlib_dbl_infnan2                    0x080171a5   Thumb Code     4  dunder.o(i.__mathlib_dbl_infnan2)
    __mathlib_dbl_invalid                    0x080171a9   Thumb Code    12  dunder.o(i.__mathlib_dbl_invalid)
    __mathlib_dbl_overflow                   0x080171b5   Thumb Code    14  dunder.o(i.__mathlib_dbl_overflow)
    __mathlib_dbl_underflow                  0x080171c5   Thumb Code    10  dunder.o(i.__mathlib_dbl_underflow)
    __scatterload_copy                       0x080171d5   Thumb Code    14  handlers.o(i.__scatterload_copy)
    __scatterload_null                       0x080171e3   Thumb Code     2  handlers.o(i.__scatterload_null)
    __scatterload_zeroinit                   0x080171e5   Thumb Code    14  handlers.o(i.__scatterload_zeroinit)
    __set_errno                              0x080171f5   Thumb Code     6  errno.o(i.__set_errno)
    pow                                      0x08017ab5   Thumb Code  2532  pow.o(i.pow)
    round                                    0x080184a1   Thumb Code   136  round.o(i.round)
    sqrt                                     0x08018535   Thumb Code    76  sqrt.o(i.sqrt)
    __mathlib_zero                           0x08018608   Data           8  qnan.o(.constdata)
    AHBPrescTable                            0x08018614   Data          16  system_stm32f10x.o(.rodata.AHBPrescTable)
    conv1d_1_bias_shift                      0x08018634   Data           4  main.o(.rodata.conv1d_1_bias_shift)
    conv1d_1_config                          0x08018638   Data          40  main.o(.rodata.conv1d_1_config)
    conv1d_1_output_shift                    0x08018660   Data           4  main.o(.rodata.conv1d_1_output_shift)
    conv1d_bias_shift                        0x08018664   Data           4  main.o(.rodata.conv1d_bias_shift)
    conv1d_config                            0x08018668   Data          40  main.o(.rodata.conv1d_config)
    conv1d_output_shift                      0x08018690   Data           4  main.o(.rodata.conv1d_output_shift)
    default_activation_names                 0x08018694   Data          64  nnom.o(.rodata.default_activation_names)
    default_cell_names                       0x080186d4   Data          32  nnom.o(.rodata.default_cell_names)
    default_layer_names                      0x080186f4   Data         396  nnom.o(.rodata.default_layer_names)
    dense_bias_shift                         0x08018880   Data           4  main.o(.rodata.dense_bias_shift)
    dense_config                             0x08018884   Data          24  main.o(.rodata.dense_config)
    dense_output_shift                       0x0801889c   Data           4  main.o(.rodata.dense_output_shift)
    flatten_config                           0x08019498   Data           4  main.o(.rodata.flatten_config)
    hw                                       0x0801949c   Data          12  inv_mpu.o(.rodata.hw)
    input_1_config                           0x080194a8   Data           8  main.o(.rodata.input_1_config)
    lstm_config                              0x080194b0   Data           8  main.o(.rodata.lstm_config)
    lstm_lstm_cell_config                    0x080194b8   Data          32  main.o(.rodata.lstm_lstm_cell_config)
    mode0_motion1                            0x080194d8   Data          64  module3.o(.rodata.mode0_motion1)
    mode0_motion10                           0x08019518   Data          64  module3.o(.rodata.mode0_motion10)
    mode0_motion11                           0x08019558   Data          64  module3.o(.rodata.mode0_motion11)
    mode0_motion12                           0x08019598   Data          64  module3.o(.rodata.mode0_motion12)
    mode0_motion2                            0x080195d8   Data          64  module3.o(.rodata.mode0_motion2)
    mode0_motion3                            0x08019618   Data          64  module3.o(.rodata.mode0_motion3)
    mode0_motion4                            0x08019658   Data          64  module3.o(.rodata.mode0_motion4)
    mode0_motion5                            0x08019698   Data          64  module3.o(.rodata.mode0_motion5)
    mode0_motion6                            0x080196d8   Data          64  module3.o(.rodata.mode0_motion6)
    mode0_motion7                            0x08019718   Data          64  module3.o(.rodata.mode0_motion7)
    mode0_motion8                            0x08019758   Data          64  module3.o(.rodata.mode0_motion8)
    mode0_motion9                            0x08019798   Data          64  module3.o(.rodata.mode0_motion9)
    mode1_motion1                            0x080197d8   Data          64  module3.o(.rodata.mode1_motion1)
    mode1_motion10                           0x08019818   Data          64  module3.o(.rodata.mode1_motion10)
    mode1_motion11                           0x08019858   Data          64  module3.o(.rodata.mode1_motion11)
    mode1_motion12                           0x08019898   Data          64  module3.o(.rodata.mode1_motion12)
    mode1_motion2                            0x080198d8   Data          64  module3.o(.rodata.mode1_motion2)
    mode1_motion3                            0x08019918   Data          64  module3.o(.rodata.mode1_motion3)
    mode1_motion4                            0x08019958   Data          64  module3.o(.rodata.mode1_motion4)
    mode1_motion5                            0x08019998   Data          64  module3.o(.rodata.mode1_motion5)
    mode1_motion6                            0x080199d8   Data          64  module3.o(.rodata.mode1_motion6)
    mode1_motion7                            0x08019a18   Data          64  module3.o(.rodata.mode1_motion7)
    mode1_motion8                            0x08019a58   Data          64  module3.o(.rodata.mode1_motion8)
    mode1_motion9                            0x08019a98   Data          64  module3.o(.rodata.mode1_motion9)
    output0_config                           0x0801a0d8   Data           8  main.o(.rodata.output0_config)
    reg                                      0x0801a0e0   Data          30  inv_mpu.o(.rodata.reg)
    softmax_config                           0x0801a100   Data           4  main.o(.rodata.softmax_config)
    tensor_conv1d_1_bias_0                   0x0801a9f0   Data          24  main.o(.rodata.tensor_conv1d_1_bias_0)
    tensor_conv1d_1_bias_0_data              0x0801aa08   Data          15  main.o(.rodata.tensor_conv1d_1_bias_0_data)
    tensor_conv1d_1_bias_0_dec               0x0801aa18   Data           4  main.o(.rodata.tensor_conv1d_1_bias_0_dec)
    tensor_conv1d_1_bias_0_dim               0x0801aa1c   Data           2  main.o(.rodata.tensor_conv1d_1_bias_0_dim)
    tensor_conv1d_1_bias_0_offset            0x0801aa20   Data           4  main.o(.rodata.tensor_conv1d_1_bias_0_offset)
    tensor_conv1d_1_kernel_0                 0x0801aa24   Data          24  main.o(.rodata.tensor_conv1d_1_kernel_0)
    tensor_conv1d_1_kernel_0_data            0x0801aa3c   Data         900  main.o(.rodata.tensor_conv1d_1_kernel_0_data)
    tensor_conv1d_1_kernel_0_dec             0x0801adc0   Data           4  main.o(.rodata.tensor_conv1d_1_kernel_0_dec)
    tensor_conv1d_1_kernel_0_dim             0x0801adc4   Data           6  main.o(.rodata.tensor_conv1d_1_kernel_0_dim)
    tensor_conv1d_1_kernel_0_offset          0x0801adcc   Data           4  main.o(.rodata.tensor_conv1d_1_kernel_0_offset)
    tensor_conv1d_bias_0                     0x0801add0   Data          24  main.o(.rodata.tensor_conv1d_bias_0)
    tensor_conv1d_bias_0_data                0x0801ade8   Data          30  main.o(.rodata.tensor_conv1d_bias_0_data)
    tensor_conv1d_bias_0_dec                 0x0801ae08   Data           4  main.o(.rodata.tensor_conv1d_bias_0_dec)
    tensor_conv1d_bias_0_dim                 0x0801ae0c   Data           2  main.o(.rodata.tensor_conv1d_bias_0_dim)
    tensor_conv1d_bias_0_offset              0x0801ae10   Data           4  main.o(.rodata.tensor_conv1d_bias_0_offset)
    tensor_conv1d_kernel_0                   0x0801ae14   Data          24  main.o(.rodata.tensor_conv1d_kernel_0)
    tensor_conv1d_kernel_0_data              0x0801ae2c   Data         270  main.o(.rodata.tensor_conv1d_kernel_0_data)
    tensor_conv1d_kernel_0_dec               0x0801af3c   Data           4  main.o(.rodata.tensor_conv1d_kernel_0_dec)
    tensor_conv1d_kernel_0_dim               0x0801af40   Data           6  main.o(.rodata.tensor_conv1d_kernel_0_dim)
    tensor_conv1d_kernel_0_offset            0x0801af48   Data           4  main.o(.rodata.tensor_conv1d_kernel_0_offset)
    tensor_dense_bias_0                      0x0801af4c   Data          24  main.o(.rodata.tensor_dense_bias_0)
    tensor_dense_bias_0_data                 0x0801af64   Data          13  main.o(.rodata.tensor_dense_bias_0_data)
    tensor_dense_bias_0_dec                  0x0801af74   Data           4  main.o(.rodata.tensor_dense_bias_0_dec)
    tensor_dense_bias_0_dim                  0x0801af78   Data           2  main.o(.rodata.tensor_dense_bias_0_dim)
    tensor_dense_bias_0_offset               0x0801af7c   Data           4  main.o(.rodata.tensor_dense_bias_0_offset)
    tensor_dense_kernel_0                    0x0801af80   Data          24  main.o(.rodata.tensor_dense_kernel_0)
    tensor_dense_kernel_0_data               0x0801af98   Data        3250  main.o(.rodata.tensor_dense_kernel_0_data)
    tensor_dense_kernel_0_dec                0x0801bc4c   Data           4  main.o(.rodata.tensor_dense_kernel_0_dec)
    tensor_dense_kernel_0_dim                0x0801bc50   Data           4  main.o(.rodata.tensor_dense_kernel_0_dim)
    tensor_dense_kernel_0_offset             0x0801bc54   Data           4  main.o(.rodata.tensor_dense_kernel_0_offset)
    tensor_input_1                           0x0801bc58   Data          24  main.o(.rodata.tensor_input_1)
    tensor_input_1_dec                       0x0801bc70   Data           4  main.o(.rodata.tensor_input_1_dec)
    tensor_input_1_dim                       0x0801bc74   Data           4  main.o(.rodata.tensor_input_1_dim)
    tensor_input_1_offset                    0x0801bc78   Data           4  main.o(.rodata.tensor_input_1_offset)
    tensor_lstm_lstm_cell_bias_0             0x0801bc7c   Data          24  main.o(.rodata.tensor_lstm_lstm_cell_bias_0)
    tensor_lstm_lstm_cell_bias_0_data        0x0801bc94   Data          40  main.o(.rodata.tensor_lstm_lstm_cell_bias_0_data)
    tensor_lstm_lstm_cell_bias_0_dec         0x0801bcbc   Data           4  main.o(.rodata.tensor_lstm_lstm_cell_bias_0_dec)
    tensor_lstm_lstm_cell_bias_0_dim         0x0801bcc0   Data           2  main.o(.rodata.tensor_lstm_lstm_cell_bias_0_dim)
    tensor_lstm_lstm_cell_bias_0_offset      0x0801bcc4   Data           4  main.o(.rodata.tensor_lstm_lstm_cell_bias_0_offset)
    tensor_lstm_lstm_cell_kernel_0           0x0801bcc8   Data          24  main.o(.rodata.tensor_lstm_lstm_cell_kernel_0)
    tensor_lstm_lstm_cell_kernel_0_data      0x0801bce0   Data         600  main.o(.rodata.tensor_lstm_lstm_cell_kernel_0_data)
    tensor_lstm_lstm_cell_kernel_0_dec       0x0801bf38   Data           4  main.o(.rodata.tensor_lstm_lstm_cell_kernel_0_dec)
    tensor_lstm_lstm_cell_kernel_0_dim       0x0801bf3c   Data           4  main.o(.rodata.tensor_lstm_lstm_cell_kernel_0_dim)
    tensor_lstm_lstm_cell_kernel_0_offset    0x0801bf40   Data           4  main.o(.rodata.tensor_lstm_lstm_cell_kernel_0_offset)
    tensor_lstm_lstm_cell_recurrent_kernel_0 0x0801bf44   Data          24  main.o(.rodata.tensor_lstm_lstm_cell_recurrent_kernel_0)
    tensor_lstm_lstm_cell_recurrent_kernel_0_data 0x0801bf5c   Data         400  main.o(.rodata.tensor_lstm_lstm_cell_recurrent_kernel_0_data)
    tensor_lstm_lstm_cell_recurrent_kernel_0_dec 0x0801c0ec   Data           4  main.o(.rodata.tensor_lstm_lstm_cell_recurrent_kernel_0_dec)
    tensor_lstm_lstm_cell_recurrent_kernel_0_dim 0x0801c0f0   Data           4  main.o(.rodata.tensor_lstm_lstm_cell_recurrent_kernel_0_dim)
    tensor_lstm_lstm_cell_recurrent_kernel_0_offset 0x0801c0f4   Data           4  main.o(.rodata.tensor_lstm_lstm_cell_recurrent_kernel_0_offset)
    tensor_output0                           0x0801c0f8   Data          24  main.o(.rodata.tensor_output0)
    tensor_output0_dec                       0x0801c110   Data           4  main.o(.rodata.tensor_output0_dec)
    tensor_output0_dim                       0x0801c114   Data           2  main.o(.rodata.tensor_output0_dim)
    tensor_output0_offset                    0x0801c118   Data           4  main.o(.rodata.tensor_output0_offset)
    test                                     0x0801c11c   Data          40  inv_mpu.o(.rodata.test)
    Region$$Table$$Base                      0x0801c144   Number         0  anon$$obj.o(Region$$Table)
    Region$$Table$$Limit                     0x0801c164   Number         0  anon$$obj.o(Region$$Table)
    __stdout                                 0x20000000   Data           4  stdout.o(.data)
    SystemCoreClock                          0x20000008   Data           4  system_stm32f10x.o(.data.SystemCoreClock)
    model_output                             0x20000015   Data           1  main.o(.data.model_output)
    ADC_Sample_Avg                           0x20000048   Data           4  ADC.o(.bss.ADC_Sample_Avg)
    Button                                   0x2000004c   Data           8  button.o(.bss.Button)
    Cyberry_Potter                           0x20000054   Data           8  CyberryPotter.o(.bss.Cyberry_Potter)
    IMU                                      0x20000060   Data        3612  IMU.o(.bss.IMU)
    IMU_bias                                 0x20000e7c   Data          12  IMU.o(.bss.IMU_bias)
    IR_RF_Signal                             0x20000e88   Data        2056  module_IR_RF.o(.bss.IR_RF_Signal)
    LED                                      0x20001690   Data           8  LED.o(.bss.LED)
    Laser                                    0x20001698   Data           8  LED.o(.bss.Laser)
    Module                                   0x200016a0   Data          12  CyberryPotter.o(.bss.Module)
    ROM_Address                              0x200016ac   Data           4  main.o(.bss.ROM_Address)
    SIGNAL_Count                             0x200016b0   Data           2  module_IR_RF.o(.bss.SIGNAL_Count)
    Send_Buffer                              0x200016b2   Data          64  module3.o(.bss.Send_Buffer)
    W25Q64_Buffer                            0x200016f2   Data        4096  W25Q64.o(.bss.W25Q64_Buffer)
    model                                    0x20002704   Data           4  main.o(.bss.model)
    nnom_memory_taken                        0x200028cc   Data           4  nnom.o(.bss.nnom_memory_taken)
    static_buf                               0x20002975   Data        8192  main.o(.bss.static_buf)
    __initial_sp                             0x20004d80   Data           0  startup_stm32f10x_md.o(STACK)



==============================================================================

Memory Map of the image

  Image Entry point : 0x080000ed

  Load Region LR_IROM1 (Base: 0x08000000, Size: 0x0001c1b0, Max: 0x00020000, ABSOLUTE)

    Execution Region ER_IROM1 (Exec base: 0x08000000, Load base: 0x08000000, Size: 0x0001c164, Max: 0x00020000, ABSOLUTE)

    Exec Addr    Load Addr    Size         Type   Attr      Idx    E Section Name        Object

    0x08000000   0x08000000   0x000000ec   Data   RO          559    RESET               startup_stm32f10x_md.o
    0x080000ec   0x080000ec   0x00000000   Code   RO          745  * .ARM.Collect$$$$00000000  mc_w.l(entry.o)
    0x080000ec   0x080000ec   0x00000004   Code   RO          847    .ARM.Collect$$$$00000001  mc_w.l(entry2.o)
    0x080000f0   0x080000f0   0x00000004   Code   RO          850    .ARM.Collect$$$$00000004  mc_w.l(entry5.o)
    0x080000f4   0x080000f4   0x00000000   Code   RO          852    .ARM.Collect$$$$00000008  mc_w.l(entry7b.o)
    0x080000f4   0x080000f4   0x00000000   Code   RO          854    .ARM.Collect$$$$0000000A  mc_w.l(entry8b.o)
    0x080000f4   0x080000f4   0x00000008   Code   RO          855    .ARM.Collect$$$$0000000B  mc_w.l(entry9a.o)
    0x080000fc   0x080000fc   0x00000000   Code   RO          857    .ARM.Collect$$$$0000000D  mc_w.l(entry10a.o)
    0x080000fc   0x080000fc   0x00000000   Code   RO          859    .ARM.Collect$$$$0000000F  mc_w.l(entry11a.o)
    0x080000fc   0x080000fc   0x00000004   Code   RO          848    .ARM.Collect$$$$00002712  mc_w.l(entry2.o)
    0x08000100   0x08000100   0x0000375a   Code   RO            1    .text               nnom_local.o
    0x0800385a   0x0800385a   0x00000002   PAD
    0x0800385c   0x0800385c   0x00003866   Code   RO           10    .text               nnom_local_q15.o
    0x080070c2   0x080070c2   0x00000002   PAD
    0x080070c4   0x080070c4   0x00001384   Code   RO           19    .text               nnom.o
    0x08008448   0x08008448   0x0000011c   Code   RO           34    .text               nnom_layers.o
    0x08008564   0x08008564   0x00000508   Code   RO           42    .text               nnom_tensor.o
    0x08008a6c   0x08008a6c   0x00000880   Code   RO           58    .text               nnom_activation.o
    0x080092ec   0x080092ec   0x00000134   Code   RO           72    .text               nnom_baselayer.o
    0x08009420   0x08009420   0x00000776   Code   RO           86    .text               nnom_conv2d.o
    0x08009b96   0x08009b96   0x00000002   PAD
    0x08009b98   0x08009b98   0x0000040a   Code   RO          107    .text               nnom_dense.o
    0x08009fa2   0x08009fa2   0x00000002   PAD
    0x08009fa4   0x08009fa4   0x0000010c   Code   RO          121    .text               nnom_flatten.o
    0x0800a0b0   0x0800a0b0   0x000002c6   Code   RO          142    .text               nnom_input.o
    0x0800a376   0x0800a376   0x00000002   PAD
    0x0800a378   0x0800a378   0x00000366   Code   RO          156    .text               nnom_lstm_cell.o
    0x0800a6de   0x0800a6de   0x00000002   PAD
    0x0800a6e0   0x0800a6e0   0x000000e4   Code   RO          177    .text               nnom_output.o
    0x0800a7c4   0x0800a7c4   0x000003a8   Code   RO          191    .text               nnom_rnn.o
    0x0800ab6c   0x0800ab6c   0x00000114   Code   RO          205    .text               nnom_softmax.o
    0x0800ac80   0x0800ac80   0x000006d4   Code   RO          233    .text               CyberryPotter.o
    0x0800b354   0x0800b354   0x00000094   Code   RO          244    .text               Delay.o
    0x0800b3e8   0x0800b3e8   0x000005ea   Code   RO          251    .text               IIC.o
    0x0800b9d2   0x0800b9d2   0x00000002   PAD
    0x0800b9d4   0x0800b9d4   0x00000214   Code   RO          258    .text               IMU.o
    0x0800bbe8   0x0800bbe8   0x000005a6   Code   RO          267    .text               main.o
    0x0800c18e   0x0800c18e   0x00000002   PAD
    0x0800c190   0x0800c190   0x00000348   Code   RO          351    .text               MPU6050.o
    0x0800c4d8   0x0800c4d8   0x00000266   Code   RO          360    .text               W25Q64.o
    0x0800c73e   0x0800c73e   0x00000002   PAD
    0x0800c740   0x0800c740   0x00002c8e   Code   RO          369    .text               inv_mpu.o
    0x0800f3ce   0x0800f3ce   0x00000002   PAD
    0x0800f3d0   0x0800f3d0   0x0000111a   Code   RO          381    .text               inv_mpu_dmp_motion_driver.o
    0x080104ea   0x080104ea   0x00000002   PAD
    0x080104ec   0x080104ec   0x000002a2   Code   RO          399    .text               SPI.o
    0x0801078e   0x0801078e   0x00000002   PAD
    0x08010790   0x08010790   0x000001da   Code   RO          406    .text               USART.o
    0x0801096a   0x0801096a   0x00000002   PAD
    0x0801096c   0x0801096c   0x0000026c   Code   RO          414    .text               button.o
    0x08010bd8   0x08010bd8   0x000001e6   Code   RO          426    .text               LED.o
    0x08010dbe   0x08010dbe   0x00000002   PAD
    0x08010dc0   0x08010dc0   0x000002dc   Code   RO          435    .text               ADC.o
    0x0801109c   0x0801109c   0x0000021a   Code   RO          444    .text               module0_IR.o
    0x080112b6   0x080112b6   0x00000002   PAD
    0x080112b8   0x080112b8   0x00000198   Code   RO          451    .text               module1_RF433.o
    0x08011450   0x08011450   0x00000198   Code   RO          458    .text               module2_RF315.o
    0x080115e8   0x080115e8   0x0000058e   Code   RO          465    .text               module_IR_RF.o
    0x08011b76   0x08011b76   0x00000002   PAD
    0x08011b78   0x08011b78   0x0000034c   Code   RO          475    .text               module3.o
    0x08011ec4   0x08011ec4   0x0000000a   Code   RO          508    .text               module4.o
    0x08011ece   0x08011ece   0x00000002   PAD
    0x08011ed0   0x08011ed0   0x0000000a   Code   RO          515    .text               module5.o
    0x08011eda   0x08011eda   0x00000002   PAD
    0x08011edc   0x08011edc   0x0000000a   Code   RO          522    .text               module6.o
    0x08011ee6   0x08011ee6   0x00000002   PAD
    0x08011ee8   0x08011ee8   0x0000000a   Code   RO          529    .text               module7.o
    0x08011ef2   0x08011ef2   0x00000002   PAD
    0x08011ef4   0x08011ef4   0x0000000a   Code   RO          536    .text               module8.o
    0x08011efe   0x08011efe   0x00000002   PAD
    0x08011f00   0x08011f00   0x0000000a   Code   RO          543    .text               module9.o
    0x08011f0a   0x08011f0a   0x00000002   PAD
    0x08011f0c   0x08011f0c   0x0000000a   Code   RO          550    .text               module10.o
    0x08011f16   0x08011f16   0x00000002   PAD
    0x08011f18   0x08011f18   0x00000024   Code   RO          560    .text               startup_stm32f10x_md.o
    0x08011f3c   0x08011f3c   0x000002b6   Code   RO          566    .text               system_stm32f10x.o
    0x080121f2   0x080121f2   0x00000002   PAD
    0x080121f4   0x080121f4   0x00000898   Code   RO          575    .text               stm32f10x_adc.o
    0x08012a8c   0x08012a8c   0x000001f8   Code   RO          631    .text               stm32f10x_exti.o
    0x08012c84   0x08012c84   0x00000158   Code   RO          652    .text               misc.o
    0x08012ddc   0x08012ddc   0x000005ae   Code   RO          659    .text               stm32f10x_gpio.o
    0x0801338a   0x0801338a   0x00000002   PAD
    0x0801338c   0x0801338c   0x000006fc   Code   RO          687    .text               stm32f10x_rcc.o
    0x08013a88   0x08013a88   0x000005b8   Code   RO          710    .text               stm32f10x_spi.o
    0x08014040   0x08014040   0x00001dce   Code   RO          717    .text               stm32f10x_tim.o
    0x08015e0e   0x08015e0e   0x00000002   PAD
    0x08015e10   0x08015e10   0x00000734   Code   RO          724    .text               stm32f10x_usart.o
    0x08016544   0x08016544   0x00000062   Code   RO          748    .text               mc_w.l(uldiv.o)
    0x080165a6   0x080165a6   0x00000062   Code   RO          750    .text               mc_w.l(ldiv.o)
    0x08016608   0x08016608   0x00000024   Code   RO          752    .text               mc_w.l(memcpya.o)
    0x0801662c   0x0801662c   0x00000024   Code   RO          754    .text               mc_w.l(memseta.o)
    0x08016650   0x08016650   0x0000001a   Code   RO          756    .text               mc_w.l(memcmp.o)
    0x0801666a   0x0801666a   0x00000012   Code   RO          758    .text               mc_w.l(strcpy.o)
    0x0801667c   0x0801667c   0x000000b0   Code   RO          790    .text               mf_w.l(fadd.o)
    0x0801672c   0x0801672c   0x00000064   Code   RO          792    .text               mf_w.l(fmul.o)
    0x08016790   0x08016790   0x0000007c   Code   RO          794    .text               mf_w.l(fdiv.o)
    0x0801680c   0x0801680c   0x000000e4   Code   RO          796    .text               mf_w.l(dmul.o)
    0x080168f0   0x080168f0   0x000000de   Code   RO          798    .text               mf_w.l(ddiv.o)
    0x080169ce   0x080169ce   0x0000001c   Code   RO          800    .text               mf_w.l(fcmple.o)
    0x080169ea   0x080169ea   0x0000001c   Code   RO          802    .text               mf_w.l(fcmplt.o)
    0x08016a06   0x08016a06   0x0000001c   Code   RO          804    .text               mf_w.l(fcmpge.o)
    0x08016a22   0x08016a22   0x0000001c   Code   RO          806    .text               mf_w.l(fcmpeq.o)
    0x08016a3e   0x08016a3e   0x00000036   Code   RO          808    .text               mf_w.l(dcmple.o)
    0x08016a74   0x08016a74   0x00000012   Code   RO          810    .text               mf_w.l(fflti.o)
    0x08016a86   0x08016a86   0x0000000a   Code   RO          812    .text               mf_w.l(ffltui.o)
    0x08016a90   0x08016a90   0x00000022   Code   RO          814    .text               mf_w.l(dflti.o)
    0x08016ab2   0x08016ab2   0x00000032   Code   RO          816    .text               mf_w.l(ffixi.o)
    0x08016ae4   0x08016ae4   0x0000003e   Code   RO          818    .text               mf_w.l(dfixi.o)
    0x08016b22   0x08016b22   0x00000026   Code   RO          820    .text               mf_w.l(f2d.o)
    0x08016b48   0x08016b48   0x00000038   Code   RO          822    .text               mf_w.l(d2f.o)
    0x08016b80   0x08016b80   0x0000002c   Code   RO          871    .text               mc_w.l(uidiv.o)
    0x08016bac   0x08016bac   0x0000001e   Code   RO          873    .text               mc_w.l(llshl.o)
    0x08016bca   0x08016bca   0x00000020   Code   RO          875    .text               mc_w.l(llushr.o)
    0x08016bea   0x08016bea   0x00000000   Code   RO          884    .text               mc_w.l(iusefp.o)
    0x08016bea   0x08016bea   0x0000006e   Code   RO          885    .text               mf_w.l(fepilogue.o)
    0x08016c58   0x08016c58   0x000000ba   Code   RO          887    .text               mf_w.l(depilogue.o)
    0x08016d12   0x08016d12   0x0000014e   Code   RO          889    .text               mf_w.l(dadd.o)
    0x08016e60   0x08016e60   0x0000002e   Code   RO          891    .text               mf_w.l(dscalb.o)
    0x08016e8e   0x08016e8e   0x00000002   PAD
    0x08016e90   0x08016e90   0x00000088   Code   RO          893    .text               mf_w.l(drnd.o)
    0x08016f18   0x08016f18   0x00000030   Code   RO          895    .text               mf_w.l(dfixul.o)
    0x08016f48   0x08016f48   0x00000030   Code   RO          897    .text               mf_w.l(cdcmple.o)
    0x08016f78   0x08016f78   0x00000030   Code   RO          899    .text               mf_w.l(cdrcmple.o)
    0x08016fa8   0x08016fa8   0x00000030   Code   RO          901    .text               mc_w.l(init.o)
    0x08016fd8   0x08016fd8   0x00000024   Code   RO          903    .text               mc_w.l(llsshr.o)
    0x08016ffc   0x08016ffc   0x000000a2   Code   RO          905    .text               mf_w.l(dsqrt.o)
    0x0801709e   0x0801709e   0x00000002   PAD
    0x080170a0   0x080170a0   0x00000020   Code   RO          763    i.__0printf         mc_w.l(printfa.o)
    0x080170c0   0x080170c0   0x00000028   Code   RO          838    i.__ARM_fpclassify  m_ws.l(fpclassify.o)
    0x080170e8   0x080170e8   0x000000aa   Code   RO          840    i.__kernel_poly     m_ws.l(poly.o)
    0x08017192   0x08017192   0x00000002   PAD
    0x08017194   0x08017194   0x00000010   Code   RO          824    i.__mathlib_dbl_divzero  m_ws.l(dunder.o)
    0x080171a4   0x080171a4   0x00000004   Code   RO          826    i.__mathlib_dbl_infnan2  m_ws.l(dunder.o)
    0x080171a8   0x080171a8   0x0000000c   Code   RO          827    i.__mathlib_dbl_invalid  m_ws.l(dunder.o)
    0x080171b4   0x080171b4   0x0000000e   Code   RO          828    i.__mathlib_dbl_overflow  m_ws.l(dunder.o)
    0x080171c2   0x080171c2   0x00000002   PAD
    0x080171c4   0x080171c4   0x00000010   Code   RO          830    i.__mathlib_dbl_underflow  m_ws.l(dunder.o)
    0x080171d4   0x080171d4   0x0000000e   Code   RO          909    i.__scatterload_copy  mc_w.l(handlers.o)
    0x080171e2   0x080171e2   0x00000002   Code   RO          910    i.__scatterload_null  mc_w.l(handlers.o)
    0x080171e4   0x080171e4   0x0000000e   Code   RO          911    i.__scatterload_zeroinit  mc_w.l(handlers.o)
    0x080171f2   0x080171f2   0x00000002   PAD
    0x080171f4   0x080171f4   0x0000000c   Code   RO          879    i.__set_errno       mc_w.l(errno.o)
    0x08017200   0x08017200   0x00000184   Code   RO          770    i._fp_digits        mc_w.l(printfa.o)
    0x08017384   0x08017384   0x000006dc   Code   RO          771    i._printf_core      mc_w.l(printfa.o)
    0x08017a60   0x08017a60   0x00000024   Code   RO          772    i._printf_post_padding  mc_w.l(printfa.o)
    0x08017a84   0x08017a84   0x0000002e   Code   RO          773    i._printf_pre_padding  mc_w.l(printfa.o)
    0x08017ab2   0x08017ab2   0x00000002   PAD
    0x08017ab4   0x08017ab4   0x000009ec   Code   RO          739    i.pow               m_ws.l(pow.o)
    0x080184a0   0x080184a0   0x00000094   Code   RO          743    i.round             m_ws.l(round.o)
    0x08018534   0x08018534   0x0000004c   Code   RO          844    i.sqrt              m_ws.l(sqrt.o)
    0x08018580   0x08018580   0x00000088   Data   RO          740    .constdata          m_ws.l(pow.o)
    0x08018608   0x08018608   0x00000008   Data   RO          842    .constdata          m_ws.l(qnan.o)
    0x08018610   0x08018610   0x00000004   Data   RO          690    .rodata.ADCPrescTable  stm32f10x_rcc.o
    0x08018614   0x08018614   0x00000010   Data   RO          569    .rodata.AHBPrescTable  system_stm32f10x.o
    0x08018624   0x08018624   0x00000010   Data   RO          689    .rodata.APBAHBPrescTable  stm32f10x_rcc.o
    0x08018634   0x08018634   0x00000004   Data   RO          300    .rodata.conv1d_1_bias_shift  main.o
    0x08018638   0x08018638   0x00000028   Data   RO          301    .rodata.conv1d_1_config  main.o
    0x08018660   0x08018660   0x00000004   Data   RO          299    .rodata.conv1d_1_output_shift  main.o
    0x08018664   0x08018664   0x00000004   Data   RO          287    .rodata.conv1d_bias_shift  main.o
    0x08018668   0x08018668   0x00000028   Data   RO          288    .rodata.conv1d_config  main.o
    0x08018690   0x08018690   0x00000004   Data   RO          286    .rodata.conv1d_output_shift  main.o
    0x08018694   0x08018694   0x00000040   Data   RO           22    .rodata.default_activation_names  nnom.o
    0x080186d4   0x080186d4   0x00000020   Data   RO           23    .rodata.default_cell_names  nnom.o
    0x080186f4   0x080186f4   0x0000018c   Data   RO           21    .rodata.default_layer_names  nnom.o
    0x08018880   0x08018880   0x00000004   Data   RO          331    .rodata.dense_bias_shift  main.o
    0x08018884   0x08018884   0x00000018   Data   RO          332    .rodata.dense_config  main.o
    0x0801889c   0x0801889c   0x00000004   Data   RO          330    .rodata.dense_output_shift  main.o
    0x080188a0   0x080188a0   0x00000bf6   Data   RO          383    .rodata.dmp_memory  inv_mpu_dmp_motion_driver.o
    0x08019496   0x08019496   0x00000002   PAD
    0x08019498   0x08019498   0x00000004   Data   RO          319    .rodata.flatten_config  main.o
    0x0801949c   0x0801949c   0x0000000c   Data   RO          372    .rodata.hw          inv_mpu.o
    0x080194a8   0x080194a8   0x00000008   Data   RO          275    .rodata.input_1_config  main.o
    0x080194b0   0x080194b0   0x00000008   Data   RO          318    .rodata.lstm_config  main.o
    0x080194b8   0x080194b8   0x00000020   Data   RO          317    .rodata.lstm_lstm_cell_config  main.o
    0x080194d8   0x080194d8   0x00000040   Data   RO          477    .rodata.mode0_motion1  module3.o
    0x08019518   0x08019518   0x00000040   Data   RO          486    .rodata.mode0_motion10  module3.o
    0x08019558   0x08019558   0x00000040   Data   RO          487    .rodata.mode0_motion11  module3.o
    0x08019598   0x08019598   0x00000040   Data   RO          488    .rodata.mode0_motion12  module3.o
    0x080195d8   0x080195d8   0x00000040   Data   RO          478    .rodata.mode0_motion2  module3.o
    0x08019618   0x08019618   0x00000040   Data   RO          479    .rodata.mode0_motion3  module3.o
    0x08019658   0x08019658   0x00000040   Data   RO          480    .rodata.mode0_motion4  module3.o
    0x08019698   0x08019698   0x00000040   Data   RO          481    .rodata.mode0_motion5  module3.o
    0x080196d8   0x080196d8   0x00000040   Data   RO          482    .rodata.mode0_motion6  module3.o
    0x08019718   0x08019718   0x00000040   Data   RO          483    .rodata.mode0_motion7  module3.o
    0x08019758   0x08019758   0x00000040   Data   RO          484    .rodata.mode0_motion8  module3.o
    0x08019798   0x08019798   0x00000040   Data   RO          485    .rodata.mode0_motion9  module3.o
    0x080197d8   0x080197d8   0x00000040   Data   RO          489    .rodata.mode1_motion1  module3.o
    0x08019818   0x08019818   0x00000040   Data   RO          498    .rodata.mode1_motion10  module3.o
    0x08019858   0x08019858   0x00000040   Data   RO          499    .rodata.mode1_motion11  module3.o
    0x08019898   0x08019898   0x00000040   Data   RO          500    .rodata.mode1_motion12  module3.o
    0x080198d8   0x080198d8   0x00000040   Data   RO          490    .rodata.mode1_motion2  module3.o
    0x08019918   0x08019918   0x00000040   Data   RO          491    .rodata.mode1_motion3  module3.o
    0x08019958   0x08019958   0x00000040   Data   RO          492    .rodata.mode1_motion4  module3.o
    0x08019998   0x08019998   0x00000040   Data   RO          493    .rodata.mode1_motion5  module3.o
    0x080199d8   0x080199d8   0x00000040   Data   RO          494    .rodata.mode1_motion6  module3.o
    0x08019a18   0x08019a18   0x00000040   Data   RO          495    .rodata.mode1_motion7  module3.o
    0x08019a58   0x08019a58   0x00000040   Data   RO          496    .rodata.mode1_motion8  module3.o
    0x08019a98   0x08019a98   0x00000040   Data   RO          497    .rodata.mode1_motion9  module3.o
    0x08019ad8   0x08019ad8   0x00000200   Data   RO           12    .rodata.nnom_sigmoid_table_q15  nnom_local_q15.o
    0x08019cd8   0x08019cd8   0x00000100   Data   RO            3    .rodata.nnom_sigmoid_table_q7  nnom_local.o
    0x08019dd8   0x08019dd8   0x00000200   Data   RO           13    .rodata.nnom_tanh_table_q15  nnom_local_q15.o
    0x08019fd8   0x08019fd8   0x00000100   Data   RO            4    .rodata.nnom_tanh_table_q7  nnom_local.o
    0x0801a0d8   0x0801a0d8   0x00000008   Data   RO          339    .rodata.output0_config  main.o
    0x0801a0e0   0x0801a0e0   0x0000001e   Data   RO          371    .rodata.reg         inv_mpu.o
    0x0801a0fe   0x0801a0fe   0x00000002   PAD
    0x0801a100   0x0801a100   0x00000004   Data   RO          333    .rodata.softmax_config  main.o
    0x0801a104   0x0801a104   0x00000524   Data   RO           28    .rodata.str1.1      nnom.o
    0x0801a628   0x0801a628   0x00000022   Data   RO           44    .rodata.str1.1      nnom_tensor.o
    0x0801a64a   0x0801a64a   0x00000067   Data   RO          236    .rodata.str1.1      CyberryPotter.o
    0x0801a6b1   0x0801a6b1   0x000000e0   Data   RO          274    .rodata.str1.1      main.o
    0x0801a791   0x0801a791   0x00000160   Data   RO          353    .rodata.str1.1      MPU6050.o
    0x0801a8f1   0x0801a8f1   0x0000000b   Data   RO          363    .rodata.str1.1      W25Q64.o
    0x0801a8fc   0x0801a8fc   0x0000000d   Data   RO          375    .rodata.str1.1      inv_mpu.o
    0x0801a909   0x0801a909   0x0000000b   Data   RO          408    .rodata.str1.1      USART.o
    0x0801a914   0x0801a914   0x0000000d   Data   RO          420    .rodata.str1.1      button.o
    0x0801a921   0x0801a921   0x0000002b   Data   RO          438    .rodata.str1.1      ADC.o
    0x0801a94c   0x0801a94c   0x00000076   Data   RO          469    .rodata.str1.1      module_IR_RF.o
    0x0801a9c2   0x0801a9c2   0x0000002e   Data   RO          501    .rodata.str1.1      module3.o
    0x0801a9f0   0x0801a9f0   0x00000018   Data   RO          298    .rodata.tensor_conv1d_1_bias_0  main.o
    0x0801aa08   0x0801aa08   0x0000000f   Data   RO          294    .rodata.tensor_conv1d_1_bias_0_data  main.o
    0x0801aa17   0x0801aa17   0x00000001   PAD
    0x0801aa18   0x0801aa18   0x00000004   Data   RO          296    .rodata.tensor_conv1d_1_bias_0_dec  main.o
    0x0801aa1c   0x0801aa1c   0x00000002   Data   RO          295    .rodata.tensor_conv1d_1_bias_0_dim  main.o
    0x0801aa1e   0x0801aa1e   0x00000002   PAD
    0x0801aa20   0x0801aa20   0x00000004   Data   RO          297    .rodata.tensor_conv1d_1_bias_0_offset  main.o
    0x0801aa24   0x0801aa24   0x00000018   Data   RO          293    .rodata.tensor_conv1d_1_kernel_0  main.o
    0x0801aa3c   0x0801aa3c   0x00000384   Data   RO          289    .rodata.tensor_conv1d_1_kernel_0_data  main.o
    0x0801adc0   0x0801adc0   0x00000004   Data   RO          291    .rodata.tensor_conv1d_1_kernel_0_dec  main.o
    0x0801adc4   0x0801adc4   0x00000006   Data   RO          290    .rodata.tensor_conv1d_1_kernel_0_dim  main.o
    0x0801adca   0x0801adca   0x00000002   PAD
    0x0801adcc   0x0801adcc   0x00000004   Data   RO          292    .rodata.tensor_conv1d_1_kernel_0_offset  main.o
    0x0801add0   0x0801add0   0x00000018   Data   RO          285    .rodata.tensor_conv1d_bias_0  main.o
    0x0801ade8   0x0801ade8   0x0000001e   Data   RO          281    .rodata.tensor_conv1d_bias_0_data  main.o
    0x0801ae06   0x0801ae06   0x00000002   PAD
    0x0801ae08   0x0801ae08   0x00000004   Data   RO          283    .rodata.tensor_conv1d_bias_0_dec  main.o
    0x0801ae0c   0x0801ae0c   0x00000002   Data   RO          282    .rodata.tensor_conv1d_bias_0_dim  main.o
    0x0801ae0e   0x0801ae0e   0x00000002   PAD
    0x0801ae10   0x0801ae10   0x00000004   Data   RO          284    .rodata.tensor_conv1d_bias_0_offset  main.o
    0x0801ae14   0x0801ae14   0x00000018   Data   RO          280    .rodata.tensor_conv1d_kernel_0  main.o
    0x0801ae2c   0x0801ae2c   0x0000010e   Data   RO          276    .rodata.tensor_conv1d_kernel_0_data  main.o
    0x0801af3a   0x0801af3a   0x00000002   PAD
    0x0801af3c   0x0801af3c   0x00000004   Data   RO          278    .rodata.tensor_conv1d_kernel_0_dec  main.o
    0x0801af40   0x0801af40   0x00000006   Data   RO          277    .rodata.tensor_conv1d_kernel_0_dim  main.o
    0x0801af46   0x0801af46   0x00000002   PAD
    0x0801af48   0x0801af48   0x00000004   Data   RO          279    .rodata.tensor_conv1d_kernel_0_offset  main.o
    0x0801af4c   0x0801af4c   0x00000018   Data   RO          329    .rodata.tensor_dense_bias_0  main.o
    0x0801af64   0x0801af64   0x0000000d   Data   RO          325    .rodata.tensor_dense_bias_0_data  main.o
    0x0801af71   0x0801af71   0x00000003   PAD
    0x0801af74   0x0801af74   0x00000004   Data   RO          327    .rodata.tensor_dense_bias_0_dec  main.o
    0x0801af78   0x0801af78   0x00000002   Data   RO          326    .rodata.tensor_dense_bias_0_dim  main.o
    0x0801af7a   0x0801af7a   0x00000002   PAD
    0x0801af7c   0x0801af7c   0x00000004   Data   RO          328    .rodata.tensor_dense_bias_0_offset  main.o
    0x0801af80   0x0801af80   0x00000018   Data   RO          324    .rodata.tensor_dense_kernel_0  main.o
    0x0801af98   0x0801af98   0x00000cb2   Data   RO          320    .rodata.tensor_dense_kernel_0_data  main.o
    0x0801bc4a   0x0801bc4a   0x00000002   PAD
    0x0801bc4c   0x0801bc4c   0x00000004   Data   RO          322    .rodata.tensor_dense_kernel_0_dec  main.o
    0x0801bc50   0x0801bc50   0x00000004   Data   RO          321    .rodata.tensor_dense_kernel_0_dim  main.o
    0x0801bc54   0x0801bc54   0x00000004   Data   RO          323    .rodata.tensor_dense_kernel_0_offset  main.o
    0x0801bc58   0x0801bc58   0x00000018   Data   RO          273    .rodata.tensor_input_1  main.o
    0x0801bc70   0x0801bc70   0x00000004   Data   RO          270    .rodata.tensor_input_1_dec  main.o
    0x0801bc74   0x0801bc74   0x00000004   Data   RO          269    .rodata.tensor_input_1_dim  main.o
    0x0801bc78   0x0801bc78   0x00000004   Data   RO          271    .rodata.tensor_input_1_offset  main.o
    0x0801bc7c   0x0801bc7c   0x00000018   Data   RO          316    .rodata.tensor_lstm_lstm_cell_bias_0  main.o
    0x0801bc94   0x0801bc94   0x00000028   Data   RO          312    .rodata.tensor_lstm_lstm_cell_bias_0_data  main.o
    0x0801bcbc   0x0801bcbc   0x00000004   Data   RO          314    .rodata.tensor_lstm_lstm_cell_bias_0_dec  main.o
    0x0801bcc0   0x0801bcc0   0x00000002   Data   RO          313    .rodata.tensor_lstm_lstm_cell_bias_0_dim  main.o
    0x0801bcc2   0x0801bcc2   0x00000002   PAD
    0x0801bcc4   0x0801bcc4   0x00000004   Data   RO          315    .rodata.tensor_lstm_lstm_cell_bias_0_offset  main.o
    0x0801bcc8   0x0801bcc8   0x00000018   Data   RO          306    .rodata.tensor_lstm_lstm_cell_kernel_0  main.o
    0x0801bce0   0x0801bce0   0x00000258   Data   RO          302    .rodata.tensor_lstm_lstm_cell_kernel_0_data  main.o
    0x0801bf38   0x0801bf38   0x00000004   Data   RO          304    .rodata.tensor_lstm_lstm_cell_kernel_0_dec  main.o
    0x0801bf3c   0x0801bf3c   0x00000004   Data   RO          303    .rodata.tensor_lstm_lstm_cell_kernel_0_dim  main.o
    0x0801bf40   0x0801bf40   0x00000004   Data   RO          305    .rodata.tensor_lstm_lstm_cell_kernel_0_offset  main.o
    0x0801bf44   0x0801bf44   0x00000018   Data   RO          311    .rodata.tensor_lstm_lstm_cell_recurrent_kernel_0  main.o
    0x0801bf5c   0x0801bf5c   0x00000190   Data   RO          307    .rodata.tensor_lstm_lstm_cell_recurrent_kernel_0_data  main.o
    0x0801c0ec   0x0801c0ec   0x00000004   Data   RO          309    .rodata.tensor_lstm_lstm_cell_recurrent_kernel_0_dec  main.o
    0x0801c0f0   0x0801c0f0   0x00000004   Data   RO          308    .rodata.tensor_lstm_lstm_cell_recurrent_kernel_0_dim  main.o
    0x0801c0f4   0x0801c0f4   0x00000004   Data   RO          310    .rodata.tensor_lstm_lstm_cell_recurrent_kernel_0_offset  main.o
    0x0801c0f8   0x0801c0f8   0x00000018   Data   RO          338    .rodata.tensor_output0  main.o
    0x0801c110   0x0801c110   0x00000004   Data   RO          335    .rodata.tensor_output0_dec  main.o
    0x0801c114   0x0801c114   0x00000002   Data   RO          334    .rodata.tensor_output0_dim  main.o
    0x0801c116   0x0801c116   0x00000002   PAD
    0x0801c118   0x0801c118   0x00000004   Data   RO          336    .rodata.tensor_output0_offset  main.o
    0x0801c11c   0x0801c11c   0x00000028   Data   RO          373    .rodata.test        inv_mpu.o
    0x0801c144   0x0801c144   0x00000020   Data   RO          908    Region$$Table       anon$$obj.o


    Execution Region RW_IRAM1 (Exec base: 0x20000000, Load base: 0x0801c168, Size: 0x00004d80, Max: 0x00005000, ABSOLUTE)

    Exec Addr    Load Addr    Size         Type   Attr      Idx    E Section Name        Object

    0x20000000   0x0801c168   0x00000004   Data   RW          861    .data               mc_w.l(stdout.o)
    0x20000004   0x0801c16c   0x00000004   Data   RW          880    .data               mc_w.l(errno.o)
    0x20000008   0x0801c170   0x00000004   Data   RW          568    .data.SystemCoreClock  system_stm32f10x.o
    0x2000000c   0x0801c174   0x00000009   Data   RW          354    .data.gyro_orientation  MPU6050.o
    0x20000015   0x0801c17d   0x00000001   Data   RW          340    .data.model_output  main.o
    0x20000016   0x0801c17e   0x00000002   PAD
    0x20000018   0x0801c180   0x0000002c   Data   RW          374    .data.st            inv_mpu.o
    0x20000044   0x0801c1ac   0x00000004   PAD
    0x20000048        -       0x00000004   Zero   RW          437    .bss.ADC_Sample_Avg  ADC.o
    0x2000004c        -       0x00000008   Zero   RW          416    .bss.Button         button.o
    0x20000054        -       0x00000008   Zero   RW          237    .bss.Cyberry_Potter  CyberryPotter.o
    0x2000005c        -       0x00000001   Zero   RW          238    .bss.EXTI9_5_IRQHandler.i  CyberryPotter.o
    0x2000005d   0x0801c1ac   0x00000003   PAD
    0x20000060        -       0x00000e1c   Zero   RW          261    .bss.IMU            IMU.o
    0x20000e7c        -       0x0000000c   Zero   RW          260    .bss.IMU_bias       IMU.o
    0x20000e88        -       0x00000808   Zero   RW          467    .bss.IR_RF_Signal   module_IR_RF.o
    0x20001690        -       0x00000008   Zero   RW          429    .bss.LED            LED.o
    0x20001698        -       0x00000008   Zero   RW          428    .bss.Laser          LED.o
    0x200016a0        -       0x0000000c   Zero   RW          235    .bss.Module         CyberryPotter.o
    0x200016ac        -       0x00000004   Zero   RW          343    .bss.ROM_Address    main.o
    0x200016b0        -       0x00000002   Zero   RW          468    .bss.SIGNAL_Count   module_IR_RF.o
    0x200016b2        -       0x00000040   Zero   RW          502    .bss.Send_Buffer    module3.o
    0x200016f2        -       0x00001000   Zero   RW          362    .bss.W25Q64_Buffer  W25Q64.o
    0x200026f2   0x0801c1ac   0x00000002   PAD
    0x200026f4        -       0x00000010   Zero   RW          388    .bss.dmp            inv_mpu_dmp_motion_driver.o
    0x20002704        -       0x00000004   Zero   RW          341    .bss.model          main.o
    0x20002708        -       0x000001c2   Zero   RW          272    .bss.nnom_input_data  main.o
    0x200028ca   0x0801c1ac   0x00000002   PAD
    0x200028cc        -       0x00000004   Zero   RW           24    .bss.nnom_memory_taken  nnom.o
    0x200028d0        -       0x00000088   Zero   RW          344    .bss.nnom_model_create.model  main.o
    0x20002958        -       0x0000000d   Zero   RW          337    .bss.nnom_output_data  main.o
    0x20002965   0x0801c1ac   0x00000003   PAD
    0x20002968        -       0x00000004   Zero   RW           25    .bss.nnom_static_buf  nnom.o
    0x2000296c        -       0x00000004   Zero   RW           27    .bss.nnom_static_buf_curr  nnom.o
    0x20002970        -       0x00000004   Zero   RW           26    .bss.nnom_static_buf_size  nnom.o
    0x20002974        -       0x00000001   Zero   RW          417    .bss.previous_status  button.o
    0x20002975        -       0x00002000   Zero   RW          342    .bss.static_buf     main.o
    0x20004975   0x0801c1ac   0x00000001   PAD
    0x20004976        -       0x00000002   Zero   RW          418    .bss.time_hold_count_ms  button.o
    0x20004978        -       0x00000002   Zero   RW          419    .bss.time_release_count_ms  button.o
    0x2000497a   0x0801c1ac   0x00000006   PAD
    0x20004980        -       0x00000400   Zero   RW          557    STACK               startup_stm32f10x_md.o


==============================================================================

Image component sizes


      Code (inc. data)   RO Data    RW Data    ZI Data      Debug   Object Name

       732          0         43          0          4       3489   ADC.o
      1748         24        103          0         21       4171   CyberryPotter.o
       148          0          0          0          0       1204   Delay.o
      1514          0          0          0          0       4986   IIC.o
       532          0          0          0       3624       2220   IMU.o
       486          6          0          0         16       2478   LED.o
       840          0        352          9          0       6035   MPU6050.o
       674          0          0          0          0       3355   SPI.o
       474          0         11          0          0       4415   USART.o
       614          0         11          0       4096       2096   W25Q64.o
       620          0         13          0         13       5625   button.o
     11406         40         95         44          0      19115   inv_mpu.o
      4378         16       3062          0         16       8298   inv_mpu_dmp_motion_driver.o
      1446         14       6324          1       8799      11397   main.o
       344          0          0          0          0       3304   misc.o
       538          0          0          0          0       5293   module0_IR.o
        10          0          0          0          0        617   module10.o
       408          0          0          0          0       5010   module1_RF433.o
       408          0          0          0          0       5010   module2_RF315.o
       844         24       1582          0         64       3249   module3.o
        10          0          0          0          0        612   module4.o
        10          0          0          0          0        612   module5.o
        10          0          0          0          0        612   module6.o
        10          0          0          0          0        612   module7.o
        10          0          0          0          0        612   module8.o
        10          0          0          0          0        612   module9.o
      1422          0        118          0       2058       4822   module_IR_RF.o
      4996          0       1808          0         16      16196   nnom.o
      2176          0          0          0          0       8911   nnom_activation.o
       308          0          0          0          0       4597   nnom_baselayer.o
      1910          0          0          0          0       7399   nnom_conv2d.o
      1034          0          0          0          0       6247   nnom_dense.o
       268          0          0          0          0       4455   nnom_flatten.o
       710          0          0          0          0       5116   nnom_input.o
       284          0          0          0          0       4875   nnom_layers.o
     14170          0        512          0          0      27295   nnom_local.o
     14438          0       1024          0          0      26797   nnom_local_q15.o
       870          0          0          0          0       6291   nnom_lstm_cell.o
       228          0          0          0          0       4408   nnom_output.o
       936          0          0          0          0       6346   nnom_rnn.o
       276          0          0          0          0       4410   nnom_softmax.o
      1288          0         34          0          0       4629   nnom_tensor.o
        36          8        236          0       1024        988   startup_stm32f10x_md.o
      2200          0          0          0          0       8089   stm32f10x_adc.o
       504          0          0          0          0       2768   stm32f10x_exti.o
      1454          0          0          0          0       5401   stm32f10x_gpio.o
      1788          0         20          0          0       6442   stm32f10x_rcc.o
      1464          0          0          0          0       6206   stm32f10x_spi.o
      7630          0          0          0          0      18588   stm32f10x_tim.o
      1844          0          0          0          0       6973   stm32f10x_usart.o
       694          0         16          4          0       3085   system_stm32f10x.o

    ----------------------------------------------------------------------
     91204        132      15424         60      19772     306373   Object Totals
         0          0         32          0          0          0   (incl. Generated)
        52          0         28          2         21          0   (incl. Padding)

    ----------------------------------------------------------------------

      Code (inc. data)   RO Data    RW Data    ZI Data      Debug   Library Member Name

        62         10          0          0          0        340   dunder.o
        40          0          0          0          0         68   fpclassify.o
       170          0          0          0          0         96   poly.o
      2540        188        136          0          0        332   pow.o
         0          0          8          0          0          0   qnan.o
       148         12          0          0          0         88   round.o
        76          0          0          0          0         84   sqrt.o
         0          0          0          0          0          0   entry.o
         0          0          0          0          0          0   entry10a.o
         0          0          0          0          0          0   entry11a.o
         8          4          0          0          0          0   entry2.o
         4          0          0          0          0          0   entry5.o
         0          0          0          0          0          0   entry7b.o
         0          0          0          0          0          0   entry8b.o
         8          4          0          0          0          0   entry9a.o
        12          6          0          4          0         68   errno.o
        30          0          0          0          0          0   handlers.o
        48         10          0          0          0         68   init.o
         0          0          0          0          0          0   iusefp.o
        98          0          0          0          0         84   ldiv.o
        30          0          0          0          0         68   llshl.o
        36          0          0          0          0         68   llsshr.o
        32          0          0          0          0         68   llushr.o
        26          0          0          0          0         80   memcmp.o
        36          0          0          0          0         68   memcpya.o
        36          0          0          0          0        108   memseta.o
      2258         90          0          0          0        452   printfa.o
         0          0          0          4          0          0   stdout.o
        18          0          0          0          0         68   strcpy.o
        44          0          0          0          0         80   uidiv.o
        98          0          0          0          0         92   uldiv.o
        48          0          0          0          0         68   cdcmple.o
        48          0          0          0          0         68   cdrcmple.o
        56          0          0          0          0         88   d2f.o
       334          0          0          0          0        148   dadd.o
        54          0          0          0          0         80   dcmple.o
       222          0          0          0          0        100   ddiv.o
       186          0          0          0          0        176   depilogue.o
        62          0          0          0          0         80   dfixi.o
        48          0          0          0          0         68   dfixul.o
        34          0          0          0          0         76   dflti.o
       228          0          0          0          0         96   dmul.o
       136          4          0          0          0         92   drnd.o
        46          0          0          0          0         80   dscalb.o
       162          0          0          0          0        100   dsqrt.o
        38          0          0          0          0         68   f2d.o
       176          0          0          0          0        140   fadd.o
        28          0          0          0          0         68   fcmpeq.o
        28          0          0          0          0         68   fcmpge.o
        28          0          0          0          0         68   fcmple.o
        28          0          0          0          0         68   fcmplt.o
       124          0          0          0          0         88   fdiv.o
       110          0          0          0          0        168   fepilogue.o
        50          0          0          0          0         68   ffixi.o
        18          0          0          0          0         68   fflti.o
        10          0          0          0          0         68   ffltui.o
       100          0          0          0          0         76   fmul.o

    ----------------------------------------------------------------------
      8272        328        144          8          0       4716   Library Totals
        12          0          0          0          0          0   (incl. Padding)

    ----------------------------------------------------------------------

      Code (inc. data)   RO Data    RW Data    ZI Data      Debug   Library Name

      3036        210        144          0          0       1008   m_ws.l
      2822        114          0          8          0       1372   mc_w.l
      2402          4          0          0          0       2336   mf_w.l

    ----------------------------------------------------------------------
      8272        328        144          8          0       4716   Library Totals

    ----------------------------------------------------------------------

==============================================================================


      Code (inc. data)   RO Data    RW Data    ZI Data      Debug   

     99476        460      15568         68      19772     307661   Grand Totals
     99476        460      15568         68      19772     307661   ELF Image Totals
     99476        460      15568         68          0          0   ROM Totals

==============================================================================

    Total RO  Size (Code + RO Data)               115044 ( 112.35kB)
    Total RW  Size (RW Data + ZI Data)             19840 (  19.38kB)
    Total ROM Size (Code + RO Data + RW Data)     115112 ( 112.41kB)

==============================================================================

